PASS base.U :: core.U_fast_table == 自写字面 DP（k<=20, m<=8）
PASS T5.1.3-cm-forms :: c_m 三种闭式（G_{m-1} 式、ρ(ρ^{3m+1}/m!-Σ)/(3ρ-2)、ρ^{3m+3}/(m!(ρ^2+3m))(1+Σ j m!/(m-j)! ρ^{-3j-2})）相对差 <1e-90（1<=m<=20）; bad=[]
PASS T5.1.3-c123 :: c_1,c_2,c_3 舍入 = ('2.2096081318', '7.8411192294', '28.976857317')
PASS T5.1.3-c1 :: c_1=(10+15ρ+17ρ^2)/31（数值 1e-100）
PASS T5.1.4-c4-c18 :: c_4=215/2，c_18=37105325714711350249401/6830759936000（ρ=2,3 精确代入第二式）；ρ_m 为整数的 m<2000: [0, 4, 18, 48, 100, 180, 294, 448, 648, 900, 1210, 1584]
PASS T5.1.1-gamma-forms :: γ_j 的两种写法在 Q[y]/(y^3-y^2-j) 中相等（1<=j<=24，含 j=4,18）; bad=[]
PASS T5.1.1-binet :: Binet 型公式（γ_j 用第一式，numpy 求根，双精度）与 DP 相符，0<=m<=6, 0<=k<=30，最大相对误差 4.03e-11; bad=[]
PASS T5.1.2-key :: |σ_m|^2=m/ρ_m=ρ_m(ρ_m-1)<ρ_{m-1}^2、τ_m<ρ_{m-1}、|σ_j| 递增（m<60）；τ_1=0.8260; bad=[]
PASS T5.1.2-kappa :: e_k/(−κ_mθ_m^k) → 1（κ_m=c_{m-1}ρ_{m-1}^3/c_m，θ_m=ρ_{m-1}/ρ_m），m=1..5，k=300/400：[(1, 300, 1.0), (1, 400, 1.0), (2, 300, 1.0), (2, 400, 1.0), (3, 300, 1.0), (3, 400, 1.0), (4, 300, 1.0), (4, 400, 1.0), (5, 300, 1.0), (5, 400, 1.0)]
INFO m=2: U41/U40/ρ-1=3.5376e-04  κ(1-θ)θ^40=3.5284e-04  实测/理论-1=0.0026  U40^(1/40)/ρ-1=5.2764e-02  U40/(cρ^40)-1=-2.6007e-03
INFO m=3: U41/U40/ρ-1=2.7920e-03  κ(1-θ)θ^40=2.7134e-03  实测/理论-1=0.0289  U40^(1/40)/ρ-1=8.6976e-02  U40/(cρ^40)-1=-3.0061e-02
PASS T5.1.5-k40 :: 相邻比 0.035%%/0.28%%，与理论吻合到 0.3%%/3%%；U^(1/40) 5.3%%/8.7%%；U/(cρ^40) 0.26%%/3.0%%
PASS T5.2-formulas :: [m^k],[m^{k-1}],[m^{k-2}],[m^{k-3}] 四式在各自门槛以上成立、门槛前一点失效（k<=30）；k=3: 实际 2，公式 1; bad=[]
PASS T5.3.1-basic :: [t^1]h_k=R_k-k-1（k<=30；k=0,1 为 0，k>=2 为正）、其 g.f.=x^2(1-x+x^2)/((1-x)^2(1-x-x^3))、h_k(0)=1、h_k(1)=2（k>=2）、h_k^{(d)}(1) 公式（d<=3）、h_k'(1)=-(k^2-3k-2)（k>=4）
PASS T5.3.3-deg-lead :: deg h_k=floor(2k/3)，首项 (-1)^a a! / (-1)^a c(a+2,2) / (-1)^a (a+1)!（k=3a,3a+1,3a+2；0<=k<=30）; bad=[]
PASS T5.3.2-neg :: U_k(-j)=0（1<=j<=floor((k+2)/3)）、U_k(-s_k-1)≠0、U_{3j}(-j-1)=j!、G_{-j} 递推与次数 3j-3（k<=30，j<=10）; bad=[]
PASS T5.3.4-mobius :: μ(0̂,1̂)（允许行偏序集直接计算）= U_k(-2)：[-1, 1, 1, 0, 0, 0, 0, 0, 0]（k=1..9）
PASS T5.4.3-A038718 :: 条目 offset=1；b 文件 a(k+2)=R_k（k<70），a(1)=1；(1-x+x^2)/((1-x)(1-x-x^3)) = Σ_{n>=1}a(n)x^{n-1} = 1+xΣR_kx^k；ΣR_kx^k=(1+x^2-x^3)/((1-x)(1-x-x^3))；前者 x^1 系数 1 ≠ R_1=2；分母展开 1-2x+x^2-x^3+x^4
PASS T5.4.4-5 :: U_3=(m+1)(m^2+5m+3)/3=2C(m+3,3)-(m+1)=A084990(m+1)（offset 0）；U_4=(m+1)(m+2)(m^2+11m+6)/12=C(m+2,2)^2-4C(m+2,4)=A326247(m+2)（offset 0）；[2]^4 单调 4 元组 8≠U_4(1)=9
elapsed 0.4s
