PASS base.N :: 自写 N 三角 == core DP 容斥 (k<=40) == 自写字面 DP 容斥 (k<=22) == core.N_brute (k<=8)
PASS T4.1.p0-5 :: p_0..p_5（报告原文系数）在 2d+2<=k<=40 等于 core 的 N(k,k-d)，在 2d+2<=k<=250 等于三角递推值；d+1<=k<=2d+1 每点都不等（门槛 2d+2 精确）; bad=[]
PASS T4.1.degree-lead-second :: d<=60：插值多项式在多余点上与数据一致，deg=2d，首项 2/(2^d d!)，次首项 = -(4d^2-3d)*首项; bad=[] []
PASS T4.1.defects :: d<=60：e_d(2d+1)=(-1)^{d+1}(d+1)!，e_d(2d)=(-1)^{d+1}(d+2)!/2; bad=[]
PASS T4.1.r-rec :: r_d=-(4d^2-3d) 满足 (2d-1)r_d=2d r_{d-1}-12d^2+11d（d<200），r_1=-1
PASS T4.1.p2-m :: p_2(m+5) = (m^4+10m^3+43m^2+82m+124)/4；实算 ['31', '41/2', '43/4', '5/2', '1/4']
INFO 非正系数位置（m 的次数）d=47..60:
   d=47 (deg 94): nonpos=[91] zeros=[] low(<=d)=[]
   d=48 (deg 96): nonpos=[93] zeros=[] low(<=d)=[]
   d=49 (deg 98): nonpos=[95] zeros=[] low(<=d)=[]
   d=50 (deg 100): nonpos=[97] zeros=[] low(<=d)=[]
   d=51 (deg 102): nonpos=[99] zeros=[] low(<=d)=[]
   d=52 (deg 104): nonpos=[97, 101] zeros=[] low(<=d)=[]
   d=53 (deg 106): nonpos=[99, 103] zeros=[] low(<=d)=[]
   d=54 (deg 108): nonpos=[101, 105] zeros=[] low(<=d)=[]
   d=55 (deg 110): nonpos=[103, 107] zeros=[] low(<=d)=[]
   d=56 (deg 112): nonpos=[101, 105, 109] zeros=[] low(<=d)=[]
   d=57 (deg 114): nonpos=[8, 10, 103, 107, 111] zeros=[] low(<=d)=[8, 10]
   d=58 (deg 116): nonpos=[7, 9, 11, 105, 109, 113] zeros=[] low(<=d)=[7, 9, 11]
   d=59 (deg 118): nonpos=[6, 8, 10, 12, 107, 111, 112, 115] zeros=[] low(<=d)=[6, 8, 10, 12]
   d=60 (deg 120): nonpos=[5, 7, 9, 11, 13, 105, 109, 113, 114, 117] zeros=[] low(<=d)=[5, 7, 9, 11, 13]
PASS T4.1.shiftpos :: d<=46 全正；d=47 首个失败且只有 m^91（比值 -122153）；47<=d<=60 每个 d 都有非正系数
PASS T4.1.low-vs-high :: d<=56 的非正系数次数都 > d（高次端）；d=57..60 都有次数 <= d 的非正系数；d=57 的低次为 m^8、m^10
PASS T4.2.3-newton :: d<=40：Δ^i p_d(2d+2) 全为正整数、末项 2(2d-1)!!；d=2 为 [65, 74, 64, 30, 6]; bad=[]
PASS T4.2.3-identity :: 恒等式（多项式，d<30，n in [-3,15)）成立；四项相对各自基点 2d'+2 的右移量 = [2, 0, 2, 4]; bad=[]
PASS T4.2.3-mult-rule :: 乘 (α+n) 时 Newton 系数 f_l -> f_l(α+l)+l f_{l-1}（50 个随机多项式）
PASS T4.2.3-base2d1 :: 奇数 d<=67 为正、奇数 69<=d<=101 为负；偶数 d 时 D(2d+1,d)+(d+1)!>0；d<=60 与插值多项式一致；d=69: N(139,70)-70! = -1.7422e+99 (100 位)
INFO N(139,70) = 10236389635472667511653644731735512705852618237464577469377907090571698798268981001239610508585419352
INFO 70!       = 11978571669969891796072783721689098736458938142546425857555362864628009582789845319680000000000000000
INFO diff      = -1742182034497224284419138989953586030606319905081848388177455774056310784520864318440389491414580648
INFO floor(D(2d+1,d)/(d+1)!) 奇数 d: [(1, 2), (3, 8), (5, 30), (7, 90), (9, 225), (11, 484), (13, 911), (15, 1533), (17, 2334), (19, 3248), (21, 4165), (23, 4960), (25, 5516), (27, 5759), (29, 5670), (31, 5284), (33, 4678), (35, 3946), (37, 3179), (39, 2453), (41, 1816), (43, 1293), (45, 887), (47, 587), (49, 375), (51, 232), (53, 139), (55, 81), (57, 45), (59, 25), (61, 13), (63, 7), (65, 3), (67, 1), (69, 0), (71, 0)]
PASS T4.1.anchors :: D(2d+2,d) d=0..5 = [2, 8, 65, 574, 6012, 70674]
elapsed 3.9s
