== finding #0: no-numpy runs (shadow=C:\Users\Michael Song\Desktop\私人办公\A207123-任务C-显式公式与母函数\code\review\final-audit\verify-requirements\nonumpy_shadow)
---- sanity: import numpy under shadow  rc=1  (0.1s)  PASS=0 FAIL=0
    |   File "C:\Users\Michael Song\Desktop\私人办公\A207123-任务C-显式公式与母函数\code\review\final-audit\verify-requirements\nonumpy_shadow\numpy\__init__.py", line 2, in <module>
    |     raise ModuleNotFoundError("No module named 'numpy' (blocked by final-audit verify-requirements shadow)", name='numpy')
    | ModuleNotFoundError: No module named 'numpy' (blocked by final-audit verify-requirements shadow)
sanity ok (import must fail): True
---- rv2 sub-script r1_numfield_residues.py  rc=0  (6.2s)  PASS=9 FAIL=0
    | PASS r1.c2b_cert_values independently recomputed norms N(nu_i) (nu_i = -i*theta) equal the c2b certificate table entries for m<=6 (11 entries)
    | PASS r1.float_residues floating point (tol 1e-9): at the three complex roots xi_j of b_1, rho_j u'(xi_j) xi_j^{3m+2}/(1+xi_j) == (-1)^m/(m-1)! for m in {1,2,5,9}; |xi_1|=0.68233, |xi_2|=|xi_1|^{-1/2}
    | # elapsed 6.1s
    | SUMMARY r1 fail=0
---- rv2 sub-script r2_two_family.py 6000 1500  rc=1  (0.1s)  PASS=0 FAIL=0
    | Traceback (most recent call last):
    |   File "C:\Users\Michael Song\Desktop\私人办公\A207123-任务C-显式公式与母函数\code\review\x1-single-sum\r2_two_family.py", line 20, in <module>
    |     import numpy as np
    |   File "C:\Users\Michael Song\Desktop\私人办公\A207123-任务C-显式公式与母函数\code\review\final-audit\verify-requirements\nonumpy_shadow\numpy\__init__.py", line 2, in <module>
    |     raise ModuleNotFoundError("No module named 'numpy' (blocked by final-audit verify-requirements shadow)", name='numpy')
    | ModuleNotFoundError: No module named 'numpy' (blocked by final-audit verify-requirements shadow)
---- verify_all.py c0 c1 c2a c2b c3a c3b c4 c5a c5b rv  rc=0  (590.6s)  PASS=288 FAIL=0
    | PASS rv-sum-identity Σ_{j=1}^m j·h_{s−1}(j..m) = S(m+s,m) − [s=0]（1<=m<=15, 0<=s<=19；c2a 原文漏了 s=0）
    | 
    | SUMMARY rv pass=7 fail=0 (22.6s)
    | ========================================================================
    | area     pass   fail    rc  summary     secs  status
    | c0         13      0     0      yes      7.0  PASS
    | c1         45      0     0      yes     74.4  PASS
    | c2a        23      0     0      yes     17.2  PASS
    | c2b        33      0     0      yes     40.7  PASS
    | c3a        34      0     0      yes     30.6  PASS
    | c3b        22      0     0      yes    323.0  PASS
    | c4         41      0     0      yes     36.1  PASS
    | c5a        37      0     0      yes     32.7  PASS
    | c5b        33      0     0      yes      6.1  PASS
    | rv          7      0     0      yes     22.7  PASS
    | ------------------------------------------------------------------------
    | TOTAL pass=288 fail=0 modules=10 failed_modules=-  (590.5s)
    | OVERALL: PASS
c3b numpy flag line: ['# elapsed 323.0s (numpy=False)']
RESULT #0: r1 rc=0, r2 rc=1 (nonzero => rv2 would FAIL without numpy); other 10 modules rc=0
