PASS C3B-A1 fast DP == reference U_list (k<=12,m<=8) == multichain (k<=7,m<=4) == brute heights (k<=6,m<=4); a_direct(n,k) == U(ceil)U(floor) (k<=4,n<=8)
PASS C3B-L1 Lemma 1 U_k(m)=U_k(m-1)+U_{k-1}(m)+m U_{k-3}(m) (conventions U_{-1}=1,U_{-2}=0,U_k(-1)=0) vs DP, 1<=k<=60, 0<=m<=30
PASS C3B-TODE t-ODE (1-x-t)F - x^3 t dF/dt = 1 + x^2 t/(1-t)^2 coefficientwise, k,m<=40
PASS C3B-CUB y^3-y^2-i: disc=-i(27i+4)<0, unique real root rho_i>1 isolated in rational intervals, rho_i strictly increasing, i<rho_i^3 (=> complex roots |w|=sqrt(i/rho_i)<rho_i), 1<=i<=60
PASS C3B-G G_m = W_m/P_m with W_m = 1 + x^2 sum_{j=1}^m j P_{j-1}, P_m = prod_{i<=m}(1-x-i x^3): series == DP, k<=60, m<=30
PASS C3B-PX b_v-b_m=(m-v)x^3; P_{j-1} == (m)_j x^{3j} and W_m == 1+sum_j j(m)_j x^{3j+2} (positive coeffs) mod b_m, so W_m(x_m)>=1; 1<=j<=m<=30
PASS C3B-INT rational interval arithmetic: W_m(x_m)>0 and G_{m-1}(x_m)+m x_m^2>0 at x_m=1/rho_m, 1<=m<=30
PASS C3B-RES Res_z G_m = Res_z G_v * (-1)^{m-v}/((m-v)! z^{3(m-v)}) at every root z of b_v (exact, mod b_v), 0<=v<m<=12
PASS C3B-GCD1 gcd(W_m, b_m) = 1 (exact Euclid over Q), 0<=m<=60
PASS C3B-GCD2 exceptional m=n^2(n-1) (b_m reducible): quadratic factor 1+(n-1)x+n(n-1)x^2 does not divide W_m, n=2..8 (m=4,18,48,100,180,294,448)
PASS C3B-GCD3 gcd(W_m, P_m) = 1 by direct Euclid, 0<=m<=10 (=> G_m has exactly 3m+1 simple poles)
PASS C3B-NUM [numeric, Decimal, tol 1e-3] U_{300}(m)/U_{299}(m) -> rho_m (dominant simple pole x_m), 1<=m<=5
PASS C3B-PSI N: DFS definition == inclusion-exclusion (k<=8); Psi_q=sum_k N(k,q)x^k = sum_i (-1)^{q-i}C(q,i)G_{i-1} (q<=12,k<=40); Res_{x_v}Psi_q = (-1)^{q-1-v}Res_{x_v}G_v sum_j C(q,v+1+j)x_v^{-3j}/j! (mod b_v, v<q<=12)
PASS C3B-PHI Phi(x,y)=sum N(k,q)x^k y^q = 1/(1+y) + y F(x, y/(1+y))/(1+y)^2, coefficients k<=20, q<=20
PASS C3B-YODE Phi y-ODE (1-x-xy+x^3(1-y^2))Phi - x^3(1+y)^2 theta_y Phi = 1-x+x^3+x^2y^2 (k,q<=40); triangle recurrence L_N holds for all q>=1 except (k,q)=(2,2) (k,q<=40)
PASS C3B-ISO transport identity  y*psi(l1)*((1+y)^2/y) == (1+y)*l_N  on x^a y^b (a<=3,1<=b<=6), psi(l1)=(1+y)^{-1}-x-x^3(1+y)theta_y; and rem_{(1+Y)}(L_N)=1 (saturation lemma input)
PASS C3B-E1 U: NO recurrence sum_{a<=A,b<=B} p_ab(k) X(k-a,m-b)=0 with coefficients depending on k only, on quadrant [A..40]x[B..40] (full column rank mod p=2^31-1 => none over Q; each set covers all smaller A,B,deg): (A,B,deg)=(6,6,6):343 unknowns/1225 eqs rank 343; (A,B,deg)=(10,3,6):308 unknowns/1178 eqs rank 308; (A,B,deg)=(3,10,6):308 unknowns/1178 eqs rank 308; (A,B,deg)=(4,4,12):325 unknowns/1369 eqs rank 325; (A,B,deg)=(15,1,8):288 unknowns/1040 eqs rank 288; (A,B,deg)=(1,15,8):288 unknowns/1040 eqs rank 288
PASS C3B-E2 U, coefficients in Q[k,m] (total degree<=D), generator L1=1-S_m^-1-S_k^-1-m S_k^-3, formula (A-2)B D(D+1)/2: kernel (mod p) == span of exact left multiples of the generator, dimension == formula; (3, 1, 1):24u/1520eq ker=1 pred=1 gens=1; (3, 1, 3):80u/1520eq ker=6 pred=6 gens=6; (5, 2, 2):108u/1404eq ker=18 pred=18 gens=18; (6, 2, 3):210u/1365eq ker=48 pred=48 gens=48; (4, 3, 4):300u/1406eq ker=60 pred=60 gens=60; (6, 4, 2):210u/1295eq ker=48 pred=48 gens=48; (2, 6, 4):315u/1365eq ker=0 pred=0 gens=0; (6, 0, 4):105u/1435eq ker=0 pred=0 gens=0
PASS C3B-E2S U, coefficients with deg_k<=Dk, deg_m<=Dm, formula (A-2)B(Dk+1)Dm: kernel (mod p) == span of exact left multiples of the generator, dimension == formula; (4, 2, 3, 2):180u/1443eq ker=32 pred=32 gens=32; (5, 3, 1, 3):192u/1368eq ker=54 pred=54 gens=54; (3, 2, 5, 0):72u/1482eq ker=0 pred=0 gens=0
PASS C3B-E3A N: NO recurrence sum_{a<=A,b<=B} p_ab(k) X(k-a,m-b)=0 with coefficients depending on k only, on quadrant [A..40]x[B..40] (full column rank mod p=2^31-1 => none over Q; each set covers all smaller A,B,deg): (A,B,deg)=(6,6,6):343 unknowns/1225 eqs rank 343; (A,B,deg)=(10,3,6):308 unknowns/1178 eqs rank 308; (A,B,deg)=(3,10,6):308 unknowns/1178 eqs rank 308; (A,B,deg)=(4,4,12):325 unknowns/1369 eqs rank 325; (A,B,deg)=(15,1,8):288 unknowns/1040 eqs rank 288; (A,B,deg)=(1,15,8):288 unknowns/1040 eqs rank 288
PASS C3B-E3B N, coefficients in Q[k,q] (total degree<=D), generator L_N=1-S_k^-1-S_k^-1S_q^-1-(q-1)S_k^-3(1+S_q^-1)^2, formula (A-2)(B-1)D(D+1)/2: kernel (mod p) == span of exact left multiples of the generator, dimension == formula; (3, 2, 1):36u/1482eq ker=1 pred=1 gens=1; (3, 2, 3):120u/1482eq ker=6 pred=6 gens=6; (5, 3, 2):144u/1368eq ker=18 pred=18 gens=18; (6, 3, 3):280u/1330eq ker=48 pred=48 gens=48; (4, 4, 4):375u/1369eq ker=60 pred=60 gens=60; (6, 4, 2):210u/1295eq ker=36 pred=36 gens=36; (3, 1, 3):80u/1520eq ker=0 pred=0 gens=0; (2, 4, 3):150u/1443eq ker=0 pred=0 gens=0
PASS C3B-E3S N, coefficients with deg_k<=Dk, deg_q<=Dq, formula (A-2)(B-1)(Dk+1)Dq: kernel (mod p) == span of exact left multiples of the generator, dimension == formula; (4, 3, 3, 2):240u/1406eq ker=32 pred=32 gens=32; (5, 4, 1, 3):240u/1332eq ker=54 pred=54 gens=54; (3, 3, 5, 0):96u/1444eq ker=0 pred=0 gens=0
# elapsed 320.6s (numpy=False)
SUMMARY c3b pass=22 fail=0
rc=0
