PASS anchor lemma-1 table == prompt reference U_list (k<=24, m<=8)
PASS anchor-N triangle-recurrence N == inclusion-exclusion from DP U (k<=30)
PASS A1-p2 report p_2 == N(k,k-2) for 6<=k<=160; defects at 2d+1, 2d: -6, -12
PASS A1-p3 report p_3 == N(k,k-3) for 8<=k<=160; defects at 2d+1, 2d: 24, 60
PASS A1-p4 report p_4 == N(k,k-4) for 10<=k<=160; defects at 2d+1, 2d: -120, -360
PASS A1-p5 report p_5 == N(k,k-5) for 12<=k<=160; defects at 2d+1, 2d: 720, 2520
PASS A2-p2-in-m p_2 = (m^4+10m^3+43m^2+82m+124)/4 with m=k-5
PASS A3-newton-d2 Delta^i D(6,2) = [65, 74, 64, 30, 6, 0]
PASS A4-upoly u_k from N-basis reproduces DP (k<=25, m<=8)
PASS A4-T5.2 report T5.2 coefficient formulas hold for k<=60 (bad=[]); [m^2]U_3=2 (formula gives 1)
PASS A5-num-anchor Num_q from 3-term recurrence == P_{q-1}*sum_k N(k,q)x^k (q<=15)
PASS A5-low T4.3(5) examples hold (q<=40); defect at q=3 for j=2: -6 (expect (-1)^3 3! = -6)
PASS A5-high T4.3(6) j=1,2,3 examples hold (q<=40)
PASS A5-at1 Num_q(1), q=1..5 = [Fraction(1, 1), Fraction(3, 1), Fraction(13, 1), Fraction(73, 1), Fraction(501, 1)]
PASS A6-h h_k'(1) = -(k^2-3k-2) and [t^1]h_k = R_k-k-1 (4<=k<=60)
   [info] K_2: N(x)=1/2, N(W~_2)=N(1+2x^5+4x^8)=103/16, N(W~_2 - 1)=17/8
   [info] v_17(N(W~_2))=0, v_17(N(W~_2 - 1))=1, v_103(N(W~_2))=1
PASS A7-T2.6ii-norm E-part uses W~_2 - 1 (norm 17/8, v_17=1); the report writes N(W~_2), whose 17-adic valuation is 0 (not = 1 mod 3)
PASS A8-cm c_1=2.209608131778 c_2=7.841119229373 c_3=28.97685731699; (10+15r+17r^2)/31=2.209608131778
PASS A8-cm-vs-DP U_400(m)/(c_m rho_m^400) - 1 small for m=1,2,3
   [info] exact partial sum (m<=400) S = -1057.810872563562058551831161096832506970
PASS A9-T3.4(3)-bound partial sum -1057.81087256356205 is LARGER than the claimed upper bound -1057.810873+3.5e-118 (rounding went the wrong way; S<0 still true)
PASS A10-Rk-gf (1-x+x^2)/D = 1 + x*sum R_k x^k = sum_{n>=1} A038718(n) x^{n-1}; sum R_k x^k = (1+x^2-x^3)/D
PASS A11-digits U_100(100) has 99 digits
PASS A12-Rk-ci R_k = c_1(k+3)+c_1(k-2)-1 for 0<=k<100
PASS A13-m1-two-family m=1: U_k(1) = sum_s C(k+2-2s,1+s) - sum_s C(k-2s,s) (two u-type families), k<60 -> T2.6(iii) must say m>=2
PASS A14-dimformula-cond formula (A-2)B D(D+1)/2 without the A>=3,B>=1,D>=1 condition gives negative values: [(1, 1, 1, -1), (0, 2, 2, -12), (1, 3, 2, -9)]
SUMMARY a2 pass=24 fail=0
