INFO A.summary(1) source lines 12-25: nonempty=12, chars=1493, rendered lines @80 cols=32, @120 cols=24
INFO A.summary-items numbered items=11; per-item char counts=[181, 144, 74, 81, 73, 124, 95, 172, 164, 216, 53]
INFO A.formula(3) source lines 256-294: nonempty=28, chars=2228, rendered lines @80 cols=50, @120 cols=42
INFO A.uncertain(6) source lines 368-372: nonempty=3, chars=692, rendered lines @80 cols=14, @120 cols=10
INFO A.uncertain-items numbered items=3
INFO A.grade-tags {'已验证': 8, '已证明': 53, '猜想': 4, '已否定': 4, '未完成': 2, '已证明，强于提示词': 1, '已证明，提示词标为「未证」': 1, '已证明（推导链）；A、B 的正式工作不在本任务': 1, '已验证（盒内，k≤30）': 1, '已验证（计时只看量级）': 1, '失败/未完成': 1, '已否定，更正主 Agent 草稿': 1, '已证明；Humbert 部分同 T3.3(2)': 1, '已证明，对一切 d': 1, '已证明（计算机辅助），1≤d≤8': 1, '已证明，一切 d': 1, '已证明，一切 j': 1, '猜想；已验证 2≤k≤60': 1, '数据': 1}
PASS B.cited-ids report cites 233 check ids; missing from final-log PASS lines: []
INFO B.uncited final log has 288 PASS ids; 55 not cited anywhere in report (informational): ['c0:c0-H-broder', 'c0:c0-H-rec', 'c0:c0-U3-poly', 'c0:c0-base-data', 'c0:c0-base-defs', 'c0:c0-base-ref', 'c0:c0-mono', 'c1:B1-fast-vs-height', 'c1:B5-prompt-table', 'c1:B6-Rk', 'c1:B7-a3', 'c1:C2-order', 'c1:C3-zero', 'c2a:dp_anchor', 'c2a:gamma_triangle', 'c2a:rstirling_cross', 'c2a:theta_rational_identity', 'c2b:c2b.T1.Eend', 'c2b:c2b.T7.Es_eventual', 'c2b:c2b.T7.Es_single', 'c2b:c2b.T8.Reul', 'c2b:c2b.T9.misc', 'c2b:c2b.anchor', 'c3a:c3a-anchor', 'c3a:c3a-pde-F', 'c3b:C3B-A1', 'c3b:C3B-G', 'c3b:C3B-GCD2', 'c3b:C3B-GCD3', 'c3b:C3B-INT', 'c3b:C3B-NUM', 'c3b:C3B-PHI', 'c3b:C3B-TODE', 'c3b:C3B-YODE', 'c4:c4-N-dfs', 'c4:c4-N-rec-dp', 'c4:c4-U-anchor', 'c4:c4-pattern-families', 'c5a:c5a-Ntri', 'c5a:c5a-WP', 'c5a:c5a-anchor', 'c5a:c5a-asym-m18', 'c5a:c5a-lemma1-Gm', 'c5b:c5b.A077949-comment', 'c5b:c5b.binom-basis', 'c5b:c5b.col12', 'c5b:c5b.diag', 'c5b:c5b.offsets', 'c5b:c5b.polys', 'c5b:c5b.root-products', 'c5b:c5b.rows', 'c5b:c5b.rows23-def', 'c5b:c5b.snapshots', 'rv:rv-Ntri-vs-def', 'rv:rv-sum-identity']
PASS C.T4.1-p0 报告 p_0 与 DP 的 N(k,k-0) 在 2<=k<=64 全等；d+1<=k<=2d+1 全不等；k=2d+1 缺陷=-1
PASS C.T4.1-p1 报告 p_1 与 DP 的 N(k,k-1) 在 4<=k<=64 全等；d+1<=k<=2d+1 全不等；k=2d+1 缺陷=2
PASS C.T4.1-p2 报告 p_2 与 DP 的 N(k,k-2) 在 6<=k<=64 全等；d+1<=k<=2d+1 全不等；k=2d+1 缺陷=-6
PASS C.T4.1-p3 报告 p_3 与 DP 的 N(k,k-3) 在 8<=k<=64 全等；d+1<=k<=2d+1 全不等；k=2d+1 缺陷=24
PASS C.T4.1-p4 报告 p_4 与 DP 的 N(k,k-4) 在 10<=k<=64 全等；d+1<=k<=2d+1 全不等；k=2d+1 缺陷=-120
PASS C.T4.1-p5 报告 p_5 与 DP 的 N(k,k-5) 在 12<=k<=64 全等；d+1<=k<=2d+1 全不等；k=2d+1 缺陷=720
PASS C.T4.1-p2-shift p_2=(m^4+10m^3+43m^2+82m+124)/4, m=k-5
PASS C.fail5-anchors D(2d+2,d), d=0..5 = [2, 8, 65, 574, 6012, 70674]
PASS C.T4.2-newton-d2 Δ^i D(6,2), i=0..4 = [65, 74, 64, 30, 6]
PASS C.T4.2-newton-pos Newton 系数 Δ^i D(2d+2,d) 全正且末项 2(2d-1)!!，d<=15（k<=64 可及范围） bad=[]
PASS C.T4.3-Num-poly P_{q-1}·Σ_k N(k,q)x^k 在 x^{3q-1}..x^64 为 0，1<=q<=19
PASS C.T4.3-Num-small Num_1=x, Num_2=2x^2+x^4, Num_4 与提示词一致
PASS C.T4.3-low [x^{q+1}]Num_q=q^2-q-4 (3<=q<=19)=True；[x^{q+2}]Num_q=(q^4-6q^3+7q^2-2q+76)/4 (4<=q<=19)=True；门槛外 q=2: (0, -2), q=3: (7, Fraction(13, 1))
PASS C.T4.3-high 高次系数 j=0:(q-1)!, j=1:0, j=2:(q-1)!(q-1+H_{q-1}), j=3:(q-1)(q-1)!(H_{q-1}-1)（H=调和数），2<=q<=19
PASS C.T4.3-at1 Num_q(1), q=1..7 = [1, 3, 13, 73, 501, 4051, 37633]（A000262: 1,3,13,73,501,4051,37633）
PASS C.T5.3-deg-lead deg h_k=floor(2k/3) 且 k=3a+1 首项=(-1)^a·c(a+2,2) 当 c=第一类无符号 Stirling 数时成立（2<=k<=39）；若把 c 读成二项式则 不成立；k=3a+1 的首项样例 [(4, -3), (7, 11), (10, -50), (13, 274)]
PASS C.formula3-Rk R_k=c_1(k+3)+c_1(k-2)-1 对 0<=k<=64（c_1(n)=0, n<0）
PASS C.T5.1-cm-forms 三种 c_m 闭式彼此相等且等于 U_3000(m)/rho^3000（1<=m<=8），最大相对偏差 1.02E-46
PASS C.T5.1-gamma-forms γ_j(σ) 两种写法在实根（90 位）与复根（浮点）处相等，1<=j<=8
PASS C.T5.1-c1 c_1=(10+15ρ+17ρ^2)/31 = 2.20960813177848
PASS C.T3.3-Ybeta Y_β=(1-t)^{-β}Σ_N t^N/(A∏b_i) Σ_m C(N,m)(β)_m (x^3/(1-t))^m 满足 (A-t)Y-x^3 tY_t=(1-t)^{-β}（x=1/5，β∈{0,1,2,1/2,-3}，到 t^14）
PASS C.T4.2-pattern-totals Σ_σ,β M(d;σ,β), d=0..6 = [2, 7, 51, 459, 4990, 63537, 928393]；σ=2d+3 层的模式数 = [0, 0, 0, 0, 0, 0, 0]
PASS C.T4.2-pattern-brute 按定义暴力数模式（σ<=2d+3），d=0..2 = [2, 7, 51]
SUMMARY audit_a3 pass=24 fail=0
