PASS base.own-vs-core :: own height DP == core.U_fast_table, k<=60, m<=20
PASS base.own-vs-reflist :: own DP == core.U_list (参考实现), k<=12, m<=8
PASS T1.0c.multichain :: U_k(m) == 多重链数 core.U_multichain, k<=7, m<=5
PASS T1.0a.product :: a_k(n)=U_k(ceil n/2)U_k(floor n/2) vs core.a_direct (k<=6,n<=10) & a_brute (nk<=16); bad=[]
PASS T1.0a.a3 :: a_3(1..6)=6,36,102,289,612,1296
PASS T1.1.lemma1 :: U_k(m)=U_k(m-1)+U_{k-1}(m)+m U_{k-3}(m)，约定 U_0=U_{-1}=1,U_{-2}=0,U_k(-1)=0; 1<=k<=60, 0<=m<=20
PASS T1.2.C1-sum :: (C1) U_k(m)=sum_{j<=m}[U_{k-1}(j)+j U_{k-3}(j)], k<=60, m<=20
PASS T1.2.poly-fit :: u_k (k<=24) 用 m=0..k 插值，并在 m<=k+8 与定义 DP 吻合（deg<=k 得证）
PASS T1.2.deg-lead :: deg u_k=k，首项 2/k!（k>=2），k=0,1 为 1；k<=24
PASS T1.2.u(-1) :: u_k(-1)=0, 1<=k<=24
PASS T1.2.poly-diff :: u_k(x)-u_k(x-1)=u_{k-1}(x)+x u_{k-3}(x)（u_{-1}=1,u_{-2}=0）多项式恒等, 1<=k<=24
PASS T1.2.f123 :: f_1=1, f_2=2x+1, f_3=(x+1)^2+x
PASS T1.3.1-rec :: (1-x-m x^3)G_m=G_{m-1}+m x^2 (G_{-1}=1) 逐系数, k<=60, m<=20
PASS T1.3.1-closed :: G_m=W_m/P_m 展开到 x^60 与 DP 一致, m<=20
PASS T1.3.1-xW :: x W_m = 1 - P_m - x sum_{j<m} P_j 多项式恒等, m<=20
PASS T1.3.2-gcd :: gcd(W_m,P_m)=1, deg P_m=3m+1, deg W_m=3m, lc W_m=(-1)^m m!, P_m(0)=1, W_m(1)=1; m<=20
PASS T1.3.2-BM :: Berlekamp-Massey(Q) 作用于定义 DP：线性复杂度=3m+1、连接多项式=P_m, m<=9; bad=[]
PASS T1.3.2-reducible :: b_i (1<=i<=3000) 有有理根 ⇔ i=y^2(y-1): [4, 18, 48, 100, 180, 294]
PASS T1.3.2-factor :: b_i=(1-yx)(1+(y-1)x+y(y-1)x^2)、判别式 -(y-1)(3y+1)、x=1 处值 -i,1-y,y^2（y<30）
PASS T1.3.2-W1b1 :: W_1-b_1=x+x^2
PASS T1.3.2-W4half :: W_4(1/2)=645/512 (实算 645/512)
PASS T1.3.3-sqfree :: b_i 两两互素、各自无重根、disc(z^3-z^2-i)=-i(4+27i), i<=30
PASS T1.3.4-rho :: ρ_m 严格增；复根模长平方 m/ρ_m < ρ_m^2 (m<=20)
PASS T1.3.4-cm :: c_m 留数式 vs U_900(m)/ρ^900 (m<=8)：m=1 c=2.2096081318 rel=1.9e-57; m=2 c=7.8411192294 rel=5.8e-57; m=3 c=28.9768573170 rel=1.5e-37
PASS T1.4.1-NIE :: N(k,q) 容斥式 == 自写 DFS 满射合法词计数, k<=9
PASS T1.4.1-basis :: U_k(m)=sum_q N(k,q) C(m+1,q), k<=20, m<=20
PASS base.lemma1-vs-core :: lemma1_table == core.U_fast_table, k<=60, m<=62
PASS T1.4.2-tri :: 三角递推 N(k,r+1)=N(k-1,r)+N(k-1,r+1)+r[...], 3<=k<=120
PASS T1.4.2-init :: N(1,1)=1, N(2,1)=1, N(2,2)=2
PASS T1.4.2-zero-conv :: 只给 N(0,0)=1 加零边界时 k=2 得 N(2,2)=1（报告说 1）
PASS T1.4.2-ext-conv :: 约定 N(-1,0)=1,N(-1,q>=1)=0,N(-2,.)=0 时递推对 k>=1（r>=0）全部成立（k<40）
PASS T1.4.3-Nkk :: N(k,k)=2, 2<=k<=120
PASS T1.4.4-Nkk1 :: N(k,k-1)=k^2-k-4 (4<=k<=120)；N(3,2)=4, N(2,1)=1, N(4,3)=8
PASS T1.4.4-incr :: k>=5 时增量 2k-2
PASS T1.4.prompt-tri :: 提示词 N 三角 k<=10 与定义一致
PASS T1.5.1-c :: c_i(n)=sum_{j<=n/3} C(n-2j,j) i^j, i<=20, n<=61
PASS T1.5.2-S :: [x^n]1/P_m=sum_s S(m+s,m)C(n+m-2s,m+s), m<=20, n<=60
PASS T1.5.3-pf :: m![x^n]1/P_m=sum_i (-1)^{m-i}C(m,i)c_i(n+3m), m<=20, n<=60
PASS T1.5.4-theta :: Θ 公式 U_k(m)=Θ_m(k+1+3m)-sum_{t<m}Θ_t(k+3t) 对 0<=k<=60, m<=20 成立（含 k=0）
PASS T1.5.4-theta-inner :: Θ_t(n+3t)=[x^n]prod_{i=m-t}^m b_i^{-1}=[x^n]P_{m-t-1}/P_m, m<=20, n<=30
PASS T1.5.note :: S(2,1)C(-1,2)=1；c_5(1) 按广义二项式取 j=0,1 得 -4（真值 1）
PASS T1.6.pde :: (1-x-t)F-x^3 t F_t=1+x^2t/(1-t)^2 逐系数, k<=60, m<=20
PASS T1.7.deg :: h_k=(1-t)^{k+1}sum_m U_k(m)t^m 是 <=k 次多项式 (k<=19 由 m<=20 判定)
PASS T1.7.Nform :: h_k=sum_q N(k,q)t^{q-1}(1-t)^{k-q} (1<=k<=20), h_0=1
PASS T1.7.rec :: 递推 h_k=h_{k-1}+t(1-t)[(1-t)h_{k-3}'+(k-2)h_{k-3}] 初值 h_0=1,h_1=1,h_2=1+t, k<=20
PASS T1.7.badinit :: 若 h_2=1 则 h_3=[1, 1, -1]（报告：1+t-t^2）
PASS T1.7.h3-6 :: h_3..h_6 = [[1, 2, -1], [1, 4, -3], [1, 8, -5, -2], [1, 14, -7, -8, 2]]
PASS T1.7.h1 :: h_k(1)=2 (2<=k<=20)
PASS T1.8.poly :: Num_q=P_{q-1} sum_k N(k,q)x^k 是多项式、次数 3q-2、首项 (q-1)!、最低项 2x^q（2<=q<=10，截断到 x^48）
PASS T1.8.Num1 :: Num_1=x
PASS T1.8.Num234 :: Num_2..Num_4 = 提示词给出的多项式
PASS T1.9.pq :: a_k=p+(-1)^n q：deg p=2k 首项 c^2/4^k；deg q=2k-2 首项 c^2k/(2·4^k)（1<=k<=8）
PASS T1.9.order :: a_k(n) 的最小递推阶=4k，连接多项式=(1-x)^{2k+1}(1+x)^{2k-1}（BM，k<=4）
SUMMARY audit_c1 pass=53 fail=0
elapsed 14.5s
