PASS base.N-tri-vs-IE :: 三角递推表 == 定义 DP 容斥, k<=60
PASS base.N-spot :: 大 k 抽查 N(k,q)（引理1表+容斥 vs 三角）: [(200, 3), (200, 100), (200, 199), (180, 90), (139, 70), (190, 143)]
PASS T4.1.threshold :: D(k,d)=p_d(k) 对 2d+2<=k<=2d+122 成立且 d+1<=k<=2d+1 全不等（d<=12）；d<=60 的拟合在多余点上一致
PASS T4.1.defect :: e_d(2d+1)=(-1)^{d+1}(d+1)!, e_d(2d)=(-1)^{d+1}(d+2)!/2，0<=d<=60; bad=[]
PASS T4.1.lead-second :: deg p_d=2d，首项 2/(2^d d!)，次首项=-(4d^2-3d)·首项，d<=60
PASS T4.1.r-rec :: r_d=-(4d^2-3d) 满足 (2d-1)r_d=2d r_{d-1}-12d^2+11d
PASS T4.1.dagger :: (†) D(k,d)=D(k-1,d)+D(k-1,d-1)+(k-d-1)[D(k-3,d-1)+2D(k-3,d-2)+D(k-3,d-3)]（k>=3,k-d>=1；d<30,k<150）
PASS T4.1.p0-5 :: p_0..p_5 与报告逐系数一致; 不一致的 d=[]
PASS T4.1.p2-m :: p_2(m+5)=(m^4+10m^3+43m^2+82m+124)/4（实算 ['31', '41/2', '43/4', '5/2', '1/4']）
PASS T4.1.anchors :: D(2d+2,d), d=0..5 = [2, 8, 65, 574, 6012, 70674]（④.5：2,8,65,574,6012,70674）
PASS T4.1.mpos :: p_d(m+2d+1) 系数全正的最大 d=46（报告：d<=46 全正，d=47 失效）
PASS T4.1.d47 :: d=47 时 [m^91]/首项 = -122153（报告 -122153）
INFO 负系数位置（m 的次数）d=47..60:
   d=47: [91]
   d=48: [93]
   d=49: [95]
   d=50: [97]
   d=51: [99]
   d=52: [97, 101]
   d=53: [99, 103]
   d=54: [101, 105]
   d=55: [103, 107]
   d=56: [101, 105, 109]
   d=57: [8, 10, 103, 107, 111]
   d=58: [7, 9, 11, 105, 109, 113]
   d=59: [6, 8, 10, 12, 107, 111, 112, 115]
   d=60: [5, 7, 9, 11, 13, 105, 109, 113, 114, 117]
PASS T4.1.lowneg-info :: 「低次项」出现负号的首个 d：按次数<2d-10 判定为 56，按次数<=d 判定为 57（报告：d>=57）
PASS T4.2.3-newton :: Δ^i p_d(2d+2) 全为正整数且末项 2(2d-1)!!（d<=40）；d=2 为 [65, 74, 64, 30, 6]
INFO p_d(2d+1) 对奇数 d 为正的 d： all odd d<=67
PASS T4.2.3-base2d1 :: 奇数 d<=67 时 p_d(2d+1)>0；d=69 时 N(139,70)-70! = -1.7422e+99（报告 ≈-1.74e99）
PASS T4.2.2-stirling :: S(k,k-d)=sum_j <<d,j>> C(k+d-1-j,2d)，1<=d<=10, d<=k<44
PASS T4.2.2-shiftneg :: p_d 在 C(k+c-j,2d)（j=0..2d）基下总有负系数：1<=d<=8，c∈[-150,150] 抽查
INFO d=0 模式数=2；M(2d,0)=1，M(2d+2,2)=1，β=d+2 的模式数=1（σ=[2]）
INFO d=1 模式数=7；M(2d,0)=1，M(2d+2,2)=1，β=d+2 的模式数=2（σ=[4]）
INFO d=2 模式数=51；M(2d,0)=3，M(2d+2,2)=3，β=d+2 的模式数=6（σ=[6]）
INFO d=3 模式数=459；M(2d,0)=15，M(2d+2,2)=15，β=d+2 的模式数=24（σ=[8]）
INFO d=4 模式数=4990；M(2d,0)=105，M(2d+2,2)=105，β=d+2 的模式数=120（σ=[10]）
PASS T4.2.1-totals :: 按定义暴力枚举的模式总数 d=0..4：[2, 7, 51, 459, 4990]（报告 2,7,51,459,4990,…）
PASS T4.2.1-expansion :: σ<=2d+2、β∈{0}∪[2,d+2]，且 D(k,d)=sum M(d;σ,β)C(k-d-β,σ-β) 对 d<=k<=60 成立（d<=4）
PASS T4.2.1-families :: 两族各 (2d-1)!! 个模式（M(2d,0)、M(2d+2,2)），β=d+2 的模式恰 (d+1)! 个（1<=d<=4）
PASS T4.3.1-Frec :: b_{q-1}F_q=(x+2(q-1)x^3)F_{q-1}+(q-1)x^3F_{q-2}+[q=2]x^2（F_0=1,F_{-1}=0），q<=20，到 x^60
PASS T4.3.1-Numrec :: Num 三项递推（q>=3，Num_1=x，Num_2=2x^2+x^4）== P_{q-1}·sum_k N(k,q)x^k，q<=20
PASS T4.3.1-deg :: 次数 3q-2、首项 L_q=(q-1)[2L_{q-1}-(q-2)L_{q-2}]=(q-1)!、最低项 2x^q（q<=40）
PASS T4.3.2-IE :: Num_q=sum_i(-1)^{q-i}C(q,i)W_{i-1}prod_{v=i}^{q-1}b_v，q<=20
PASS T4.3.3-support :: 系数全非负，非零项恰为 x^q..x^{3q-4} 与 x^{3q-2}（2<=q<=40）
PASS T4.3.3-posrec :: 正项全历史递推对 3<=q<=40 成立；不成立的 q=[2]（q=2 时右端为 3x^2+x^4≠Num_2）
PASS T4.3.4-A262 :: Num_q(1)=A000262(q)=[1, 3, 13, 73, 501, 4051]…（q<=40；递推与 e.g.f. exp(z/(1-z)) 均核对）
PASS T4.3.5-low :: [x^{q+j}]Num_q 在 q>=j+2 时为 2j 次多项式、首项 2/(2^j j!)、q=j+1 处缺陷 (-1)^{j+1}(j+1)!（j<=8，q<=40）; bad=[]
PASS T4.3.5-j12 :: [x^{q+1}]=q^2-q-4，[x^{q+2}]=(q^4-6q^3+7q^2-2q+76)/4（实算 ['-4', '-1', '1'] / ['19', '-1/2', '7/4', '-3/2', '1/4']）
PASS T4.3.5-j1-thr :: [x^{q+1}]=q^2-q-4 对 q>=3 成立，q=2 不成立
PASS T4.3.6-high :: [x^{3q-2-j}]Num_q：j=0:(q-1)!，j=1:0，j=2:(q-1)!(q-1+H_{q-1})，j=3:(q-1)(q-1)!(H_{q-1}-1)，2<=q<=40；不符=[]
PASS T4.3.6-sub :: 拟合 π_{j,i}(q)（j<=7，q 从 j+3 到 40 全部吻合）：a_{q,2m} 中 c(q,m+1) 的系数为 1；a_{q,2m+1}（m>=1）为 q-m；a_{q,1}=0; bad=[]
PASS T4.3.7-egf :: 反转分子 e.g.f. 闭式在 y=2,3,-1,1/2,-3/2,1 处到 z^12 逐系数成立：[True, True, True, True, True, True]
PASS T4.3.7-y1 :: y=1 时即 e^{z/(1-z)}-1（Num_q(1)=A000262）
PASS T4.3.8-gcd :: gcd(Num_q,P_{q-1})=1，q<=60（模素数 2^31-1 的 gcd 次数为 0，p 不整除首项系数）
PASS T4.3.8-cong :: Num_q≡W_i·S_{q,i} (mod b_i)，S_{q,i}=sum_t C(q,t)(q-1-i)^(t下降)x^{3t}=n!v^nL_n^{(i+1)}(-1/v)（2<=q<=15）
PASS T4.3.8-notation :: 若把 (q-1-i)_t 读作上升阶乘（C-3 节 (α)_n 的记号），同余不成立，例如 (q,i)=[(3, 0), (4, 0), (4, 1)]
SUMMARY audit_c4 pass=37 fail=0
elapsed 94.6s
