PASS T5.1.1-gamma-forms :: γ_j 的两种写法在 Q[σ]/(σ^3-σ^2-j) 中相等（1<=j<=24，含可约 j=4,18）
PASS T5.1.1-binet :: Binet 型精确公式（按共轭求和=迹，精确有理）对 0<=k<=40, 0<=m<=10 与定义 DP 一致
PASS T5.1.3-cm-forms :: c_m 三种闭式数值相等（1<=m<=20，相对差<1e-60）
PASS T5.1.3-c123 :: c_1,c_2,c_3 = ('2.2096081318', '7.8411192294', '28.976857317')（报告 2.2096081318, 7.8411192294, 28.976857317）
PASS T5.1.3-c1-Qrho :: c_1=γ_1(ρ_1)=(10+15ρ+17ρ^2)/31 在 Q(ρ) 中精确成立
PASS T5.1.3-cm-vs-DP :: U_1500(m)/ρ_m^1500 与 c_m 相对差 <1e-20（1<=m<=8）
PASS T5.1.4-c4-c18 :: c_4=215/2, c_18=37105325714711350249401/6830759936000
PASS T5.1.4-int :: ρ_m 为整数的 m<200：[0, 4, 18, 48, 100, 180]（报告 0,4,18,48,…）
PASS T5.1.4-c4-c18-DP :: U_3000(4)/2^3000 - 215/2 = 2.07e-90；U_9000(18)/3^9000 / c_18 - 1 = 1.43e-63
PASS T5.1.2-tau1 :: τ_1=√(ρ_1(ρ_1-1))=0.826031（报告 ≈0.826）
PASS T5.1.2-tau :: |σ_m|^2=m/ρ_m<ρ_{m-1}^2，τ_m<ρ_{m-1}，|σ_j| 关于 j 递增（m,j<=40）
PASS T5.1.2-theta :: 3m(1-θ_m) → 1：{10: 0.8506, 100: 0.9262, 1000: 0.9659, 10000: 0.9843, 100000: 0.9928}
PASS T5.1.2-second-term :: |U_k-c_mρ_m^k+c_{m-1}ρ_{m-1}^{k+3}|/τ_m^k 在 k=200,400,600 有界（450 位精度）：m=1:0.375/0.415/0.315; m=2:0.377/0.881/0.882; m=3:10.9/10.9/10.9; m=4:93.2/93.2/93.2; m=5:607/607/607; m=6:3.44e+03/3.44e+03/3.44e+03
INFO k=40：(m, U41/U40/ρ-1, κ(1-θ)θ^40, 理论/实测-1, U40^(1/40)/ρ-1, U40/(c ρ^40)-1) = 
   m=2: 3.5376e-04, 3.5284e-04, -0.003, 0.0528, -0.0026
   m=3: 2.7920e-03, 2.7134e-03, -0.028, 0.0870, -0.0301
PASS T5.1.5-prompt-k40 :: m=2,3：相邻比 0.035%%/0.28%%、理论吻合 0.3%%/3%%、U^(1/40) 5.3%%/8.7%%、U/(cρ^40) 0.26%%/3.0%%（实算见 INFO）
PASS T5.2.formulas :: [m^k],[m^{k-1}],[m^{k-2}],[m^{k-3}] 的四个公式在各自门槛以上成立（k<=40）
PASS T5.2.thresholds :: 门槛精确：d=0..3 在 k=2d+1 处公式失效 {0: True, 1: True, 2: True, 3: True}
PASS T5.2.k3 :: [m^2]U_3=2（报告 2），公式给 1（报告 1）
PASS T5.2.Bd :: B_d(k)=(k-d)![m^{k-d}]U_k=sum_e(-1)^{d-e}N(k,k-e)ẽ_{d-e}(k-e)，2<=k<=40, d<10
PASS T5.2.Bd-poly :: B_d(k) 在 k>=2d+2 为 2d 次多项式、k=2d+1 处失效（d<=7）
PASS T5.2.mu :: (2/k!)(m+μ_k)^k 的 m^{k-1} 系数 = [m^{k-1}]U_k，μ_k=(k^2-2k-1)/2
PASS T5.3.1-basic :: h_k(0)=1、h_k(1)=2(k>=2)、[t^1]h_k=R_k-k-1（k>=2 时 >0；k=0,1 为 0）、g.f. x^2(1-x+x^2)/((1-x)^2(1-x-x^3))，k<=60
PASS T5.3.1-deriv :: h_k^{(d)}(1)=d! sum_{e<=d}(-1)^e C(k-1-e,d-e)N(k,k-e)，1<=k<=60, d<=5
PASS T5.3.1-h1 :: h_k'(1)=-(k^2-3k-2)（4<=k<=60）；k=2,3 实为 1,0（公式 4,2）
PASS T5.3.1-nk :: n_k(z)=(1+z)^{k-1}h_k(z/(1+z))=sum_q N(k,q)z^{q-1}，k<=30
PASS T5.3.2-Gneg :: G_{-j}=sum_k U_k(-j)x^k 是 3j-3 次多项式，G_{-j-1}=(1-x+jx^3)G_{-j}+jx^2，与插值多项式 u_k(-j) 一致（j<=21,k<=40）
PASS T5.3.2-zeros :: U_k(-j)=0 (1<=j<=floor((k+2)/3))、U_k(-s_k-1)≠0、(m+1)…(m+s_k)|U_k、U_{3j}(-j-1)=j!（k<=40）
PASS T5.3.2-noother :: U_k 在 -(s_k+1) 至 -(Fujiwara 界) 之间无整数零点（1<=k<=40；最大界 60760.0）
PASS T5.3.3-deg-lead :: deg h_k=floor(2k/3)，首项 (-1)^a a! / (-1)^a c(a+2,2) / (-1)^a (a+1)!（k=3a,3a+1,3a+2；k<=60）
PASS T5.3.4-mobius :: μ(0̂,1̂)（偏序集直接计算）=sum_q(-1)^qN(k,q)=U_k(-2)：[-1, 1, 1, 0, 0, 0, 0, 0, 0]（k=1..9）
PASS T5.3.4-nk-root :: n_k(z) 在 z=-1 的根重数 = ceil(k/3)-1（1<=k<=60）
PASS T5.3.5-no01 :: h_k 在 [0,1] 上无根（Sturm，2<=k<=30）
PASS T5.3.6-real :: h_k 的根全为实且两两不同（Sturm 计数=次数，2<=k<=30；报告猜想 k<=60）
PASS T5.3.thresholds :: 固定位置 i=1..8 的 h_{k,i} 自 k=K_i 起恒正（k<=170 内）：K_i=[2, 8, 16, 24, 33, 41, 50, 59]（④.6：2,8,16,24,33,41,50,59）
PASS T5.4.3-R :: R_k=A038718(k+2)（b 文件，k<=58）；(1-x+x^2)/((1-x)(1-x-x^3))=1+x·ΣR_kx^k，ΣR_kx^k=(1+x^2-x^3)/((1-x)(1-x-x^3))
PASS T5.4.4-U3 :: U_3(m)=(m+1)(m^2+5m+3)/3=2C(m+3,3)-(m+1)=A084990(m+1)（m<=60）；[2]^4 单调 4 元组=8≠U_4(1)=9
PASS T5.4.5-U4 :: U_4(m)=(m+1)(m+2)(m^2+11m+6)/12=C(m+2,2)^2-4C(m+2,4)=A326247(m+2)（m<=38）；n=3 有序对 9、无序 6
PASS T5.4.6-c2c3 :: c_2=A077949（39 项）、c_3=A084386（35 项）与快照一致
PASS T5.4.1-data :: b 文件：A207118–A207122（列 k=3..7）、A207117（对角）、A207124–A207127（行 n=4..7）、A207123（545 项，按反对角）全部 = U_k(ceil n/2)U_k(floor n/2)
SUMMARY audit_c5 pass=38 fail=0
elapsed 93.3s
