DP table K=132 M=20 in 0.06s
b_4 reducible: y=[2]
b_18 reducible: y=[3]
b_48 reducible: y=[4]
i= 0  W_i mod b_i = ['1']   gcd = ['1']
i= 1  W_i mod b_i = ['0', '1', '1']   gcd = ['1']
i= 2  W_i mod b_i = ['-1/2', '2', '3/2']   gcd = ['1']
i= 3  W_i mod b_i = ['-22/27', '79/27', '5/3']   gcd = ['1']
i= 4  W_i mod b_i = ['-33/32', '485/128', '203/128']   gcd = ['1']
i= 5  W_i mod b_i = ['-18524/15625', '71849/15625', '4089/3125']   gcd = ['1']
i= 6  W_i mod b_i = ['-15125/11664', '15631/2916', '10129/11664']   gcd = ['1']
i= 7  W_i mod b_i = ['-55535586/40353607', '245369419/40353607', '1674619/5764801']   gcd = ['1']
i= 8  W_i mod b_i = ['-48031837/33554432', '453831263/67108864', '-27264765/67108864']   gcd = ['1']
i= 9  W_i mod b_i = ['-46053834136/31381059609', '232538994745/31381059609', '-1402690253/1162261467']   gcd = ['1']
i=10  W_i mod b_i = ['-23253947541/15625000000', '7837849543/976562500', '-32797171907/15625000000']   gcd = ['1']
i=11  W_i mod b_i = ['-6250349189404750/4177248169415651', '35975954919257431/4177248169415651', '-1166803400614089/379749833583241']   gcd = ['1']
i=12  W_i mod b_i = ['-1664845142081/1114512556032', '81773323597967/8916100448256', '-36724223802331/8916100448256']   gcd = ['1']
i=13  W_i mod b_i = ['-166707598438301896884/112455406951957393129', '1091373400533572050153/112455406951957393129', '-45246516010454576615/8650415919381337933']   gcd = ['1']
i=14  W_i mod b_i = ['-1220234910725301757/833747762130149888', '2129079182484613855/208436940532537472', '-5337017365203225447/833747762130149888']   gcd = ['1']
i=15  W_i mod b_i = ['-1180864177498829560814/821051044464111328125', '8786473898238133647689/821051044464111328125', '-15458661218055394373/2027286529541015625']   gcd = ['1']
i=16  W_i mod b_i = ['-106337652888245342301375/75557863725914323419136', '1687537427121000990796787/151115727451828646838272', '-1344596432876220088337893/151115727451828646838272']   gcd = ['1']
i=17  W_i mod b_i = ['-465619578366513921299463879728/339448671314611904643504117121', '3941917455518526438091874748737/339448671314611904643504117121', '-203955359619704586484589511423/19967568900859523802559065713']   gcd = ['1']
i=18  W_i mod b_i = ['-1343033451477305062723169/1008405403836017902470144', '379383597890588774561849/31512668869875559452192', '-11668239823579302574966775/1008405403836017902470144']   gcd = ['1']
i=19  W_i mod b_i = ['-43288764429467205825324840155700486/33600614943460448322716069311260139', '418235309290590492029072610986559775/33600614943460448322716069311260139', '-22926598401334314421558862371822049/1768453418076865701195582595329481']   gcd = ['1']
i=20  W_i mod b_i = ['-101714147089759358989176676573/81920000000000000000000000000', '4206779750705834741151523788691/327680000000000000000000000000', '-4715583494909502717220916378139/327680000000000000000000000000']   gcd = ['1']
m= 0  deg gcd(W_m,P_m) = 0  (0.00s)
m= 1  deg gcd(W_m,P_m) = 0  (0.00s)
m= 2  deg gcd(W_m,P_m) = 0  (0.00s)
m= 3  deg gcd(W_m,P_m) = 0  (0.00s)
m= 4  deg gcd(W_m,P_m) = 0  (0.00s)
m= 5  deg gcd(W_m,P_m) = 0  (0.00s)
m= 6  deg gcd(W_m,P_m) = 0  (0.00s)
m= 7  deg gcd(W_m,P_m) = 0  (0.00s)
m= 8  deg gcd(W_m,P_m) = 0  (0.00s)
m= 9  deg gcd(W_m,P_m) = 0  (0.00s)
m=10  deg gcd(W_m,P_m) = 0  (0.01s)
m=11  deg gcd(W_m,P_m) = 0  (0.01s)
m=12  deg gcd(W_m,P_m) = 0  (0.02s)
m=13  deg gcd(W_m,P_m) = 0  (0.04s)
m=14  deg gcd(W_m,P_m) = 0  (0.05s)
m=15  deg gcd(W_m,P_m) = 0  (0.09s)
m=16  deg gcd(W_m,P_m) = 0  (0.14s)
m=17  deg gcd(W_m,P_m) = 0  (0.24s)
m=18  deg gcd(W_m,P_m) = 0  (0.35s)
m=19  deg gcd(W_m,P_m) = 0  (0.57s)
m=20  deg gcd(W_m,P_m) = 0  (0.81s)
m= 0  BM linear complexity L=1 (3m+1=1), C==P_m: True  (0.00s)
m= 1  BM linear complexity L=4 (3m+1=4), C==P_m: True  (0.00s)
m= 2  BM linear complexity L=7 (3m+1=7), C==P_m: True  (0.00s)
m= 3  BM linear complexity L=10 (3m+1=10), C==P_m: True  (0.00s)
m= 4  BM linear complexity L=13 (3m+1=13), C==P_m: True  (0.00s)
m= 5  BM linear complexity L=16 (3m+1=16), C==P_m: True  (0.00s)
m= 6  BM linear complexity L=19 (3m+1=19), C==P_m: True  (0.00s)
m= 7  BM linear complexity L=22 (3m+1=22), C==P_m: True  (0.00s)
m= 8  BM linear complexity L=25 (3m+1=25), C==P_m: True  (0.01s)
m= 9  BM linear complexity L=28 (3m+1=28), C==P_m: True  (0.01s)
m=10  BM linear complexity L=31 (3m+1=31), C==P_m: True  (0.01s)
m=11  BM linear complexity L=34 (3m+1=34), C==P_m: True  (0.02s)
m=12  BM linear complexity L=37 (3m+1=37), C==P_m: True  (0.03s)
m=13  BM linear complexity L=40 (3m+1=40), C==P_m: True  (0.05s)
m=14  BM linear complexity L=43 (3m+1=43), C==P_m: True  (0.07s)
m=15  BM linear complexity L=46 (3m+1=46), C==P_m: True  (0.09s)
m=16  BM linear complexity L=49 (3m+1=49), C==P_m: True  (0.13s)
m=17  BM linear complexity L=52 (3m+1=52), C==P_m: True  (0.18s)
m=18  BM linear complexity L=55 (3m+1=55), C==P_m: True  (0.25s)
m=19  BM linear complexity L=58 (3m+1=58), C==P_m: True  (0.34s)
m=20  BM linear complexity L=61 (3m+1=61), C==P_m: True  (0.45s)
total 4.1s
