(1-x)(1+u+x+x^2) = [[1], [], []]
m=0  D=[1]
   a(u) = [1, 1]
   b(u) = [1]
   c(u) = [1]
m=1  D=[1, -1]
   a(u) = [1, 5, 1]
   b(u) = [2, 1]
   c(u) = [4, 1]
m=2  D=[1, -3, 2]
   a(u) = [1, 14, 6, 1]
   b(u) = [3, 6, 1]
   c(u) = [9, 5, 1]
m=3  D=[1, -6, 11, -6]
   a(u) = [1, 30, 22, 15, 1]
   b(u) = [4, 20, 7, 1]
   c(u) = [16, 16, 14, 1]
m=4  D=[1, -10, 35, -50, 24]
   a(u) = [1, 55, 64, 102, -6, 1]
   b(u) = [5, 50, 29, 16, 1]
   c(u) = [25, 42, 87, -7, 1]
m=5  D=[1, -15, 85, -225, 274, -120]
   a(u) = [1, 91, 161, 457, -145, 117, 1]
   b(u) = [6, 105, 93, 118, -5, 1]
   c(u) = [36, 97, 355, -139, 116, 1]
m=6  D=[1, -21, 175, -735, 1624, -1764, 720]
   a(u) = [1, 140, 364, 1576, -1059, 1727, -600, 1]
   b(u) = [7, 196, 254, 575, -150, 118, 1]
   c(u) = [49, 203, 1119, -914, 1610, -601, 1]
