PASS c2b.anchor 自写细化DP(三元组条件)总数==core.U_fast_table (k<=31,m<=12)；细化DP按(s,结尾)==DFS枚举 (k<=9,m<=3)；core.U_fast_table==core.U_multichain多重链定义 (k<=7,m<=4)
PASS c2b.T1.bijection 块词(层次非增,E只在末尾)->拼接 是到合法序列的双射：全部块词拼接合法、两两不同、像集==DFS合法序列集 (k<=10,m<=4)
PASS c2b.T1.unique_parse 每个合法序列恰有 1 种块分解(非确定性解析计数==1)，且证明中的确定性解析复原原序列 (k<=10,m<=4,共76445个)
PASS c2b.T1.stats 统计量：上升数==#T+#E；以上升结尾<=>末块为E；max==首块层次；不以上升结尾时末项==末块层次 (k<=10,m<=4)
PASS c2b.T1.allseq 全部 (m+1)^k 个序列：块分解方式数==[合法] (1<=k<=10,m<=4,共13695758个序列)
PASS c2b.T1.Eend 截断块只能在末尾：a<v 时 good3(a,v,c) <=> c==v（于是 [a,v] 后若再有项必构成T块），m<=12
PASS c2b.T2.gf_xy 双变量母函数 (1-x-m*y*x^3)G_m(x,y)=G_{m-1}(x,y)+m*y*x^2, G_{-1}=1 的系数==细化DP的 U_k(m,s) (k<=30,m<=12,全部s)
PASS c2b.T2.WP G_m=W_m/P_m (W_m=1+x^2*sum_j j*P_{j-1})、G_m=1/P_m+x^2*sum_j j/prod_{v=j}^m b_v 的展开==core DP，且多项式恒等式 x*W_m=1-P_m-x*sum_{j<m}P_j (k<=30,m<=12)
PASS c2b.T2.pde_xty 三变量 F(x,t,y)=sum U_k(m,s)x^k t^m y^s 满足 (1-x-t)F - y*x^3*t*dF/dt = 1 + y*x^2*t/(1-t)^2，等价于引理1的s细化 U_k(m,s)=U_k(m-1,s)+U_{k-1}(m,s)+m*U_{k-3}(m,s-1)+m[k=2][s=1]（逐系数, k<=30,m<=12）
PASS c2b.T3.coef [x^n y^s] prod_{v=j}^m (1-x-v*y*x^3)^{-1} = H(m,s,j)*C(n+m-j-2s,n-3s)，H(m,s,j)=h_s(j..m) (n<=30,0<=j<=m<=12)
PASS c2b.T3.tbar 竖线模型引理：s个T与L根竖线的全部排列上 prod_T (j+T右侧竖线数) 之和 == h_s(j..j+L)（暴力, L<=5,s<=5,j<=3）
PASS c2b.T3.stirling h_s(1..m)==h_s(0..m)==S(m+s,m) (m+s<=12)；h_s(j..m)==Broder r-Stirling {m+s,m}_j(把[m+s]分成m块且1..j两两不同块，限制增长串暴力枚举, m+s<=9)
PASS c2b.T4.complete_s 不以上升结尾、恰有 s 个上升的合法序列数 == S(m+s,m)*C(k+m-2s,k-3s)（单项！）(k<=30,m<=12,全部s)
PASS c2b.T4.E_s 以上升结尾、恰有 s 个上升的合法序列数 == sum_{j=1}^m j*H(m,s-1,j)*C(k+m-j-2s,k+1-3s) (k<=30,m<=12,全部s)
PASS c2b.T4.U U_k(m)=sum_s S(m+s,m)C(k+m-2s,k-3s)+sum_{j=1}^m j sum_s H(m,s,j)C(k-2+m-j-2s,k-2-3s) == core DP (k<=30,m<=12) 且 == 多重链定义 (k<=7,m<=4)
PASS c2b.T4.small_s U_k(m,0)=C(k+m,k)；以上升结尾且只1个上升的个数=C(k+m-1,k)；U_k(m,1)=C(m+1,2)C(k+m-2,k-3)+C(k+m-1,k) (k<=30,m<=12)
PASS c2b.T4.setpart 显式双射：长k、s个上升的完整合法序列 <-> (k+m-2s个位置中选k-3s个放S) x ([m+s]分成m块的集合划分)；像合法、单射且像集大小==C(k+m-2s,k-3s)S(m+s,m) (k<=9,m<=3)
PASS c2b.T5.append 映射(a)：不以上升结尾的长k序列 --补0--> 长k+1、末块为S_0的序列；以上升结尾的 --补末项--> 长k+1、末块为T块的完整序列；计数(DP, k<=30,m<=12)与显式映射(DFS, 2<=k<=8,m<=3)均为双射
PASS c2b.T5.Aminus U_k(m) = A_m(k+1) - sum_{j=1}^m A^{(j)}_m(k)，A^{(j)}_m(n)=sum_s H(m,s,j)C(n+m-j-2s,n-3s) (k<=30,m<=12)
PASS c2b.T5.theta (C4) 的 U=Theta_m(k+1+3m)-sum_t Theta_t(k+3t) == core DP，且逐项 Theta_t(n+3t)==A^{(m-t)}_m(n)=[x^n]P_{m-t-1}/P_m（含 t=m 即 (C4) 第二式）(k,n<=30,m<=12)
    [cert] U m=1: u=1/1 N=3 p=3 v_p=+1
    [cert] E m=2: u=1/2 N=17 p=17 v_p=+1
    [cert] U m=2: u=1/2 N=103/2 p=103 v_p=+1
    [cert] E m=3: u=1/3 N=2363/8 p=17 v_p=+1
    [cert] U m=3: u=1/3 N=21619/24 p=13 v_p=+1
    [cert] E m=4: u=1/3 N=-63801/8 p=17 v_p=+1
    [cert] U m=4: u=1/3 N=-194571/8 p=13 v_p=+1
    [cert] E m=5: u=1/5 N=1320570541/13824 p=283 v_p=+1
    [cert] U m=5: u=1/5 N=20305015931/69120 p=19 v_p=+1
    [cert] E m=6: u=1/6 N=5271706601/3000 p=383 v_p=+1
    [cert] U m=6: u=1/6 N=97540993603/18000 p=12323 v_p=+1
    [cert] E m=7: u=1/7 N=12188371768577071/373248000 i-free part not a cube
    [cert] U m=7: u=1/7 N=29299443339257291/290304000 p=601 v_p=+1
    [cert] E m=8: u=1/8 N=305891321129955101/500094000 i-free part not a cube
    [cert] U m=8: u=1/8 N=7577276141332338433/4000752000 p=1231 v_p=+1
    [cert] E m=9: u=1/9 N=9330953950303977139721/809238528000 p=1129 v_p=+1
    [cert] U m=9: u=1/9 N=2083431016128692625791/58265174016 p=11 v_p=+1
    [cert] E m=10: u=1/10 N=25490680976481138437689/116661928320 p=163 v_p=+1
    [cert] U m=10: u=1/10 N=263840551372484512768093/388873094400 p=29 v_p=+1
    [cert] E m=11: u=1/11 N=28388411199372294439657519846693/6826... p=13 v_p=+2
    [cert] U m=11: u=1/11 N=6795027398040291230836424666006003/52... i-free part not a cube
    [cert] E m=12: u=1/12 N=11750928254645847565075636013/1479166... p=131 v_p=+1
    [cert] U m=12: u=1/12 N=438756626547667697725097831797/177500... p=3449 v_p=+1
PASS c2b.T6.ushape_E 对 2<=m<=12：不存在整数 c,d 与有理 A_s 使 E(k,m)=sum_s A_s C(k+c-2s,d+s) 对全部 k>=0 成立（留数-范数证书见 [cert] 行）；m=1 时确有 E(k,1)=sum_s C(k-2-2s,s)（k<=30 核对）
PASS c2b.T6.ushape_U 对 1<=m<=12：不存在整数 c,d 与有理 A_s 使 U_k(m)=sum_s A_s C(k+c-2s,d+s) 对全部 k>=0 成立（证书见 [cert] 行）
PASS c2b.T6.sanity_A 对照：完整部分 A_m(k)=sum_s S(m+s,m)C(k+m-2s,m+s) 本身是 u 型单和，判据在每个域极点 u=1/i 都不报阻碍 (m<=12)
PASS c2b.T7.box 单和形状 V(k)=sum_s A(m,s)C(k+alpha*m+beta-gamma*s, delta*m+eps*s+zeta)，参数盒 alpha∈[-1,2],beta∈[-3,3],gamma∈[0,3],delta∈[0,2],eps∈[-1,3],zeta∈[-3,3]（11760族，其中 gamma+eps>=2 有真检验的 8232 族）：对 E、U、N、N^c、N^E 无一族在 k<=30,m(或q)=1..12 上可解；对完整部分 A 只存活已知形状(1,0,2,1,1,0)及其指标平移(1,2,2,1,1,-1)，并找回 A(m,s)=S(m+s,m)（引擎对照）
PASS c2b.T7.Es_single E(k,2,2)=(k-4)(3k-1)/2 (k>=4, 否则0)，根 4 与 1/3 不是相邻整数，故不存在 A*C(k+c,d) 单项表示；数值上 c∈[-40,40],d∈[0,40] 全无解 (k<=30)
PASS c2b.T8.R R(p,s)(端点恰为{0..p-1}的s弧T骨架数) 暴力枚举==sum_i(-1)^{p-i}C(p,i)S(i-1+s,i-1) (p<=7,s<=4)；R(2s,s)=(2s-1)!!、p>2s 时 R=0 (s<=8)
PASS c2b.T8.Nsplit N=N^c+N^E：按结尾拆分的满射词数（容斥自细化DP）==DFS暴力枚举 (k<=8)；N 容斥==core.N_from_U (k<=30,q<=12)
PASS c2b.T8.Nc N^c(k,q)=sum_{s>=0} sum_{p=0}^{2s} C(q,p) R(p,s) C(k-2s+p-1, s+q-1)（正项双和；N^c=不以上升结尾的合法满射词）(k<=30,q<=12)
PASS c2b.T8.NE N^E(k,q)=sum_{s>=1,p,h0} R'(p,s,h0) C(q-1-h0,p-1-h0) C(k-1-2s+p-h0, s+q-2-h0)，R'=端点恰为{0..p-1}且最小头为h0的s弧骨架数（暴力）(k<=13,q<=10；此范围只需 s<=4)
PASS c2b.T8.Reul R(p,s)=sum_k <<s,k>> C(2s-2-k,2s-p)（<<s,k>> 为二阶 Euler 数）(1<=s<=11, 0<=p<=2s+2)
[time] 22.8s
SUMMARY c2b pass=30 fail=0
