(i) E(k,m,s) = A * C(k+c, d) single-term test (k<=30):
   (m,s) with a single-term representation: [(1, 1), (1, 2), (1, 3), (1, 4), (1, 5), (1, 6), (1, 7), (1, 8)]
   examples: {(1, 1): [(-2, 0, '1')], (1, 2): [(-4, 1, '1')], (1, 3): [(-6, 2, '1')], (1, 4): [(-8, 3, '1')], (1, 5): [(-10, 4, '1')], (1, 6): [(-12, 5, '1')], (1, 7): [(-14, 6, '1')], (1, 8): [(-16, 7, '1')]}
   (m,s) with NO single-term representation (in the c,d box): [(2, 1), (2, 2), (2, 3), (2, 4), (2, 5), (2, 6), (2, 7), (2, 8), (3, 1), (3, 2), (3, 3), (3, 4), (3, 5), (3, 6), (3, 7), (3, 8), (4, 1), (4, 2), (4, 3), (4, 4), (4, 5), (4, 6), (4, 7), (4, 8), (5, 1), (5, 2), (5, 3), (5, 4), (5, 5), (5, 6), (5, 7), (5, 8), (6, 1), (6, 2), (6, 3), (6, 4), (6, 5), (6, 6), (6, 7), (6, 8)] ... total 88
(ii) two-term u-shape search:
   E m=1: tested 12328 pairs of shapes, consistent with >=5 checks: 713  e.g. [(-6, -3, -2, 0, 14), (-6, -3, 0, -1, 14), (-6, -3, 2, -2, 14), (-6, -3, 4, -3, 14)]
   E m=2: tested 25191 pairs of shapes, consistent with >=5 checks: 65  e.g. [(-2, 0, -2, 1, 11), (-2, 0, -1, 1, 11), (-2, 0, 0, 0, 10), (-2, 0, 1, 0, 10)]
   E m=3: tested 46178 pairs of shapes, consistent with >=5 checks: 0  e.g. []
   E m=4: tested 78146 pairs of shapes, consistent with >=5 checks: 0  e.g. []
   E m=5: tested 124390 pairs of shapes, consistent with >=5 checks: 0  e.g. []
   E m=6: tested 188630 pairs of shapes, consistent with >=5 checks: 0  e.g. []
   U m=1: tested 12328 pairs of shapes, consistent with >=5 checks: 187  e.g. [(-2, 0, 1, 1, 10), (-2, 0, 3, 0, 9), (-2, 0, 5, -1, 9), (-2, 0, 5, 0, 9)]
   U m=2: tested 25191 pairs of shapes, consistent with >=5 checks: 0  e.g. []
   U m=3: tested 46178 pairs of shapes, consistent with >=5 checks: 0  e.g. []
   U m=4: tested 78146 pairs of shapes, consistent with >=5 checks: 0  e.g. []
   U m=5: tested 124390 pairs of shapes, consistent with >=5 checks: 0  e.g. []
   U m=6: tested 188630 pairs of shapes, consistent with >=5 checks: 0  e.g. []
(iii) u-shape obstruction for m<=30:
   E: m in 1..30 WITHOUT obstruction certificate: [1]
   U: m in 1..30 WITHOUT obstruction certificate: []
elapsed 1055.1s
