m=0
   f_0,s : [1, 0, 0, 0, 0, 0, 0, 0, 0, 0, 0]
   f_1,s : [0, 0, 0, 0, 0, 0, 0, 0, 0, 0, 0]
   f_2,s : [0, 0, 0, 0, 0, 0, 0, 0, 0, 0, 0]
   S(m+s,m): [1, 0, 0, 0, 0, 0, 0, 0, 0, 0, 0]
m=1
   f_0,s : [1, 0, 0, 0, 0, 0, 0, 0, 0, 0, 0]
   f_1,s : [0, 1, 1, 1, 1, 1, 1, 1, 1, 1, 1]
   f_2,s : [1, 1, 1, 1, 1, 1, 1, 1, 1, 1, 1]
   S(m+s,m): [1, 1, 1, 1, 1, 1, 1, 1, 1, 1, 1]
m=2
   f_0,s : [1, -2, -4, -8, -16, -32, -64, -128, -256, -512, -1024]
   f_1,s : [0, 7, 15, 31, 63, 127, 255, 511, 1023, 2047, 4095]
   f_2,s : [3, 5, 11, 23, 47, 95, 191, 383, 767, 1535, 3071]
   S(m+s,m): [1, 3, 7, 15, 31, 63, 127, 255, 511, 1023, 2047]
m=3
   f_0,s : [1, -8, -25, -83, -265, -827, -2545, -7763, -23545, -71147, -214465]
   f_1,s : [0, 25, 87, 292, 939, 2944, 9087, 27772, 84339, 255064, 769287]
   f_2,s : [6, 11, 44, 155, 512, 1631, 5084, 15635, 47672, 144551, 436724]
   S(m+s,m): [1, 6, 25, 90, 301, 966, 3025, 9330, 28501, 86526, 261625]
m=4
   f_0,s : [1, -20, -85, -423, -1957, -8655, -37165, -156423, -649237, -2668095, -10886845]
   f_1,s : [0, 65, 323, 1584, 7275, 32044, 137263, 576824, 2391635, 9821604, 40055703]
   f_2,s : [10, 11, 92, 523, 2604, 12047, 53272, 228723, 962564, 3994807, 16415952]
   S(m+s,m): [1, 10, 65, 350, 1701, 7770, 34105, 145750, 611501, 2532530, 10391745]
m=5
   f_0,s : [1, -40, -210, -1478, -9347, -55390, -314115, -1726998, -9284227, -49089230, -256332995]
   f_1,s : [0, 140, 918, 6179, 38170, 222894, 1251733, 6835489, 36569080, 192667004, 1003390723]
   f_2,s : [15, -14, 57, 808, 6644, 45267, 279607, 1626758, 9096354, 49476577, 263798837]
   S(m+s,m): [1, 15, 140, 1050, 6951, 42525, 246730, 1379400, 7508501, 40075035, 210766920]
m=6
   f_0,s : [1, -70, -420, -4046, -33623, -257128, -1856883, -12868296, -86494003, -568053248, -3664652483]
   f_1,s : [0, 266, 2178, 19301, 153976, 1146750, 8132233, 55628887, 370342402, 2414721416, 15491719219]
   f_2,s : [21, -98, -363, -1376, -1612, 35595, 493177, 4585820, 36611274, 269144221, 1878664163]
   S(m+s,m): [1, 21, 266, 2646, 22827, 179487, 1323652, 9321312, 63436373, 420693273, 2734926558]
m=7
   f_0,s : [1, -112, -714, -9296, -98688, -947944, -8492491, -72315733, -592704134, -4716982186, -36683527785]
   f_1,s : [0, 462, 4530, 51326, 513251, 4739507, 41308782, 344790361, 2783874929, 21901845919, 168804640652]
   f_2,s : [28, -294, -1833, -14277, -101551, -675262, -4233657, -25049779, -138737179, -702016032, -3035448061]
   S(m+s,m): [1, 28, 462, 5880, 63987, 627396, 5715424, 49329280, 408741333, 3281882604, 25708104786]
m=8
   f_0,s : [1, -168, -1050, -18656, -247848, -2930728, -31938315, -327822253, -3215282158, -30439239450, -280197443385]
   f_1,s : [0, 750, 8514, 120758, 1479219, 16573259, 173894854, 1735949193, 16671468473, 155273593703, 1410993390276]
   f_2,s : [36, -678, -5577, -59333, -576207, -5284918, -46513001, -397153787, -3315967475, -27229755832, -220873494717]
   S(m+s,m): [1, 36, 750, 11880, 159027, 1899612, 20912320, 216627840, 2141764053, 20415995028, 189036065010]

E part only (ascent-ending):
m=0
   e_0,s : [0, 0, 0, 0, 0, 0, 0, 0, 0, 0, 0]
   e_1,s : [0, 0, 0, 0, 0, 0, 0, 0, 0, 0, 0]
   e_2,s : [0, 0, 0, 0, 0, 0, 0, 0, 0, 0, 0]
m=1
   e_0,s : [0, -1, -1, -1, -1, -1, -1, -1, -1, -1, -1]
   e_1,s : [0, 1, 1, 1, 1, 1, 1, 1, 1, 1, 1]
   e_2,s : [1, 1, 1, 1, 1, 1, 1, 1, 1, 1, 1]
m=2
   e_0,s : [0, -5, -11, -23, -47, -95, -191, -383, -767, -1535, -3071]
   e_1,s : [0, 7, 15, 31, 63, 127, 255, 511, 1023, 2047, 4095]
   e_2,s : [3, 5, 11, 23, 47, 95, 191, 383, 767, 1535, 3071]
m=3
   e_0,s : [0, -14, -50, -173, -566, -1793, -5570, -17093, -52046, -157673, -476090]
   e_1,s : [0, 25, 87, 292, 939, 2944, 9087, 27772, 84339, 255064, 769287]
   e_2,s : [6, 11, 44, 155, 512, 1631, 5084, 15635, 47672, 144551, 436724]
m=4
   e_0,s : [0, -30, -150, -773, -3658, -16425, -71270, -302173, -1260738, -5200625, -21278590]
   e_1,s : [0, 65, 323, 1584, 7275, 32044, 137263, 576824, 2391635, 9821604, 40055703]
   e_2,s : [10, 11, 92, 523, 2604, 12047, 53272, 228723, 962564, 3994807, 16415952]
m=5
   e_0,s : [0, -55, -350, -2528, -16298, -97915, -560845, -3106398, -16792728, -89164265, -467099915]
   e_1,s : [0, 140, 918, 6179, 38170, 222894, 1251733, 6835489, 36569080, 192667004, 1003390723]
   e_2,s : [15, -14, 57, 808, 6644, 45267, 279607, 1626758, 9096354, 49476577, 263798837]
m=6
   e_0,s : [0, -91, -686, -6692, -56450, -436615, -3180535, -22189608, -149930376, -988746521, -6399579041]
   e_1,s : [0, 266, 2178, 19301, 153976, 1146750, 8132233, 55628887, 370342402, 2414721416, 15491719219]
   e_2,s : [21, -98, -363, -1376, -1612, 35595, 493177, 4585820, 36611274, 269144221, 1878664163]
m=7
   e_0,s : [0, -140, -1176, -15176, -162675, -1575340, -14207915, -121645013, -1001445467, -7998864790, -62391632571]
   e_1,s : [0, 462, 4530, 51326, 513251, 4739507, 41308782, 344790361, 2783874929, 21901845919, 168804640652]
   e_2,s : [28, -294, -1833, -14277, -101551, -675262, -4233657, -25049779, -138737179, -702016032, -3035448061]
m=8
   e_0,s : [0, -204, -1800, -30536, -406875, -4830340, -52850635, -544450093, -5357046211, -50855234478, -469233508395]
   e_1,s : [0, 750, 8514, 120758, 1479219, 16573259, 173894854, 1735949193, 16671468473, 155273593703, 1410993390276]
   e_2,s : [36, -678, -5577, -59333, -576207, -5284918, -46513001, -397153787, -3315967475, -27229755832, -220873494717]
