targets built 0.3s
[A_complete] families: total=11760, informative(gamma+eps>=2)=8232, surviving(all m=1..12)=271, informative surviving=2  (51.6s)
    informative survivor (1, 0, 2, 1, 1, 0) total checks 240
    informative survivor (1, 2, 2, 1, 1, -1) total checks 228
    m/q= 1: per-m shapes with gamma+eps>=2 consistent & >=5 checks: 3  e.g. [(1, 2, 1, 1, 20, 0), (3, 2, 0, 1, 19, 0), (5, 2, -1, 1, 19, 0)]
    m/q= 2: per-m shapes with gamma+eps>=2 consistent & >=5 checks: 3  e.g. [(2, 2, 2, 1, 20, 0), (4, 2, 1, 1, 19, 0), (6, 2, 0, 1, 18, 0)]
    m/q= 3: per-m shapes with gamma+eps>=2 consistent & >=5 checks: 4  e.g. [(3, 2, 3, 1, 20, 0), (5, 2, 2, 1, 19, 0), (7, 2, 1, 1, 18, 0), (9, 2, 0, 1, 17, 0)]
    m/q= 4: per-m shapes with gamma+eps>=2 consistent & >=5 checks: 4  e.g. [(4, 2, 4, 1, 20, 0), (6, 2, 3, 1, 19, 0), (8, 2, 2, 1, 18, 0), (10, 2, 1, 1, 17, 0)]
    m/q= 5: per-m shapes with gamma+eps>=2 consistent & >=5 checks: 5  e.g. [(5, 2, 5, 1, 20, 0), (7, 2, 4, 1, 19, 0), (9, 2, 3, 1, 18, 0), (11, 2, 2, 1, 17, 0), (13, 2, 1, 1, 16, 0)]
    m/q= 6: per-m shapes with gamma+eps>=2 consistent & >=5 checks: 5  e.g. [(6, 2, 6, 1, 20, 0), (8, 2, 5, 1, 19, 0), (10, 2, 4, 1, 18, 0), (12, 2, 3, 1, 17, 0), (14, 2, 2, 1, 16, 0)]
    m/q= 7: per-m shapes with gamma+eps>=2 consistent & >=5 checks: 6  e.g. [(7, 2, 7, 1, 20, 0), (9, 2, 6, 1, 19, 0), (11, 2, 5, 1, 18, 0), (13, 2, 4, 1, 17, 0), (15, 2, 3, 1, 16, 0), (17, 2, 2, 1, 15, 0)]
    m/q= 8: per-m shapes with gamma+eps>=2 consistent & >=5 checks: 4  e.g. [(8, 2, 8, 1, 20, 0), (10, 2, 7, 1, 19, 0), (14, 2, 5, 1, 17, 0), (18, 2, 3, 1, 15, 0)]
    m/q= 9: per-m shapes with gamma+eps>=2 consistent & >=5 checks: 4  e.g. [(9, 2, 9, 1, 20, 0), (11, 2, 8, 1, 19, 0), (15, 2, 6, 1, 17, 0), (21, 2, 3, 1, 14, 0)]
    m/q=10: per-m shapes with gamma+eps>=2 consistent & >=5 checks: 2  e.g. [(10, 2, 10, 1, 20, 0), (12, 2, 9, 1, 19, 0)]
    m/q=11: per-m shapes with gamma+eps>=2 consistent & >=5 checks: 2  e.g. [(11, 2, 11, 1, 20, 0), (13, 2, 10, 1, 19, 0)]
    m/q=12: per-m shapes with gamma+eps>=2 consistent & >=5 checks: 2  e.g. [(12, 2, 12, 1, 20, 0), (14, 2, 11, 1, 19, 0)]
[E_ascent] families: total=11760, informative(gamma+eps>=2)=8232, surviving(all m=1..12)=397, informative surviving=0  (48.3s)
    m/q= 1: per-m shapes with gamma+eps>=2 consistent & >=5 checks: 4  e.g. [(-2, 2, 0, 1, 21, 0), (0, 2, -1, 1, 21, 0), (2, 2, -2, 1, 21, 0), (4, 2, -3, 1, 21, 0)]
[U_all] families: total=11760, informative(gamma+eps>=2)=8232, surviving(all m=1..12)=269, informative surviving=0  (46.9s)
[N_surj] families: total=11760, informative(gamma+eps>=2)=8232, surviving(all m=1..12)=459, informative surviving=0  (65.4s)
    m/q= 1: per-m shapes with gamma+eps>=2 consistent & >=5 checks: 41  e.g. [(-1, 0, -3, 3, 21, 0), (-1, 0, -2, 2, 16, 0), (-1, 0, 0, 2, 16, 0), (-1, 0, 0, 3, 21, 0), (-1, 1, 0, 1, 16, 0), (-1, 1, 0, 2, 21, 0)]
[Nc_surj_complete] families: total=11760, informative(gamma+eps>=2)=8232, surviving(all m=1..12)=459, informative surviving=0  (69.1s)
    m/q= 1: per-m shapes with gamma+eps>=2 consistent & >=5 checks: 41  e.g. [(-1, 0, -3, 3, 21, 0), (-1, 0, -2, 2, 16, 0), (-1, 0, 0, 2, 16, 0), (-1, 0, 0, 3, 21, 0), (-1, 1, 0, 1, 16, 0), (-1, 1, 0, 2, 21, 0)]
[NE_surj_ascent] families: total=11760, informative(gamma+eps>=2)=8232, surviving(all m=1..12)=572, informative surviving=0  (66.0s)
    m/q= 1: per-m shapes with gamma+eps>=2 consistent & >=5 checks: 1260  e.g. [(-4, 0, -3, 2, 18, 0), (-4, 0, -3, 3, 22, 0), (-4, 1, -3, 1, 19, 0), (-4, 1, -3, 2, 23, 0), (-4, 1, -3, 3, 24, 0), (-4, 2, -3, 0, 31, 0)]
    m/q= 2: per-m shapes with gamma+eps>=2 consistent & >=5 checks: 4  e.g. [(-2, 2, 0, 1, 21, 0), (0, 2, -1, 1, 21, 0), (2, 2, -2, 1, 21, 0), (4, 2, -3, 1, 21, 0)]
recovery check: A_m(k) shape (1,0,2,1,1,0) has unique solution A(m,s)=S(m+s,m) for m=1..12: True
total 347.5s
