x=3/5 t=-1/2 lambda=1.851852  (0.9s)
   I0      = 0.984521080779682162959863658625493425815496698803676540542988  (quad err est 0E-60, level 4)
   S0      = -884.962545498202839496294308200705870834386689264320661258626  (terms 71)
   I0-S0   = 885.947066578982521659254171859331364260202185963124337799169
   pred    = 885.947066578982521659254171859331364260202185963124337799144   [x^-3 Gamma(-lam) e^a a^lam]
   Gamma(-lam) reflect = 3.99503075009007268691002620746589082969260871372396328120597 ; regularized = 3.99503075009007268691002620746589082969260871372396328120603 ; diff -6E-59
   I       = 0.901813020695061353933971236978500050317154353046311751681325  (quad err est 6E-60, level 4)
   S       = -1057.81087256356205855183116109683250696989656174960736777353  (terms 221)
   I-S     = 1058.71268558425711990576513233381100702021371610265367952521
   pred    = 1058.71268558425711990576513233381100702021371610265367952520   [x^-3 K(x) e^a a^lam], K = 4.77408853640860320513988976838086352802426041995442333745892
   residuals: const 2.5E-56 ; full 1E-56
x=2/5 t=-3/10 lambda=9.375000  (0.8s)
   I0      = 1.08485726881031571906356691251178623961602346407272379255634  (quad err est 8E-60, level 4)
   S0      = -13228.0056224527122203109536183843523538367361375166593355546  (terms 95)
   I0-S0   = 13229.0904797215225360300171852968641400763521609807320593472
   pred    = 13229.0904797215225360300171852968641400763521609807320593471   [x^-3 Gamma(-lam) e^a a^lam]
   Gamma(-lam) reflect = 0.00000399834320623201626677384933153031446581692848909136819385814 ; regularized = 0.0000039983432062320162667738493315303144658169284890913681940 ; diff -1.4186E-61
   I       = 1.05293456942477198153043574172188463476322086639267896806052  (quad err est 1.1E-59, level 4)
   S       = -17671.6925603728588516134128021249205201738615219978927722084  (terms 130)
   I-S     = 17672.7454949422836235949432378666424048086247428642854511765
   pred    = 17672.7454949422836235949432378666424048086247428642854503469   [x^-3 K(x) e^a a^lam], K = 0.0000053413877540171913343604106364647353050983626253242758218
   residuals: const 1E-55 ; full 8.296E-52
x=3/10 t=-1/10 lambda=25.925926  (0.6s)
   I0      = 1.24461556309195600719720072450976566989928510147744085878217  (quad err est 1.2E-59, level 4)
   S0      = 1.24461552731697343788796706104449043551837570333612501503512  (terms 97)
   I0-S0   = 3.577498256930923366346527523438090939814131584374705E-8
   pred    = 3.57749825693092336634652752343809093981413158437470387993980E-8   [x^-3 Gamma(-lam) e^a a^lam]
   Gamma(-lam) reflect = 4.30550585991365944066532945310188331280222921320526046596088E-26 ; regularized = 4.30550585991365944066532945310188330E-26 ; diff 1.280222921320526046596088E-61
   I       = 1.23509948431812006935648224804890799227864245321023715710340  (quad err est 3.9E-59, level 4)
   S       = 1.23509943320044665604703242440303220409445128168300371281746  (terms 97)
   I-S     = 5.111767341330944982364587578818419117152723344428594E-8
   pred    = 5.11176734133094498236458757881841911410492023988795016133344E-8   [x^-3 K(x) e^a a^lam], K = 6.15199300236601343404435829366648873E-26
   residuals: const 1.12006020E-59 ; full 3.04780310454064383866656E-44
x=21/100 t=-1/20 lambda=85.303963  (0.5s)
   I0      = 1.18968782195192980405108609536462249185901777632358508476777  (quad err est 2.4014E-56, level 3)
   S0      = 1.18968782195192980405108609536462249185901777632358508476779  (terms 105)
   I0-S0   = -2E-59
   pred    = 2.48455430767141997948376612764393883163102829943183752910831E-62   [x^-3 Gamma(-lam) e^a a^lam]
   Gamma(-lam) reflect = 3.53208457946218046442703283435342637533741439582910800571853E-129 ; regularized = 1.2E-61 ; diff -1.20000000000000000000000000000000000000000000000000000000000E-61
   I       = 1.18728453248487166424091698919519417178722960585450684309428  (quad err est 2.4189E-56, level 3)
   S       = 1.18728453248487166424091698919519417178722960585450684309432  (terms 105)
   I-S     = -4E-59
   pred    = 422054.611396038880466929940437797390426380293730694470292436   [x^-3 K(x) e^a a^lam], K = 6E-62
   residuals: const -2.00248455430767141997948376612764393883163102829943183752911E-59 ; full -422054.611396038880466929940437797390426380293730694470292436
