p_d(j) for j=-8..2d+2
0 ['2', '2', '2', '2', '2', '2', '2', '2', '2', '2', '2']
1 ['68', '52', '38', '26', '16', '8', '2', '-2', '-4', '-4', '-2', '2', '8']
2 ['3229', '2197', '1439', '901', '535', '299', '157', '79', '41', '25', '19', '17', '19', '31', '65']
3 ['180830', '111734', '66241', '37377', '19854', '9770', '4339', '1651', '462', '14', '-115', '-131', '-114', '-78', '-1', '175', '574']
4 ['12020397', '6909287', '3811276', '2003957', '995714', '462312', '197647', '76346', '26117', '7959', '2552', '1357', '1166', '1052', '879', '742', '917', '2111', '6012']
5 ['931714221', '505788772', '263727735', '131300865', '61955302', '27444243', '11269659', '4215607', '1399047', '392754', '81805', '3111', '-11556', '-12731', '-11679', '-9843', '-7247', '-3504', '3531', '21253', '70674']
6 ['82931556958', '42985230703', '21428280439', '10220778034', '4635169019', '1982959041', '792287880', '291824867', '97390015', '28773310', '7316314', '1591147', '368200', '183056', '164631', '152952', '132404', '105313', '77257', '61432', '93505', '277051', '907706']
7 ['8362572860680', '4172013636548', '2004754650903', '923691855981', '405868023607', '168948173591', '66077295422', '24028905269', '8014251424', '2406467524', '633246272', '139491456', '22815495', '736267', '-2278129', '-2459752', '-2306800', '-2032244', '-1658915', '-1225177', '-762081', '-216921', '781852', '3619703', '12666680']
8 ['944261881051503', '456203322998391', '212615219975174', '95208826982639', '40772150311182', '16603519060597', '6385555392134', '2299629518086', '767184600111', '233813724807', '63902798061', '15273461327', '3090918293', '521890968', '94596652', '45237845', '41688445', '39381645', '35185710', '29428317', '22727774', '15962213', '10339992', '8095462', '15512777', '53367673', '189149481']
9 ['118211660162079263', '55571160044992569', '25238213464992960', '11034779310020819', '4625723439972798', '1850095542037533', '701901883426510', '250813702017079', '83679347866965', '25780012029354', '7229992526233', '1810721873476', '394062735813', '71270619511', '9576368935', '260213138', '-741642133', '-790158713', '-750777068', '-678384109', '-578110852', '-459547667', '-335427874', '-218602297', '-115674303', '-10481712', '187849649', '816204080', '3004765299']

defects e_d(k)=D(k,d)-p_d(k), k=0..2d+1 (listed from k=2d+1 downwards)
0 ['-1', '-1']
1 ['2', '3', '4', '4']
2 ['-6', '-12', '-16', '-19', '-25', '-41']
3 ['24', '60', '90', '115', '131', '115', '-14', '-462']
4 ['-120', '-360', '-618', '-860', '-1051', '-1166', '-1357', '-2552', '-7959', '-26117']
5 ['720', '2520', '4920', '7500', '9872', '11680', '12731', '11556', '-3111', '-81805', '-392754', '-1399047']
6 ['-5040', '-20160', '-44280', '-73920', '-104820', '-132360', '-152951', '-164631', '-183056', '-368200', '-1591147', '-7316314', '-28773310', '-97390015']
7 ['40320', '181440', '443520', '808080', '1232760', '1659840', '2032310', '2306801', '2459752', '2278129', '-736267', '-22815495', '-139491456', '-633246272', '-2406467524', '-8014251424']
8 ['-362880', '-1814400', '-4888800', '-9676800', '-15844920', '-22711080', '-29426610', '-35185612', '-39381644', '-41688445', '-45237845', '-94596652', '-521890968', '-3090918293', '-15273461327', '-63902798061', '-233813724807', '-767184600111']
9 ['3628800', '19958400', '58786560', '125798400', '220464720', '335716920', '459583320', '578113956', '678384254', '750777069', '790158713', '741642133', '-260213138', '-9576368935', '-71270619511', '-394062735813', '-1810721873476', '-7229992526233', '-25780012029354', '-83679347866965']

h*-vectors of p_d(k+shift), shift = d+1, 2d+1, 2d+2, 2d+3
0 1 ['2']
0 1 ['2']
0 2 ['2']
0 3 ['2']
1 2 ['-2', '8', '-4']
1 3 ['2', '2', '-2']
1 4 ['8', '-8', '2']
1 5 ['16', '-22', '8']
2 3 ['17', '-66', '106', '-70', '19']
2 5 ['31', '-90', '124', '-78', '19']
2 6 ['65', '-186', '232', '-136', '31']
2 7 ['139', '-418', '514', '-294', '65']
3 4 ['-114', '720', '-1849', '2534', '-1932', '802', '-131']
3 7 ['175', '-651', '1103', '-936', '411', '-71', '-1']
3 8 ['574', '-2572', '5189', '-5714', '3604', '-1226', '175']
3 9 ['1446', '-6865', '14376', '-16486', '10828', '-3843', '574']
4 5 ['1052', '-8589', '30703', '-62485', '79286', '-64101', '32315', '-9137', '1166']
4 9 ['2111', '-12987', '38237', '-67151', '76556', '-57175', '27213', '-7511', '917']
4 10 ['6012', '-37759', '110173', '-189430', '208811', '-150111', '68485', '-18082', '2111']
4 11 ['16349', '-106259', '315578', '-548701', '607401', '-436523', '198350', '-51997', '6012']
5 6 ['-11679', '118626', '-541319', '1461883', '-2586485', '3132955', '-2630486', '1512619', '-569978', '128485', '-12731']
5 11 ['21253', '-163109', '596836', '-1327097', '1968895', '-2017514', '1441399', '-705461', '225502', '-42345', '3531']
5 12 ['70674', '-572079', '2179648', '-5044595', '7801372', '-8377487', '6308029', '-3281243', '1126570', '-230252', '21253']
5 13 ['205335', '-1707422', '6616615', '-15521048', '24273901', '-26343359', '20041177', '-10534640', '3656818', '-756161', '70674']
6 7 ['152952', '-1855972', '10314317', '-34708572', '78764641', '-126978947', '149118159', '-128529563', '80708152', '-36001551', '10829690', '-1957147', '164631']
6 13 ['277051', '-2693957', '12595393', '-36693814', '73713082', '-107062667', '115014600', '-91866443', '54075904', '-22849762', '6572031', '-1154133', '93505']
6 14 ['907706', '-9014585', '42542772', '-124378383', '249501970', '-360404916', '383553073', '-302488733', '175241703', '-72664555', '20455845', '-3508158', '277051']
6 15 ['2785593', '-28258296', '135225533', '-399507820', '807812706', '-1174070423', '1255134763', '-992975919', '576345235', '-239148071', '67292910', '-11523127', '907706']
7 8 ['-2306800', '32569756', '-213389255', '859866928', '-2380681481', '4790684374', '-7225651546', '8298093993', '-7291506819', '4878489093', '-2446445719', '891755105', '-223365758', '34618151', '-2459752']
7 15 ['3619703', '-41628865', '230648675', '-803828847', '1956546183', '-3503138618', '4744751577', '-4927181634', '3935788778', '-2403043970', '1102627270', '-368313327', '84586194', '-11944701', '781852']
7 16 ['12666680', '-149420140', '843136018', '-2984348412', '7366829491', '-13371861938', '18365607171', '-19357000027', '15713569545', '-9767340839', '4572581268', '-1562378671', '368124114', '-53513693', '3619703']
7 17 ['40580060', '-486865382', '2778990988', '-9923188709', '24666178102', '-45031126229', '62153085773', '-65796516255', '53629392561', '-33465458772', '15727639529', '-5395215286', '1276487707', '-186380497', '12666680']
8 9 ['39381645', '-634302255', '4787174967', '-22471815655', '73433873467', '-177132925385', '326245749746', '-468016384481', '528490993226', '-471324428374', '330877427330', '-180922727926', '75540681009', '-23282047796', '4995181807', '-663465720', '41688445']
8 17 ['53367673', '-718100960', '4672179160', '-19297290128', '56350078383', '-122957194402', '206958051407', '-273692659830', '287106934442', '-239508263573', '158272167001', '-81943141949', '32573104165', '-9607523179', '1982454810', '-255621747', '15512777']
8 18 ['189149481', '-2585824368', '16992727512', '-70664983357', '207281966122', '-453520269641', '764201844674', '-1010261196188', '1057859867057', '-879622337503', '578535179099', '-297666056359', '117407538561', '-34307562830', '7002381781', '-891737664', '53367673']
8 19 ['629716809', '-8731601904', '57956663723', '-242893798658', '716936718787', '-1576712132182', '2668317910300', '-3540364016053', '3718601545607', '-3100043927389', '2043247920497', '-1053049449867', '415868201950', '-121619265299', '24832591752', '-3162173504', '189149481']
9 10 ['-750777068', '13586380183', '-116071691409', '622023854774', '-2343118691840', '6588380232060', '-14330609359667', '24655139433924', '-34012183351339', '37903654474102', '-34204102547164', '24934304949537', '-14574881024309', '6738694129523', '-2410187888367', '643475307467', '-120765726258', '14271373414', '-790158713']
9 19 ['816204080', '-12503112221', '92817735702', '-439858310665', '1484700587575', '-3779632803141', '7505667546943', '-11870283963900', '15138768066911', '-15671115474238', '13188101810504', '-8995246950756', '4932885179536', '-2144321845525', '722299728408', '-181839473173', '32205768204', '-3579625043', '187849649']
9 20 ['3004765299', '-46753161978', '351043442855', '-1678906426505', '5711188239099', '-14639581551617', '29256607219140', '-46551568707649', '59728185028002', '-62211198691736', '52695089823804', '-36194006003504', '20000927253035', '-8768521313832', '2981767540907', '-758695985316', '135991272637', '-15320027871', '816204080']
9 21 ['10337378703', '-162771423274', '1232711148226', '-5935282059825', '20299829345155', '-52268684873328', '104852545178363', '-167377985801016', '215363010099286', '-224879118967218', '190912164825514', '-131403186632977', '72756770778636', '-31957643355865', '10887774313608', '-2775626302094', '498494838258', '-56274336601', '3004765299']
