Num_1..4: [[0, 1], [0, 0, 2, 0, 1], [0, 0, 0, 2, 2, 7, 0, 2], [0, 0, 0, 0, 2, 8, 13, 15, 29, 0, 6]]
3-term recurrence 3<=q<=16: True
q=1 deg gcd(Num_q,P_{q-1}) = 0 ; nontrivial gcd with b_i: [] ; Num_q(1)=1
q=2 deg gcd(Num_q,P_{q-1}) = 0 ; nontrivial gcd with b_i: [] ; Num_q(1)=3
q=3 deg gcd(Num_q,P_{q-1}) = 0 ; nontrivial gcd with b_i: [] ; Num_q(1)=13
q=4 deg gcd(Num_q,P_{q-1}) = 0 ; nontrivial gcd with b_i: [] ; Num_q(1)=73
q=5 deg gcd(Num_q,P_{q-1}) = 0 ; nontrivial gcd with b_i: [] ; Num_q(1)=501
q=6 deg gcd(Num_q,P_{q-1}) = 0 ; nontrivial gcd with b_i: [] ; Num_q(1)=4051
q=7 deg gcd(Num_q,P_{q-1}) = 0 ; nontrivial gcd with b_i: [] ; Num_q(1)=37633
q=8 deg gcd(Num_q,P_{q-1}) = 0 ; nontrivial gcd with b_i: [] ; Num_q(1)=394353
q=9 deg gcd(Num_q,P_{q-1}) = 0 ; nontrivial gcd with b_i: [] ; Num_q(1)=4596553
q=10 deg gcd(Num_q,P_{q-1}) = 0 ; nontrivial gcd with b_i: [] ; Num_q(1)=58941091
q=11 deg gcd(Num_q,P_{q-1}) = 0 ; nontrivial gcd with b_i: [] ; Num_q(1)=824073141
q=12 deg gcd(Num_q,P_{q-1}) = 0 ; nontrivial gcd with b_i: [] ; Num_q(1)=12470162233
q=13 deg gcd(Num_q,P_{q-1}) = 0 ; nontrivial gcd with b_i: [] ; Num_q(1)=202976401213
q=14 deg gcd(Num_q,P_{q-1}) = 0 ; nontrivial gcd with b_i: [] ; Num_q(1)=3535017524403
q=15 deg gcd(Num_q,P_{q-1}) = 0 ; nontrivial gcd with b_i: [] ; Num_q(1)=65573803186921
q=16 deg gcd(Num_q,P_{q-1}) = 0 ; nontrivial gcd with b_i: [] ; Num_q(1)=1290434218669921

low coefficients [x^{q+j}]Num_q, rows j, columns q=1..16
0 [1, 2, 2, 2, 2, 2, 2, 2, 2, 2, 2, 2, 2, 2, 2, 2]
1 [0, 0, 2, 8, 16, 26, 38, 52, 68, 86, 106, 128, 152, 178, 206, 236]
2 [0, 1, 7, 13, 29, 79, 187, 383, 703, 1189, 1889, 2857, 4153, 5843, 7999, 10699]
3 [0, 0, 0, 15, 99, 284, 674, 1577, 3601, 7804, 15874, 30339, 54807, 94236, 155234, 246389]
4 [0, 0, 2, 29, 81, 341, 1649, 5618, 15530, 38786, 91366, 205469, 441593, 906525, 1778921, 3344366]
5 [0, 0, 0, 0, 104, 1004, 3824, 12567, 43471, 140914, 410164, 1090734, 2710782, 6392486, 14418434, 31222409]
6 [0, 0, 0, 6, 146, 551, 3911, 28320, 125136, 439641, 1431501, 4434171, 12941655, 35485826, 91881326, 226311341]
7 [0, 0, 0, 0, 0, 770, 10100, 48537, 212561, 1023272, 4334112, 15785277, 52123569, 161335698, 473582654, 1322746214]

high coefficients a_{q,j}=[x^{3q-2-j}]Num_q, rows j, columns q=1..16
0 [1, 1, 2, 6, 24, 120, 720, 5040, 40320, 362880, 3628800, 39916800, 479001600, 6227020800, 87178291200, 1307674368000]
1 [0, 0, 0, 0, 0, 0, 0, 0, 0, 0, 0, 0, 0, 0, 0, 0]
2 [0, 2, 7, 29, 146, 874, 6084, 48348, 432144, 4292496, 46916640, 559628640, 7234462080, 100754029440, 1503961724160, 23954278521600]
3 [0, 0, 2, 15, 104, 770, 6264, 56196, 554112, 5973264, 69998400, 886897440, 12089295360, 176484597120, 2748022986240, 45472329504000]
4 [0, 0, 2, 13, 81, 551, 4180, 35344, 331100, 3412044, 38412936, 469458936, 6193135872, 87745228416, 1329187227264, 21441770133120]
5 [0, 0, 0, 8, 99, 1004, 10100, 106224, 1188740, 14232672, 182420424, 2499165360, 36510388992, 567235118592, 9346209455232, 162878973223680]
6 [0, 0, 0, 2, 29, 341, 3911, 46145, 571320, 7480088, 103825124, 1527929404, 23813873832, 392423569032, 6824026356720, 124972118962704]
7 [0, 0, 0, 0, 16, 284, 3824, 48537, 621312, 8239772, 114533632, 1676758500, 25894840080, 421815721560, 7240772884032, 130795746095952]
8 [0, 0, 0, 0, 2, 79, 1649, 28320, 456433, 7288785, 118351018, 1980059594, 34370168884, 621175035580, 11707705040624, 230230593347040]
