=== d=0
 Q_d (full seq numerator, deg 2): [1, 0, 1]
 A_d (poly part numerator, deg 0): ['2']
 E_d (D - p_d, k=0..): ['-1', '-1']
 Newton at base 1: ['2']
 Newton at base 2: ['2']
 Newton at base 1: ['2']
 (c=2d basis) p_d(k) = sum_j A_j C(k-j+2d, 2d);  A_j: ['2']
=== d=1
 Q_d (full seq numerator, deg 6): [0, 0, 1, 1, -1, 3, -2]
 A_d (poly part numerator, deg 2): ['-4', '8', '-2']
 E_d (D - p_d, k=0..): ['4', '4', '3', '2']
 Newton at base 3: ['2', '6', '2']
 Newton at base 4: ['8', '8', '2']
 Newton at base 2: ['-2', '4', '2']
 (c=2d basis) p_d(k) = sum_j A_j C(k-j+2d, 2d);  A_j: ['-4', '8', '-2']
=== d=2
 Q_d (full seq numerator, deg 10): [0, 0, 0, 1, 2, 0, 0, -1, 16, -18, 6]
 A_d (poly part numerator, deg 4): ['41', '-180', '304', '-238', '79']
 E_d (D - p_d, k=0..): ['-41', '-25', '-19', '-16', '-12', '-6']
 Newton at base 5: ['31', '34', '40', '24', '6']
 Newton at base 6: ['65', '74', '64', '30', '6']
 Newton at base 3: ['17', '2', '10', '12', '6']
 (c=2d basis) p_d(k) = sum_j A_j C(k-j+2d, 2d);  A_j: ['41', '-180', '304', '-238', '79']
=== d=3
 Q_d (full seq numerator, deg 14): [0, 0, 0, 0, 1, 5, -4, 3, 35, -59, 44, 95, -174, 108, -24]
 A_d (poly part numerator, deg 6): ['462', '-3220', '9489', '-15202', '14068', '-7218', '1651']
 E_d (D - p_d, k=0..): ['-462', '-14', '115', '131', '115', '90', '60', '24']
 Newton at base 7: ['175', '399', '473', '466', '336', '150', '30']
 Newton at base 8: ['574', '872', '939', '802', '486', '180', '30']
 Newton at base 4: ['-114', '36', '41', '58', '66', '60', '30']
 (c=2d basis) p_d(k) = sum_j A_j C(k-j+2d, 2d);  A_j: ['462', '-3220', '9489', '-15202', '14068', '-7218', '1651']
=== d=4
 Q_d (full seq numerator, deg 18): [0, 0, 0, 0, 0, 1, 10, -11, 41, -28, -3, 443, -953, 995, 439, -1822, 1698, -720, 120]
 A_d (poly part numerator, deg 8): ['26117', '-227094', '871133', '-1928915', '2703011', '-2462866', '1431945', '-489467', '76346']
 E_d (D - p_d, k=0..): ['-26117', '-7959', '-2552', '-1357', '-1166', '-1051', '-860', '-618', '-360', '-120']
 Newton at base 9: ['2111', '3901', '6436', '7760', '7581', '5950', '3450', '1260', '210']
 Newton at base 10: ['6012', '10337', '14196', '15341', '13531', '9400', '4710', '1470', '210']
 Newton at base 5: ['1052', '-173', '36', '276', '431', '550', '510', '420', '210']
 (c=2d basis) p_d(k) = sum_j A_j C(k-j+2d, 2d);  A_j: ['26117', '-227094', '871133', '-1928915', '2703011', '-2462866', '1431945', '-489467', '76346']
=== d=5
 Q_d (full seq numerator, deg 22): [0, 0, 0, 0, 0, 0, 1, 18, -11, 63, -65, 655, -1310, 1483, 4222, -13635, 18289, -2748, -19772, 26820, -16800, 5400, -720]
 A_d (poly part numerator, deg 10): ['1399047', '-14996763', '72709096', '-210138029', '401334598', '-529963229', '490882483', '-315675281', '135336379', '-35102018', '4215607']
 E_d (D - p_d, k=0..): ['-1399047', '-392754', '-81805', '-3111', '11556', '12731', '11680', '9872', '7500', '4920', '2520', '720']
 Newton at base 11: ['21253', '49421', '85240', '126027', '152598', '153657', '128775', '86520', '42630', '13230', '1890']
 Newton at base 12: ['70674', '134661', '211267', '278625', '306255', '282432', '215295', '129150', '55860', '15120', '1890']
 Newton at base 6: ['-11679', '1836', '760', '387', '1758', '3492', '4875', '5670', '4830', '3780', '1890']
 (c=2d basis) p_d(k) = sum_j A_j C(k-j+2d, 2d);  A_j: ['1399047', '-14996763', '72709096', '-210138029', '401334598', '-529963229', '490882483', '-315675281', '135336379', '-35102018', '4215607']
=== d=6
 Q_d (full seq numerator, deg 26): [0, 0, 0, 0, 0, 0, 0, 1, 31, -1, 74, 356, -170, -417, 12253, -33665, 50894, 24324, -194269, 332188, -169969, -200700, 435540, -370680, 175320, -45360, 5040]
 A_d (poly part numerator, deg 12): ['97390015', '-1237296885', '7229684454', '-25702747045', '61955049846', '-106740992537', '134892616741', '-126117705876', '86694832210', '-42806755836', '14445556227', '-3001435391', '291824867']
 E_d (D - p_d, k=0..): ['-97390015', '-28773310', '-7316314', '-1591147', '-368200', '-183056', '-164631', '-152951', '-132360', '-104820', '-73920', '-44280', '-20160', '-5040']
 Newton at base 13: ['277051', '630655', '1247232', '2043701', '2898781', '3530427', '3681371', '3272472', '2431485', '1435770', '616140', '166320', '20790']
 Newton at base 14: ['907706', '1877887', '3290933', '4942482', '6429208', '7211798', '6953843', '5703957', '3867255', '2051910', '782460', '187110', '20790']
 Newton at base 7: ['152952', '-20548', '-6543', '5578', '7618', '14853', '30584', '48132', '61425', '67410', '54810', '41580', '20790']
 (c=2d basis) p_d(k) = sum_j A_j C(k-j+2d, 2d);  A_j: ['97390015', '-1237296885', '7229684454', '-25702747045', '61955049846', '-106740992537', '134892616741', '-126117705876', '86694832210', '-42806755836', '14445556227', '-3001435391', '291824867']
=== d=7
 Q_d (full seq numerator, deg 30): [0, 0, 0, 0, 0, 0, 0, 0, 1, 51, 40, 183, 714, -959, 13369, -29092, 37686, 177298, -704226, 1305350, -368893, -2752224, 6213353, -4986191, -1240190, 7200120, -8162760, 5139120, -1955520, 423360, -40320]
 A_d (poly part numerator, deg 14): ['8014251424', '-117807303836', '806032632932', '-3403164510524', '9908931772555', '-21055790803050', '33688001256189', '-41248842703203', '38867197680617', '-28069193965759', '15309516004106', '-6123390458343', '1700823795506', '-294356283613', '24028905269']
 E_d (D - p_d, k=0..): ['-8014251424', '-2406467524', '-633246272', '-139491456', '-22815495', '-736267', '2278129', '2459752', '2306801', '2032310', '1659840', '1232760', '808080', '443520', '181440', '40320']
 Newton at base 15: ['3619703', '9046977', '18866403', '34475675', '54708729', '76452058', '94035474', '101302140', '94900169', '76254381', '50983695', '26826030', '10187100', '2432430', '270270']
 Newton at base 16: ['12666680', '27913380', '53342078', '89184404', '131160787', '170487532', '195337614', '196202309', '171154550', '127238076', '77809725', '37013130', '12619530', '2702700', '270270']
 Newton at base 8: ['-2306800', '274556', '98773', '-38364', '7313', '76444', '158642', '301345', '514262', '726516', '872865', '921690', '727650', '540540', '270270']
 (c=2d basis) p_d(k) = sum_j A_j C(k-j+2d, 2d);  A_j: ['8014251424', '-117807303836', '806032632932', '-3403164510524', '9908931772555', '-21055790803050', '33688001256189', '-41248842703203', '38867197680617', '-28069193965759', '15309516004106', '-6123390458343', '1700823795506', '-294356283613', '24028905269']
=== d=8
 Q_d (full seq numerator, deg 34): [0, 0, 0, 0, 0, 0, 0, 0, 0, 1, 81, 177, 323, 1387, 5887, 938, -17801, 366962, -1129734, 2042078, 1558502, -13689231, 31206028, -22391993, -36331776, 120499969, -130467600, 25708282, 116863050, -182221200, 146078520, -73432800, 23395680, -4354560, 362880]
 A_d (poly part numerator, deg 16): ['767184600111', '-12808324477080', '100426175091438', '-490957935607438', '1675340238007450', '-4232290376107229', '8189951574888884', '-12387639531363335', '14806410796232186', '-14037946582539220', '10527856354983581', '-6183800982252145', '2791101450327297', '-936800212687223', '220798691854015', '-32708146415328', '2299629518086']
 E_d (D - p_d, k=0..): ['-767184600111', '-233813724807', '-63902798061', '-15273461327', '-3090918293', '-521890968', '-94596652', '-45237845', '-41688445', '-39381644', '-35185612', '-29426610', '-22711080', '-15844920', '-9676800', '-4888800', '-1814400', '-362880']
 Newton at base 17: ['53367673', '135781808', '304785520', '598514192', '1046838339', '1630515714', '2271591319', '2830517510', '3140929196', '3081072591', '2641646700', '1939831740', '1176641235', '557026470', '189459270', '40540500', '4054050']
 Newton at base 18: ['189149481', '440567328', '903299712', '1645352531', '2677354053', '3902107033', '5102108829', '5971446706', '6222001787', '5722719291', '4581478440', '3116472975', '1733667705', '746485740', '229999770', '44594550', '4054050']
 Newton at base 9: ['39381645', '-4195935', '-1561458', '618308', '259824', '70402', '625365', '1702678', '3387248', '5885091', '9133740', '12099780', '13939695', '14324310', '11081070', '8108100', '4054050']
 (c=2d basis) p_d(k) = sum_j A_j C(k-j+2d, 2d);  A_j: ['767184600111', '-12808324477080', '100426175091438', '-490957935607438', '1675340238007450', '-4232290376107229', '8189951574888884', '-12387639531363335', '14806410796232186', '-14037946582539220', '10527856354983581', '-6183800982252145', '2791101450327297', '-936800212687223', '220798691854015', '-32708146415328', '2299629518086']
=== d=9
 Q_d (full seq numerator, deg 38): [0, 0, 0, 0, 0, 0, 0, 0, 0, 0, 1, 126, 520, 503, 5794, 9828, -10655, 317232, -695101, 883480, 7681378, -33034097, 72791443, -21651865, -253349355, 739549343, -778404933, -342116555, 2405726008, -3357249319, 1684220830, 1688876364, -4118812320, 4142691000, -2608336080, 1094567040, -300101760, 48988800, -3628800]
 A_d (poly part numerator, deg 18): ['83679347866965', '-1564127597442981', '13826578249219522', '-76812465162194502', '300562639745037926', '-879803775610209233', '1996952988147869181', '-3594393530259507083', '5202218265429935265', '-6101117423867354845', '5813743216049162358', '-4492212855175533007', '2794998936471452172', '-1382056492317865472', '531523355616865814', '-153539347047356670', '31403102801854352', '-4063558454897991', '250813702017079']
 E_d (D - p_d, k=0..): ['-83679347866965', '-25780012029354', '-7229992526233', '-1810721873476', '-394062735813', '-71270619511', '-9576368935', '-260213138', '741642133', '790158713', '750777069', '678384254', '578113956', '459583320', '335716920', '220464720', '125798400', '58786560', '19958400', '3628800']
 Newton at base 19: ['816204080', '2188561219', '5144052185', '10824727791', '20422386360', '34814267664', '53696318072', '75019115153', '94861259751', '108165416812', '110483487495', '100113418845', '79276102290', '53513054595', '29619835245', '12716203500', '3912158250', '758107350', '68918850']
 Newton at base 20: ['3004765299', '7332613404', '15968779976', '31247114151', '55236654024', '88510585736', '128715433225', '169880374904', '203026676563', '218648904307', '210596906340', '179389521135', '132789156885', '83132889840', '42336038745', '16628361750', '4670265600', '827026200', '68918850']
 Newton at base 10: ['-750777068', '72392959', '27880298', '-9590370', '-3142950', '3025446', '3339515', '6813614', '18461613', '40186492', '73881540', '119776635', '175100310', '222161940', '248242995', '249999750', '190540350', '137837700', '68918850']
 (c=2d basis) p_d(k) = sum_j A_j C(k-j+2d, 2d);  A_j: ['83679347866965', '-1564127597442981', '13826578249219522', '-76812465162194502', '300562639745037926', '-879803775610209233', '1996952988147869181', '-3594393530259507083', '5202218265429935265', '-6101117423867354845', '5813743216049162358', '-4492212855175533007', '2794998936471452172', '-1382056492317865472', '531523355616865814', '-153539347047356670', '31403102801854352', '-4063558454897991', '250813702017079']
