rec table K=120: 0.00s
dp table K=60: 0.51s
rec vs dp mismatches (k<=60): [] 0
d=0 deg=0 lead=2 (2/(2^d d!)=2) threshold K_d=2
   coeffs: ['2']
   exceptions (k, D, p(k)) for d+1<=k<K_d: [(1, 1, '2')]
   p(k) at k=0..d: ['2']
d=1 deg=2 lead=1 (2/(2^d d!)=1) threshold K_d=4
   coeffs: ['-4', '-1', '1']
   exceptions (k, D, p(k)) for d+1<=k<K_d: [(2, 1, '-2'), (3, 4, '2')]
   p(k) at k=0..d: ['-4', '-4']
d=2 deg=4 lead=1/4 (2/(2^d d!)=1/4) threshold K_d=6
   coeffs: ['41', '-49/2', '43/4', '-5/2', '1/4']
   exceptions (k, D, p(k)) for d+1<=k<K_d: [(3, 1, '17'), (4, 7, '19'), (5, 25, '31')]
   p(k) at k=0..d: ['41', '25', '19']
d=3 deg=6 lead=1/24 (2/(2^d d!)=1/24) threshold K_d=8
   coeffs: ['462', '-2174/3', '1070/3', '-2225/24', '331/24', '-9/8', '1/24']
   exceptions (k, D, p(k)) for d+1<=k<K_d: [(4, 1, '-114'), (5, 12, '-78'), (6, 59, '-1'), (7, 199, '175')]
   p(k) at k=0..d: ['462', '14', '-115', '-131']
d=4 deg=8 lead=1/192 (2/(2^d d!)=1/192) threshold K_d=10
   coeffs: ['26117', '-178193/6', '243863/16', '-211411/48', '151217/192', '-90', '207/32', '-13/48', '1/192']
   exceptions (k, D, p(k)) for d+1<=k<K_d: [(5, 1, '1052'), (6, 19, '879'), (7, 124, '742'), (8, 557, '917'), (9, 1991, '2111')]
   p(k) at k=0..d: ['26117', '7959', '2552', '1357', '1166']
d=5 deg=10 lead=1/1920 (2/(2^d d!)=1/1920) threshold K_d=12
   coeffs: ['1399047', '-32896067/20', '102368971/120', '-24926441/96', '2467709/48', '-13308173/1920', '413691/640', '-7937/192', '335/192', '-17/384', '1/1920']
   exceptions (k, D, p(k)) for d+1<=k<K_d: [(6, 1, '-11679'), (7, 29, '-9843'), (8, 253, '-7247'), (9, 1416, '-3504'), (10, 6051, '3531'), (11, 21973, '21253')]
   p(k) at k=0..d: ['1399047', '392754', '81805', '3111', '-11556', '-12731']
d=6 deg=12 lead=1/23040 (2/(2^d d!)=1/23040) threshold K_d=14
   coeffs: ['97390015', '-13485785011/120', '84865774753/1440', '-53444873011/2880', '5632487441/1440', '-2234974693/3840', '482099717/7680', '-19019071/3840', '2183921/7680', '-26773/2304', '7421/23040', '-7/1280', '1/23040']
   exceptions (k, D, p(k)) for d+1<=k<K_d: [(7, 1, '152952'), (8, 44, '132404'), (9, 493, '105313'), (10, 3337, '77257'), (11, 17152, '61432'), (12, 73345, '93505'), (13, 272011, '277051')]
   p(k) at k=0..d: ['97390015', '28773310', '7316314', '1591147', '368200', '183056', '164631']
d=7 deg=14 lead=1/322560 (2/(2^d d!)=1/322560) threshold K_d=16
   coeffs: ['8014251424', '-1930263351019/210', '1630559699623/336', '-750836838997/480', '990909254189/2880', '-629708253271/11520', '8285664211/1280', '-20822005777/35840', '4274420413/107520', '-95237479/46080', '3709361/46080', '-35063/15360', '2059/46080', '-5/9216', '1/322560']
   exceptions (k, D, p(k)) for d+1<=k<K_d: [(8, 1, '-2306800'), (9, 66, '-2032244'), (10, 925, '-1658915'), (11, 7583, '-1225177'), (12, 45999, '-762081'), (13, 226599, '-216921'), (14, 963292, '781852'), (15, 3660023, '3619703')]
   p(k) at k=0..d: ['8014251424', '2406467524', '633246272', '139491456', '22815495', '736267', '-2278129', '-2459752']
d=8 deg=16 lead=1/5160960 (2/(2^d d!)=1/5160960) threshold K_d=18
   coeffs: ['767184600111', '-734875634257489/840', '3119903731286819/6720', '-306907682171351/2016', '247535896153713/7168', '-44148233481193/7680', '13394199305669/18432', '-45931721386139/645120', '28217971329841/5160960', '-11842682417/35840', '6742639541/430080', '-2221319/3840', '6006757/368640', '-3127/9216', '2123/430080', '-29/645120', '1/5160960']
   exceptions (k, D, p(k)) for d+1<=k<K_d: [(9, 1, '39381645'), (10, 98, '35185710'), (11, 1707, '29428317'), (12, 16694, '22727774'), (13, 117293, '15962213'), (14, 663192, '10339992'), (15, 3206662, '8095462'), (16, 13698377, '15512777'), (17, 53004793, '53367673')]
   p(k) at k=0..d: ['767184600111', '233813724807', '63902798061', '15273461327', '3090918293', '521890968', '94596652', '45237845', '41688445']
d=9 deg=18 lead=1/92897280 (2/(2^d d!)=1/92897280) threshold K_d=20
   coeffs: ['83679347866965', '-119720907257252383/1260', '25513711228152547/504', '-1525705461722383159/90720', '269912734999528183/69120', '-86850395065223533/129024', '518474696962411963/5806080', '-36094642837331293/3870720', '6017820953172619/7741440', '-4843727377889321/92897280', '87392165472187/30965760', '-952632192761/7741440', '99712119517/23224320', '-261763399/2211840', '7813517/3096576', '-8893/221184', '437/967680', '-11/3440640', '1/92897280']
   exceptions (k, D, p(k)) for d+1<=k<K_d: [(10, 1, '-750777068'), (11, 145, '-678384109'), (12, 3104, '-578110852'), (13, 35653, '-459547667'), (14, 289046, '-335427874'), (15, 1862423, '-218602297'), (16, 10124097, '-115674303'), (17, 48304848, '-10481712'), (18, 207808049, '187849649'), (19, 819832880, '816204080')]
   p(k) at k=0..d: ['83679347866965', '25780012029354', '7229992526233', '1810721873476', '394062735813', '71270619511', '9576368935', '260213138', '-741642133', '-790158713']
d=10 deg=20 lead=1/1857945600 (2/(2^d d!)=1/1857945600) threshold K_d=22
   coeffs: ['10248086164354969', '-8349648389762137711/720', '416490185640424146233/67200', '-3774591512816833931741/1814400', '14281421499782181842689/29030400', '-202359377097207182501/2322432', '199000297208244356291/16588800', '-152688288654450358093/116121600', '7735059639627201937/66355200', '-1568741375453557177/185794560', '933753761105387219/1857945600', '-22885875793751221/928972800', '1845378823829021/1857945600', '-434942196479/13271040', '162940232683/185794560', '-967773181/51609600', '32322547/103219200', '-81341/20643840', '2615/74317824', '-37/185794560', '1/1857945600']
   exceptions (k, D, p(k)) for d+1<=k<K_d: [(11, 1, '15809735762'), (12, 214, '14417923986'), (13, 5562, '12475684008'), (14, 74641, '10153878385'), (15, 693651, '7684780971'), (16, 5040264, '5326977864'), (17, 30636693, '3327507333'), (18, 162491931, '1925483931'), (19, 771800228, '1537477028'), (20, 3345683554, '3585184354'), (21, 13429874143, '13469790943')]
   p(k) at k=0..d: ['10248086164354969', '3184374797159934', '911221899562608', '236678041539953', '54738441787985', '10981916312036', '1846145493617', '254652310976', '37967110972', '17698900619', '16560512830']
d=11 deg=22 lead=1/40874803200 (2/(2^d d!)=1/40874803200) threshold K_d=24
   coeffs: ['1392505016597791249', '-5444814833519850890483/3465', '311181799787953194427277/369600', '-8078978674365198860639/28350', '992620895002303100637619/14515200', '-35932502328216161769673/2903040', '16982724621604075851397/9676800', '-3094112181606990288197/15482880', '1079142360742698159119/58060800', '-663403934885457749093/464486400', '1697543217460435061/18579456', '-199757386399752015041/40874803200', '1278350060401958341/5839257600', '-4355720244098699/530841600', '952582874349551/3715891200', '-12319198507423/1857945600', '260962759621/1857945600', '-1485068707/619315200', '59844683/1857945600', '-243827/743178240', '8861/3715891200', '-41/3715891200', '1/40874803200']
   exceptions (k, D, p(k)) for d+1<=k<K_d: [(12, 1, '-364456230075'), (13, 315, '-334944161685'), (14, 9873, '-293503685955'), (15, 153862, '-243496517402'), (16, 1624157, '-189521532883'), (17, 13244046, '-136727741874'), (18, 89631693, '-89866203507'), (19, 525031469, '-52162725331'), (20, 2738841153, '-23745955647'), (21, 12989842297, '2252223097'), (22, 56831544410, '53718034010'), (23, 231889298783, '231410297183')]
   p(k) at k=0..d: ['1392505016597791249', '435678972583536358', '126669484305239972', '33834797802601490', '8182126764593851', '1756644694489891', '325738058312535', '49935912916632', '5690647459504', '132436086059', '-360300963516', '-380265965837']
d=12 deg=24 lead=1/980995276800 (2/(2^d d!)=1/980995276800) threshold K_d=26
   coeffs: ['207909188081910500827', '-12977058227201033311643657/55440', '33445252563198016043518271/266112', '-34195116984077809158391831/798336', '2491606718906757477556599643/239500800', '-13353758104491780110885881/6967296', '387849153783133292349267223/1393459200', '-45544716165844431331540639/1393459200', '3521441437262844657008257/1114767360', '-118173162561752051116031/464486400', '25601423412348000446167/1486356480', '-241791548050803167998121/245248819200', '46964127371093629863953/980995276800', '-13452187545095711441/6812467200', '33908242791777990371/490497638400', '-45666856071944231/22295347200', '650934924091259/12740198400', '-247176467639/232243200', '14568262709/796262400', '-5689095449/22295347200', '50236633/17836277760', '-132073/5573836800', '70079/490497638400', '-1/1816657920', '1/980995276800']
   exceptions (k, D, p(k)) for d+1<=k<K_d: [(13, 1, '9129012460482'), (14, 463, '8444743420375'), (15, 17402, '7478842748510'), (16, 312540, '6303989207100'), (17, 3729501, '5020342245981'), (18, 33991482, '3741886715322'), (19, 254595867, '2578121003067'), (20, 1639383296, '1615375815296'), (21, 9357613281, '905010771681'), (22, 48343638823, '472818890023'), (23, 229524918833, '390828707633'), (24, 1013470879762, '1057060025362'), (25, 4199926422582, '4206153443382')]
   p(k) at k=0..d: ['207909188081910500827', '65418662188833625076', '19266985083008425558', '5262805884569984010', '1317979162663615280', '298168024653077763', '59754917094683550', '10328668887562281', '1485205811811543', '173136756596231', '21932759427124', '10040778384978', '9493468690557']
