low coefficients nu_j(q) = [x^{q+j}] Num_q : polynomial fit and threshold
 j=0 deg=0 threshold q>=2  coeffs=['2']
     exceptions: [(1, 1, '2')]
 j=1 deg=2 threshold q>=3  coeffs=['-4', '-1', '1']
     exceptions: [(1, 0, '-4'), (2, 0, '-2')]
 j=2 deg=4 threshold q>=4  coeffs=['19', '-1/2', '7/4', '-3/2', '1/4']
     exceptions: [(1, 0, '19'), (2, 1, '17'), (3, 7, '13')]
 j=3 deg=6 threshold q>=5  coeffs=['-131', '-59/6', '179/12', '-193/24', '85/24', '-5/8', '1/24']
     exceptions: [(1, 0, '-131'), (2, 0, '-116'), (3, 0, '-78'), (4, 15, '-9')]
 j=4 deg=8 threshold q>=6  coeffs=['1166', '27', '673/48', '-1059/16', '6481/192', '-61/6', '55/32', '-7/48', '1/192']
     exceptions: [(1, 0, '1166'), (2, 0, '1054'), (3, 2, '818'), (4, 29, '485'), (5, 81, '201')]
 j=5 deg=10 threshold q>=7  coeffs=['-12731', '-7117/12', '8343/10', '-45545/96', '10901/32', '-52193/384', '21171/640', '-323/64', '89/192', '-3/128', '1/1920']
     exceptions: [(1, 0, '-12731'), (2, 0, '-11696'), (3, 0, '-9558'), (4, 0, '-6504'), (5, 104, '-3016'), (6, 1004, '284')]
 j=6 deg=12 threshold q>=8  coeffs=['164631', '91333/24', '-760319/1440', '-17132927/2880', '2917723/720', '-471695/256', '4317001/7680', '-147311/1280', '122201/7680', '-3365/2304', '1961/23040', '-11/3840', '1/23040']
     exceptions: [(1, 0, '164631'), (2, 0, '153066'), (3, 0, '129450'), (4, 6, '96006'), (5, 146, '58226'), (6, 551, '25031'), (7, 3911, '8951')]
 j=7 deg=14 threshold q>=9  coeffs=['-2459752', '-10022107/120', '1133895653/10080', '-180626221/2880', '155420801/2880', '-10720273/384', '223865021/23040', '-36731701/15360', '15077929/35840', '-813293/15360', '24163/5120', '-13381/46080', '541/46080', '-13/46080', '1/322560']
     exceptions: [(1, 0, '-2459752'), (2, 0, '-2307852'), (3, 0, '-1999650'), (4, 0, '-1562016'), (5, 0, '-1057080'), (6, 770, '-574510'), (7, 10100, '-206620'), (8, 48537, '8217')]
 j=8 deg=16 threshold q>=10  coeffs=['41688445', '102132211/120', '-6172243351/20160', '-5358186131/5040', '90609742271/107520', '-10661457529/23040', '3307873397/18432', '-925233671/18432', '3567175487/344064', '-515392009/322560', '237353119/1290240', '-362129/23040', '120503/122880', '-1999/46080', '37/28672', '-1/43008', '1/5160960']
     exceptions: [(1, 0, '41688445'), (2, 0, '39393324'), (3, 0, '34754490'), (4, 0, '28142112'), (5, 24, '20383944'), (6, 874, '12666394'), (7, 4180, '6268900'), (8, 46145, '2183105'), (9, 456433, '819313')]

high coefficients a_{q,j} = sum_{i,r} lam_{i,r} q^r c(q,i)
 j=0 (I=1,R=0): a = 1*q^0*c(q,1)
 j=1 (I=1,R=0): a = 
 j=2 (I=2,R=1): a = -1*q^0*c(q,1) + 1*q^1*c(q,1) + 1*q^0*c(q,2)
 j=3 (I=2,R=1): a = 1*q^0*c(q,1) + -1*q^1*c(q,1) + -1*q^0*c(q,2) + 1*q^1*c(q,2)
 j=4 (I=3,R=1): a = -1*q^0*c(q,1) + 1*q^1*c(q,1) + -1*q^0*c(q,2) + 1*q^0*c(q,3)
 j=5 (I=3,R=2): a = 1*q^0*c(q,1) + -3/2*q^1*c(q,1) + 1/2*q^2*c(q,1) + 2*q^0*c(q,2) + -1*q^1*c(q,2) + -2*q^0*c(q,3) + 1*q^1*c(q,3)
 j=6 (I=4,R=2): a = -3/2*q^0*c(q,1) + 11/4*q^1*c(q,1) + -5/4*q^2*c(q,1) + -2*q^0*c(q,2) + 1/2*q^1*c(q,2) + 1/2*q^2*c(q,2) + -1*q^1*c(q,3) + 1*q^0*c(q,4)
 j=7 (I=4,R=2): a = 3/2*q^0*c(q,1) + -9/4*q^1*c(q,1) + 3/4*q^2*c(q,1) + 2*q^0*c(q,2) + -1*q^1*c(q,2) + 3*q^0*c(q,3) + -1*q^1*c(q,3) + -3*q^0*c(q,4) + 1*q^1*c(q,4)
 j=8 (I=5,R=3): a = -9/4*q^0*c(q,1) + 55/24*q^1*c(q,1) + -1/8*q^2*c(q,1) + 1/12*q^3*c(q,1) + -5/2*q^0*c(q,2) + 2*q^1*c(q,2) + -1*q^2*c(q,2) + -4*q^0*c(q,3) + 3/2*q^1*c(q,3) + 1/2*q^2*c(q,3) + 2*q^0*c(q,4) + -2*q^1*c(q,4) + 1*q^0*c(q,5)
