d=0  #patterns=2  check vs DP (k<=60): True
   beta values: [0, 2]  sigma range: 0 .. 2
   beta=0: M(sigma=0..2) = [1, 0, 0]
   beta=2: M(sigma=0..2) = [0, 0, 1]
d=1  #patterns=7  check vs DP (k<=60): True
   beta values: [0, 2, 3]  sigma range: 1 .. 4
   beta=0: M(sigma=0..4) = [0, 1, 1, 0, 0]
   beta=2: M(sigma=0..4) = [0, 0, 1, 1, 1]
   beta=3: M(sigma=0..4) = [0, 0, 0, 0, 2]
d=2  #patterns=51  check vs DP (k<=60): True
   beta values: [0, 2, 3, 4]  sigma range: 1 .. 6
   beta=0: M(sigma=0..6) = [0, 1, 4, 3, 3, 0, 0]
   beta=2: M(sigma=0..6) = [0, 0, 1, 4, 5, 3, 3]
   beta=3: M(sigma=0..6) = [0, 0, 0, 2, 6, 4, 6]
   beta=4: M(sigma=0..6) = [0, 0, 0, 0, 0, 0, 6]
d=3  #patterns=459  check vs DP (k<=60): True
   beta values: [0, 2, 3, 4, 5]  sigma range: 1 .. 8
   beta=0: M(sigma=0..8) = [0, 1, 8, 17, 24, 15, 15, 0, 0]
   beta=2: M(sigma=0..8) = [0, 0, 2, 9, 17, 26, 27, 15, 15]
   beta=3: M(sigma=0..8) = [0, 0, 0, 4, 14, 34, 42, 24, 30]
   beta=4: M(sigma=0..8) = [0, 0, 0, 0, 0, 12, 30, 18, 36]
   beta=5: M(sigma=0..8) = [0, 0, 0, 0, 0, 0, 0, 0, 24]
d=4  #patterns=4990  check vs DP (k<=60): True
   beta values: [0, 2, 3, 4, 5, 6]  sigma range: 1 .. 10
   beta=0: M(sigma=0..10) = [0, 1, 14, 53, 110, 155, 180, 105, 105, 0, 0]
   beta=2: M(sigma=0..10) = [0, 0, 3, 17, 54, 115, 161, 200, 195, 105, 105]
   beta=3: M(sigma=0..10) = [0, 0, 0, 6, 44, 132, 210, 310, 330, 180, 210]
   beta=4: M(sigma=0..10) = [0, 0, 0, 0, 6, 48, 114, 252, 324, 180, 270]
   beta=5: M(sigma=0..10) = [0, 0, 0, 0, 0, 0, 0, 72, 168, 96, 240]
   beta=6: M(sigma=0..10) = [0, 0, 0, 0, 0, 0, 0, 0, 0, 0, 120]
d=5  #patterns=63537  check vs DP (k<=60): True
   beta values: [0, 2, 3, 4, 5, 6, 7]  sigma range: 1 .. 12
   beta=0: M(sigma=0..12) = [0, 1, 23, 129, 394, 841, 1290, 1575, 1680, 945, 945, 0, 0]
   beta=2: M(sigma=0..12) = [0, 0, 4, 34, 146, 391, 802, 1341, 1665, 1890, 1785, 945, 945]
   beta=3: M(sigma=0..12) = [0, 0, 0, 14, 114, 394, 988, 1900, 2510, 3150, 3150, 1680, 1890]
   beta=4: M(sigma=0..12) = [0, 0, 0, 0, 18, 126, 546, 1422, 2124, 3180, 3510, 1890, 2520]
   beta=5: M(sigma=0..12) = [0, 0, 0, 0, 0, 0, 72, 432, 888, 1968, 2640, 1440, 2520]
   beta=6: M(sigma=0..12) = [0, 0, 0, 0, 0, 0, 0, 0, 0, 480, 1080, 600, 1800]
   beta=7: M(sigma=0..12) = [0, 0, 0, 0, 0, 0, 0, 0, 0, 0, 0, 0, 720]
d=6  #patterns=928393  check vs DP (k<=60): True
   beta values: [0, 2, 3, 4, 5, 6, 7, 8]  sigma range: 1 .. 14
   beta=0: M(sigma=0..14) = [0, 1, 36, 282, 1192, 3375, 7096, 12201, 16380, 18585, 18900, 10395, 10395, 0, 0]
   beta=2: M(sigma=0..14) = [0, 0, 6, 66, 347, 1221, 3269, 6701, 11446, 17031, 19845, 21420, 19845, 10395, 10395]
   beta=3: M(sigma=0..14) = [0, 0, 0, 28, 248, 1174, 3816, 8710, 16420, 26532, 32130, 37170, 35910, 18900, 20790]
   beta=4: M(sigma=0..14) = [0, 0, 0, 0, 36, 408, 2082, 5904, 13434, 25020, 32310, 41580, 42840, 22680, 28350]
   beta=5: M(sigma=0..14) = [0, 0, 0, 0, 0, 24, 360, 1656, 5928, 14688, 21360, 33000, 37800, 20160, 30240]
   beta=6: M(sigma=0..14) = [0, 0, 0, 0, 0, 0, 0, 0, 720, 3840, 7320, 16800, 23400, 12600, 25200]
   beta=7: M(sigma=0..14) = [0, 0, 0, 0, 0, 0, 0, 0, 0, 0, 0, 3600, 7920, 4320, 15120]
   beta=8: M(sigma=0..14) = [0, 0, 0, 0, 0, 0, 0, 0, 0, 0, 0, 0, 0, 0, 5040]
