## p_d(k) * 2^d d!  (integer coefficients, descending powers of k)
d=0 den=1 : [2]
d=1 den=2 : [2, -2, -8]
d=2 den=8 : [2, -20, 86, -196, 328]
d=3 den=48 : [2, -54, 662, -4450, 17120, -34784, 22176]
d=4 den=384 : [2, -104, 2484, -34560, 302434, -1691288, 5852712, -11404352, 10028928]
d=5 den=3840 : [2, -170, 6700, -158740, 2482146, -26616346, 197416720, -997057640, 3275807072, -6316044864, 5372340480]
d=6 den=46080 : [2, -252, 14842, -535460, 13103526, -228228852, 2892598302, -26819696316, 180239598112, -855117968176, 2715704792096, -5178541444224, 4487731891200]
d=7 den=645120 : [2, -350, 28826, -1472646, 51931054, -1333324706, 25646522478, -374796103986, 4175974762344, -35263662183176, 221963672938336, -1009124711611968, 3130674623276160, -5929769014330368, 5170153878650880]
d=8 den=10321920 : [2, -464, 50952, -3502240, 168189196, -5970905472, 161823348984, -3410692536096, 56435942659682, -734907542178224, 7500751611174640, -59335225798723392, 356451690461346720, -1571367332717317120, 4792172131256553984, -9030151793756024832, 7918818067577733120]
d=9 den=185794560 : [2, -594, 83904, -7470120, 468811020, -21988125516, 797696956136, -22863172626264, 524352992833122, -9687454755778642, 144427702876142856, -1732542856191902064, 16591190302797182816, -125064568893921887520, 725525431678731755904, -3124644785607440709632, 9405374507146154926080, -17653566100525407387648, 15547167618029700710400]
d=10 den=3715891200 : [2, -740, 130750, -14641380, 1163611692, -69679669032, 3258804653660, -121783815014120, 3690757647658042, -91543503175004884, 1867507522210774438, -31374827509071143540, 433163339819123308472, -4886025236942411458976, 44576066574646735809184, -323775003355531492001600, 1828021951972119275864192, -7730363418248875892205568, 23030241305172893590099968, -43092201353626802240962560, 38080773194968382983372800]
d=11 den=81749606400 : [2, -902, 194942, -26820970, 2633166052, -196029069324, 11482361423324, -542044734326612, 20956823235690122, -670780917591199646, 17896900845627416774, -399514772799504030082, 7469190156825914268400, -116759092539840563840368, 1519432443925719008039552, -16336912318884908721680160, 143470057603311232792601856, -1011859265562567115433991680, 5590440880652971062791070208, -23296413641740697591356850176, 68828435204298639356202835968, -128459298574640501265129799680, 113836737016894901715114393600]
d=12 den=1961990553600 : [2, -1080, 280316, -46489696, 5526029630, -500640399512, 35896199314976, -2088146798614272, 100243978310053886, -4018683334331092328, 135632971167111961484, -3874230012987564895008, 93928254742187259727906, -1934332384406425343984968, 33793878904299360588940440, -499163438660840663914114944, 6197736929582606596334532320, -64126960361508959314809219712, 546091608526651675627768249984, -3760418282224885279225464089600, 20411242241284157256143664275456, -84037919500069623787663763865600, 246585158097946332685651508428800, -459250823508037336320414500782080, 407915863023354105663218987827200]

## exceptions: k, D(k,d), p_d(k), e_d(k) for 0<=k<=2d+1
d=0 [(0, 1, 2, -1), (1, 1, 2, -1)]
d=1 [(0, 0, -4, 4), (1, 0, -4, 4), (2, 1, -2, 3), (3, 4, 2, 2)]
d=2 [(0, 0, 41, -41), (1, 0, 25, -25), (2, 0, 19, -19), (3, 1, 17, -16), (4, 7, 19, -12), (5, 25, 31, -6)]
d=3 [(0, 0, 462, -462), (1, 0, 14, -14), (2, 0, -115, 115), (3, 0, -131, 131), (4, 1, -114, 115), (5, 12, -78, 90), (6, 59, -1, 60), (7, 199, 175, 24)]
d=4 [(0, 0, 26117, -26117), (1, 0, 7959, -7959), (2, 0, 2552, -2552), (3, 0, 1357, -1357), (4, 0, 1166, -1166), (5, 1, 1052, -1051), (6, 19, 879, -860), (7, 124, 742, -618), (8, 557, 917, -360), (9, 1991, 2111, -120)]
d=5 [(0, 0, 1399047, -1399047), (1, 0, 392754, -392754), (2, 0, 81805, -81805), (3, 0, 3111, -3111), (4, 0, -11556, 11556), (5, 0, -12731, 12731), (6, 1, -11679, 11680), (7, 29, -9843, 9872), (8, 253, -7247, 7500), (9, 1416, -3504, 4920), (10, 6051, 3531, 2520), (11, 21973, 21253, 720)]

## Newton coefficients at base 2d+2 and 2d+1
d=0 base=2: [2]
d=0 base=1: [2]
d=1 base=4: [8, 8, 2]
d=1 base=3: [2, 6, 2]
d=2 base=6: [65, 74, 64, 30, 6]
d=2 base=5: [31, 34, 40, 24, 6]
d=3 base=8: [574, 872, 939, 802, 486, 180, 30]
d=3 base=7: [175, 399, 473, 466, 336, 150, 30]
d=4 base=10: [6012, 10337, 14196, 15341, 13531, 9400, 4710, 1470, 210]
d=4 base=9: [2111, 3901, 6436, 7760, 7581, 5950, 3450, 1260, 210]
d=5 base=12: [70674, 134661, 211267, 278625, 306255, 282432, 215295, 129150, 55860, 15120, 1890]
d=5 base=11: [21253, 49421, 85240, 126027, 152598, 153657, 128775, 86520, 42630, 13230, 1890]
d=6 base=14: [907706, 1877887, 3290933, 4942482, 6429208, 7211798, 6953843, 5703957, 3867255, 2051910, 782460, 187110, 20790]
d=6 base=13: [277051, 630655, 1247232, 2043701, 2898781, 3530427, 3681371, 3272472, 2431485, 1435770, 616140, 166320, 20790]
d=7 base=16: [12666680, 27913380, 53342078, 89184404, 131160787, 170487532, 195337614, 196202309, 171154550, 127238076, 77809725, 37013130, 12619530, 2702700, 270270]
d=7 base=15: [3619703, 9046977, 18866403, 34475675, 54708729, 76452058, 94035474, 101302140, 94900169, 76254381, 50983695, 26826030, 10187100, 2432430, 270270]
d=8 base=18: [189149481, 440567328, 903299712, 1645352531, 2677354053, 3902107033, 5102108829, 5971446706, 6222001787, 5722719291, 4581478440, 3116472975, 1733667705, 746485740, 229999770, 44594550, 4054050]
d=8 base=17: [53367673, 135781808, 304785520, 598514192, 1046838339, 1630515714, 2271591319, 2830517510, 3140929196, 3081072591, 2641646700, 1939831740, 1176641235, 557026470, 189459270, 40540500, 4054050]
d=9 base=20: [3004765299, 7332613404, 15968779976, 31247114151, 55236654024, 88510585736, 128715433225, 169880374904, 203026676563, 218648904307, 210596906340, 179389521135, 132789156885, 83132889840, 42336038745, 16628361750, 4670265600, 827026200, 68918850]
d=9 base=19: [816204080, 2188561219, 5144052185, 10824727791, 20422386360, 34814267664, 53696318072, 75019115153, 94861259751, 108165416812, 110483487495, 100113418845, 79276102290, 53513054595, 29619835245, 12716203500, 3912158250, 758107350, 68918850]
d=10 base=22: [50440976362, 128249220899, 294060711533, 611879620866, 1160574822299, 2013158011601, 3199866991631, 4662324073764, 6222320660336, 7588758140545, 8421427323712, 8447961019795, 7589726638065, 6024709432170, 4141861488765, 2396759359995, 1123349552325, 405127973250, 104480976600, 17022955950, 1309458150]
d=10 base=21: [13469790943, 36971185419, 91278035480, 202782676053, 409096944813, 751477877486, 1261680134115, 1938186857516, 2724137216248, 3498183444088, 4090574696457, 4330852627255, 4117108392540, 3472618245525, 2552091186645, 1589770302120, 806989057875, 316360494450, 88767478800, 15713497800, 1309458150]
d=11 base=24: [890228312216, 2347530652703, 5632095573881, 12359828285384, 24915168374005, 46270682135615, 79322782952672, 125656779971563, 183914928240055, 248420544027208, 308942583954358, 352381314085913, 366544546029717, 344986658200470, 290613155287455, 215772245443755, 138202426392030, 74192740942320, 32157225275175, 10710058208850, 2552133934350, 384980696100, 27498621150]
d=11 base=23: [231410297183, 658818015033, 1688712637670, 3943382936211, 8416445349173, 16498723024832, 29771959110783, 49550823841889, 76105956129674, 107808972110381, 140611571916827, 168331012037531, 184050302048382, 182494243981335, 162492414219135, 128120741068320, 87651504375435, 50550922016595, 23641818925725, 8515406349450, 2194651859400, 357482074950, 27498621150]
d=12 base=26: [16452220175136, 44825807325517, 111954833703015, 257515599113908, 547536344618392, 1079210593139619, 1975753011694624, 3363559299193761, 5327045067546402, 7845087848167887, 10728849256495759, 13594119150019119, 15902900431370774, 17091425645784360, 16762404783155031, 14867507392732995, 11780821784571840, 8201914319563965, 4907234252220300, 2452321665378585, 987229962093375, 305198029936800, 67564112165550, 9487024296750, 632468286450]
d=12 base=25: [4206153443382, 12246066731754, 32579740593763, 79375093109252, 178140506004656, 369395838613736, 709814754525883, 1265938257168741, 2097621042025020, 3229424025521382, 4615663822646505, 6113185433849254, 7480933716169865, 8421966715200909, 8669458930583451, 8092945852571580, 6774561540161415, 5006260244410425, 3195654075153540, 1711580177066760, 740741488311825, 246488473781550, 58709556155250, 8854556010300, 632468286450]

## pattern counts M(d; sigma, beta)
d=0 beta=0: [(0, 1)]
d=0 beta=2: [(2, 1)]
   total 2
d=1 beta=0: [(1, 1), (2, 1)]
d=1 beta=2: [(2, 1), (3, 1), (4, 1)]
d=1 beta=3: [(4, 2)]
   total 7
d=2 beta=0: [(1, 1), (2, 4), (3, 3), (4, 3)]
d=2 beta=2: [(2, 1), (3, 4), (4, 5), (5, 3), (6, 3)]
d=2 beta=3: [(3, 2), (4, 6), (5, 4), (6, 6)]
d=2 beta=4: [(6, 6)]
   total 51
d=3 beta=0: [(1, 1), (2, 8), (3, 17), (4, 24), (5, 15), (6, 15)]
d=3 beta=2: [(2, 2), (3, 9), (4, 17), (5, 26), (6, 27), (7, 15), (8, 15)]
d=3 beta=3: [(3, 4), (4, 14), (5, 34), (6, 42), (7, 24), (8, 30)]
d=3 beta=4: [(5, 12), (6, 30), (7, 18), (8, 36)]
d=3 beta=5: [(8, 24)]
   total 459
d=4 beta=0: [(1, 1), (2, 14), (3, 53), (4, 110), (5, 155), (6, 180), (7, 105), (8, 105)]
d=4 beta=2: [(2, 3), (3, 17), (4, 54), (5, 115), (6, 161), (7, 200), (8, 195), (9, 105), (10, 105)]
d=4 beta=3: [(3, 6), (4, 44), (5, 132), (6, 210), (7, 310), (8, 330), (9, 180), (10, 210)]
d=4 beta=4: [(4, 6), (5, 48), (6, 114), (7, 252), (8, 324), (9, 180), (10, 270)]
d=4 beta=5: [(7, 72), (8, 168), (9, 96), (10, 240)]
d=4 beta=6: [(10, 120)]
   total 4990
d=5 beta=0: [(1, 1), (2, 23), (3, 129), (4, 394), (5, 841), (6, 1290), (7, 1575), (8, 1680), (9, 945), (10, 945)]
d=5 beta=2: [(2, 4), (3, 34), (4, 146), (5, 391), (6, 802), (7, 1341), (8, 1665), (9, 1890), (10, 1785), (11, 945), (12, 945)]
d=5 beta=3: [(3, 14), (4, 114), (5, 394), (6, 988), (7, 1900), (8, 2510), (9, 3150), (10, 3150), (11, 1680), (12, 1890)]
d=5 beta=4: [(4, 18), (5, 126), (6, 546), (7, 1422), (8, 2124), (9, 3180), (10, 3510), (11, 1890), (12, 2520)]
d=5 beta=5: [(6, 72), (7, 432), (8, 888), (9, 1968), (10, 2640), (11, 1440), (12, 2520)]
d=5 beta=6: [(9, 480), (10, 1080), (11, 600), (12, 1800)]
d=5 beta=7: [(12, 720)]
   total 63537
d=6 beta=0: [(1, 1), (2, 36), (3, 282), (4, 1192), (5, 3375), (6, 7096), (7, 12201), (8, 16380), (9, 18585), (10, 18900), (11, 10395), (12, 10395)]
d=6 beta=2: [(2, 6), (3, 66), (4, 347), (5, 1221), (6, 3269), (7, 6701), (8, 11446), (9, 17031), (10, 19845), (11, 21420), (12, 19845), (13, 10395), (14, 10395)]
d=6 beta=3: [(3, 28), (4, 248), (5, 1174), (6, 3816), (7, 8710), (8, 16420), (9, 26532), (10, 32130), (11, 37170), (12, 35910), (13, 18900), (14, 20790)]
d=6 beta=4: [(4, 36), (5, 408), (6, 2082), (7, 5904), (8, 13434), (9, 25020), (10, 32310), (11, 41580), (12, 42840), (13, 22680), (14, 28350)]
d=6 beta=5: [(5, 24), (6, 360), (7, 1656), (8, 5928), (9, 14688), (10, 21360), (11, 33000), (12, 37800), (13, 20160), (14, 30240)]
d=6 beta=6: [(8, 720), (9, 3840), (10, 7320), (11, 16800), (12, 23400), (13, 12600), (14, 25200)]
d=6 beta=7: [(11, 3600), (12, 7920), (13, 4320), (14, 15120)]
d=6 beta=8: [(14, 5040)]
   total 928393

## Num_q coefficient lists (ascending from x^0)
1 [0, 1]
2 [0, 0, 2, 0, 1]
3 [0, 0, 0, 2, 2, 7, 0, 2]
4 [0, 0, 0, 0, 2, 8, 13, 15, 29, 0, 6]
5 [0, 0, 0, 0, 0, 2, 16, 29, 99, 81, 104, 146, 0, 24]
6 [0, 0, 0, 0, 0, 0, 2, 26, 79, 284, 341, 1004, 551, 770, 874, 0, 120]
7 [0, 0, 0, 0, 0, 0, 0, 2, 38, 187, 674, 1649, 3824, 3911, 10100, 4180, 6264, 6084, 0, 720]
8 [0, 0, 0, 0, 0, 0, 0, 0, 2, 52, 383, 1577, 5618, 12567, 28320, 48537, 46145, 106224, 35344, 56196, 48348, 0, 5040]
