(a) G_{-j} polynomial recursion vs U_k(-j) from DP polynomials, j<=21, k<=60: True
(a2) deg G_{-j}=3j-3 and top-6 coefficients closed forms, 2<=j<=21: True
   G_{-1} = [1]
   G_{-2} = [1, -1, 1, 1]
   G_{-3} = [1, -2, 4, 2, -3, 2, 2]
   G_{-4} = [1, -3, 9, 1, -11, 17, 6, -11, 6, 6]
   G_{-5} = [1, -4, 16, -4, -24, 64, -7, -61, 85, 24, -50, 24, 24]
(b) second-top coefficient of h_k closed form, 3<=k<=60: True ; k=2: h_2=[1, 1] pred=1
(c) h_k^{(d)}(1) = d! sum_e (-1)^e C(k-1-e,d-e) N(k,k-e), d<=3, 1<=k<=60: True
    h_k'(1) = -(k^2-3k-2) for 4<=k<=60: True
    h_k''(1) data k=1..12: [0, 0, -2, -6, -22, -38, -42, 14, 178, 510, 1082, 1978]
    h_k'''(1) data k=1..12: [0, 0, 0, 0, -12, 0, 102, 606, 1752, 3600, 5130, 3666]
(d) h_k(-1), k=0..20: [1, 1, 0, -2, -6, -10, -10, 10, 82, 238, 438, 266, -1518, -7506, -19818, -30038, 12050, 264238, 1028534, 2428682, 2537938]
    P-recursive guesses (order<=5, deg<=6) with nonzero nullspace: []
    log|h_k(-1)|/k at k=20,30,40,50,60: [0.7373, 0.8546, 0.9678, 1.0345, 1.0815]
    h_k(2), k<=12: [1, 1, 3, 1, -3, -19, -31, -17, 139, 481, 807, -589, -7029]
    h_k(1/2)*2^deg, k<=12: [Fraction(1, 1), Fraction(1, 1), Fraction(3, 1), Fraction(7, 1), Fraction(9, 1), Fraction(28, 1), Fraction(86, 1), Fraction(133, 1), Fraction(440, 1), Fraction(1498, 1), Fraction(2580, 1), Fraction(9154, 1), Fraction(33324, 1)]
   k=1: mu(0,1)=-1  U_k(-2)=-1
   k=2: mu(0,1)=1  U_k(-2)=1
   k=3: mu(0,1)=1  U_k(-2)=1
   k=4: mu(0,1)=0  U_k(-2)=0
   k=5: mu(0,1)=0  U_k(-2)=0
   k=6: mu(0,1)=0  U_k(-2)=0
   k=7: mu(0,1)=0  U_k(-2)=0
   k=8: mu(0,1)=0  U_k(-2)=0
   k=9: mu(0,1)=0  U_k(-2)=0
   k=10: mu(0,1)=0  U_k(-2)=0
(e) Moebius mu_{P_k}(0^,1^) == U_k(-2), k<=10: True
(f) N(k,.) row polynomial real-rooted (distinct real roots + extra multiplicity of -1 = k-1), 2<=k<=60: True ; log-concave: True
    multiplicity of z=-1 in sum_q N(k,q) z^(q-1) equals ceil(k/3)-1, 1<=k<=60: True
(g) PDE for H(z,t) coefficientwise, k<=60: True
(h) [t^2]h_k > 0 for 8<=k<=60 ; nonpositive at k in [3, 4, 5, 6, 7]
(h) [t^3]h_k > 0 for 16<=k<=60 ; nonpositive at k in [10, 11, 12, 13, 14, 15]
(h) [t^4]h_k > 0 for 24<=k<=60 ; nonpositive at k in [18, 19, 20, 21, 22, 23]
(h) [t^5]h_k > 0 for 33<=k<=60 ; nonpositive at k in [27, 28, 29, 30, 31, 32]
(h) [t^6]h_k > 0 for 41<=k<=60 ; nonpositive at k in [35, 36, 37, 38, 39, 40]
(h) [t^7]h_k > 0 for 50<=k<=60 ; nonpositive at k in [44, 45, 46, 47, 48, 49]
(h) [t^8]h_k > 0 for 59<=k<=60 ; nonpositive at k in [53, 54, 55, 56, 57, 58]
elapsed 5.5s
