m=0 rho=1  c=1
m=1 rho=1.46557123187676802665673122521993910802  c=2.20960813177848081994505234781051199432
m=2 rho=1.69562076955986205741636710011753534261  c=7.84111922937324985940091456827357577144
m=3 rho=1.86370652781918909324146791527035900423  c=28.9768573169912284737836260898942853062
m=4 rho=2.00000000000000000000000000000000000000  c=107.5
m=5 rho=2.11634329862421165983836641876469218893  c=397.012371323434322828387413169032787513
m=6 rho=2.21877658530166566312987374149313227911  c=1456.31682906564593591796901793476831803
m=7 rho=2.31085216345886473444017266115840898228  c=5303.63000356539763596043480665002073064
m=8 rho=2.39485867386606594311860057558944347428  c=19179.3074772177997083232848564596781163
m=9 rho=2.47236786332739889893683693961084768792  c=68897.3160463281835975855184956508967962

--- m=1  rho=1.465571231877  c_m=2.209608131778  theta=rho_{m-1}/rho_m=0.682327803828  kappa=c_{m-1}rho_{m-1}^3/c_m=0.452569
  k= 10  e_k=-1.004506e-02  e_{k+1}/e_k=0.702190382  (theory 0.682327804)  two-term ratio=1.014699138
  k= 20  e_k=-2.164547e-04  e_{k+1}/e_k=0.687622757  (theory 0.682327804)  two-term ratio=0.999587872
  k= 30  e_k=-4.734633e-06  e_{k+1}/e_k=0.683389946  (theory 0.682327804)  two-term ratio=0.999561472
  k= 40  e_k=-1.035994e-07  e_{k+1}/e_k=0.682513445  (theory 0.682327804)  two-term ratio=0.999884523
  k= 50  e_k=-2.266356e-09  e_{k+1}/e_k=0.682357276  (theory 0.682327804)  two-term ratio=0.999976810
  k= 59  e_k=-7.265668e-11  e_{k+1}/e_k=0.682325400  (theory 0.682327804)  two-term ratio=0.999999465
  k= 60  e_k=-4.957550e-11  e_{k+1}/e_k=0.682332110  (theory 0.682327804)  two-term ratio=0.999995943
  k=100  e_k=-1.134989e-17  e_{k+1}/e_k=0.682327804  (theory 0.682327804)  two-term ratio=0.999999998
  k=200  e_k=-2.846416e-34  e_{k+1}/e_k=0.682327804  (theory 0.682327804)  two-term ratio=1.000000000
  k=300  e_k=-7.138472e-51  e_{k+1}/e_k=0.682327804  (theory 0.682327804)  two-term ratio=1.000000000
  k=399  e_k=-2.623730e-67  e_{k+1}/e_k=0.682327804  (theory 0.682327804)  two-term ratio=1.000000000
--- m=2  rho=1.695620769560  c_m=7.841119229373  theta=rho_{m-1}/rho_m=0.864327247099  kappa=c_{m-1}rho_{m-1}^3/c_m=0.887070
  k= 10  e_k=-2.067577e-01  e_{k+1}/e_k=0.864924053  (theory 0.864327247)  two-term ratio=1.001662991
  k= 20  e_k=-4.803871e-02  e_{k+1}/e_k=0.864299790  (theory 0.864327247)  two-term ratio=1.000159459
  k= 30  e_k=-1.117657e-02  e_{k+1}/e_k=0.864323175  (theory 0.864327247)  two-term ratio=1.000010507
  k= 40  e_k=-2.600677e-03  e_{k+1}/e_k=0.864326919  (theory 0.864327247)  two-term ratio=1.000000617
  k= 50  e_k=-6.051572e-04  e_{k+1}/e_k=0.864327225  (theory 0.864327247)  two-term ratio=1.000000034
  k= 59  e_k=-1.629191e-04  e_{k+1}/e_k=0.864327251  (theory 0.864327247)  two-term ratio=0.999999998
  k= 60  e_k=-1.408154e-04  e_{k+1}/e_k=0.864327246  (theory 0.864327247)  two-term ratio=1.000000002
  k=100  e_k=-4.128368e-07  e_{k+1}/e_k=0.864327247  (theory 0.864327247)  two-term ratio=1.000000000
  k=200  e_k=-1.921316e-13  e_{k+1}/e_k=0.864327247  (theory 0.864327247)  two-term ratio=1.000000000
  k=300  e_k=-8.941681e-20  e_{k+1}/e_k=0.864327247  (theory 0.864327247)  two-term ratio=1.000000000
  k=399  e_k=-4.814613e-26  e_{k+1}/e_k=0.864327247  (theory 0.864327247)  two-term ratio=1.000000000
--- m=3  rho=1.863706527819  c_m=28.976857316991  theta=rho_{m-1}/rho_m=0.909811037441  kappa=c_{m-1}rho_{m-1}^3/c_m=1.319207
  k= 10  e_k=-4.792359e-01  e_{k+1}/e_k=0.918469020  (theory 0.909811037)  two-term ratio=0.934812132
  k= 20  e_k=-1.961565e-01  e_{k+1}/e_k=0.911687362  (theory 0.909811037)  two-term ratio=0.984613427
  k= 30  e_k=-7.714054e-02  e_{k+1}/e_k=0.910250946  (theory 0.909811037)  two-term ratio=0.996399945
  k= 40  e_k=-3.006052e-02  e_{k+1}/e_k=0.909914226  (theory 0.909811037)  two-term ratio=0.999160864
  k= 50  e_k=-1.168929e-02  e_{k+1}/e_k=0.909835124  (theory 0.909811037)  two-term ratio=0.999804650
  k= 59  e_k=-4.993568e-03  e_{k+1}/e_k=0.909817531  (theory 0.909811037)  two-term ratio=0.999947402
  k= 60  e_k=-4.543236e-03  e_{k+1}/e_k=0.909816647  (theory 0.909811037)  two-term ratio=0.999954539
  k=100  e_k=-1.036175e-04  e_{k+1}/e_k=0.909811054  (theory 0.909811037)  two-term ratio=0.999999867
  k=200  e_k=-8.138665e-09  e_{k+1}/e_k=0.909811037  (theory 0.909811037)  two-term ratio=1.000000000
  k=300  e_k=-6.392538e-13  e_{k+1}/e_k=0.909811037  (theory 0.909811037)  two-term ratio=1.000000000
  k=399  e_k=-5.518769e-17  e_{k+1}/e_k=0.909811037  (theory 0.909811037)  two-term ratio=1.000000000
--- m=4  rho=2.000000000000  c_m=107.500000000000  theta=rho_{m-1}/rho_m=0.931853263910  kappa=c_{m-1}rho_{m-1}^3/c_m=1.744920
  k= 10  e_k=-7.004815e-01  e_{k+1}/e_k=0.950394896  (theory 0.931853264)  two-term ratio=0.813103716
  k= 20  e_k=-3.936666e-01  e_{k+1}/e_k=0.938504571  (theory 0.931853264)  two-term ratio=0.925555780
  k= 30  e_k=-2.038803e-01  e_{k+1}/e_k=0.934361085  (theory 0.931853264)  two-term ratio=0.970898954
  k= 40  e_k=-1.025016e-01  e_{k+1}/e_k=0.932814932  (theory 0.931853264)  two-term ratio=0.988675658
  k= 50  e_k=-5.096076e-02  e_{k+1}/e_k=0.932224789  (theory 0.931853264)  two-term ratio=0.995597917
  k= 59  e_k=-2.706838e-02  e_{k+1}/e_k=0.932011589  (theory 0.931853264)  two-term ratio=0.998119613
  k= 60  e_k=-2.522805e-02  e_{k+1}/e_k=0.931997286  (theory 0.931853264)  two-term ratio=0.998289197
  k=100  e_k=-1.501452e-03  e_{k+1}/e_k=0.931856543  (theory 0.931853264)  two-term ratio=0.999960983
  k=200  e_k=-1.292057e-06  e_{k+1}/e_k=0.931853264  (theory 0.931853264)  two-term ratio=0.999999997
  k=300  e_k=-1.111820e-09  e_{k+1}/e_k=0.931853264  (theory 0.931853264)  two-term ratio=1.000000000
  k=399  e_k=-1.026692e-12  e_{k+1}/e_k=0.931853264  (theory 0.931853264)  two-term ratio=1.000000000
--- m=5  rho=2.116343298624  c_m=397.012371323434  theta=rho_{m-1}/rho_m=0.945026263603  kappa=c_{m-1}rho_{m-1}^3/c_m=2.166179
  k= 10  e_k=-8.429984e-01  e_{k+1}/e_k=0.970875798  (theory 0.945026264)  two-term ratio=0.685004731
  k= 20  e_k=-5.833852e-01  e_{k+1}/e_k=0.957161684  (theory 0.945026264)  two-term ratio=0.834417567
  k= 30  e_k=-3.639504e-01  e_{k+1}/e_k=0.950797627  (theory 0.945026264)  two-term ratio=0.916286741
  k= 40  e_k=-2.162459e-01  e_{k+1}/e_k=0.947808923  (theory 0.945026264)  two-term ratio=0.958292947
  k= 50  e_k=-1.255510e-01  e_{k+1}/e_k=0.946381339  (theory 0.945026264)  two-term ratio=0.979336527
  k= 59  e_k=-7.622480e-02  e_{k+1}/e_k=0.945739199  (theory 0.945026264)  two-term ratio=0.989038196
  k= 60  e_k=-7.208878e-02  e_{k+1}/e_k=0.945690241  (theory 0.945026264)  two-term ratio=0.989784335
  k=100  e_k=-7.582603e-03  e_{k+1}/e_k=0.945065408  (theory 0.945026264)  two-term ratio=0.999392519
  k=200  e_k=-2.657479e-05  e_{k+1}/e_k=0.945026297  (theory 0.945026264)  two-term ratio=0.999999477
  k=300  e_k=-9.308033e-08  e_{k+1}/e_k=0.945026264  (theory 0.945026264)  two-term ratio=1.000000000
  k=399  e_k=-3.449863e-10  e_{k+1}/e_k=0.945026264  (theory 0.945026264)  two-term ratio=1.000000000
--- m=6  rho=2.218776585302  c_m=1456.316829065646  theta=rho_{m-1}/rho_m=0.953833438050  kappa=c_{m-1}rho_{m-1}^3/c_m=2.584083
  k= 10  e_k=-9.231436e-01  e_{k+1}/e_k=0.983716098  (theory 0.953833438)  two-term ratio=0.573109111
  k= 20  e_k=-7.347600e-01  e_{k+1}/e_k=0.970841480  (theory 0.953833438)  two-term ratio=0.731792760
  k= 30  e_k=-5.257332e-01  e_{k+1}/e_k=0.963265768  (theory 0.953833438)  two-term ratio=0.840006366
  k= 40  e_k=-3.538170e-01  e_{k+1}/e_k=0.959069651  (theory 0.953833438)  two-term ratio=0.906922954
  k= 50  e_k=-2.301741e-01  e_{k+1}/e_k=0.956757919  (theory 0.953833438)  two-term ratio=0.946504536
  k= 59  e_k=-1.537849e-01  e_{k+1}/e_k=0.955573128  (theory 0.953833438)  two-term ratio=0.967669827
  k= 60  e_k=-1.469527e-01  e_{k+1}/e_k=0.955475952  (theory 0.953833438)  two-term ratio=0.969434753
  k=100  e_k=-2.281227e-02  e_{k+1}/e_k=0.954001742  (theory 0.953833438)  two-term ratio=0.996799325
  k=200  e_k=-2.026797e-04  e_{k+1}/e_k=0.953834026  (theory 0.953833438)  two-term ratio=0.999988786
  k=300  e_k=-1.795021e-06  e_{k+1}/e_k=0.953833440  (theory 0.953833438)  two-term ratio=0.999999961
  k=399  e_k=-1.666676e-08  e_{k+1}/e_k=0.953833438  (theory 0.953833438)  two-term ratio=1.000000000
--- m=7  rho=2.310852163459  c_m=5303.630003565398  theta=rho_{m-1}/rho_m=0.960155141202  kappa=c_{m-1}rho_{m-1}^3/c_m=2.999324
  k= 10  e_k=-9.642962e-01  e_{k+1}/e_k=0.991353999  (theory 0.960155141)  two-term ratio=0.482806325
  k= 20  e_k=-8.414260e-01  e_{k+1}/e_k=0.980815980  (theory 0.960155141)  two-term ratio=0.632651214
  k= 30  e_k=-6.672017e-01  e_{k+1}/e_k=0.973057148  (theory 0.960155141)  two-term ratio=0.753340681
  k= 40  e_k=-4.952085e-01  e_{k+1}/e_k=0.968091259  (theory 0.960155141)  two-term ratio=0.839669218
  k= 50  e_k=-3.525432e-01  e_{k+1}/e_k=0.965030521  (theory 0.960155141)  two-term ratio=0.897673339
  k= 59  e_k=-2.539351e-01  e_{k+1}/e_k=0.963306338  (theory 0.960155141)  two-term ratio=0.932300956
  k= 60  e_k=-2.446173e-01  e_{k+1}/e_k=0.963157641  (theory 0.960155141)  two-term ratio=0.935360737
  k=100  e_k=-5.091413e-02  e_{k+1}/e_k=0.960598005  (theory 0.960155141)  two-term ratio=0.990087903
  k=200  e_k=-8.815918e-04  e_{k+1}/e_k=0.960159040  (theory 0.960155141)  two-term ratio=0.999912057
  k=300  e_k=-1.511634e-05  e_{k+1}/e_k=0.960155176  (theory 0.960155141)  two-term ratio=0.999999221
  k=399  e_k=-2.699272e-07  e_{k+1}/e_k=0.960155142  (theory 0.960155141)  two-term ratio=0.999999993
--- m=8  rho=2.394858673866  c_m=19179.307477217801  theta=rho_{m-1}/rho_m=0.964922142871  kappa=c_{m-1}rho_{m-1}^3/c_m=3.412375
  k= 10  e_k=-9.840845e-01  e_{k+1}/e_k=0.995630758  (theory 0.964922143)  two-term ratio=0.412147716
  k= 20  e_k=-9.100469e-01  e_{k+1}/e_k=0.987864079  (theory 0.964922143)  two-term ratio=0.544705203
  k= 30  e_k=-7.785688e-01  e_{k+1}/e_k=0.980736660  (theory 0.964922143)  two-term ratio=0.665996664
  k= 40  e_k=-6.246844e-01  e_{k+1}/e_k=0.975489732  (theory 0.964922143)  two-term ratio=0.763682772
  k= 50  e_k=-4.788328e-01  e_{k+1}/e_k=0.971911565  (theory 0.964922143)  two-term ratio=0.836591585
  k= 59  e_k=-3.669898e-01  e_{k+1}/e_k=0.969730252  (theory 0.964922143)  two-term ratio=0.884205254
  k= 60  e_k=-3.558811e-01  e_{k+1}/e_k=0.969534504  (theory 0.964922143)  two-term ratio=0.888611159
  k=100  e_k=-9.383041e-02  e_{k+1}/e_k=0.965806588  (theory 0.964922143)  two-term ratio=0.977371305
  k=200  e_k=-2.699864e-03  e_{k+1}/e_k=0.964937150  (theory 0.964922143)  two-term ratio=0.999609808
  k=300  e_k=-7.598636e-05  e_{k+1}/e_k=0.964922400  (theory 0.964922143)  two-term ratio=0.999993310
  k=399  e_k=-2.215509e-06  e_{k+1}/e_k=0.964922147  (theory 0.964922143)  two-term ratio=0.999999881

m=1: U41/U40=1.465571280 rel.err=3.289e-08 ; U40^(1/40)=1.494909 rel.err=2.002e-02 ; U40/(c rho^40)-1=-1.036e-07
m=2: U41/U40=1.696220616 rel.err=3.538e-04 ; U40^(1/40)=1.785089 rel.err=5.276e-02 ; U40/(c rho^40)-1=-2.601e-03
m=3: U41/U40=1.868909908 rel.err=2.792e-03 ; U40^(1/40)=2.025804 rel.err=8.698e-02 ; U40/(c rho^40)-1=-3.006e-02
c_4 exact = 215/2
c_18 exact = 37105325714711350249401/6830759936000  ~ 5.432093363310280e+09
elapsed 0.0s
