PASS c5a-anchor fast height DP == reference U_list (m<=8,k<=30) == multichain (k<=8,m<=5); a_direct(n,k)==U_k(ceil n/2)U_k(floor n/2) (k<=5,n<=10); N incl-excl == DFS N_brute (k<=7)
PASS c5a-lemma1-Gm U_k(m)=sum_q N(k,q)C(m+1,q) (k,m<=60); Lemma1 holds as polynomial identity for m in [-25,60], k<=60; U_k(-1)=0; (1-x-m x^3)G_m = G_{m-1}+m x^2 for all integers m in [-20,20] (coeffs k<=57)
PASS c5a-WP G_m = W_m/P_m, W_m = 1 + x^2 sum_{j=1}^m j P_{j-1}, deg W_m = 3m < deg P_m = 3m+1 (m<=20, k<=60 vs DP); P_m squarefree (exact gcd, m<=8)
PASS c5a-roots y^3-y^2-j has exactly one real root rho_j, rho_j>1 (Sturm exact, j<=30); [numeric] rho_j increasing and |complex root|^2 = j/rho_j < rho_{j-1}^2 < rho_j^2 (j<=30); general proof in notes
PASS c5a-binet exact spectral (Binet) formula U_k(m) = (-1)^m/m! + sum_{j=1}^m (-1)^{m-j}/(m-j)! * sum_{f_j(s)=0} gamma_j(s) s^{k+3(m-j)} via Lagrange functional [y^2](. mod f_j) (m<=20,k<=60); equivalent c_j(n)-form (m<=12,k<=60)
PASS c5a-filter rho_m-component: [x^k] P_{m-1}(x)G_m(x) == m! [y^2](gt_m(y) y^{k-3m} mod f_m) exactly, 1<=m<=20, 3m<=k<=3m+60 (DP data)
PASS c5a-cm-form algebraic identity gt_j(y) == y^2 (y^{3j+1}/j! - e_{j-1}(y^3)) mod y^3-y^2-j (j<=20), hence c_m = rho(rho^{3m+1}/m! - e_{m-1}(rho^3))/(3rho-2), gamma_j(s) same with s
PASS c5a-cm-repr c_m in Q(rho_m): exact r_m(y) = gt_m(y)/f_m'(y) mod f_m, e.g. c_1 = (10+15rho+17rho^2)/31; [numeric] r_m(rho_m) == closed form to 1e-70 (m<=8)
PASS c5a-c4 rho_4=2, c_4 = 215/2 exactly: closed form == Q(rho) representation == DP filter [x^k](P_4/(1-2x) * G_4)/2^k == W_4(1/2) = 645/512 for 12<=k<=72, c_4 = W_4(1/2)/Q(1/2)
PASS c5a-c18 rho_18=3, c_18 = 37105325714711350249401/6830759936000 (~5.4320933633e9) exactly: closed form == Q(rho) representation == DP filter (54<=k<=114)
PASS c5a-asym-m1 [numeric, decimal 90 digits] m=1 rho=1.465571231877 c_m=2.2096081318 theta=rho_{m-1}/rho_m=0.682327804 kappa=0.452569: e_k=U_k/(c rho^k)-1 <0 for k<=400; e_20=-2.165e-04 e_40=-1.036e-07 e_60=-4.958e-11; rate e61/e60=0.682332 (tol 6e-3); rate e401/e400=0.682327804 (tol 1e-6); two-term ratio k=60: 0.999996, k=400: 1.000000000 (tol 1e-5)
PASS c5a-asym-m2 [numeric, decimal 90 digits] m=2 rho=1.695620769560 c_m=7.8411192294 theta=rho_{m-1}/rho_m=0.864327247 kappa=0.887070: e_k=U_k/(c rho^k)-1 <0 for k<=400; e_20=-4.804e-02 e_40=-2.601e-03 e_60=-1.408e-04; rate e61/e60=0.864327 (tol 6e-3); rate e401/e400=0.864327247 (tol 1e-6); two-term ratio k=60: 1.000000, k=400: 1.000000000 (tol 1e-5)
PASS c5a-asym-m3 [numeric, decimal 90 digits] m=3 rho=1.863706527819 c_m=28.9768573170 theta=rho_{m-1}/rho_m=0.909811037 kappa=1.319207: e_k=U_k/(c rho^k)-1 <0 for k<=400; e_20=-1.962e-01 e_40=-3.006e-02 e_60=-4.543e-03; rate e61/e60=0.909817 (tol 6e-3); rate e401/e400=0.909811037 (tol 1e-6); two-term ratio k=60: 0.999955, k=400: 1.000000000 (tol 1e-5)
PASS c5a-asym-m4 [numeric, decimal 90 digits] m=4 rho=2.000000000000 c_m=107.5000000000 theta=rho_{m-1}/rho_m=0.931853264 kappa=1.744920: e_k=U_k/(c rho^k)-1 <0 for k<=400; e_20=-3.937e-01 e_40=-1.025e-01 e_60=-2.523e-02; rate e61/e60=0.931997 (tol 6e-3); rate e401/e400=0.931853264 (tol 1e-6); two-term ratio k=60: 0.998289, k=400: 1.000000000 (tol 1e-5)
PASS c5a-asym-m5 [numeric, decimal 90 digits] m=5 rho=2.116343298624 c_m=397.0123713234 theta=rho_{m-1}/rho_m=0.945026264 kappa=2.166179: e_k=U_k/(c rho^k)-1 <0 for k<=400; e_20=-5.834e-01 e_40=-2.162e-01 e_60=-7.209e-02; rate e61/e60=0.945690 (tol 6e-3); rate e401/e400=0.945026264 (tol 1e-6); two-term ratio k=60: 0.989784, k=400: 1.000000000 (tol 1e-5)
PASS c5a-asym-m6 [numeric, decimal 90 digits] m=6 rho=2.218776585302 c_m=1456.3168290656 theta=rho_{m-1}/rho_m=0.953833438 kappa=2.584083: e_k=U_k/(c rho^k)-1 <0 for k<=400; e_20=-7.348e-01 e_40=-3.538e-01 e_60=-1.470e-01; rate e61/e60=0.955476 (tol 6e-3); rate e401/e400=0.953833438 (tol 1e-6); two-term ratio k=60: 0.969435, k=400: 1.000000000 (tol 1e-5)
PASS c5a-asym-m7 [numeric, decimal 90 digits] m=7 rho=2.310852163459 c_m=5303.6300035654 theta=rho_{m-1}/rho_m=0.960155141 kappa=2.999324: e_k=U_k/(c rho^k)-1 <0 for k<=400; e_20=-8.414e-01 e_40=-4.952e-01 e_60=-2.446e-01; rate e61/e60=0.963158 (tol 6e-3); rate e401/e400=0.960155142 (tol 1e-6); two-term ratio k=60: 0.935361, k=400: 0.999999993 (tol 1e-5)
PASS c5a-asym-m8 [numeric, decimal 90 digits] m=8 rho=2.394858673866 c_m=19179.3074772178 theta=rho_{m-1}/rho_m=0.964922143 kappa=3.412375: e_k=U_k/(c rho^k)-1 <0 for k<=400; e_20=-9.100e-01 e_40=-6.247e-01 e_60=-3.559e-01; rate e61/e60=0.969535 (tol 6e-3); rate e401/e400=0.964922147 (tol 1e-6); two-term ratio k=60: 0.888611, k=400: 0.999999885 (tol 1e-5)
PASS c5a-asym-m18 [numeric] m=18: theta=rho_17/3=0.9838299735, e_60=-9.768e-01, e_500=-2.153e-03, e_1999=-5.255e-14, rate=0.9838299735 (tol 1e-8), two-term ratio=1.0000000000 (tol 1e-8)
PASS c5a-prompt-k40 [numeric] prompt claim "<0.4% at k=40" matches the successive ratio U_{k+1}/U_k (within 10%% of theory), not U_k^(1/k): m=2: U41/U40 rel.err=3.538e-04 (theory kappa(1-theta)theta^40=3.528e-04), U40^(1/40) rel.err=5.276e-02, U40/(c rho^40)-1=-2.601e-03; m=3: U41/U40 rel.err=2.792e-03 (theory kappa(1-theta)theta^40=2.713e-03), U40^(1/40) rel.err=8.698e-02, U40/(c rho^40)-1=-3.006e-02
PASS c5a-Ntri N triangle recurrence (first occurrence of the maximum) vs N from DP, 3<=k<=60
PASS c5a-D0123 N(k,k)=2 (k>=2); N(k,k-1)=k^2-k-4 (k>=4); N(k,k-2)=(k^4-10k^3+43k^2-98k+164)/4 (k>=6); N(k,k-3)=(k^6-27k^5+331k^4-2225k^3+8560k^2-17392k+11088)/24 (k>=8): symbolic step identities exact, base values, data k<=60; defect p_d(2d+1)-N(2d+1,d+1) = (-1)^d (d+1)! (d<=3)
PASS c5a-Dgen for d<=11: N(k,k-d) equals a degree-2d polynomial with lc 2/(2^d d!) exactly for 2d+2<=k<=60, and p_d(2d+1)-N(2d+1,d+1) = (-1)^d (d+1)! (threshold 2d+2 sharp)
PASS c5a-mcoef [m^k]U_k=2/k! (k>=2); [m^{k-1}]U_k=(k^2-2k-1)/(k-1)! (k>=4; k=3 gives 2); [m^{k-2}]U_k=(3k^4-36k^3+162k^2-313k+422)/(12 (k-2)!) (k>=6); [m^{k-3}]U_k=(k^6-30k^5+379k^4-2533k^3+9570k^2-19331k+13380)/(24 (k-3)!) (k>=8); coefficients from forward differences of DP (k<=60); identity B_d(k)=sum_e (-1)^{d-e}N(k,k-e) et_{d-e}(k-e) (k<=60); defect at k=2d+1 equals (-1)^{d+1}(d+1)!
PASS c5a-mcoef-gen for d<=11: (k-d)! [m^{k-d}]U_k(m) is a degree-2d polynomial in k with lc 1/(2^(d-1) d!) exactly for 2d+2<=k<=60, failing at k=2d+1 by (-1)^(d+1)(d+1)!
PASS c5a-h-def h_k from DP: sum_m U_k(m)t^m=h_k/(1-t)^{k+1}, deg<=k (k<=60); h_k=sum_q N(k,q)t^{q-1}(1-t)^{k-q}; recurrence h_k=h_{k-1}+t(1-t)[(1-t)h'_{k-3}+(k-2)h_{k-3}] (3<=k<=60) needs h_0=1,h_1=1,h_2=1+t; inverse U_k(m)=sum_i h_{k,i} C(m-i+k,k) (k,m<=60)
PASS c5a-h-01 h_k(0)=1 (k<=60), h_k(1)=N(k,k)=2 (2<=k<=60)
PASS c5a-Gneg G_{-j}(x):=sum_k U_k(-j)x^k is a polynomial: G_{-1}=1, G_{-j-1}=(1-x+jx^3)G_{-j}+jx^2 (j<=21,k<=60 vs DP polynomials); deg=3j-3, top coefficients (j-1)!,(j-1)!,-c(j,2),(j-1)!,c(j,2)+c(j,3),(j-1)!-c(j,2)-c(j,3) (c = unsigned Stirling 1st kind; 2<=j<=21)
PASS c5a-h-deg-lead reciprocity U_k(-j)=(-1)^k sum_{i>k-j} h_{k,i}C(i+j-1,k) (k<=60,j<=25); U_k(-j)=0 exactly for 1<=j<=floor((k+2)/3); deg h_k=floor(2k/3); lead coeff (k=3a:(-1)^a a!, 3a+1:(-1)^a c(a+2,2), 3a+2:(-1)^a (a+1)!) (1<=k<=60); second-top coeff closed form (3<=k<=60)
PASS c5a-mobius Moebius function of the poset of allowed rows: mu(0^,1^) == sum_q (-1)^q N(k,q) == U_k(-2) (k<=10): values [-1, 1, 1, 0, 0, 0, 0, 0, 0, 0]; = 0 for k>=4
FAIL c5a-h-t1 [t^1]h_k = R_k-k-1 = [x^k] x^2/((1-x)^2(1-x-x^3)) > 0 (2<=k<=60)
PASS c5a-h-deriv h_k^{(d)}(1) = d! sum_{e<=d} (-1)^e C(k-1-e,d-e) N(k,k-e) (d<=3,k<=60); h'(1)=-(k^2-3k-2) (k>=4); h''(1)=(k^4-14k^3+59k^2-102k+140)/2 (k>=6); h'''(1)=(-k^6+33k^5-421k^4+2743k^3-10054k^2+20060k-13800)/4 (k>=8)
PASS c5a-H-pde H(z,t)=sum_k h_k(t)z^k satisfies (1-z)H - t(1-t)z^3[(1-t)H_t + H + zH_z] = 1 + t z^2 (coefficients z^k, k<=60); H(z,t)=(1-t)F(z(1-t),t)
PASS c5a-h-real h_k real-rooted with simple roots (Sturm, exact, 2<=k<=60); no roots in [0,1] (also proved); #sign changes of coeffs == #roots>1 (Descartes, k<=60); N(k,.) log-concave (k<=60); z=-1 is a root of sum_q N(k,q)z^(q-1) of multiplicity exactly ceil(k/3)-1 (k<=60)
PASS c5a-h-fixed-i [t^i]h_k > 0 exactly from k = 2,8,16,24,33,41,50,59 (i=1..8) up to k=60 (nonpositive at the previous k); asymptotically [t^i]h_k ~ c_i rho_i^k (proved)
PASS c5a-h-m1 search result (not a theorem): h_k(-1) (k<=60) satisfies no constant-coefficient recurrence of order<=15 and no polynomial-coefficient recurrence of order<=5, degree<=6 (with >=5 surplus equations); found=[]
SUMMARY c5a pass=35 fail=1
