DP table built 0.7s
coeffs via N vs via forward differences agree (k<=40): True  (3.5s)
D(k,0)=2 for 2<=k<=60: True
D(k,1)=k^2-k-4 for 4<=k<=60: True ; k=1..3: [0, 1, 4]
delta2(k) = (1)*k^3 + (-9)*k^2 + (30)*k + (-38)
D(k,2) = (1/4)*k^4 + (-5/2)*k^3 + (43/4)*k^2 + (-49/2)*k + (41)
   D(k,2) poly matches data exactly for k>=6 (k<=60); values below: [0, 0, 1, 7, 25] vs poly [Fraction(25, 1), Fraction(19, 1), Fraction(17, 1), Fraction(19, 1), Fraction(31, 1)]
delta3(k) = (1/4)*k^5 + (-25/4)*k^4 + (269/4)*k^3 + (-1491/4)*k^2 + (2105/2)*k + (-1189)
D(k,3) = (1/24)*k^6 + (-9/8)*k^5 + (331/24)*k^4 + (-2225/24)*k^3 + (1070/3)*k^2 + (-2174/3)*k + (462)
   D(k,3) poly matches data exactly for k>=8 (k<=60); values below: [0, 0, 0, 1, 12, 59, 199] vs poly [Fraction(14, 1), Fraction(-115, 1), Fraction(-131, 1), Fraction(-114, 1), Fraction(-78, 1), Fraction(-1, 1), Fraction(175, 1)]
   4*D2 coefficients: [Fraction(164, 1), Fraction(-98, 1), Fraction(43, 1), Fraction(-10, 1), Fraction(1, 1)]
   24*D3 coefficients: [Fraction(11088, 1), Fraction(-17392, 1), Fraction(8560, 1), Fraction(-2225, 1), Fraction(331, 1), Fraction(-27, 1), Fraction(1, 1)]
e_0(-1..n-2) = (1)   (checked n=1..69: True)
e_1(-1..n-2) = (1/2)*n^2 + (-3/2)*n   (checked n=1..69: True)
e_2(-1..n-2) = (1/8)*n^4 + (-11/12)*n^3 + (15/8)*n^2 + (-13/12)*n   (checked n=1..69: True)
e_3(-1..n-2) = (1/48)*n^6 + (-13/48)*n^5 + (61/48)*n^4 + (-131/48)*n^3 + (65/24)*n^2 + (-1)*n   (checked n=1..69: True)
A_0(k) = k! [m^{k-0}] U_k = (2)
   matches DP coefficients for k>=2 (up to 60); failing k below: [1]
   A_0 at small k (data): [Fraction(1, 1), Fraction(2, 1), Fraction(2, 1), Fraction(2, 1), Fraction(2, 1), Fraction(2, 1), Fraction(2, 1), Fraction(2, 1), Fraction(2, 1)]
A_1(k) = k! [m^{k-1}] U_k = (1)*k^3 + (-2)*k^2 + (-1)*k
   matches DP coefficients for k>=4 (up to 60); failing k below: [1, 2, 3]
   A_1 at small k (data): [Fraction(1, 1), Fraction(4, 1), Fraction(12, 1), Fraction(28, 1), Fraction(70, 1), Fraction(138, 1), Fraction(238, 1), Fraction(376, 1), Fraction(558, 1)]
A_2(k) = k! [m^{k-2}] U_k = (1/4)*k^6 + (-13/4)*k^5 + (33/2)*k^4 + (-475/12)*k^3 + (245/4)*k^2 + (-211/6)*k
   matches DP coefficients for k>=6 (up to 60); failing k below: [2, 3, 4, 5]
   A_2 at small k (data): [Fraction(2, 1), Fraction(16, 1), Fraction(82, 1), Fraction(350, 1), Fraction(1220, 1), Fraction(3584, 1), Fraction(9996, 1), Fraction(24996, 1)]
A_3(k) = k! [m^{k-3}] U_k = (1/24)*k^9 + (-11/8)*k^8 + (157/8)*k^7 + (-1865/12)*k^6 + (17927/24)*k^5 + (-53107/24)*k^4 + (30171/8)*k^3 + (-39401/12)*k^2 + (1115)*k
   matches DP coefficients for k>=8 (up to 60); failing k below: [3, 4, 5, 6, 7]
   A_3 at small k (data): [6.0, Fraction(80, 1), Fraction(650, 1), Fraction(3930, 1), Fraction(18970, 1), Fraction(81256, 1), Fraction(306684, 1)]
elapsed 3.5s
