h_0 = [1]
h_1 = [1]
h_2 = [1, 1]
h_3 = [1, 2, -1]
h_4 = [1, 4, -3]
h_5 = [1, 8, -5, -2]
h_6 = [1, 14, -7, -8, 2]
h_7 = [1, 23, -6, -27, 11]
h_8 = [1, 37, 10, -83, 31, 6]
h_9 = [1, 58, 59, -212, 66, 36, -6]
h_10 = [1, 89, 177, -478, 92, 171, -50]
h_11 = [1, 135, 447, -973, -103, 730, -211, -24]
h_12 = [1, 203, 1019, -1777, -1159, 2526, -643, -192, 24]
deg h_k = floor(2k/3) for 1<=k<=60: True ; leading coeff formula: True
U_k(-j)=0 for 1<=j<=floor((k+2)/3), and U_k(-floor((k+2)/3)-1)!=0, k<=60: True True
k= 1 deg= 0 signs +   h(-1)=1
k= 2 deg= 1 signs ++   h(-1)=0
k= 3 deg= 2 signs ++-   h(-1)=-2
k= 4 deg= 2 signs ++-   h(-1)=-6
k= 5 deg= 3 signs ++--   h(-1)=-10
k= 6 deg= 4 signs ++--+   h(-1)=-10
k= 7 deg= 4 signs ++--+   h(-1)=10
k= 8 deg= 5 signs +++-++   h(-1)=82
k= 9 deg= 6 signs +++-++-   h(-1)=238
k=10 deg= 6 signs +++-++-   h(-1)=438
k=11 deg= 7 signs +++--+--   h(-1)=266
k=12 deg= 8 signs +++--+--+   h(-1)=-1518
k=13 deg= 8 signs +++--+--+   h(-1)=-7506
k=14 deg= 9 signs +++--+--++   h(-1)=-19818
k=15 deg=10 signs +++--++-++-   h(-1)=-30038
k=16 deg=10 signs ++++-++-++-   h(-1)=12050
k=17 deg=11 signs ++++-++-++--   h(-1)=264238
k=18 deg=12 signs ++++-++--+--+   h(-1)=1028534
k=19 deg=12 signs ++++--+--+--+   h(-1)=2428682
k=20 deg=13 signs ++++--+--+--++   h(-1)=2537938
k=21 deg=14 signs ++++--+--++-++-   h(-1)=-8353298
k=22 deg=14 signs ++++--++-++-++-   h(-1)=-58485226
k=23 deg=15 signs ++++--++-++-++--   h(-1)=-194444246
k=24 deg=16 signs +++++-++-++-++--+   h(-1)=-382701998
k=25 deg=16 signs +++++-++--+--+--+   h(-1)=-43864082
k=26 deg=17 signs +++++--+--+--+--++   h(-1)=3289540534
k=27 deg=18 signs +++++--+--+--+--++-   h(-1)=16024488458
k=28 deg=18 signs +++++--+--+--++-++-   h(-1)=45530710162
k=29 deg=19 signs +++++--++-++-++-++--   h(-1)=64617131566
k=30 deg=20 signs +++++--++-++-++-++--+   h(-1)=-136483527018
k=31 deg=20 signs +++++--++-++-++-++--+   h(-1)=-1329839130454
k=32 deg=21 signs +++++--++--+--+--+--++   h(-1)=-5222927655790
k=33 deg=22 signs ++++++-++--+--+--+--++-   h(-1)=-12277878718290
k=34 deg=22 signs ++++++--+--+--+--+--++-   h(-1)=-6346113762634
k=35 deg=23 signs ++++++--+--+--+--++-++--   h(-1)=101367903272970
k=36 deg=24 signs ++++++--+--++-++-++-++--+   h(-1)=593222100215378
k=37 deg=24 signs ++++++--++-++-++-++-++--+   h(-1)=1942313720327022
k=38 deg=25 signs ++++++--++-++-++-++-++--++   h(-1)=3386702762570774
k=39 deg=26 signs ++++++--++-++--+--+--+--++-   h(-1)=-4704058747262934
k=40 deg=26 signs ++++++--++--+--+--+--+--++-   h(-1)=-64996322951005742
k=41 deg=27 signs +++++++-++--+--+--+--+--++--   h(-1)=-291817100121130386
k=42 deg=28 signs +++++++--+--+--+--+--++-++--+   h(-1)=-784057046901552458
k=43 deg=28 signs +++++++--+--++-++-++-++-++--+   h(-1)=-660765496048398070
k=44 deg=29 signs +++++++--++-++-++-++-++-++--++   h(-1)=6187344975167187730
k=45 deg=30 signs +++++++--++-++-++-++-++-++--++-   h(-1)=42421364376125391278
k=46 deg=30 signs +++++++--++-++--+--+--+--+--++-   h(-1)=155523967936041590422
k=47 deg=31 signs +++++++--++--+--+--+--+--+--++--   h(-1)=315170480891884581546
k=48 deg=32 signs +++++++--++--+--+--+--+--+--++--+   h(-1)=-280685748779163728366
k=49 deg=32 signs +++++++--++--+--+--+--+--++-++--+   h(-1)=-5785458161088216146642
k=50 deg=33 signs ++++++++--+--++-++-++-++-++-++--++   h(-1)=-29043240349890913159242
k=51 deg=34 signs ++++++++--+--++-++-++-++-++-++--++-   h(-1)=-86755523087920385336054
k=52 deg=34 signs ++++++++--++-++-++-++-++-++-++--++-   h(-1)=-96670285322319153721646
k=53 deg=35 signs ++++++++--++-++-++--+--+--+--+--++--   h(-1)=654621757390422099865838
k=54 deg=36 signs ++++++++--++-++--+--+--+--+--+--++--+   h(-1)=5165875904385144847943190
k=55 deg=36 signs ++++++++--++--+--+--+--+--+--+--++--+   h(-1)=20787076635616250421622826
k=56 deg=37 signs ++++++++--++--+--+--+--+--+--++-++--++   h(-1)=47295826266306982960283986
k=57 deg=38 signs ++++++++--++--+--++-++-++-++-++-++--++-   h(-1)=-24692754778902787842774802
k=58 deg=38 signs ++++++++--++--++-++-++-++-++-++-++--++-   h(-1)=-844333622613893811114565194
k=59 deg=39 signs +++++++++--+--++-++-++-++-++-++-++--++--   h(-1)=-4661075965629188042412801014
k=60 deg=40 signs +++++++++--++-++-++--+--+--+--+--+--++--+   h(-1)=-15182847944382985231067688558
all h_k real-rooted & squarefree, 2<=k<=60: True
  k=5: roots in (-inf,0]=2 (of which in (-1,0]=1), (0,1]=0, (1,inf)=1
  k=10: roots in (-inf,0]=3 (of which in (-1,0]=2), (0,1]=0, (1,inf)=3
  k=20: roots in (-inf,0]=7 (of which in (-1,0]=4), (0,1]=0, (1,inf)=6
  k=30: roots in (-inf,0]=10 (of which in (-1,0]=7), (0,1]=0, (1,inf)=10
  k=40: roots in (-inf,0]=13 (of which in (-1,0]=9), (0,1]=0, (1,inf)=13
  k=50: roots in (-inf,0]=17 (of which in (-1,0]=11), (0,1]=0, (1,inf)=16
  k=60: roots in (-inf,0]=20 (of which in (-1,0]=13), (0,1]=0, (1,inf)=20
elapsed 1.8s
