U_1(m),m=0..20 : 1,2,3,4,5,6,7,8,9,10,11,12,13,14,15,16,17,18,19,20,21
U_2(m),m=0..20 : 1,4,9,16,25,36,49,64,81,100,121,144,169,196,225,256,289,324,361,400,441
U_3(m),m=0..20 : 1,6,17,36,65,106,161,232,321,430,561,716,897,1106,1345,1616,1921,2262,2641,3060,3521
U_4(m),m=0..20 : 1,9,32,80,165,301,504,792,1185,1705,2376,3224,4277,5565,7120,8976,11169,13737,16720,20160,24101
U_5(m),m=0..20 : 1,14,64,192,457,938,1736,2976,4809,7414,11000,15808,22113,30226,40496,53312,69105,88350,111568,139328,172249
U_6(m),m=0..20 : 1,21,119,419,1136,2604,5306,9906,17283,28567,45177,68861,101738,146342,205668,283220,383061,509865,668971,866439,1109108
U_7(m),m=0..20 : 1,31,214,873,2669,6778,15108,30558,57321,101233,170170,274495,427557,646244,951592,1369452,1931217,2674611,3644542,4894021,6485149
U_8(m),m=0..20 : 1,46,388,1837,6334,17802,43326,94716,190509,358468,638638,1087021,1779934,2819116,4337652,6506784,9543681,13720242,19373008,26914261,36844390
U_9(m),m=0..20 : 1,68,694,3788,14666,45488,120650,284708,613481,1229052,2319460,4163952,7164742,11886304,19103308,29858392,45531049,67918996,99333482,142710084,201736634
U_10(m),m=0..20 : 1,100,1222,7629,32971,112349,323647,822261,1894310,4034459,8055619,15239016,27534442,47821918,80247514,130647686,207078207,320465590,485400828,721097311,1052536925
U_k(1),k=0..25 : 1,2,4,6,9,14,21,31,46,68,100,147,216,317,465,682,1000,1466,2149,3150,4617,6767,9918,14536,21304,31223
U_k(2),k=0..25 : 1,3,9,17,32,64,119,214,388,694,1222,2145,3749,6510,11265,19445,33465,57461,98500,168580,288119,491886,838964,1429738,2434814,4143965
U_k(3),k=0..25 : 1,4,16,36,80,192,419,873,1837,3788,7629,15285,30398,59795,116915,227554,440404,848610,1629772,3119564,5953513,11334715,21532371,40822648,77261607,146002685
U_k(4),k=0..25 : 1,5,25,65,165,457,1136,2669,6334,14666,32971,73592,162654,354333,765616,1643786,3501522,7412596,15617512,32743164,68347061,142151824,294656851,608867743,1254736646,2579366735
U_k(5),k=0..25 : 1,6,36,106,301,938,2604,6778,17802,45488,112349,274951,665045,1581123,3721494,8690505,20097642,46117708,105187745,238419119,537354720,1205445269,2692197715,5987839058,13269802049,29310157359
U_k(6),k=0..25 : 1,7,49,161,504,1736,5306,15108,43326,120650,323647,858554,2247499,5770504,14643322,36818821,91539487,225517127,551617798,1339273839,3229731321,7744883378,18472724127,43838951111,103578053428,243724555549
U_k(k),k=0..20 : 1,2,9,36,165,938,5306,30558,190509,1229052,8055619,54661126,381994444,2719448826,19778165976,147017342150,1112102313737,8553839463950,66914175735385,531507808885275,4282172470417095
N_flat_rows_q=1..k,k=1..11 : 1,1,2,1,4,2,1,7,8,2,1,12,25,16,2,1,19,59,65,26,2,1,29,124,199,139,38,2,1,44,253,557,574,277,52,2,1,66,493,1416,1991,1446,509,68,2,1,98,925,3337,6051,6012,3257,871,86,2,1,145,1707,7583,17152,21973,16349,6809,1405,106,2
N_flat_rows_reversed,k=1..11 : 1,2,1,2,4,1,2,8,7,1,2,16,25,12,1,2,26,65,59,19,1,2,38,139,199,124,29,1,2,52,277,574,557,253,44,1,2,68,509,1446,1991,1416,493,66,1,2,86,871,3257,6012,6051,3337,925,98,1,2,106,1405,6809,16349,21973,17152,7583,1707,145,1
N_rowsum,k=0..20 : 1,1,3,7,18,56,172,532,1760,5992,20640,73232,266592,986016,3715968,14279488,55734016,220821760,888450304,3624636416,14980831232
N(k,k-1),k=2..20 : 1,4,8,16,26,38,52,68,86,106,128,152,178,206,236,268,302,338,376
N(k,k-2),k=3..20 : 1,7,25,65,139,277,509,871,1405,2159,3187,4549,6311,8545,11329,14747,18889,23851
N(k,k-3),k=4..20 : 1,12,59,199,574,1446,3257,6809,13390,24954,44331,75467,123694,196030,301509,451541,660302
N(k,2),k=2..20 : 2,4,7,12,19,29,44,66,98,145,214,315,463,680,998,1464,2147,3148,4615
N(k,3),k=3..20 : 2,8,25,59,124,253,493,925,1707,3104,5562,9873,17402,30468,53066,92056,159133,274271
h_0 = [1]
h_1 = [1]
h_2 = [1, 1]
h_3 = [1, 2, -1]
h_4 = [1, 4, -3]
h_5 = [1, 8, -5, -2]
h_6 = [1, 14, -7, -8, 2]
h_7 = [1, 23, -6, -27, 11]
h_8 = [1, 37, 10, -83, 31, 6]
h_9 = [1, 58, 59, -212, 66, 36, -6]
h_10 = [1, 89, 177, -478, 92, 171, -50]
h_11 = [1, 135, 447, -973, -103, 730, -211, -24]
h_12 = [1, 203, 1019, -1777, -1159, 2526, -643, -192, 24]
h_flat,k=0..8 : 1,1,1,1,1,2,-1,1,4,-3,1,8,-5,-2,1,14,-7,-8,2,1,23,-6,-27,11,1,37,10,-83,31,6
Num_1 = [0, 1]
Num_2 = [0, 0, 2, 0, 1]
Num_3 = [0, 0, 0, 2, 2, 7, 0, 2]
Num_4 = [0, 0, 0, 0, 2, 8, 13, 15, 29, 0, 6]
Num_5 = [0, 0, 0, 0, 0, 2, 16, 29, 99, 81, 104, 146, 0, 24]
Num_6 = [0, 0, 0, 0, 0, 0, 2, 26, 79, 284, 341, 1004, 551, 770, 874, 0, 120]
Num_7 = [0, 0, 0, 0, 0, 0, 0, 2, 38, 187, 674, 1649, 3824, 3911, 10100, 4180, 6264, 6084, 0, 720]
Num_8 = [0, 0, 0, 0, 0, 0, 0, 0, 2, 52, 383, 1577, 5618, 12567, 28320, 48537, 46145, 106224, 35344, 56196, 48348, 0, 5040]
Num_flat_x^q..x^(3q-2),q=1..6 : 1,2,0,1,2,2,7,0,2,2,8,13,15,29,0,6,2,16,29,99,81,104,146,0,24,2,26,79,284,341,1004,551,770,874,0,120
c_1(n),n=0..29 : 1,1,1,2,3,4,6,9,13,19,28,41,60,88,129,189,277,406,595,872,1278,1873,2745,4023,5896,8641,12664,18560,27201,39865
c_2(n),n=0..29 : 1,1,1,3,5,7,13,23,37,63,109,183,309,527,893,1511,2565,4351,7373,12503,21205,35951,60957,103367,175269,297183,503917,854455,1448821,2456655
c_3(n),n=0..29 : 1,1,1,4,7,10,22,43,73,139,268,487,904,1708,3169,5881,11005,20512,38155,71170,132706,247171,460681,858799,1600312,2982355,5558752,10359688,19306753,35983009
c_4(n),n=0..29 : 1,1,1,5,9,13,33,69,121,253,529,1013,2025,4141,8193,16293,32857,65629,130801,262229,524745,1047949,2096865,4195845,8387641,16775101,33558481,67109045,134209449,268443373
a_1(n),n=1..30 : 2,4,6,9,12,16,20,25,30,36,42,49,56,64,72,81,90,100,110,121,132,144,156,169,182,196,210,225,240,256
a_2(n),n=1..30 : 4,16,36,81,144,256,400,625,900,1296,1764,2401,3136,4096,5184,6561,8100,10000,12100,14641,17424,20736,24336,28561,33124,38416,44100,50625,57600,65536
a_3(n),n=1..30 : 6,36,102,289,612,1296,2340,4225,6890,11236,17066,25921,37352,53824,74472,103041,138030,184900,241230,314721,401676,512656,642252,804609,992082,1223236,1487570,1809025,2173520,2611456
a_4(n),n=1..30 : 9,81,288,1024,2560,6400,13200,27225,49665,90601,151704,254016,399168,627264,938520,1404225,2020425,2907025,4051080,5645376,7660224,10394176,13789048,18292729,23801505,30969225,39622800,50694400,63909120,80568576
a_5(n),n=1..30 : 14,196,896,4096,12288,36864,87744,208849,428666,879844,1628368,3013696,5166336,8856576,14311584,23126481,35653926,54967396,81554000,121000000,173888000,249892864,349562304,488984769,668387538,913611076,1224032096,1639926016,2158922752,2842169344
a_6(n),n=1..30 : 21,441,2499,14161,49861,175561,475984,1290496,2958144,6780816,13816824,28153636,52561236,98128836,171205398,298702089,493723461,816073489,1290571359,2040961329,3110933397,4741837321,7005780418,10350620644,14888542396,21415980964,30097866456,42299326224,58249290960,80213568400
a_7(n),n=1..30 : 31,961,6634,45796,186822,762129,2330037,7123561,18090482,45941284,102402024,228251664,461670264,933791364,1751615118,3285697041,5802776793,10248120289,17226819610,28957828900,46710814150,75347505025,117362258715,182804988249,276306145908,417631307536,614960620448,905527334464,1303159567584,1875398780304
OK
