2026-10-04T10:15:37Z	A207118.txt	200	1751	https://oeis.org/search?q=id:A207118&fmt=text
2026-10-04T10:15:39Z	A207119.txt	200	1339	https://oeis.org/search?q=id:A207119&fmt=text
2026-10-04T10:15:41Z	A207120.txt	200	1383	https://oeis.org/search?q=id:A207120&fmt=text
2026-10-04T10:15:44Z	A207121.txt	200	1483	https://oeis.org/search?q=id:A207121&fmt=text
2026-10-04T10:15:46Z	A207122.txt	200	1519	https://oeis.org/search?q=id:A207122&fmt=text
2026-10-04T10:15:48Z	A207123.txt	200	2008	https://oeis.org/search?q=id:A207123&fmt=text
2026-10-04T10:15:50Z	A038718.txt	200	1995	https://oeis.org/search?q=id:A038718&fmt=text
2026-10-04T10:15:52Z	A084990.txt	200	3629	https://oeis.org/search?q=id:A084990&fmt=text
2026-10-04T10:15:54Z	A326247.txt	200	2037	https://oeis.org/search?q=id:A326247&fmt=text
2026-10-04T10:15:57Z	b207118.txt	200	2901	https://oeis.org/A207118/b207118.txt
2026-10-04T10:15:59Z	b207119.txt	200	3359	https://oeis.org/A207119/b207119.txt
2026-10-04T10:16:01Z	b207120.txt	200	3811	https://oeis.org/A207120/b207120.txt
2026-10-04T10:16:03Z	b207121.txt	200	4250	https://oeis.org/A207121/b207121.txt
2026-10-04T10:16:05Z	b207122.txt	200	4666	https://oeis.org/A207122/b207122.txt
2026-10-04T10:16:08Z	b207123.txt	200	8104	https://oeis.org/A207123/b207123.txt
2026-10-04T10:16:10Z	b038718.txt	200	3049690	https://oeis.org/A038718/b038718.txt
2026-10-04T10:16:12Z	b084990.txt	200	12663	https://oeis.org/A084990/b084990.txt
2026-10-04T10:16:14Z	b326247.txt	200	381	https://oeis.org/A326247/b326247.txt
2026-10-04T10:22:25Z	search_U3_m0.txt	200	3651	https://oeis.org/search?q=1,6,17,36,65,106,161,232,321&fmt=text
2026-10-04T10:22:27Z	search_U3_m2.txt	200	3655	https://oeis.org/search?q=17,36,65,106,161,232,321,430,561&fmt=text
2026-10-04T10:22:29Z	search_U4_m0.txt	200	2061	https://oeis.org/search?q=1,9,32,80,165,301,504,792,1185&fmt=text
2026-10-04T10:22:31Z	search_U4_m2.txt	200	2067	https://oeis.org/search?q=32,80,165,301,504,792,1185,1705,2376&fmt=text
2026-10-04T10:22:33Z	search_U5_m0.txt	200	227	https://oeis.org/search?q=1,14,64,192,457,938,1736,2976&fmt=text
2026-10-04T10:22:36Z	search_U5_m1.txt	200	230	https://oeis.org/search?q=14,64,192,457,938,1736,2976,4809&fmt=text
2026-10-04T10:22:38Z	search_U5_m2.txt	200	232	https://oeis.org/search?q=64,192,457,938,1736,2976,4809,7414&fmt=text
2026-10-04T10:22:40Z	search_U6_m0.txt	200	230	https://oeis.org/search?q=1,21,119,419,1136,2604,5306,9906&fmt=text
2026-10-04T10:22:42Z	search_U6_m1.txt	200	234	https://oeis.org/search?q=21,119,419,1136,2604,5306,9906,17283&fmt=text
2026-10-04T10:22:44Z	search_U6_m2.txt	200	237	https://oeis.org/search?q=119,419,1136,2604,5306,9906,17283,28567&fmt=text
2026-10-04T10:22:47Z	search_U7_m0.txt	200	232	https://oeis.org/search?q=1,31,214,873,2669,6778,15108,30558&fmt=text
2026-10-04T10:22:49Z	search_U7_m1.txt	200	236	https://oeis.org/search?q=31,214,873,2669,6778,15108,30558,57321&fmt=text
2026-10-04T10:22:51Z	search_U7_m2.txt	200	240	https://oeis.org/search?q=214,873,2669,6778,15108,30558,57321,101233&fmt=text
2026-10-04T10:22:53Z	search_R.txt	200	2023	https://oeis.org/search?q=2,4,6,9,14,21,31,46,68,100,147,216&fmt=text
2026-10-04T10:22:55Z	search_Uk2.txt	200	234	https://oeis.org/search?q=9,17,32,64,119,214,388,694,1222,2145&fmt=text
2026-10-04T10:22:57Z	search_Uk3.txt	200	239	https://oeis.org/search?q=16,36,80,192,419,873,1837,3788,7629,15285&fmt=text
2026-10-04T10:23:00Z	search_Uk4.txt	200	244	https://oeis.org/search?q=25,65,165,457,1136,2669,6334,14666,32971,73592&fmt=text
2026-10-04T10:23:02Z	search_Udiag.txt	200	240	https://oeis.org/search?q=1,2,9,36,165,938,5306,30558,190509,1229052&fmt=text
2026-10-04T10:23:04Z	search_Nflat.txt	200	246	https://oeis.org/search?q=1,1,2,1,4,2,1,7,8,2,1,12,25,16,2,1,19,59,65,26,2&fmt=text
2026-10-04T10:23:06Z	search_Nflat_rev.txt	200	246	https://oeis.org/search?q=1,2,1,2,4,1,2,8,7,1,2,16,25,12,1,2,26,65,59,19,1&fmt=text
2026-10-04T10:23:08Z	search_Nflat_q0.txt	200	242	https://oeis.org/search?q=1,0,1,0,1,2,0,1,4,2,0,1,7,8,2,0,1,12,25,16,2&fmt=text
2026-10-04T10:23:10Z	search_Nrowsum.txt	200	233	https://oeis.org/search?q=1,3,7,18,56,172,532,1760,5992,20640&fmt=text
2026-10-04T10:23:13Z	search_Nkk1.txt	200	229	https://oeis.org/search?q=8,16,26,38,52,68,86,106,128,152&fmt=text
2026-10-04T10:23:15Z	search_Nkk2.txt	200	231	https://oeis.org/search?q=7,25,65,139,277,509,871,1405,2159&fmt=text
2026-10-04T10:23:17Z	search_Nkk3.txt	200	232	https://oeis.org/search?q=12,59,199,574,1446,3257,6809,13390&fmt=text
2026-10-04T10:23:19Z	search_Nk2.txt	200	229	https://oeis.org/search?q=2,4,7,12,19,29,44,66,98,145,214&fmt=text
2026-10-04T10:23:21Z	search_Nk3.txt	200	233	https://oeis.org/search?q=2,8,25,59,124,253,493,925,1707,3104&fmt=text
2026-10-04T10:23:24Z	search_hflat.txt	200	249	https://oeis.org/search?q=1,2,-1,1,4,-3,1,8,-5,-2,1,14,-7,-8,2,1,23,-6,-27,11&fmt=text
2026-10-04T10:23:26Z	search_C7num.txt	200	251	https://oeis.org/search?q=2,2,7,0,2,2,8,13,15,29,0,6,2,16,29,99,81,104,146,0,24&fmt=text
2026-10-04T10:23:28Z	search_c2.txt	200	4383	https://oeis.org/search?q=1,1,1,3,5,7,13,23,37,63,109,183,309,527&fmt=text
2026-10-04T10:23:30Z	search_c3.txt	200	3547	https://oeis.org/search?q=1,1,1,4,7,10,22,43,73,139,268,487,904,1708&fmt=text
2026-10-04T10:23:32Z	search_ref_A207123.txt	200	14666	https://oeis.org/search?q=A207123&fmt=text
2026-10-04T10:23:34Z	A207069.txt	200	1252	https://oeis.org/search?q=id:A207069&fmt=text
2026-10-04T10:23:37Z	A207070.txt	200	1331	https://oeis.org/search?q=id:A207070&fmt=text
2026-10-04T10:23:39Z	A002620.txt	200	45017	https://oeis.org/search?q=id:A002620&fmt=text
2026-10-04T10:23:41Z	A030179.txt	200	3276	https://oeis.org/search?q=id:A030179&fmt=text
2026-10-04T10:26:09Z	search_ref_A207123_p2.txt	200	3517	https://oeis.org/search?q=A207123&start=10&fmt=text
2026-10-04T10:26:11Z	b207117.txt	200	279	https://oeis.org/A207117/b207117.txt
2026-10-04T10:26:14Z	b207124.txt	200	11578	https://oeis.org/A207124/b207124.txt
2026-10-04T10:26:16Z	b207125.txt	200	12590	https://oeis.org/A207125/b207125.txt
2026-10-04T10:26:18Z	b207126.txt	200	13623	https://oeis.org/A207126/b207126.txt
2026-10-04T10:26:20Z	b207069.txt	200	8540	https://oeis.org/A207069/b207069.txt
2026-10-04T10:26:23Z	b207070.txt	200	10063	https://oeis.org/A207070/b207070.txt
2026-10-04T10:26:33Z	b207127.txt	200	14419	https://oeis.org/A207127/b207127.txt
2026-10-04T10:30:13Z	search_Utab_k1m1_kinc.txt	200	244	https://oeis.org/search?q=4,9,6,5,16,17,9,6,25,36,32,14,7,36,65,80,64,21&fmt=text
2026-10-04T10:30:16Z	search_Utab_k1m1_kdec.txt	200	244	https://oeis.org/search?q=6,9,4,9,17,16,5,14,32,36,25,6,21,64,80,65,36,7&fmt=text
2026-10-04T10:30:18Z	search_Utab_k1m0_kinc.txt	200	233	https://oeis.org/search?q=4,9,6,1,5,16,17,9,1,6,25,36,32,14,1&fmt=text
2026-10-04T10:30:20Z	search_Utab_k1m0_kdec.txt	200	233	https://oeis.org/search?q=1,6,9,4,1,9,17,16,5,1,14,32,36,25,6&fmt=text
2026-10-04T10:30:22Z	search_Utab_k0m0_kinc.txt	200	239	https://oeis.org/search?q=1,4,9,6,1,1,5,16,17,9,1,1,6,25,36,32,14,1&fmt=text
2026-10-04T10:30:24Z	search_Utab_k0m0_kdec.txt	200	239	https://oeis.org/search?q=1,6,9,4,1,1,9,17,16,5,1,1,14,32,36,25,6,1&fmt=text
