k=1 N=[1]
   U_k(m) coeffs (ascending, x k!): ['1', '1']
   rational roots found: ['-1']  remaining factor (x k!/lead...): ['1']
k=2 N=[1, 2]
   U_k(m) coeffs (ascending, x k!): ['2', '4', '2']
   rational roots found: ['-1', '-1']  remaining factor (x k!/lead...): ['2']
k=3 N=[1, 4, 2]
   U_k(m) coeffs (ascending, x k!): ['6', '16', '12', '2']
   rational roots found: ['-1']  remaining factor (x k!/lead...): ['6', '10', '2']
k=4 N=[1, 7, 8, 2]
   U_k(m) coeffs (ascending, x k!): ['24', '80', '82', '28', '2']
   rational roots found: ['-1', '-2']  remaining factor (x k!/lead...): ['12', '22', '2']
k=5 N=[1, 12, 25, 16, 2]
   U_k(m) coeffs (ascending, x k!): ['120', '488', '650', '350', '70', '2']
   rational roots found: ['-1', '-2']  remaining factor (x k!/lead...): ['60', '154', '64', '2']
k=6 N=[1, 19, 59, 65, 26, 2]
   U_k(m) coeffs (ascending, x k!): ['720', '3492', '5618', '3930', '1220', '138', '2']
   rational roots found: ['-1', '-2']  remaining factor (x k!/lead...): ['360', '1206', '820', '132', '2']
k=7 N=[1, 29, 124, 199, 139, 38, 2]
   U_k(m) coeffs (ascending, x k!): ['5040', '28656', '53872', '45878', '18970', '3584', '238', '2']
   rational roots found: ['-1', '-2', '-3']  remaining factor (x k!/lead...): ['840', '3236', '2206', '226', '2']
k=8 N=[1, 44, 253, 557, 574, 277, 52, 2]
   U_k(m) coeffs (ascending, x k!): ['40320', '265344', '574264', '580384', '302778', '81256', '9996', '376', '2']
   rational roots found: ['-1', '-2', '-3']  remaining factor (x k!/lead...): ['6720', '31904', '30500', '7790', '364', '2']
