# check_appendix_lean.py 反向测试（2026-10-08 本地）：在 scratchpad 的 main.tex 副本里改附录 A 的 4 处——opX_apply 的 k = 0 改成 k = 1；L1 的定义体截掉末项 - mulOp cM * opX ^ 3；Uarr 的 fun k m 改成 fun km；RelU_eq 的陈述截掉 * L1。预期 4 个 FAIL。
PASS def      Good                             Basic.lean:19
PASS def      Legal                            Basic.lean:24
PASS def      seqs                             Basic.lean:43
PASS def      L                                Basic.lean:68
PASS def      U                                Basic.lean:71
PASS def      NW                               Binomial.lean:34
PASS def      N                                Binomial.lean:37
PASS abbrev   Mat                              Reduction.lean:21
PASS def      RowRule                          Reduction.lean:24
PASS def      ColRule                          Reduction.lean:30
PASS def      a                                Reduction.lean:37
PASS theorem  a_eq                             Reduction.lean:307
PASS abbrev   PS2                              DFinite.lean:65
PASS def      dXK                              DFinite.lean:68
PASS def      dTK                              DFinite.lean:72
PASS def      ratFn                            DFinite.lean:82
PASS def      IsDFinite                        DFinite.lean:88
PASS def      FK                               DFinite.lean:93
PASS theorem  not_isDFinite_FK                 DFinite.lean:362
PASS theorem  no_k_only_recurrence             NonDFinite.lean:541
PASS abbrev   Arr                              OreRel.lean:43
PASS abbrev   Coef                             OreRel.lean:47
PASS theorem  mulOp_apply                      OreRel.lean:74
FAIL theorem  opX_apply                        source at OreRel.lean:85
PASS theorem  opEinv_apply                     OreRel.lean:95
PASS def      OU                               OreRel.lean:190
FAIL def      L1                               source at OreRel.lean:194
FAIL def      Uarr                             source at OreRel.lean:197
PASS def      VanishOn                         OreRel.lean:200
PASS def      RelU                             OreRel.lean:203
FAIL theorem  RelU_eq                          source at OreRel.lean:691
PASS def      det2                             NotStirlingLike.lean:42
PASS theorem  relU_support_det                 NotStirlingLike.lean:169
PASS theorem  not_mem_relU_of_support_subset   NotStirlingLike.lean:214
34 declarations in Appendix A: 30 PASS, 4 FAIL
exit=1
