PASS A207123                    source 2026-10-10 13:07:08 < olean 2026-10-10 13:07:30; 63 imports older
PASS A207123.A326247            source 2026-10-10 12:47:19 < olean 2026-10-10 12:47:45; 1 imports older
PASS A207123.Ascent             source 2026-10-04 23:08:53 < olean 2026-10-06 17:37:16; 1 imports older
PASS A207123.AsympNumerics      source 2026-10-10 03:28:23 < olean 2026-10-10 04:15:37; 2 imports older
PASS A207123.AsympRemark        source 2026-10-10 01:51:39 < olean 2026-10-10 01:52:23; 1 imports older
PASS A207123.Barker             source 2026-10-10 12:33:20 < olean 2026-10-10 12:33:46; 2 imports older
PASS A207123.Basic              source 2026-10-04 22:32:49 < olean 2026-10-06 17:33:57; 0 imports older
PASS A207123.Bijection          source 2026-10-10 04:46:43 < olean 2026-10-10 04:47:03; 2 imports older
PASS A207123.Binomial           source 2026-10-04 23:17:38 < olean 2026-10-06 17:35:48; 1 imports older
PASS A207123.Blocks             source 2026-10-10 00:39:32 < olean 2026-10-10 00:40:12; 1 imports older
PASS A207123.CLT                source 2026-10-10 08:24:16 < olean 2026-10-10 08:24:50; 2 imports older
PASS A207123.Chains             source 2026-10-10 08:35:03 < olean 2026-10-10 08:35:25; 2 imports older
PASS A207123.Coeffs             source 2026-10-05 04:09:35 < olean 2026-10-06 17:45:30; 2 imports older
PASS A207123.DFinite            source 2026-10-05 00:12:32 < olean 2026-10-06 17:38:30; 1 imports older
PASS A207123.DFiniteN           source 2026-10-05 01:59:02 < olean 2026-10-06 17:41:17; 2 imports older
PASS A207123.EndAscent          source 2026-10-10 00:38:04 < olean 2026-10-10 00:39:05; 2 imports older
PASS A207123.Formula            source 2026-10-04 21:59:59 < olean 2026-10-06 17:35:16; 1 imports older
PASS A207123.GenFunXY           source 2026-10-09 23:15:02 < olean 2026-10-09 23:15:39; 1 imports older
PASS A207123.Gosper             source 2026-10-05 02:58:55 < olean 2026-10-06 17:42:59; 1 imports older
PASS A207123.Growth             source 2026-10-09 21:20:46 < olean 2026-10-09 21:21:27; 1 imports older
PASS A207123.HGen               source 2026-10-05 04:48:35 < olean 2026-10-06 17:45:56; 2 imports older
PASS A207123.HNum               source 2026-10-05 02:05:17 < olean 2026-10-06 17:40:46; 2 imports older
PASS A207123.HStruct            source 2026-10-06 16:27:17 < olean 2026-10-06 17:47:34; 2 imports older
PASS A207123.Interlace          source 2026-10-10 05:32:22 < olean 2026-10-10 05:42:03; 0 imports older
PASS A207123.InterlaceDeriv     source 2026-10-10 07:41:43 < olean 2026-10-10 07:42:09; 1 imports older
PASS A207123.LogConcave         source 2026-10-10 07:02:23 < olean 2026-10-10 07:03:26; 1 imports older
PASS A207123.MCoeff             source 2026-10-10 11:47:46 < olean 2026-10-10 11:49:05; 2 imports older
PASS A207123.Mobius             source 2026-10-10 12:11:22 < olean 2026-10-10 12:12:29; 2 imports older
PASS A207123.Multichain         source 2026-10-04 23:17:38 < olean 2026-10-06 17:36:15; 1 imports older
PASS A207123.NPDE               source 2026-10-05 04:04:30 < olean 2026-10-06 17:45:00; 2 imports older
PASS A207123.NearDiag           source 2026-10-05 15:56:08 < olean 2026-10-06 17:47:02; 2 imports older
PASS A207123.NegZeros           source 2026-10-10 13:05:42 < olean 2026-10-10 13:07:06; 2 imports older
PASS A207123.NoKOnlyN           source 2026-10-05 01:41:50 < olean 2026-10-06 17:41:47; 1 imports older
PASS A207123.NonDFinite         source 2026-10-05 03:01:50 < olean 2026-10-06 17:37:52; 1 imports older
PASS A207123.NotStirlingLike    source 2026-10-06 22:25:14 < olean 2026-10-06 22:25:48; 1 imports older
PASS A207123.NumStruct          source 2026-10-05 15:52:26 < olean 2026-10-06 17:46:30; 1 imports older
PASS A207123.OeisRemark         source 2026-10-10 04:13:38 < olean 2026-10-10 04:14:23; 2 imports older
PASS A207123.OeisRowOrders      source 2026-10-10 04:11:55 < olean 2026-10-10 04:16:31; 2 imports older
PASS A207123.OeisRows           source 2026-10-10 04:13:41 < olean 2026-10-10 04:15:06; 1 imports older
PASS A207123.OreDim             source 2026-10-05 02:39:42 < olean 2026-10-06 17:42:21; 1 imports older
PASS A207123.OreRel             source 2026-10-05 03:01:50 < olean 2026-10-06 17:39:03; 1 imports older
PASS A207123.OreRelN            source 2026-10-05 03:01:50 < olean 2026-10-06 17:39:40; 2 imports older
PASS A207123.Parity             source 2026-10-05 03:58:57 < olean 2026-10-06 17:44:30; 2 imports older
PASS A207123.Pick               source 2026-10-10 07:57:30 < olean 2026-10-10 07:57:53; 1 imports older
PASS A207123.Poly               source 2026-10-05 01:55:01 < olean 2026-10-06 17:40:10; 2 imports older
PASS A207123.RStirling          source 2026-10-10 04:37:47 < olean 2026-10-10 04:38:08; 1 imports older
PASS A207123.RealRoots          source 2026-10-10 05:55:51 < olean 2026-10-10 05:56:19; 2 imports older
PASS A207123.Recurrence         source 2026-10-04 23:01:50 < olean 2026-10-06 17:36:48; 1 imports older
PASS A207123.Reduction          source 2026-10-04 19:44:27 < olean 2026-10-06 17:34:42; 1 imports older
PASS A207123.RootAsymp          source 2026-10-10 01:34:06 < olean 2026-10-10 01:34:35; 2 imports older
PASS A207123.RootExpansion      source 2026-10-10 01:11:46 < olean 2026-10-10 01:12:27; 2 imports older
PASS A207123.RootLocation       source 2026-10-10 07:31:57 < olean 2026-10-10 07:32:20; 1 imports older
PASS A207123.Saturated          source 2026-10-09 22:18:49 < olean 2026-10-09 22:24:14; 1 imports older
PASS A207123.SaturatedRat       source 2026-10-10 02:51:13 < olean 2026-10-10 02:51:43; 2 imports older
PASS A207123.ShapeCases         source 2026-10-10 10:56:02 < olean 2026-10-10 10:57:40; 2 imports older
PASS A207123.ShapeFibre         source 2026-10-10 10:02:49 < olean 2026-10-10 10:04:06; 1 imports older
PASS A207123.ShapeNT            source 2026-10-10 10:11:29 < olean 2026-10-10 10:31:07; 1 imports older
PASS A207123.ShapeRemarks       source 2026-10-10 10:57:03 < olean 2026-10-10 10:58:47; 3 imports older
PASS A207123.SimpleRoots        source 2026-10-10 06:47:11 < olean 2026-10-10 06:48:39; 1 imports older
PASS A207123.SingleSum          source 2026-10-10 09:15:50 < olean 2026-10-10 09:16:24; 1 imports older
PASS A207123.SingleSumAsc       source 2026-10-10 09:35:19 < olean 2026-10-10 09:36:12; 2 imports older
PASS A207123.SmallK             source 2026-10-05 14:33:41 < olean 2026-10-06 17:43:59; 3 imports older
PASS A207123.ThreeTerm          source 2026-10-09 22:45:24 < olean 2026-10-09 22:47:39; 1 imports older
PASS A207123.ThreeTermRat       source 2026-10-10 02:32:12 < olean 2026-10-10 02:32:48; 1 imports older
PASS Axioms.lean                last run 2026-10-10 13:07:32..2026-10-10 13:07:57 exit 0; source 2026-10-10 13:07:08, newest olean 2026-10-10 13:07:30
PASS Checks.lean                last run 2026-10-10 13:07:58..2026-10-10 13:08:21 exit 0; source 2026-10-04 23:19:21, newest olean 2026-10-10 13:07:30
PASS lean_axioms_2026-10-10_negzeros.log written 2026-10-10 13:07:57, during or just after that run
PASS Axioms.lean                628 #print axioms lines, 628 answers, same names in the same order
PASS                            axioms used beyond propext, Classical.choice, Quot.sound: none
PASS                            scan of all declarations: 出现过的公理：[Quot.sound, Classical.choice, propext]；依赖其他公理的声明：0 个
PASS git status of lean/: clean
sha256 of the sources:
  b2c57185a08ad95b805519184eafb9424af412dd8f13d7a7b8efbec119ba5e43  A207123.lean
  b0c3900f5ddb896cf83733e2148833929c9a376881edc791981862ebe8fe3a1a  A207123\A326247.lean
  11b297d082a858e0ab867433e86c2ba1ea9e90525dc149b8c593d393dc89a437  A207123\Ascent.lean
  06fea029da1c579af69fd4ab4fdbe4ff166f350a568456d161639c3910910467  A207123\AsympNumerics.lean
  0a675d94ff7f661a71f9fb6cd4d9483657a4f4ce07001ed451bd73e8eae08ff0  A207123\AsympRemark.lean
  827dd3c40bfbb46f223ac19a48a9364feceb2e037f860d8926a98de9b5acd4aa  A207123\Barker.lean
  643b8f794bd84a46040f82764b95c596358d13e6a45cbff0255a140657f9f7b3  A207123\Basic.lean
  014bdcd32da6def94bdf138d2d84fca66c6714b7d1ac9c72cc46d1c47086dfd0  A207123\Bijection.lean
  2591760870c214bfee9c7cf38486a8c8f75986ed7c892e549ff7a08eba98c88b  A207123\Binomial.lean
  f3f8eeb18532100b7850fb7509c3bf6ef98e1635a3a82676a6471ae5357e2a1b  A207123\Blocks.lean
  8c1c7375d8da4721d3463a8544b011dd6812f3d14a182223220179011acd5ec2  A207123\CLT.lean
  cccb6ba614fce804c3a02bdf469c1c4f32928812c1d3a3b7d7e719824ca514a2  A207123\Chains.lean
  c8a78f612fd7797f790a9cf8f07d7b5bf7f33cde989aa7e11ac0a3594b0ffa6f  A207123\Coeffs.lean
  24c33d2ebb054600b43bbd405c9632398a9d38cac9ad5826c53b47fc13885fbc  A207123\DFinite.lean
  baf5745eecdbd8ab0824000ec69417284b92102ee05956dee46ec2eea5ba1b42  A207123\DFiniteN.lean
  071d455e97a0c66c669de545e5cc3526be0c2d1f21a6b6f46179a7f5eb5650f4  A207123\EndAscent.lean
  35f061553307f94476bab7fbf056b7df412571c2afd3e197bc0d5dbb43618d64  A207123\Formula.lean
  76c64f536e8f7f449a14e2bbfc3a598e7a45d9019c30351bc67364193d54df81  A207123\GenFunXY.lean
  1a08a7821c87cf60101b8dbd5d78339a547053f0c457f5044636da5e22022fe7  A207123\Gosper.lean
  9e8d7e327e1dfdc2d091290612354ddc20920ae8dde94e473241d07bf1abdd75  A207123\Growth.lean
  a7044892147b95e3c95bee0261e78de3ce31bf431a8a283914113eb1be55d25a  A207123\HGen.lean
  e97127625f37d33c84480240351bf9d100b64108c97928db416b134d91e5f066  A207123\HNum.lean
  7aa76bf42017f8fbebb7d9329a6361a8e51d79e87a8ab57119abe2445515ac71  A207123\HStruct.lean
  78f8972af52c763da013bd7ca055216e678290af74c062142de87230aff1d5ac  A207123\Interlace.lean
  54f80996a8cb64b79f712c09cd67fd9b69288c2a74547a4cf558cd0a11cdaeac  A207123\InterlaceDeriv.lean
  3aef195563e4807bb565396b1bbca172cfd44c6bdc06ad8f8a57025148a11315  A207123\LogConcave.lean
  4d6e91505f67eb3a36e656a1c60d91e52a707d5f81ba096dfe467e91ce83575b  A207123\MCoeff.lean
  b5033ef6a7dc6f1bd2a8d71f11a2ac26920524ed9b998dbd4ce4c198e5dba73e  A207123\Mobius.lean
  295aa394b32e4bd46d2c634cad29f4d49be9deada03b8037bf773e5b56b3bc62  A207123\Multichain.lean
  92292a1b296bbad3e6575b02e08c07801566d68efeda473ce1af0afd07d14016  A207123\NPDE.lean
  052cff0ea1ae065b8998bc519525f3444080eac309f6777b03fc16a3499896f8  A207123\NearDiag.lean
  61d70e10355181fe5dcc3e0aaefab69885cf493f9c8694353ccdb3f52148785b  A207123\NegZeros.lean
  441cd672a86fbaefa68b5b59a0aff7f901c7f58cd6c2e9e24598fc3c19d9cba4  A207123\NoKOnlyN.lean
  090ab732531b3d5b37bc3f9c00c345dc8d94f19148ad159acb91c1ffc79f923c  A207123\NonDFinite.lean
  1705490b42db2719d204274bc980b3de3e432ef947744a543f6e1d05e7015369  A207123\NotStirlingLike.lean
  f5392a74a540b0df8337d6106291237329f6e98da5eda83e2d23befd3af988d8  A207123\NumStruct.lean
  12b13e115fcaa6b72a8034275deeee33b23669e5dc1d73073da84fb628010e8f  A207123\OeisRemark.lean
  b2bba4729748f09a76641cf071f916d8ba7f4dd5c34c6581ac769643521e331f  A207123\OeisRowOrders.lean
  f6ebee142123cb13716c3e692c9e92352dad1b4bd902cc0d71e5026364dd8d2f  A207123\OeisRows.lean
  7a6ca15cad012272fdaa05747c4bd1ac44296fb483f3e44cd7837695e41d466c  A207123\OreDim.lean
  e41e81bcda969278585980eb4cf7e74640cc9c3878f0d4f1b7d52017926cf163  A207123\OreRel.lean
  a7a2af597de5237adaed9faa415eccf7f3db01a438d69016fb205e3537926ab2  A207123\OreRelN.lean
  40e31edb07468b08bfce9d9d2ed30be81dab816bd4128039071febd14f11192a  A207123\Parity.lean
  4634a15ad289d55fe8e004cd95cdd6daa384dcc8942f44a14ab66d955f816b18  A207123\Pick.lean
  6271f135c9d0e9e641348590800d15542a3de6b757c335c70885ad1908b50f90  A207123\Poly.lean
  3afaab4b5639615c457b2eb1f18bf3111e85167bd44d089812b7a3da0dff5d1d  A207123\RStirling.lean
  f0ddaf734bafe8ed5a8233f697323fafd0b1991828e801e644d7f659f9ad0626  A207123\RealRoots.lean
  1b4bc56721597772184d862ff92a7f73030455cdec9f99b68a3ef27aa5be3d34  A207123\Recurrence.lean
  230083fd54fb2f6485d24e2740f2f899fc85bbe20a4f594178d91d13c9c5a1d4  A207123\Reduction.lean
  a60333d236738c112a172c82475321f4b355f281e5170b7584b8e1a250301b32  A207123\RootAsymp.lean
  117f752fd4607bc5fc77b8aad7267b79ae4e54189718a155c9be4c6164c1a9e4  A207123\RootExpansion.lean
  bd836d8df8708050378a7aaaa0aef237862a296c96fe2092bfcc56a534984e36  A207123\RootLocation.lean
  b76b7a0934d1890b473d9e2c4e1958561e5f07ce04a2d03320bbdf450a216b42  A207123\Saturated.lean
  fbd9315e8d8c36b70f6ecfa44f0bfbe6ef90406a7867621adc7c83b2e587e888  A207123\SaturatedRat.lean
  adcf1bca550d773b09541bbb6facfe3894fe29e0b8b3d71ca747655bce4db1d8  A207123\ShapeCases.lean
  7c67a986fb2ef2ce5b41d01d5d01b0d128c418d55016c3e10dbd44e95d233035  A207123\ShapeFibre.lean
  32fb9bd068b955af4a5c2f2df779e73f5612e5968d5c526cb76dae5ee3828057  A207123\ShapeNT.lean
  5d13e9fe94feeaf16b3c66d5d517091e01d111a2d9f2dbbad9362bad5b4a05f4  A207123\ShapeRemarks.lean
  3e1dbaef97a5ed631b891f13bf671a30ece0f0de0a47139fa9c302c80cfcd94e  A207123\SimpleRoots.lean
  ed3a62300df3773ea3b39f95c32d994b2a2461a0d660332725ed04b013559e18  A207123\SingleSum.lean
  b38843bf1debe634575aadd08da12f1c8fbab81e0f395d7dd330285979e3a1ec  A207123\SingleSumAsc.lean
  68ce6047f4a0ee9aa41216a88f187ec556872d8a2277bf3b7b6341ef8b5e789f  A207123\SmallK.lean
  be5d8d7b556da2ce8cc2fa0f3a4d837301bdf59ce3650049c10f618b3732f469  A207123\ThreeTerm.lean
  67178082d7a1c86e533b188ee159347634f2d9921242f9fa857da9e1ce5f292e  A207123\ThreeTermRat.lean
  9b3d6e2991b0be947d5a4d3028576a3b55be92138cd3e3b956ae16a944a78271  Axioms.lean
  de96c457a4573d6dbff48cfd3c7c66b4ac3607e30822a1d65c86e17d9fca48b6  Checks.lean
71 checks: 71 PASS, 0 FAIL
