PASS def      Good                             Basic.lean:19
PASS def      Legal                            Basic.lean:24
PASS def      seqs                             Basic.lean:43
PASS def      L                                Basic.lean:68
PASS def      U                                Basic.lean:71
PASS def      NW                               Binomial.lean:34
PASS def      N                                Binomial.lean:37
PASS abbrev   Mat                              Reduction.lean:21
PASS def      RowRule                          Reduction.lean:24
PASS def      ColRule                          Reduction.lean:30
PASS def      a                                Reduction.lean:37
PASS theorem  a_eq                             Reduction.lean:307
PASS abbrev   PS2                              DFinite.lean:65
PASS def      dXK                              DFinite.lean:68
PASS def      dTK                              DFinite.lean:72
PASS def      ratFn                            DFinite.lean:82
PASS def      IsDFinite                        DFinite.lean:88
PASS def      FK                               DFinite.lean:93
PASS theorem  not_isDFinite_FK                 DFinite.lean:362
PASS theorem  no_k_only_recurrence             NonDFinite.lean:541
PASS abbrev   Arr                              OreRel.lean:43
PASS abbrev   Coef                             OreRel.lean:47
PASS theorem  mulOp_apply                      OreRel.lean:74
PASS theorem  opX_apply                        OreRel.lean:85
PASS theorem  opEinv_apply                     OreRel.lean:95
PASS def      OU                               OreRel.lean:190
PASS def      L1                               OreRel.lean:194
PASS def      Uarr                             OreRel.lean:197
PASS def      VanishOn                         OreRel.lean:200
PASS def      RelU                             OreRel.lean:203
PASS theorem  RelU_eq                          OreRel.lean:691
PASS def      det2                             NotStirlingLike.lean:42
PASS theorem  relU_support_det                 NotStirlingLike.lean:169
PASS theorem  not_mem_relU_of_support_subset   NotStirlingLike.lean:214
34 declarations in Appendix A: 34 PASS, 0 FAIL
