T=3360，证书素数 [(5, 20), (13, 84), (31, 480), (71, 70), (97, 96), (193, 96), (673, 672)]
q=4：筛法幸存 0 类，l 进未解决 0 个，首中 {5: 2520, 13: 720, 31: 116, 71: 4}  OK  (1.5s)
q=5：筛法幸存 0 类，l 进未解决 0 个，首中 {5: 2520, 13: 720, 31: 116, 71: 4}  OK  (2.8s)
q=6：筛法幸存 0 类，l 进未解决 0 个，首中 {5: 2520, 13: 840}  OK  (5.6s)
q=7：筛法幸存 0 类，l 进未解决 0 个，首中 {5: 2520, 13: 720, 31: 116, 71: 4}  OK  (8.3s)
q=8：筛法幸存 0 类，l 进未解决 0 个，首中 {5: 2520, 13: 840}  OK  (10.8s)
q=9：筛法幸存 0 类，l 进未解决 0 个，首中 {5: 2520, 13: 840}  OK  (13.6s)
q=10：筛法幸存 0 类，l 进未解决 0 个，首中 {5: 2520, 13: 720, 31: 116, 71: 4}  OK  (16.7s)
q=11：筛法幸存 0 类，l 进未解决 0 个，首中 {5: 2520, 13: 840}  OK  (21.2s)
q=12：筛法幸存 0 类，l 进未解决 0 个，首中 {5: 2520, 13: 720, 31: 120}  OK  (24.4s)
q=13：筛法幸存 0 类，l 进未解决 0 个，首中 {5: 2520, 13: 720, 31: 116, 71: 4}  OK  (27.1s)
q=14：筛法幸存 0 类，l 进未解决 0 个，首中 {5: 2520, 13: 720, 31: 117, 71: 3}  OK  (30.0s)
q=15：筛法幸存 0 类，l 进未解决 0 个，首中 {5: 2520, 13: 840}  OK  (33.0s)
q=16：筛法幸存 0 类，l 进未解决 0 个，首中 {5: 2520, 13: 840}  OK  (35.6s)
q=17：筛法幸存 0 类，l 进未解决 0 个，首中 {5: 2520, 13: 720, 31: 116, 71: 4}  OK  (38.1s)
q=18：筛法幸存 0 类，l 进未解决 0 个，首中 {5: 2520, 13: 720, 31: 117, 71: 3}  OK  (40.7s)
q=19：筛法幸存 0 类，l 进未解决 0 个，首中 {5: 2520, 13: 840}  OK  (43.3s)
q=20：筛法幸存 0 类，l 进未解决 0 个，首中 {5: 2520, 13: 720, 31: 117, 71: 3}  OK  (46.8s)
q=21：筛法幸存 0 类，l 进未解决 0 个，首中 {5: 2520, 13: 840}  OK  (49.8s)
q=22：筛法幸存 0 类，l 进未解决 0 个，首中 {5: 2520, 13: 840}  OK  (52.3s)
q=23：筛法幸存 0 类，l 进未解决 0 个，首中 {5: 2520, 13: 720, 31: 116, 71: 4}  OK  (54.9s)
q=24：筛法幸存 0 类，l 进未解决 0 个，首中 {5: 2520, 13: 840}  OK  (57.9s)
q=25：筛法幸存 0 类，l 进未解决 0 个，首中 {5: 2520, 13: 720, 31: 116, 71: 4}  OK  (60.2s)
q=26：筛法幸存 0 类，l 进未解决 0 个，首中 {5: 2520, 13: 720, 31: 116, 71: 4}  OK  (62.9s)
q=27：筛法幸存 0 类，l 进未解决 0 个，首中 {5: 2520, 13: 720, 31: 116, 71: 4}  OK  (65.7s)
q=28：筛法幸存 0 类，l 进未解决 0 个，首中 {5: 2520, 13: 840}  OK  (68.5s)
q=29：筛法幸存 0 类，l 进未解决 0 个，首中 {5: 2520, 13: 840}  OK  (71.2s)
q=30：筛法幸存 0 类，l 进未解决 0 个，首中 {5: 2520, 13: 720, 31: 116, 71: 4}  OK  (73.8s)
未排除的 q：[]
time 73.8s
