t=-1: |H(W_0) - H(sigma-continuation)| max 3.7e-16 (W_0 只在 arg Z 不越过 π 时是主分支)
t=-1: Newton residual 5.6e-16, W(0,x)-tau/(1-x) 1.6e-16, max rel err (k<=24) 2.56e+283
    k=0 a=0.5 f=0.5 rel=8.3e-19
    k=1 a=0.25 f=0.25 rel=1.0e-16
    k=2 a=2.53703308362e-17 f=0 rel=2.6e+283
    k=3 a=-0.125 f=-0.125 rel=2.9e-16
    k=6 a=-0.078125 f=-0.078125 rel=2.7e-15
    k=12 a=-0.185302734375 f=-0.185302734375 rel=5.7e-14
    k=18 a=1.9617729187 f=1.9617729187 rel=3.0e-13
    k=24 a=-11.4054083228 f=-11.4054083228 rel=7.4e-12
t=-1/2: |H(W_0) - H(sigma-continuation)| max 4.6e-16 (W_0 只在 arg Z 不越过 π 时是主分支)
t=-1/2: Newton residual 3.5e-16, W(0,x)-tau/(1-x) 1.1e-16, max rel err (k<=24) 7.60e-10
    k=0 a=0.666666666667 f=0.666666666667 rel=1.7e-16
    k=1 a=0.444444444444 f=0.444444444444 rel=2.8e-16
    k=2 a=0.148148148148 f=0.148148148148 rel=5.1e-16
    k=3 a=-0.0493827160494 f=-0.0493827160494 rel=1.7e-15
    k=6 a=-0.387745770462 f=-0.387745770462 rel=1.9e-15
    k=12 a=1.11266788474 f=1.11266788474 rel=1.7e-13
    k=18 a=-6.14524420434 f=-6.14524420433 rel=1.4e-12
    k=24 a=41.7142634714 f=41.7142634822 rel=7.6e-10
t=-3: |H(W_0) - H(sigma-continuation)| max 3.6e-01 (W_0 只在 arg Z 不越过 π 时是主分支)
t=-3: Newton residual 1.7e-15, W(0,x)-tau/(1-x) 1.1e-16, max rel err (k<=24) 4.60e-09
    k=0 a=0.25 f=0.25 rel=7.0e-20
    k=1 a=0.0625 f=0.0625 rel=1.0e-16
    k=2 a=-0.03125 f=-0.03125 rel=2.2e-16
    k=3 a=-0.0546875 f=-0.0546875 rel=1.3e-16
    k=6 a=0.0167236328125 f=0.0167236328125 rel=1.3e-15
    k=12 a=-0.00808438658715 f=-0.00808438658714 rel=3.6e-13
    k=18 a=-0.023178735857 f=-0.0231787358571 rel=4.2e-12
    k=24 a=-0.00452999202252 f=-0.00452999202922 rel=4.6e-09
