setup 2.1s
i= 1  tau=   2  K*=   5  certified=True monotone=True  ratio(K*)=0.493  (2.1s)
i= 2  tau=   8  K*=  18  certified=True monotone=True  ratio(K*)=0.454  (2.1s)
i= 3  tau=  16  K*=  33  certified=True monotone=True  ratio(K*)=0.483  (2.1s)
i= 4  tau=  24  K*=  50  certified=True monotone=True  ratio(K*)=0.484  (2.2s)
i= 5  tau=  33  K*=  68  certified=True monotone=True  ratio(K*)=0.482  (2.2s)
i= 6  tau=  41  K*=  86  certified=True monotone=True  ratio(K*)=0.496  (2.2s)
i= 7  tau=  50  K*= 105  certified=True monotone=True  ratio(K*)=0.499  (2.3s)
i= 8  tau=  59  K*= 125  certified=True monotone=True  ratio(K*)=0.493  (2.4s)
i= 9  tau=  68  K*= 145  certified=True monotone=True  ratio(K*)=0.494  (2.5s)
i=10  tau=  77  K*= 166  certified=True monotone=True  ratio(K*)=0.487  (2.7s)
i=11  tau=  86  K*= 186  certified=True monotone=True  ratio(K*)=0.497  (3.0s)
i=12  tau=  95  K*= 207  certified=True monotone=True  ratio(K*)=0.498  (3.5s)
i=13  tau= 105  K*= 229  certified=True monotone=True  ratio(K*)=0.491  (4.2s)
i=14  tau= 114  K*= 250  certified=True monotone=True  ratio(K*)=0.496  (5.0s)
i=15  tau= 123  K*= 272  certified=True monotone=True  ratio(K*)=0.495  (6.1s)
i=16  tau= 132  K*= 294  certified=True monotone=True  ratio(K*)=0.495  (7.4s)
i=17  tau= 141  K*= 316  certified=True monotone=True  ratio(K*)=0.497  (9.0s)
i=18  tau= 151  K*= 338  certified=True monotone=True  ratio(K*)=0.5  (11.0s)
i=19  tau= 160  K*= 361  certified=True monotone=True  ratio(K*)=0.497  (13.2s)
i=20  tau= 169  K*= 384  certified=True monotone=True  ratio(K*)=0.495  (16.0s)
i=21  tau= 178  K*= 407  certified=True monotone=True  ratio(K*)=0.494  (19.0s)
i=22  tau= 188  K*= 430  certified=True monotone=True  ratio(K*)=0.495  (22.1s)
i=23  tau= 197  K*= 453  certified=True monotone=True  ratio(K*)=0.496  (25.6s)
i=24  tau= 206  K*= 476  certified=True monotone=True  ratio(K*)=0.498  (29.5s)
i=25  tau= 216  K*= 500  certified=True monotone=True  ratio(K*)=0.495  (33.5s)
i=26  tau= 225  K*= 523  certified=True monotone=True  ratio(K*)=0.498  (38.3s)
i=27  tau= 234  K*= 547  certified=True monotone=True  ratio(K*)=0.497  (44.0s)
i=28  tau= 244  K*= 571  certified=True monotone=True  ratio(K*)=0.496  (50.0s)
i=29  tau= 253  K*= 595  certified=True monotone=True  ratio(K*)=0.495  (59.3s)
i=30  tau= 263  K*= 619  certified=True monotone=True  ratio(K*)=0.496  (71.9s)
i=31  tau= 272  K*= 643  certified=True monotone=True  ratio(K*)=0.496  (82.9s)
i=32  tau= 281  K*= 667  certified=True monotone=True  ratio(K*)=0.498  (93.0s)
i=33  tau= 291  K*= 691  certified=True monotone=True  ratio(K*)=0.499  (112.9s)
i=34  tau= 300  K*= 716  certified=True monotone=True  ratio(K*)=0.496  (126.3s)
i=35  tau= 310  K*= 740  certified=True monotone=True  ratio(K*)=0.499  (139.6s)
i=36  tau= 319  K*= 765  certified=True monotone=True  ratio(K*)=0.497  (152.4s)
i=37  tau= 328  K*= 789  certified=True monotone=True  ratio(K*)=0.5  (167.4s)
i=38  tau= 338  K*= 814  certified=True monotone=True  ratio(K*)=0.499  (181.4s)
i=39  tau= 347  K*= 839  certified=True monotone=True  ratio(K*)=0.498  (197.9s)
i=40  tau= 357  K*= 864  certified=True monotone=True  ratio(K*)=0.498  (214.7s)
taus: [2, 8, 16, 24, 33, 41, 50, 59, 68, 77, 86, 95, 105, 114, 123, 132, 141, 151, 160, 169, 178, 188, 197, 206, 216, 225, 234, 244, 253, 263, 272, 281, 291, 300, 310, 319, 328, 338, 347, 357]
