k  s_k  deg v  #real  roots y=-m (dist to nearest integer)
 2   1    1    1  1.0000(0.000)
 3   1    2    2  0.6972(0.303) 4.3028(0.303)
 4   2    2    2  0.5756(0.424) 10.4244(0.424)
 5   2    3    3  0.4865(0.486) 2.0964(0.096) 29.4171(0.417)
 6   2    4    4  0.4007(0.401) 1.5953(0.405) 4.7528(0.247) 59.2512(0.251)
 7   3    4    4  0.3323(0.332) 1.3871(0.387) 8.9002(0.100) 102.3804(0.380)
 8   3    5    5  0.2806(0.281) 1.2345(0.234) 3.1715(0.171) 19.3664(0.366) 157.9471(0.053)
 9   3    6    6  0.2396(0.240) 1.0625(0.063) 2.5608(0.439) 5.5632(0.437) 36.7693(0.231) 226.8046(0.195)
10   4    6    6  0.2063(0.206) 0.9052(0.095) 2.2957(0.296) 9.0213(0.021) 63.1746(0.175) 309.3969(0.397)
11   4    7    7  0.1796(0.180) 0.7764(0.224) 2.1111(0.111) 4.2265(0.226) 16.6555(0.345) 98.8010(0.199) 406.2499(0.250)
12   4    8    8  0.1584(0.158) 0.6652(0.335) 1.8929(0.107) 3.5488(0.451) 6.4653(0.465) 29.1775(0.177) 144.3117(0.312) 517.7802(0.220)
13   5    8    8  0.1420(0.142) 0.5648(0.435) 1.6750(0.325) 3.2401(0.240) 9.5684(0.432) 48.2922(0.292) 200.1712(0.171) 644.3463(0.346)
14   5    9    9  0.1296(0.130) 0.4746(0.475) 1.4904(0.490) 3.0339(0.034) 5.2682(0.268) 15.8285(0.172) 74.6130(0.387) 266.9098(0.090) 786.2519(0.252)
15   5   10   10  0.1210(0.121) 0.3943(0.394) 1.3292(0.329) 2.7894(0.211) 4.5466(0.453) 7.4047(0.405) 25.8252(0.175) 108.8161(0.184) 345.0136(0.014) 943.7598(0.240)
16   6   10   10  0.1164(0.116) 0.3217(0.322) 1.1787(0.179) 2.5291(0.471) 4.2024(0.202) 10.2891(0.289) 40.9409(0.059) 151.3885(0.388) 434.9335(0.067) 1117.0997(0.100)
17   6   11   11  0.1174(0.117) 0.2531(0.253) 1.0385(0.039) 2.3016(0.302) 3.9789(0.021) 6.3010(0.301) 15.7450(0.255) 61.8878(0.112) 202.8261(0.174) 537.0755(0.076) 1306.4752(0.475)
18   6   12   12  0.1365(0.136) 0.1753(0.175) 0.9108(0.089) 2.1034(0.103) 3.7184(0.282) 5.5493(0.451) 8.3631(0.363) 24.2244(0.224) 89.3496(0.350) 263.5965(0.403) 651.8050(0.195) 1512.0678(0.068)
19   7   12   10  0.7936(0.206) 1.9163(0.084) 3.4273(0.427) 5.1754(0.175) 11.0980(0.098) 36.8559(0.144) 123.8330(0.167) 334.1479(0.148) 779.4505(0.450) 1734.0410(0.041)
20   7   13   11  0.6842(0.316) 1.7378(0.262) 3.1646(0.165) 4.9367(0.063) 7.3276(0.328) 16.0271(0.027) 54.3396(0.340) 165.8133(0.187) 414.8994(0.101) 920.3090(0.309) 1972.5427(0.457)
21   7   14   12  0.5816(0.418) 1.5728(0.427) 2.9368(0.063) 4.6659(0.334) 6.5547(0.445) 9.3325(0.333) 23.5031(0.497) 77.3402(0.340) 215.7326(0.267) 506.2399(0.240) 1074.6500(0.350) 2227.7078(0.292)
22   8   14   12  0.4849(0.485) 1.4202(0.420) 2.7215(0.279) 4.3520(0.352) 6.1554(0.155) 11.9580(0.042) 34.4608(0.461) 106.3705(0.370) 274.0157(0.016) 608.5281(0.472) 1242.7196(0.280) 2499.6596(0.340)
23   8   15   13  0.3925(0.392) 1.2765(0.276) 2.5125(0.488) 4.0596(0.060) 5.9028(0.097) 8.3497(0.350) 16.5153(0.485) 49.5494(0.451) 141.8919(0.108) 341.0672(0.067) 722.0947(0.095) 1424.7433(0.257) 2788.5117(0.488)
24   8   16   14  0.3013(0.301) 1.1406(0.141) 2.3168(0.317) 3.8067(0.193) 5.6248(0.375) 7.5613(0.439) 10.3089(0.309) 23.2818(0.282) 69.3979(0.398) 184.3261(0.326) 417.2698(0.270) 847.2444(0.244) 1620.9286(0.071) 3094.3689(0.369)
25   9   16   14  0.2064(0.206) 1.0125(0.013) 2.1350(0.135) 3.5687(0.431) 5.2940(0.294) 7.1402(0.140) 12.8503(0.150) 33.0441(0.044) 94.5116(0.488) 234.0743(0.074) 502.9832(0.017) 984.2589(0.259) 1831.4673(0.467) 3417.3282(0.328)
26   9   17   15  0.1116(0.112) 0.8914(0.109) 1.9629(0.037) 3.3346(0.335) 4.9761(0.024) 6.8746(0.125) 9.3684(0.368) 17.1308(0.131) 46.3907(0.391) 125.3395(0.340) 291.5200(0.480) 598.5446(0.455) 1133.3994(0.399) 2056.5372(0.463) 3757.4800(0.480)
27   9   18   16  0.0646(0.065) 0.7759(0.224) 1.7987(0.201) 3.1129(0.113) 4.7012(0.299) 6.5915(0.409) 8.5687(0.431) 11.2901(0.290) 23.3704(0.370) 63.9069(0.093) 162.2870(0.287) 357.0297(0.030) 704.2688(0.269) 1294.9085(0.092) 2296.3039(0.304) 4114.9083(0.092)
28  10   18   16  0.0433(0.043) 0.6652(0.335) 1.6432(0.357) 2.9064(0.094) 4.4443(0.444) 6.2479(0.248) 8.1285(0.129) 13.7645(0.235) 32.2407(0.241) 86.0815(0.082) 205.7349(0.265) 430.9523(0.048) 820.4504(0.450) 1469.0122(0.012) 2550.9217(0.078) 4489.6919(0.308)
29  10   19   17  0.0311(0.031) 0.5585(0.441) 1.4957(0.496) 2.7101(0.290) 4.1893(0.189) 5.9079(0.092) 7.8507(0.149) 10.3846(0.385) 17.8305(0.169) 44.2707(0.271) 113.3497(0.350) 256.0463(0.046) 513.6186(0.381) 947.3650(0.365) 1655.9220(0.078) 2820.5351(0.465) 4881.9046(0.095)
30  10   20   18  0.0237(0.024) 0.4546(0.455) 1.3550(0.355) 2.5217(0.478) 3.9451(0.055) 5.6133(0.387) 7.5635(0.436) 9.5764(0.424) 12.2747(0.275) 23.6639(0.336) 60.0004(0.000) 146.1024(0.102) 313.5695(0.431) 605.3412(0.341) 1085.2707(0.271) 1855.8356(0.164) 3105.2794(0.279) 5291.6157(0.384)
31  11   20   18  0.0194(0.019) 0.3518(0.352) 1.2202(0.220) 2.3423(0.342) 3.7169(0.283) 5.3401(0.340) 7.2103(0.210) 9.1196(0.120) 14.6943(0.306) 31.8452(0.155) 79.8962(0.104) 184.7035(0.297) 378.6382(0.362) 706.4156(0.416) 1234.4103(0.410) 2068.9390(0.061) 3405.2820(0.282) 5718.8906(0.109)
32  11   21   19  0.0176(0.018) 0.2488(0.249) 1.0911(0.091) 2.1716(0.172) 3.4998(0.500) 5.0675(0.067) 6.8510(0.149) 8.8301(0.170) 11.3987(0.399) 18.5889(0.411) 42.8496(0.150) 104.3778(0.378) 229.4981(0.498) 451.5716(0.428) 817.1203(0.120) 1395.0117(0.012) 2295.4070(0.407) 3720.6628(0.337) 6163.7908(0.209)
33  11   22   20  0.0193(0.019) 0.1447(0.145) 0.9670(0.033) 2.0082(0.008) 3.2904(0.290) 4.8035(0.197) 6.5385(0.461) 8.5395(0.460) 10.5842(0.416) 13.2617(0.262) 24.0995(0.100) 57.1726(0.173) 133.8224(0.178) 280.8170(0.183) 532.6741(0.326) 937.7185(0.282) 1567.2900(0.290) 2535.4046(0.405) 4051.5351(0.465) 6626.3746(0.375)
34  12   22   18  0.8472(0.153) 1.8513(0.149) 3.0899(0.090) 4.5562(0.444) 6.2510(0.251) 8.1791(0.179) 10.1126(0.113) 15.6355(0.365) 31.7339(0.266) 75.2561(0.256) 168.5794(0.421) 338.9782(0.022) 622.2355(0.236) 1068.4589(0.459) 1751.4483(0.448) 2789.0875(0.088) 4398.0058(0.006) 7106.6972(0.303)
35  12   23   19  0.7310(0.269) 1.7008(0.299) 2.8986(0.101) 4.3207(0.321) 5.9632(0.037) 7.8029(0.197) 9.8121(0.188) 12.4112(0.411) 19.3898(0.390) 41.9192(0.081) 97.5023(0.498) 208.9782(0.022) 404.2874(0.287) 720.5313(0.469) 1209.5770(0.423) 1947.6787(0.321) 3056.6033(0.397) 4760.1765(0.177) 7604.8110(0.189)
36  12   24   20  0.6178(0.382) 1.5562(0.444) 2.7150(0.285) 4.0927(0.093) 5.6818(0.318) 7.4739(0.474) 9.5186(0.481) 11.5919(0.408) 14.2507(0.251) 24.6378(0.362) 55.1100(0.110) 124.2750(0.275) 255.3338(0.334) 477.0381(0.038) 827.8234(0.177) 1361.2957(0.296) 2156.1630(0.163) 3338.0915(0.092) 5138.1433(0.143) 8120.7657(0.234)
37  13   24   22  -0.0884(0.088) -0.0060(0.006) 0.5068(0.493) 1.4168(0.417) 2.5383(0.462) 3.8734(0.127) 5.4172(0.417) 7.1736(0.174) 9.1526(0.153) 11.1073(0.107) 16.5854(0.415) 31.8281(0.172) 71.7220(0.278) 155.9104(0.090) 307.9494(0.051) 557.5114(0.489) 944.3607(0.361) 1523.8268(0.173) 2377.0741(0.074) 3633.6851(0.315) 5531.9978(0.002) 8654.6087(0.391)
38  13   25   23  -0.1224(0.122) -0.0034(0.003) 0.3973(0.397) 1.2822(0.282) 2.3683(0.368) 3.6637(0.336) 5.1654(0.165) 6.8726(0.127) 8.7617(0.238) 10.7962(0.204) 13.4223(0.422) 20.2225(0.222) 41.3458(0.346) 92.1393(0.139) 192.7244(0.276) 367.1169(0.117) 645.9762(0.024) 1070.3801(0.380) 1697.3714(0.371) 2610.5759(0.424) 3943.5101(0.490) 5941.8268(0.173) 9206.3851(0.385)
39  13   26   24  -0.1470(0.147) -0.0024(0.002) 0.2885(0.288) 1.1519(0.152) 2.2047(0.205) 3.4621(0.462) 4.9209(0.079) 6.5756(0.424) 8.4174(0.417) 10.5000(0.500) 12.5995(0.401) 15.2411(0.241) 25.2525(0.252) 53.6079(0.392) 116.7123(0.288) 235.0179(0.018) 433.1182(0.118) 742.6896(0.310) 1206.1072(0.107) 1882.1208(0.121) 2856.8249(0.175) 4267.6868(0.313) 6367.7134(0.287) 9776.1381(0.138)
40  14   26   24  -0.1634(0.163) -0.0022(0.002) 0.1801(0.180) 1.0256(0.026) 2.0468(0.047) 3.2674(0.267) 4.6847(0.315) 6.2953(0.295) 8.1054(0.105) 10.1300(0.130) 12.1032(0.103) 17.5421(0.458) 32.0753(0.075) 69.0045(0.004) 145.7649(0.235) 283.0805(0.080) 506.2243(0.224) 847.8974(0.103) 1351.7568(0.243) 2078.2575(0.257) 3115.9697(0.030) 4606.3298(0.330) 6809.7367(0.263) 10363.9087(0.091)
closest-to-integer roots with y>s_k: [(0.0, 2, 1.0), (0.00036, 30, 60.0004), (0.00224, 37, 5531.9978), (0.00449, 40, 69.0045), (0.00584, 34, 4398.0058), (0.01168, 32, 1395.0117), (0.01223, 28, 1469.0122), (0.01361, 15, 345.0136), (0.01574, 22, 274.0157), (0.01676, 25, 502.9832), (0.01794, 39, 235.0179), (0.02128, 10, 9.0213)]
