纤维 3：l<=60000 中阶 13-光滑的素数 64 个
  l=13  P=84  {2: 2, 3: 1, 7: 1}
  l=23  P=528  {2: 4, 3: 1, 11: 1}
  l=31  P=480  {2: 5, 3: 1, 5: 1}
  l=43  P=1848  {2: 3, 3: 1, 7: 1, 11: 1}
  l=71  P=70  {2: 1, 5: 1, 7: 1}
  l=79  P=6240  {2: 5, 3: 1, 5: 1, 13: 1}
  l=89  P=880  {2: 4, 5: 1, 11: 1}
  l=97  P=96  {2: 5, 3: 1}
  l=109  P=11880  {2: 3, 3: 3, 5: 1, 11: 1}
  l=127  P=16128  {2: 8, 3: 2, 7: 1}
  l=131  P=65  {5: 1, 13: 1}
  l=181  P=32760  {2: 3, 3: 2, 5: 1, 7: 1, 13: 1}
  l=193  P=96  {2: 5, 3: 1}
  l=197  P=38808  {2: 3, 3: 2, 7: 2, 11: 1}
  l=199  P=19800  {2: 3, 3: 2, 5: 2, 11: 1}
  l=241  P=58080  {2: 5, 3: 1, 5: 1, 11: 2}
  l=251  P=63000  {2: 3, 3: 2, 5: 3, 7: 1}
  l=257  P=256  {2: 8}
  l=271  P=270  {2: 1, 3: 3, 5: 1}
  l=449  P=448  {2: 6, 7: 1}
  l=487  P=486  {2: 1, 3: 5}
  l=673  P=672  {2: 5, 3: 1, 7: 1}
  l=701  P=245700  {2: 2, 3: 3, 5: 2, 7: 1, 13: 1}
  l=727  P=176176  {2: 4, 7: 1, 11: 2, 13: 1}
  l=1373  P=1372  {2: 2, 7: 3}
  l=2081  P=2080  {2: 5, 5: 1, 13: 1}
  l=2113  P=1056  {2: 5, 3: 1, 11: 1}
  l=2311  P=2310  {2: 1, 3: 1, 5: 1, 7: 1, 11: 1}
  l=2971  P=2970  {2: 1, 3: 3, 5: 1, 11: 1}
  l=3329  P=3328  {2: 8, 13: 1}
  l=3389  P=3388  {2: 2, 7: 1, 11: 2}
  l=4159  P=17297280  {2: 7, 3: 3, 5: 1, 7: 1, 11: 1, 13: 1}
  l=4201  P=4200  {2: 3, 3: 1, 5: 2, 7: 1}
  l=4357  P=2178  {2: 1, 3: 2, 11: 2}
  l=4481  P=4480  {2: 7, 5: 1, 7: 1}
  l=4801  P=5762400  {2: 5, 3: 1, 5: 2, 7: 4}
  l=6481  P=1296  {2: 4, 3: 4}
  l=7151  P=7150  {2: 1, 5: 2, 11: 1, 13: 1}
  l=7561  P=7560  {2: 3, 3: 3, 5: 1, 7: 1}
  l=8191  P=33546240  {2: 13, 3: 2, 5: 1, 7: 1, 13: 1}
  l=10141  P=10140  {2: 2, 3: 1, 5: 1, 13: 2}
  l=11617  P=3872  {2: 5, 11: 2}
  l=12637  P=12636  {2: 2, 3: 5, 13: 1}
  l=13553  P=13552  {2: 4, 7: 1, 11: 2}
  l=15731  P=15730  {2: 1, 5: 1, 11: 2, 13: 1}
  l=16633  P=16632  {2: 3, 3: 3, 7: 1, 11: 1}
  l=17837  P=17836  {2: 2, 7: 3, 13: 1}
  l=18253  P=9126  {2: 1, 3: 3, 13: 2}
  l=19801  P=19800  {2: 3, 3: 2, 5: 2, 11: 1}
  l=20593  P=5148  {2: 2, 3: 2, 11: 1, 13: 1}
  l=21061  P=21060  {2: 2, 3: 4, 5: 1, 13: 1}
  l=24337  P=24336  {2: 4, 3: 2, 13: 2}
  l=26881  P=26880  {2: 8, 3: 1, 5: 1, 7: 1}
  l=30871  P=30870  {2: 1, 3: 2, 5: 1, 7: 3}
  l=35201  P=35200  {2: 7, 5: 2, 11: 1}
  l=37501  P=37500  {2: 2, 3: 1, 5: 5}
  l=37633  P=37632  {2: 8, 3: 1, 7: 2}
  l=38611  P=38610  {2: 1, 3: 3, 5: 1, 11: 1, 13: 1}
  l=39367  P=39366  {2: 1, 3: 9}
  l=47917  P=23958  {2: 1, 3: 2, 11: 3}
  l=50051  P=50050  {2: 1, 5: 2, 7: 1, 11: 1, 13: 1}
  l=50821  P=50820  {2: 2, 3: 1, 5: 1, 7: 1, 11: 2}
  l=54881  P=54880  {2: 5, 5: 1, 7: 3}
  l=57751  P=57750  {2: 1, 3: 1, 5: 3, 7: 1, 11: 1}
T=2520：2 个 [(13, 84), (71, 70)]
T=5040：2 个 [(13, 84), (71, 70)]
T=7560：4 个 [(13, 84), (71, 70), (271, 270), (7561, 7560)]
T=10080：6 个 [(13, 84), (31, 480), (71, 70), (97, 96), (193, 96), (673, 672)]
T=13860：3 个 [(13, 84), (71, 70), (2311, 2310)]
T=15120：4 个 [(13, 84), (71, 70), (271, 270), (7561, 7560)]
T=20160：7 个 [(13, 84), (31, 480), (71, 70), (97, 96), (193, 96), (449, 448), (673, 672)]
T=25200：3 个 [(13, 84), (71, 70), (4201, 4200)]
T=27720：4 个 [(13, 84), (43, 1848), (71, 70), (2311, 2310)]
T=30240：8 个 [(13, 84), (31, 480), (71, 70), (97, 96), (193, 96), (271, 270), (673, 672), (7561, 7560)]
T=32760：4 个 [(13, 84), (71, 70), (131, 65), (181, 32760)]
T=36036：2 个 [(13, 84), (20593, 5148)]
T=40320：8 个 [(13, 84), (31, 480), (71, 70), (97, 96), (193, 96), (449, 448), (673, 672), (4481, 4480)]
T=55440：6 个 [(13, 84), (23, 528), (43, 1848), (71, 70), (89, 880), (2311, 2310)]
