========================================================================
>>> s1_T41.py  (rc=0, 4.0s)
PASS base.N :: 自写 N 三角 == core DP 容斥 (k<=40) == 自写字面 DP 容斥 (k<=22) == core.N_brute (k<=8)
PASS T4.1.p0-5 :: p_0..p_5（报告原文系数）在 2d+2<=k<=40 等于 core 的 N(k,k-d)，在 2d+2<=k<=250 等于三角递推值；d+1<=k<=2d+1 每点都不等（门槛 2d+2 精确）; bad=[]
PASS T4.1.degree-lead-second :: d<=60：插值多项式在多余点上与数据一致，deg=2d，首项 2/(2^d d!)，次首项 = -(4d^2-3d)*首项; bad=[] []
PASS T4.1.defects :: d<=60：e_d(2d+1)=(-1)^{d+1}(d+1)!，e_d(2d)=(-1)^{d+1}(d+2)!/2; bad=[]
PASS T4.1.r-rec :: r_d=-(4d^2-3d) 满足 (2d-1)r_d=2d r_{d-1}-12d^2+11d（d<200），r_1=-1
PASS T4.1.p2-m :: p_2(m+5) = (m^4+10m^3+43m^2+82m+124)/4；实算 ['31', '41/2', '43/4', '5/2', '1/4']
INFO 非正系数位置（m 的次数）d=47..60:
   d=47 (deg 94): nonpos=[91] zeros=[] low(<=d)=[]
   d=48 (deg 96): nonpos=[93] zeros=[] low(<=d)=[]
   d=49 (deg 98): nonpos=[95] zeros=[] low(<=d)=[]
   d=50 (deg 100): nonpos=[97] zeros=[] low(<=d)=[]
   d=51 (deg 102): nonpos=[99] zeros=[] low(<=d)=[]
   d=52 (deg 104): nonpos=[97, 101] zeros=[] low(<=d)=[]
   d=53 (deg 106): nonpos=[99, 103] zeros=[] low(<=d)=[]
   d=54 (deg 108): nonpos=[101, 105] zeros=[] low(<=d)=[]
   d=55 (deg 110): nonpos=[103, 107] zeros=[] low(<=d)=[]
   d=56 (deg 112): nonpos=[101, 105, 109] zeros=[] low(<=d)=[]
   d=57 (deg 114): nonpos=[8, 10, 103, 107, 111] zeros=[] low(<=d)=[8, 10]
   d=58 (deg 116): nonpos=[7, 9, 11, 105, 109, 113] zeros=[] low(<=d)=[7, 9, 11]
   d=59 (deg 118): nonpos=[6, 8, 10, 12, 107, 111, 112, 115] zeros=[] low(<=d)=[6, 8, 10, 12]
   d=60 (deg 120): nonpos=[5, 7, 9, 11, 13, 105, 109, 113, 114, 117] zeros=[] low(<=d)=[5, 7, 9, 11, 13]
PASS T4.1.shiftpos :: d<=46 全正；d=47 首个失败且只有 m^91（比值 -122153）；47<=d<=60 每个 d 都有非正系数
PASS T4.1.low-vs-high :: d<=56 的非正系数次数都 > d（高次端）；d=57..60 都有次数 <= d 的非正系数；d=57 的低次为 m^8、m^10
PASS T4.2.3-newton :: d<=40：Δ^i p_d(2d+2) 全为正整数、末项 2(2d-1)!!；d=2 为 [65, 74, 64, 30, 6]; bad=[]
PASS T4.2.3-identity :: 恒等式（多项式，d<30，n in [-3,15)）成立；四项相对各自基点 2d'+2 的右移量 = [2, 0, 2, 4]; bad=[]
PASS T4.2.3-mult-rule :: 乘 (α+n) 时 Newton 系数 f_l -> f_l(α+l)+l f_{l-1}（50 个随机多项式）
PASS T4.2.3-base2d1 :: 奇数 d<=67 为正、奇数 69<=d<=101 为负；偶数 d 时 D(2d+1,d)+(d+1)!>0；d<=60 与插值多项式一致；d=69: N(139,70)-70! = -1.7422e+99 (100 位)
INFO N(139,70) = 10236389635472667511653644731735512705852618237464577469377907090571698798268981001239610508585419352
INFO 70!       = 11978571669969891796072783721689098736458938142546425857555362864628009582789845319680000000000000000
INFO diff      = -1742182034497224284419138989953586030606319905081848388177455774056310784520864318440389491414580648
INFO floor(D(2d+1,d)/(d+1)!) 奇数 d: [(1, 2), (3, 8), (5, 30), (7, 90), (9, 225), (11, 484), (13, 911), (15, 1533), (17, 2334), (19, 3248), (21, 4165), (23, 4960), (25, 5516), (27, 5759), (29, 5670), (31, 5284), (33, 4678), (35, 3946), (37, 3179), (39, 2453), (41, 1816), (43, 1293), (45, 887), (47, 587), (49, 375), (51, 232), (53, 139), (55, 81), (57, 45), (59, 25), (61, 13), (63, 7), (65, 3), (67, 1), (69, 0), (71, 0)]
PASS T4.1.anchors :: D(2d+2,d) d=0..5 = [2, 8, 65, 574, 6012, 70674]
elapsed 3.9s
========================================================================
>>> s2_patterns.py  (rc=0, 112.6s)
INFO d=0：枚举合法满射词 6 个，模式 2 个；(σ,β)->M: [((0, 0), 1), ((2, 2), 1)]
INFO d=1：枚举合法满射词 55 个，模式 7 个；(σ,β)->M: [((1, 0), 1), ((2, 0), 1), ((2, 2), 1), ((3, 2), 1), ((4, 2), 1), ((4, 3), 2)]
INFO d=2：枚举合法满射词 1023 个，模式 51 个；(σ,β)->M: [((1, 0), 1), ((2, 0), 4), ((2, 2), 1), ((3, 0), 3), ((3, 2), 4), ((3, 3), 2), ((4, 0), 3), ((4, 2), 5), ((4, 3), 6), ((5, 2), 3), ((5, 3), 4), ((6, 2), 3), ((6, 3), 6), ((6, 4), 6)]
INFO d=3：枚举合法满射词 25747 个，模式 459 个；(σ,β)->M: [((1, 0), 1), ((2, 0), 8), ((2, 2), 2), ((3, 0), 17), ((3, 2), 9), ((3, 3), 4), ((4, 0), 24), ((4, 2), 17), ((4, 3), 14), ((5, 0), 15), ((5, 2), 26), ((5, 3), 34), ((5, 4), 12), ((6, 0), 15), ((6, 2), 27), ((6, 3), 42), ((6, 4), 30), ((7, 2), 15), ((7, 3), 24), ((7, 4), 18), ((8, 2), 15), ((8, 3), 30), ((8, 4), 36), ((8, 5), 24)]
INFO d=4：枚举合法满射词 798440 个，模式 4990 个；(σ,β)->M: [((1, 0), 1), ((2, 0), 14), ((2, 2), 3), ((3, 0), 53), ((3, 2), 17), ((3, 3), 6), ((4, 0), 110), ((4, 2), 54), ((4, 3), 44), ((4, 4), 6), ((5, 0), 155), ((5, 2), 115), ((5, 3), 132), ((5, 4), 48), ((6, 0), 180), ((6, 2), 161), ((6, 3), 210), ((6, 4), 114), ((7, 0), 105), ((7, 2), 200), ((7, 3), 310), ((7, 4), 252), ((7, 5), 72), ((8, 0), 105), ((8, 2), 195), ((8, 3), 330), ((8, 4), 324), ((8, 5), 168), ((9, 2), 105), ((9, 3), 180), ((9, 4), 180), ((9, 5), 96), ((10, 2), 105), ((10, 3), 210), ((10, 4), 270), ((10, 5), 240), ((10, 6), 120)]
PASS T4.2.1-totals :: 模式总数 d=0..4 = [2, 7, 51, 459, 4990]（报告 2,7,51,459,4990,63537,928393）
PASS T4.2.1-range :: σ<=2d+2（σ=2d+3 层枚举为空）、β∈{0}∪[2,d+2]（d<=4）
PASS T4.2.1-families :: M(d;2d-1,0)=M(d;2d+1,2)=(2d-1)!!，M(d;2d+2,d+1)=d(d+1)!/2，M(d;2d-2,0)=4(d-1)(2d-3)!!（d>=2），M(d;2d,0)=M(d;2d+2,2)=(2d-1)!!，β=d+2 只在 σ=2d+2 且共 (d+1)! 个（1<=d<=4）; bad=[]
PASS T4.2.1-table4 :: c4.md 表 4（d<=4）与暴力枚举逐项一致; bad=[]
PASS T4.2.1-expansion :: D(k,d)=Σ M(d;σ,β)·C⁺(k-d-β,σ-β)（组合二项式，上指标<0 取 0）对 d<=k<=80 成立（d<=4）; bad=[]
PASS T4.2.1-expansion-poly :: 改用多项式二项式后 Σ M·C(k-d-β,σ-β) == p_d(k)（-5<=k<=80，d<=4）; bad=[]
PASS T4.2.1-defect-from-patterns :: e_d(2d+1) = -Σ_{β=d+2} M·C(-1,σ-β) = (-1)^{d+1}(d+1)!（d<=4）
PASS T4.2.1-phi :: 约化映射逐词：平凡值 > E 层、像是模式、最小 β 个值被钉死、每个模式的原像数 = C⁺(q-β,σ-β)（d<=3, q<=7）; bad=[]
elapsed 112.6s
========================================================================
>>> s3_num.py  (rc=0, 0.5s)
PASS T4.3.1-Frec :: b_{q-1}F_q=(x+2(q-1)x^3)F_{q-1}+(q-1)x^3F_{q-2}+[q=2]x^2，1<=q<=30，到 x^199；去掉边界项时 q=2 恰差 x^2
PASS T4.3.1-Numrec :: P_{q-1}F_q 是多项式（x^{3q-1}..x^260 为 0，q<=40），== 三项递推（q>=3，Num_1=x，Num_2=2x^2+x^4），Num_1..Num_4 == 提示词四式
PASS T4.3.1-deg-lead-low :: deg=3q-2，L_q=(q-1)[2L_{q-1}-(q-2)L_{q-2}]=(q-1)!（q<=40），最低项 2x^q（2<=q<=40），Num_1=x
PASS T4.3.2-IE :: Num_q=Σ_i(-1)^{q-i}C(q,i)W_{i-1}∏_{v=i}^{q-1}b_v（W_{-1}=1），1<=q<=20; bad=[]
PASS T4.3.3-posrec :: 正项全历史递推：2<=q<=15 中只有 q=2 不成立（右端 [0, 0, 3, 0, 1] = 3x^2+x^4），3<=q<=15 全部成立
PASS T4.3.3-support :: 3<=q<=40 正项递推成立；2<=q<=40 系数全非负，非零项恰为 x^q..x^{3q-4} 与 x^{3q-2}
PASS T4.3.4-A262 :: Num_q(1) == a(q)=(2q-1)a(q-1)-(q-1)(q-2)a(q-2) == Σ_j Lah(q,j) == q![z^q]exp(z/(1-z))（q<=40 / 13），前几项 [1, 3, 13, 73, 501]
PASS T4.3.5-low :: [x^{q+1}]Num_q=q^2-q-4（q>=3）、[x^{q+2}]=(q^4-6q^3+7q^2-2q+76)/4（q>=4）；门槛处缺陷 (-1)^{j+1}(j+1)!（j=1: q=2，j=2: q=3），q<=40; bad=[]
PASS T4.3.6-high :: a_{q,j}=[x^{3q-2-j}]Num_q：j=0:(q-1)!，j=1:0，j=2:(q-1)!(q-1+H_{q-1})，j=3:(q-1)(q-1)!(H_{q-1}-1)（1<=q<=40，含 q<=15）; bad=[]
PASS T4.3.6-table6 :: c4.md 表 6（j<=8）的 Stirling 形式 == 真实 a_{q,j}（1<=q<=40）; bad=[]
PASS T4.3.6-Aj :: R_q(y)=y^{3q-2}Num_q(1/y) 的 y^j 系数 = a_{q,j}（q<=14，三个 y 值）；A_0=L、A_1=0、A_2=u-L+L^2/2、A_3=uL-u-L^2/2+L（到 z^15），指标 ι 分别为 1、-、2、2 <= floor(j/2)+1
elapsed 0.4s
========================================================================
>>> s4_num2.py  (rc=0, 2.4s)
PASS T4.3.7-egf-symbolic :: (y+1)(Φ-1)/y^2 - yΦ∫_0^{z/(1-z)}(1+w)^{y^3-y^2}e^{-y^3w}dw 在 Q[y][[z]] 中逐项等于 Σ R_q(y)z^q/q!（q<=10，y 为符号）；Φ-1 的每个系数被 y^2 整除; bad=[]
PASS T4.3.7-y1 :: y=1 时系数 = Num_q(1)（即 e^{z/(1-z)}-1 的系数，q<=10）
PASS T4.3.8-reducible :: b_i（1<=i<=5000）有有理根 ⇔ i=r^2(r-1)：[4, 18, 48, 100, 180, 294, 448, 648, 900, 1210, 1584, 2028, 2548, 3150, 3840, 4624]
PASS T4.3.8-cong :: Num_q ≡ W_i·S_{q,i} (mod b_i)，1<=q<=20、全部 0<=i<q（下降阶乘）；改用上升阶乘则失败，例如 [(3, 0), (4, 0), (4, 1)]
PASS T4.3.8-laguerre :: S_{q,i}=n!·v^n·L_n^{(i+1)}(-1/v)（L 由三项递推生成，1<=q<=25 全部 i<q）; bad=[]
PASS T4.3.8-gcd :: gcd(Num_q,P_{q-1})=1（模 2^61-1 的 Euclid，p 不整除两者首项系数），1<=q<=30; bad=[]
PASS T4.3.8-numeric :: b_4、b_18 二次因子的复根 ξ 处 Num_q(ξ)=W_i(ξ)S_{q,i}(ξ)≠0（q<=30，双精度），min|Num|/Σ|项| = 0.00109
PASS T4.3.8-W-coprime :: gcd(W_i,b_i)=1（0<=i<60，模 p）; bad=[]
elapsed 2.3s
========================================================================
>>> s5_c5.py  (rc=0, 0.6s)
PASS base.U :: core.U_fast_table == 自写字面 DP（k<=20, m<=8）
PASS T5.1.3-cm-forms :: c_m 三种闭式（G_{m-1} 式、ρ(ρ^{3m+1}/m!-Σ)/(3ρ-2)、ρ^{3m+3}/(m!(ρ^2+3m))(1+Σ j m!/(m-j)! ρ^{-3j-2})）相对差 <1e-90（1<=m<=20）; bad=[]
PASS T5.1.3-c123 :: c_1,c_2,c_3 舍入 = ('2.2096081318', '7.8411192294', '28.976857317')
PASS T5.1.3-c1 :: c_1=(10+15ρ+17ρ^2)/31（数值 1e-100）
PASS T5.1.4-c4-c18 :: c_4=215/2，c_18=37105325714711350249401/6830759936000（ρ=2,3 精确代入第二式）；ρ_m 为整数的 m<2000: [0, 4, 18, 48, 100, 180, 294, 448, 648, 900, 1210, 1584]
PASS T5.1.1-gamma-forms :: γ_j 的两种写法在 Q[y]/(y^3-y^2-j) 中相等（1<=j<=24，含 j=4,18）; bad=[]
PASS T5.1.1-binet :: Binet 型公式（γ_j 用第一式，numpy 求根，双精度）与 DP 相符，0<=m<=6, 0<=k<=30，最大相对误差 4.03e-11; bad=[]
PASS T5.1.2-key :: |σ_m|^2=m/ρ_m=ρ_m(ρ_m-1)<ρ_{m-1}^2、τ_m<ρ_{m-1}、|σ_j| 递增（m<60）；τ_1=0.8260; bad=[]
PASS T5.1.2-kappa :: e_k/(−κ_mθ_m^k) → 1（κ_m=c_{m-1}ρ_{m-1}^3/c_m，θ_m=ρ_{m-1}/ρ_m），m=1..5，k=300/400：[(1, 300, 1.0), (1, 400, 1.0), (2, 300, 1.0), (2, 400, 1.0), (3, 300, 1.0), (3, 400, 1.0), (4, 300, 1.0), (4, 400, 1.0), (5, 300, 1.0), (5, 400, 1.0)]
INFO m=2: U41/U40/ρ-1=3.5376e-04  κ(1-θ)θ^40=3.5284e-04  实测/理论-1=0.0026  U40^(1/40)/ρ-1=5.2764e-02  U40/(cρ^40)-1=-2.6007e-03
INFO m=3: U41/U40/ρ-1=2.7920e-03  κ(1-θ)θ^40=2.7134e-03  实测/理论-1=0.0289  U40^(1/40)/ρ-1=8.6976e-02  U40/(cρ^40)-1=-3.0061e-02
PASS T5.1.5-k40 :: 相邻比 0.035%%/0.28%%，与理论吻合到 0.3%%/3%%；U^(1/40) 5.3%%/8.7%%；U/(cρ^40) 0.26%%/3.0%%
PASS T5.2-formulas :: [m^k],[m^{k-1}],[m^{k-2}],[m^{k-3}] 四式在各自门槛以上成立、门槛前一点失效（k<=30）；k=3: 实际 2，公式 1; bad=[]
PASS T5.3.1-basic :: [t^1]h_k=R_k-k-1（k<=30；k=0,1 为 0，k>=2 为正）、其 g.f.=x^2(1-x+x^2)/((1-x)^2(1-x-x^3))、h_k(0)=1、h_k(1)=2（k>=2）、h_k^{(d)}(1) 公式（d<=3）、h_k'(1)=-(k^2-3k-2)（k>=4）
PASS T5.3.3-deg-lead :: deg h_k=floor(2k/3)，首项 (-1)^a a! / (-1)^a c(a+2,2) / (-1)^a (a+1)!（k=3a,3a+1,3a+2；0<=k<=30）; bad=[]
PASS T5.3.2-neg :: U_k(-j)=0（1<=j<=floor((k+2)/3)）、U_k(-s_k-1)≠0、U_{3j}(-j-1)=j!、G_{-j} 递推与次数 3j-3（k<=30，j<=10）; bad=[]
PASS T5.3.4-mobius :: μ(0̂,1̂)（允许行偏序集直接计算）= U_k(-2)：[-1, 1, 1, 0, 0, 0, 0, 0, 0]（k=1..9）
PASS T5.4.3-A038718 :: 条目 offset=1；b 文件 a(k+2)=R_k（k<70），a(1)=1；(1-x+x^2)/((1-x)(1-x-x^3)) = Σ_{n>=1}a(n)x^{n-1} = 1+xΣR_kx^k；ΣR_kx^k=(1+x^2-x^3)/((1-x)(1-x-x^3))；前者 x^1 系数 1 ≠ R_1=2；分母展开 1-2x+x^2-x^3+x^4
PASS T5.4.4-5 :: U_3=(m+1)(m^2+5m+3)/3=2C(m+3,3)-(m+1)=A084990(m+1)（offset 0）；U_4=(m+1)(m+2)(m^2+11m+6)/12=C(m+2,2)^2-4C(m+2,4)=A326247(m+2)（offset 0）；[2]^4 单调 4 元组 8≠U_4(1)=9
elapsed 0.4s
========================================================================
>>> s6_misc.py  (rc=0, 6.2s)
PASS T4.2.2-hstar :: 1<=d<=5、整数 c∈[-400,400]：p_d 在基 C(K+c-j,2d)（j=0..2d）下的系数总有负的（并核对展开式本身）; bad=[]
PASS T5.2-Bd :: B_d(k)=(k-d)![m^{k-d}]U_k = Σ_e(-1)^{d-e}N(k,k-e)ẽ_{d-e}(k-e)（d<=5, d<=k<=30）; bad=[]
INFO k, N(k,k-1), k^2-k-4, N(k,k-2), p_2(k): [(2, 1, -2, 0, Fraction(19, 1)), (3, 4, 2, 1, Fraction(17, 1)), (4, 8, 8, 7, Fraction(19, 1)), (5, 16, 16, 25, Fraction(31, 1)), (6, 26, 26, 65, Fraction(65, 1)), (7, 38, 38, 139, Fraction(139, 1)), (8, 52, 52, 277, Fraction(277, 1))]
PASS T5.2-basis-range :: 「U_k=2C(m+1,k)+(k^2-k-4)C(m+1,k-1)+p_2(k)C(m+1,k-2)+…」只在 k>=6 成立（k>=4 时前两项成立）；k<=5 处不成立的点：[2, 3, 4, 5]
PASS T5.2-mu-range :: μ_k=(k^2-2k-1)/2 使 (2/k!)(m+μ_k)^k 与 U_k 前两项一致：k>=4 成立，k=3 不成立
elapsed 6.1s
========================================================================
>>> s7_oeis.py  (rc=0, 19.7s)
PASS T5.4.1-bfiles :: A207118–A207122（列 k=3..7，n<=210）、A207124–A207127 与 A207069/A207070（行 n=4..7、2..3，k<=210）、A207117（对角 n<=19）、A207123（545 项，反对角线内 n 递增）全部 = U_k(ceil n/2)U_k(floor n/2); bad=[]
elapsed 19.6s
========================================================================
>>> s8_bij3.py  (rc=0, 0.1s)
PASS T5.4.4-bij3 :: U_3 的显式映射是「合法三元组 -> 单调三元组」的保值集双射（m<=12）；Λ_3（6 个允许行）与 Q_3 的 0̂->1̂ 链数都是 [1, 4, 2] / [1, 4, 2]
========================================================================
>>> s9_stirling_assoc.py  (rc=0, 0.1s)
PASS T4.2.1-S2-meaning :: S(k,k-d)=Σ_j S_2(d+j,j)C(k,d+j) 对相伴 Stirling 数（块大小>=2）成立（d<=8,k<60）；若把 S_2 读成第二类 Stirling 数 S 则不成立，例如 k=4,d=1：S(4,3)=6，而 Σ_j S(1+j,j)C(4,1+j)=24
========================================================================
>>> s10_nk.py  (rc=0, 0.7s)
PASS T5.3-nk :: n_k(z)=(1+z)^{k-1}h_k(z/(1+z))（k<=30）；z=-1 为 n_k 的 ceil(k/3)-1 重根（1<=k<=60）；N(k,.) 对数凹（k<=60）
========================================================================
>>> s11_quotes.py  (rc=0, 0.1s)
  05_C4.md count=1 (报告.md count=1): 一般的 M(d;σ,β) 没有闭式（见 ④A.5）
  05_C4.md count=1 (报告.md count=1): S(k,k−d)=Σ_j S_2(d+j,j)C(k,d+j) 的对应物
  05_C4.md count=1 (报告.md count=1): 不存在二阶 Euler 型非负展开
  05_C4.md count=1 (报告.md count=1): 门槛以下例外值（d+1≤k≤2d+1）全部列在 notes/c4.md 表 2
  06_C5.md count=1 (报告.md count=1): 旧极点（σ 来自 j<m）的留数满足 α_m(σ)=α_{m−1}(σ)·(−σ³)/(m−j)
  06_C5.md count=1 (报告.md count=1): 可写成 c_j 的形式
  06_C5.md count=1 (报告.md count=1): 等价地 U_k(m)=(2/k!)(m+μ_k)^k(1+O(m^{−2}))，μ_k=(k²−2k−1)/2；在 C(m+1,·) 基下 U_k=2C(m+1,k)+(k²−k−4)C(m+1,k−1)+p_2(k)C(m+1,k−2)+…
  06_C5.md count=1 (报告.md count=1): ẽ_j(n)=e_j(−1,0,…,n−2)/n^{\underline j}
  06_C5.md count=1 (报告.md count=1): Q_3 与 P_3 不同构
PASS quotes :: 9 条引用在各自文件中恰出现 1 次；S_2 全文只出现 1 次且无定义；「初等对称」出现 0 次；④A.5 写「都没找到」、⑥ 写「未完成」；Λ_k 与 P_m 的全局记号存在
========================================================================
TOTAL pass=66 fail=0 (146.8s)
