### final audit verifier (math-c4c5) — 2026-10-04 17:03

########## v0_quotes.py ##########
== quote existence (count in stated file / count in assembled 报告.md) ==
#0 05_C4.md: in-file=1  in-report=1  OK
#1 05_C4.md: in-file=1  in-report=1  OK
#2 05_C4.md: in-file=1  in-report=1  OK
#3 05_C4.md: in-file=1  in-report=1  OK
#4 06_C5.md: in-file=1  in-report=1  OK
#5 06_C5.md: in-file=1  in-report=1  OK
#6 06_C5.md: in-file=1  in-report=1  OK
#7 06_C5.md: in-file=1  in-report=1  OK
#8 06_C5.md: in-file=1  in-report=1  OK

== grep 'S_2' (regex 'S_2|S₂|S_\\{2\\}') ==
  05_C4.md:16: ...(1)【已证明】模式展开（「先选特殊值」，S(k,k−d)=Σ_j S_2(d+j,j)C(k,d+j) 的对应物）：称值 x 为平凡，若它只出现一次且这...
  total matches: 1

== grep 'associated Stirling wording' (regex '相伴|每块至少') ==
  total matches: 0

== grep 'alpha_' (regex 'α_') ==
  06_C5.md:6: ....2）：G_m 是真分式且极点全为单极点；旧极点（σ 来自 j<m）的留数满足 α_m(σ)=α_{m−1}(σ)·(−σ³)/(m−j)，新极点用 b_i(x_σ...
  06_C5.md:6: ... 是真分式且极点全为单极点；旧极点（σ 来自 j<m）的留数满足 α_m(σ)=α_{m−1}(σ)·(−σ³)/(m−j)，新极点用 b_i(x_σ)=(m−i)...
  total matches: 2

== grep 'residue word' (regex '留数') ==
  02_C1.md:33: ..._{m−1}(x_m)+m x_m²)/(x_m(1+3m x_m²))（对应的留数是 −c_m x_m）；G_{m−1} 系数非负、收敛半径 1/ρ_{m−1}>...
  03_C2.md:35: ...−w)ξ³、W_m(ξ)=1+ξ⁵=ξ(1+ξ)≠0，所以 G_m 在三根处都是留数非零的单极点；u−1 在 ξ_i 是局部坐标（u'(ξ)≠0）。记 G_m 在 ...
  03_C2.md:35: ...点；u−1 在 ξ_i 是局部坐标（u'(ξ)≠0）。记 G_m 在 ξ_i 的留数为 r_i，比较留数得 r_i·u'(ξ_i)·ξ_i^{−g} 对 i=1,2...
  03_C2.md:35: ...i 是局部坐标（u'(ξ)≠0）。记 G_m 在 ξ_i 的留数为 r_i，比较留数得 r_i·u'(ξ_i)·ξ_i^{−g} 对 i=1,2,3 相同，直接计算...
  03_C2.md:38: ...上升结尾的序列数）对一切 m≥2 也没有 u 型单和。c2b 的定理 6 先用「留数–范数」证书逐个排除 2≤m≤30；复核者 x1 给出统一证明：E 部分在纤维 ...
  03_C2.md:38: ...排除 2≤m≤30；复核者 x1 给出统一证明：E 部分在纤维 u=1/i 处的留数元等于 (W̃_i−1)·x^{−3m−3} 乘以一个只依赖 i、m 的有理常数...
  03_C2.md:38: ...̃_2−1=x⁵(4−2x)，N(W̃_2−1)=17/8。若有 u 型单和，则留数元乘以 x 的某个幂必须是有理数，其范数去掉 2 的幂后必须是有理数的立方，而 ...
  04_C3.md:32: ...}G_i·t^ie^{−t/x_i³}，所以没有通常意义的 x→0+ 渐近展开。留数式的证明：由 W_m(x_i)=W_i(x_i)（j>i 时 P_{j−1}(x...
  04_C3.md:32: ...−x_i^{−3})^{m−i}/(m−i)!（m≥i），再对 m 求和；逐项取留数是允许的：在 x_i 的小圆周上 G_m 关于 m 一致有界（用 G_m=1/P...
  04_C3.md:46: ...Σ_j j·m^{\underline j}x_m^{3j+2}>0，G_m 是留数非零的单极点，G_m^{(j*)} 恰有 j*+1 阶极点，其余项极点阶 ≤j*...
  04_C3.md:48: ...实根、单调、复根模长，i≤60）、c3b.C3B-PX、c3b.C3B-RES（留数非零）、c3b.C3B-GCD1/2/3、c3b.C3B-PSI 等核对。...
  06_C5.md:6: ... 定理 2.2）：G_m 是真分式且极点全为单极点；旧极点（σ 来自 j<m）的留数满足 α_m(σ)=α_{m−1}(σ)·(−σ³)/(m−j)，新极点用 b_...
  06_C5.md:7: ...c_m=γ_m(ρ_m)>0 是部分分式中 1/(1−ρ_m x) 的系数（不是留数；在 x_m=1/ρ_m 处的留数是 −c_m x_m），τ_m=max(ρ_{...
  06_C5.md:7: ...分分式中 1/(1−ρ_m x) 的系数（不是留数；在 x_m=1/ρ_m 处的留数是 −c_m x_m），τ_m=max(ρ_{m−2}, √(ρ_m(ρ_m−1...
  08_failed.md:20: ...母（连接多项式）恰为 P_m」；c_m 是 1/(1−ρ_m x) 的系数而不是留数；c4 的四个模式族原标为数据观察，其实已有证明；整表计时的倍数应为约 100–...
  09_code.md:14: ...| `check_c3b.py` | C-3 D-finite：极点与留数事实、gcd、模素数精确线性代数（只依赖 k 的递推无解；关系空间维数 = 公式...
  total matches: 16

== grep 'elementary symmetric wording' (regex '初等对称') ==
  total matches: 0

== grep 'e_ subscripts' (regex '(?<![A-Za-zẽ])e_[0-9a-z{]') ==
  02_C1.md:11: ...陈述：(a) 列规则 ⇔ 每列（自上而下记为 e_1,e_2,…）满足 e_i≥e_{i+2}，故 a_k(n)=U_k(⌈n/2⌉...
  02_C1.md:11: ...陈述：(a) 列规则 ⇔ 每列（自上而下记为 e_1,e_2,…）满足 e_i≥e_{i+2}，故 a_k(n)=U_k(⌈n/2⌉)U_k...
  02_C1.md:11: ...陈述：(a) 列规则 ⇔ 每列（自上而下记为 e_1,e_2,…）满足 e_i≥e_{i+2}，故 a_k(n)=U_k(⌈n/2⌉)U_k(⌊n/2⌋)；(...
  02_C1.md:11: ...陈述：(a) 列规则 ⇔ 每列（自上而下记为 e_1,e_2,…）满足 e_i≥e_{i+2}，故 a_k(n)=U_k(⌈n/2⌉)U_k(⌊n/2⌋)；(b) 列...
  02_C1.md:12: ...(a) 被禁的 001、011 恰是「首位 0、末位 1」，所以列规则 ⇔ ¬(e_i=0∧e_{i+2}=1)；它只耦合同奇偶的行，奇数号行、偶数号行各成逐分量不增...
  02_C1.md:12: ...的 001、011 恰是「首位 0、末位 1」，所以列规则 ⇔ ¬(e_i=0∧e_{i+2}=1)；它只耦合同奇偶的行，奇数号行、偶数号行各成逐分量不增链，互不约束...
  05_C4.md:4: ...,k−d) 首项的 2 倍），次首项系数为首项的 −(4d²−3d) 倍；缺陷 e_d:=D−p_d 满足 e_d(2d+1)=(−1)^{d+1}(d+1)!、e_...
  05_C4.md:4: ...，次首项系数为首项的 −(4d²−3d) 倍；缺陷 e_d:=D−p_d 满足 e_d(2d+1)=(−1)^{d+1}(d+1)!、e_d(2d)=(−1)^{d+...
  05_C4.md:4: ..._d:=D−p_d 满足 e_d(2d+1)=(−1)^{d+1}(d+1)!、e_d(2d)=(−1)^{d+1}(d+2)!/2，所以门槛 2d+2 对每个 d ...
  05_C4.md:5: ..._{d−1}，c_d=2/(2^d d!)。把（†）减去多项式恒等式得缺陷递推 e_d(k)−e_d(k−1)=e_{d−1}(k−1)+(k−d−1)[e_{d−1...
  05_C4.md:5: ...c_d=2/(2^d d!)。把（†）减去多项式恒等式得缺陷递推 e_d(k)−e_d(k−1)=e_{d−1}(k−1)+(k−d−1)[e_{d−1}(k−3)+...
  05_C4.md:5: ...d d!)。把（†）减去多项式恒等式得缺陷递推 e_d(k)−e_d(k−1)=e_{d−1}(k−1)+(k−d−1)[e_{d−1}(k−3)+2e_{d−2}(...
  05_C4.md:5: ...递推 e_d(k)−e_d(k−1)=e_{d−1}(k−1)+(k−d−1)[e_{d−1}(k−3)+2e_{d−2}(k−3)+e_{d−3}(k−3)]；在 ...
  05_C4.md:5: ...k−1)=e_{d−1}(k−1)+(k−d−1)[e_{d−1}(k−3)+2e_{d−2}(k−3)+e_{d−3}(k−3)]；在 k=2d+2 与 k=2d+...
  05_C4.md:5: ...k−1)+(k−d−1)[e_{d−1}(k−3)+2e_{d−2}(k−3)+e_{d−3}(k−3)]；在 k=2d+2 与 k=2d+1 处代入归纳假设即得两个...
  06_C5.md:13: ...}(−1)^{d−e}N(k,k−e)·ẽ_{d−e}(k−e)（ẽ_j(n)=e_j(−1,0,…,n−2)/n^{\underline j}），k≥2d+2 时是...
  total matches: 16

== grep 'P_3' (regex '(?<![A-Za-z])P_3') ==
  06_C5.md:35: ...有内容的是：单调三元组恰是另一个 6 元行偏序集 Q_3 的多重链，Q_3 与 P_3 不同构但链数同为 (1,4,2)——两边都是「行偏序集的多重链」这一类模型。*...
  total matches: 1

== grep 'Lambda_' (regex 'Λ_') ==
  02_C1.md:11: .../010」⇔ 每个相邻三元组 good；(c) U_k(m) = 允许行偏序集 Λ_k 中 m 元多重链数 = Z(Λ_k, m+1)（Stanley 约定；提示词...
  02_C1.md:11: ...d；(c) U_k(m) = 允许行偏序集 Λ_k 中 m 元多重链数 = Z(Λ_k, m+1)（Stanley 约定；提示词只说「zeta 多项式的取值」而没写...
  06_C5.md:25: ...(4)【已证明】推论：允许行偏序集 Λ_k（T1.0(c)）的 Möbius 函数 μ(0̂,1̂)=Σ_q(−1)^q...
  total matches: 3

== grep 'c_j' (regex '(?<![A-Za-z])c_j') ==
  06_C5.md:6: ...内层对 σ 的和是有理数，可写成 c_j 的形式，与 T2.5(3) 是同一组公式。证明（notes/c5a.md 定理...
  total matches: 1

== grep 'c_<digit>' (regex '(?<![A-Za-z])c_[0-9]') ==
  01_summary.md:4: ...m^k−c_{m−1}ρ_{m−1}^{k+3}+O(τ^k)，c_m 有闭式（c_4=215/2）。N(k,k−1)=k²−k−4（k≥4）已证明。...
  02_C1.md:46: ...错误。反例：m=1、n=0 时 s=1 项 S(2,1)C(−1,2)=1≠0；c_5(1) 若按广义二项式求和到 j≤n（即 j=0,1）会变成 1−5=−4（真值...
  03_C2.md:30: ...{\underline j}x^{3j+2} (mod b_i)）。例：R_k=c_1(k+3)+c_1(k−2)−1。它与 T5.1 的 Binet 型谱分解是同一...
  03_C2.md:30: ...ne j}x^{3j+2} (mod b_i)）。例：R_k=c_1(k+3)+c_1(k−2)−1。它与 T5.1 的 Binet 型谱分解是同一组公式按极点重排。...
  06_C5.md:8: ...两式在 Q(ρ) 中相等，见 c5a 定理 2.2 证明第 3–4 步）。数值：c_1≈2.2096081318、c_2≈7.8411192294、c_3≈28.97...
  06_C5.md:8: ...a 定理 2.2 证明第 3–4 步）。数值：c_1≈2.2096081318、c_2≈7.8411192294、c_3≈28.976857317；c_m∈Q(ρ_m...
  06_C5.md:8: ...步）。数值：c_1≈2.2096081318、c_2≈7.8411192294、c_3≈28.976857317；c_m∈Q(ρ_m)，例如 c_1=(10+15ρ+...
  06_C5.md:8: ...11192294、c_3≈28.976857317；c_m∈Q(ρ_m)，例如 c_1=(10+15ρ+17ρ²)/31。...
  06_C5.md:9: ... ⇔ m=ρ²(ρ−1)（m=0,4,18,48,…），此时 c_m 有理：**c_4=215/2**（U_k(4)=(215/2)·2^k − c_3ρ_3^{k+...
  06_C5.md:9: ...m 有理：**c_4=215/2**（U_k(4)=(215/2)·2^k − c_3ρ_3^{k+3}+O(ρ_2^k)），**c_18=3710532571471...
  06_C5.md:9: ...=(215/2)·2^k − c_3ρ_3^{k+3}+O(ρ_2^k)），**c_18=37105325714711350249401/6830759936000*...
  06_C5.md:11: ...e−6）、c5a.c5a-prompt-k40、c0.c0-c4（数值收敛核对；c_4=215/2 的精确核对是 c5a.c5a-c4）、c0.c0-cm（数值）、c...
  06_C5.md:37: ...、U_k(k)、h_k、(C7) 分子、U 表六种展平也全部无命中。命中的只有 c_2=A077949、c_3=A084386（定义与 c_i 相同；A077949 ...
  06_C5.md:37: ...(C7) 分子、U 表六种展平也全部无命中。命中的只有 c_2=A077949、c_3=A084386（定义与 c_i 相同；A077949 的注释「two sort...
  09_code.md:9: ...m、推荐显式公式（H 型）、H 的显式式与递推、最小阶逐因子检验（v≤300）、c_4 的数值收敛与 c_m 闭式（数值，m≤8；c_4=215/2 的精确核对在 c...
  09_code.md:9: ...小阶逐因子检验（v≤300）、c_4 的数值收敛与 c_m 闭式（数值，m≤8；c_4=215/2 的精确核对在 c5a）、U_3 单调三元组双射 | 13 |...
  total matches: 16

== grep 'c_m' (regex '(?<![A-Za-z])c_m') ==
  01_summary.md:4: ...示词更强**：最小递推阶对一切 m 恰为 3m+1。增长率已证明：U_k(m)=c_mρ_m^k−c_{m−1}ρ_{m−1}^{k+3}+O(τ^k)，c_m 有闭...
  01_summary.md:4: ...m)=c_mρ_m^k−c_{m−1}ρ_{m−1}^{k+3}+O(τ^k)，c_m 有闭式（c_4=215/2）。N(k,k−1)=k²−k−4（k≥4）已证明。...
  02_C1.md:32: ...³−y²−m 只有一个实根 ρ_m>1，ρ_m 关于 m 严格增；U_k(m)=c_m ρ_m^k+O(r^k)，r<ρ_m，c_m>0。更精确的形式（次项、精确误差...
  02_C1.md:32: ... 关于 m 严格增；U_k(m)=c_m ρ_m^k+O(r^k)，r<ρ_m，c_m>0。更精确的形式（次项、精确误差率、c_m 闭式）见 T5.1。...
  02_C1.md:32: ..._m^k+O(r^k)，r<ρ_m，c_m>0。更精确的形式（次项、精确误差率、c_m 闭式）见 T5.1。...
  02_C1.md:33: ...)(3) 它是 G_m 的单极点。部分分式中 1/(1−ρ_m x) 的系数为 c_m=(G_{m−1}(x_m)+m x_m²)/(x_m(1+3m x_m²))（...
  02_C1.md:33: ...}(x_m)+m x_m²)/(x_m(1+3m x_m²))（对应的留数是 −c_m x_m）；G_{m−1} 系数非负、收敛半径 1/ρ_{m−1}>x_m，G_...
  02_C1.md:33: ...数非负、收敛半径 1/ρ_{m−1}>x_m，G_{m−1}(x_m)≥1，故 c_m>0。∎...
  04_C3.md:21: ...³)，κ_0=1、κ_j=j x²（j≥1；这里换用 κ，以免与 c_i(n)、c_m 混淆），和在 Q(x)[[t]] 中 t-进收敛；第 j 项（j≥1）恰是「以...
  06_C5.md:7: ...(2) 主项与次项：m≥1 时 **U_k(m) = c_m ρ_m^k − c_{m−1}ρ_{m−1}^{k+3} + O(τ_m^k)...
  06_C5.md:7: ...}ρ_{m−1}^{k+3} + O(τ_m^k)**（c5a 推论 2.3），c_m=γ_m(ρ_m)>0 是部分分式中 1/(1−ρ_m x) 的系数（不是留数；...
  06_C5.md:7: ...1/(1−ρ_m x) 的系数（不是留数；在 x_m=1/ρ_m 处的留数是 −c_m x_m），τ_m=max(ρ_{m−2}, √(ρ_m(ρ_m−1)))<ρ_...
  06_C5.md:7: ...−1)))<ρ_{m−1}（τ_1≈0.826）。所以相对误差 U_k(m)/(c_mρ_m^k)−1 = −κ_mθ_m^k(1+o(1))，κ_m:=c_{m−1...
  06_C5.md:7: ... −κ_mθ_m^k(1+o(1))，κ_m:=c_{m−1}ρ_{m−1}³/c_m>0，**精确衰减率是 θ_m=ρ_{m−1}/ρ_m**（不能改进，因为次大极...
  06_C5.md:8: ...(3) c_m 的三种等价闭式：c_m=(G_{m−1}(x_m)+m x_m²)/(x_m(...
  06_C5.md:8: ...(3) c_m 的三种等价闭式：c_m=(G_{m−1}(x_m)+m x_m²)/(x_m(1+3m x_m²)) ...
  06_C5.md:8: ...81318、c_2≈7.8411192294、c_3≈28.976857317；c_m∈Q(ρ_m)，例如 c_1=(10+15ρ+17ρ²)/31。...
  06_C5.md:9: ...) ρ_m 为整数 ⇔ m=ρ²(ρ−1)（m=0,4,18,48,…），此时 c_m 有理：**c_4=215/2**（U_k(4)=(215/2)·2^k − c...
  06_C5.md:10: ...{40} 吻合到 0.3%、3%）；按 U_40^{1/40} 或 U_40/(c_mρ^40) 比较，误差为 5.3%/8.7% 或 0.26%/3.0%。...
  08_failed.md:20: ...字）；「最小特征多项式恰为 P_m」应为「既约分母（连接多项式）恰为 P_m」；c_m 是 1/(1−ρ_m x) 的系数而不是留数；c4 的四个模式族原标为数据观察...
  09_code.md:9: ...型）、H 的显式式与递推、最小阶逐因子检验（v≤300）、c_4 的数值收敛与 c_m 闭式（数值，m≤8；c_4=215/2 的精确核对在 c5a）、U_3 单调三...
  09_code.md:16: ...| `check_c5a.py` | C-5 渐近与 h_k：谱分解、c_m、m=4/18 精确常数、m 的次首项系数、deg h_k、负整数值、Möbiu...
  10_uncertain.md:29: ... **大部分完成** | 渐近：固定 m 有精确谱分解、主项、次项、精确误差率、c_m 闭式；固定 k 有 m 的前四个系数与一般门槛。h_k：次数、首末项、负整数零...
  total matches: 23

== grep 'c_i' (regex 'c_i') ==
  02_C1.md:3: ...m)x^k t^m；N(k,q) 为长 k、值域恰为 {1..q} 的合法词数；c_i(n)=[x^n]1/b_i；H(m,s,j)=h_s(j,j+1,…,m)（完...
  02_C1.md:45: ...(1) c_i(n)=Σ_{0≤j≤n/3}C(n−2j,j)i^j。(2) [x^n]1/P...
  02_C1.md:45: ...^s。(3) m!·[x^n]1/P_m=Σ_i(−1)^{m−i}C(m,i)c_i(n+3m)：节点 0..m 的部分分式代入 z=(1−x)/x³。(4) Θ ...
  03_C2.md:30: ...(3) c_i 偏分式型（只除一次 m!）：m!·U_k(m) = Σ_{i=0}^{m}(−...
  03_C2.md:30: ...m!·U_k(m) = Σ_{i=0}^{m}(−1)^{m−i}C(m,i)[c_i(k+3m) + Σ_{j=1}^{i} j·i^{\underline j}·...
  03_C2.md:30: ...(k+3m) + Σ_{j=1}^{i} j·i^{\underline j}·c_i(k+3m−3j−2)]（用 W_m ≡ 1+Σ_{j≤i} j·i^{\und...
  03_C2.md:43: ...e⇔holonomic」，后者我们未能核实原文出处）；S(m+s,m)、h_s、c_i 都不是真超几何项，所以与 T2.4 不矛盾——它说明「Stirling 型原子...
  03_C2.md:50: ...单值的公平比较（第二轮复核更正）**：原子都用递推计算时（H 用 H 的递推表，c_i 用 c(n)=c(n−1)+i·c(n−3)），(k,m)=(300,300)...
  03_C2.md:53: ...- 把 Stirling 型数（S(n,k)、r-Stirling 数 H、c_i(n)）当作原子时，H 型（T2.4）、F3 型（T2.5(1)）、(C4) 的...
  03_C2.md:55: ... 同量级时引理 1 最快（H 型用递推原子时同量级），k≫m 时 Θ/F4 型（c_i 用三项递推）最快（T2.9）。...
  04_C3.md:21: ...λ; −t/x³)，κ_0=1、κ_j=j x²（j≥1；这里换用 κ，以免与 c_i(n)、c_m 混淆），和在 Q(x)[[t]] 中 t-进收敛；第 j 项（j...
  06_C5.md:26: ...h_k 在 [0,1] 上无根；每个固定位置的系数 h_{k,i} 最终为正（~c_iρ_i^k）；对固定 t∈(0,1)，Σ_k h_k(t)z^k 的收敛半径为 ...
  06_C5.md:37: ...全部无命中。命中的只有 c_2=A077949、c_3=A084386（定义与 c_i 相同；A077949 的注释「two sorts of parts 2」应为「...
  07_formula.md:17: ...- F4 型（以 c_i(n)=[x^n]1/(1−x−ix³) 为原子，只除一次 m!）：m!·U_k...
  07_formula.md:17: ...m!·U_k(m) = Σ_{i=0}^{m}(−1)^{m−i}C(m,i)[c_i(k+3m) + Σ_{j=1}^{i} j·i^{\underline j}·...
  07_formula.md:17: ...(k+3m) + Σ_{j=1}^{i} j·i^{\underline j}·c_i(k+3m−3j−2)]。...
  07_formula.md:23: ...| 层数 | 2（原子 H）；完全展开为 3 | 2（原子 c_i）；完全展开为 3 |...
  07_formula.md:30: ...1 与 H 型（H 用递推表）都快；k≫m 时，Θ 型或 F4 型最快，前提是 c_i(n) 用三项递推 c(n)=c(n−1)+i·c(n−3) 计算（(1500,...
  total matches: 18

== grep 'nonexistence wording' (regex '不存在') ==
  01_summary.md:7: ...5. **一类更短形式不存在（已证明）**：对每个 m≥1，没有系数与 k 无关的「单族 Stirling×...
  02_C1.md:17: ...·) 恒合法，尾巴 h_4..h_k 任意：m·U_{k−3}(m)；k=1 时不存在（=m·U_{−2}）。(iv) i≥3：(h_{i−2},h_{i−1},m)...
  03_C2.md:34: ...陈述（c2a 定理 S）：固定 m≥1。不存在整数 c,d,k_0 与一列与 k 无关的复数 A(s)，使 U_k(m)=Σ_...
  03_C2.md:37: ... βs+d) 在 α≥1 且 α+β 为偶数、或 (α,β)=(3,0) 时同样不存在（纤维中出现负实点或 ωξ，ω=e^{2πi/3}，它们都不是 P_m 的根）。...
  03_C2.md:37: ...不是 P_m 的根）。第二轮复核又证明了 (α,β)=(1,2)、(2,3) 也不存在：取 ξ 为 b_1 的实根、v_0=v(ξ)，纤维上每一点都必须是某个 b_w...
  03_C2.md:39: ...urent 多项式）：**对每个 m≥2**，|g_i+3m+3|≤6000 时不存在【已验证：verify_all 的 c2a.two_family_residue...
  03_C2.md:39: ...须 m≥2。E 的两项 u 型和对一切 m≥3、|3m+3−N_i|≤1500 不存在【已验证：rv2.rv2-x1-r2】。...
  03_C2.md:43: ...stein 消元其母函数关于 x 有多项式系数 ODE，与 T3.7 矛盾；所以不存在这样的表示（第二轮复核建议走这条路线，而不引用「Lipshitz 1989 中 ...
  04_C3.md:45: ...陈述：(1) 不存在不全为 0 的 p_0..p_r∈C[x,t]（甚至 C[x][[t]]）使 Σ...
  04_C3.md:45: ...x,t) 上张成有限维空间 ⇒ 每个变量都有多项式系数 ODE）。(2) 推论：不存在系数只依赖 k 的多项式、在某个象限 k≥k_0,m≥m_0 上成立的非平凡递推...
  04_C3.md:47: ...ursive）要求**每个方向**都有这样的递推；k 方向那一条由 (2) 证明不存在。...
  05_C4.md:15: ...**T4.2（与 S(k,k−d) 的类比：模式展开；不存在二阶 Euler 型非负展开）**...
  07_formula.md:35: ...**在什么意义下不能再短**：T2.6 已证明，对每个 m≥1，不存在系数与 k 无关的「单族 Stirling×二项式」单和 Σ_s A(s)C(k...
  08_failed.md:5: ...1. **「不存在任何更短公式」没有统一定理**。已证明的否定结果只针对明确的形状：单族 u 型（...
  10_uncertain.md:26: ...按 k、m 的相对大小选，公平计时）。证明了单族「Stirling×二项式」单和不存在（截断块部分也不存在），以及若干其他形状不存在；任意形状的「无更短公式」未完成；...
  10_uncertain.md:26: ...小选，公平计时）。证明了单族「Stirling×二项式」单和不存在（截断块部分也不存在），以及若干其他形状不存在；任意形状的「无更短公式」未完成；N(k,q) 的短公...
  10_uncertain.md:26: ...族「Stirling×二项式」单和不存在（截断块部分也不存在），以及若干其他形状不存在；任意形状的「无更短公式」未完成；N(k,q) 的短公式只做了一半（N^c）。 ...
  10_uncertain.md:28: ...与 S(k,k−d) 的类比（模式展开、四个模式族；二阶 Euler 型非负展开不存在，d≤8）。(ii) 分子的一般公式：三项递推、容斥闭式、全非负系数与支撑、分母...
  total matches: 18

== grep 'closed form wording' (regex '没有闭式|闭式') ==
  01_summary.md:4: ...mρ_m^k−c_{m−1}ρ_{m−1}^{k+3}+O(τ^k)，c_m 有闭式（c_4=215/2）。N(k,k−1)=k²−k−4（k≥4）已证明。...
  01_summary.md:8: .../(1−x)；整表 F 有形式 Laplace 表示和 Humbert Φ_1 闭式（在 Q(x)[[t]] 中）；N 与 h_k 的母函数也做了同样处理。...
  01_summary.md:10: ...2d 次多项式，门槛精确，并给出 d≤5 的公式。(C7) 分子有三项递推和容斥闭式，系数非负，分母对一切 q 最简。...
  02_C1.md:25: ...**T1.3（(C2) 递推、闭式、最小阶、增长率）**...
  02_C1.md:27: ...−3}x^k=mx²+mx³G_m 用到 U_{−2}=0、U_{−1}=1）。闭式对 m 归纳：W_m=W_{m−1}+m x²P_{m−1}，且 m x³P_{...
  02_C1.md:30: ...核对：c1.C2-gcd（直接 gcd，m≤20）、c1.C2-BM（与闭式无关：Berlekamp–Massey 直接作用于 DP 数据，线性复杂度恰为 ...
  02_C1.md:32: ...+O(r^k)，r<ρ_m，c_m>0。更精确的形式（次项、精确误差率、c_m 闭式）见 T5.1。...
  04_C3.md:20: ...**T3.3（整张表的 ₁F₁ 和式与 Humbert 有限闭式）**...
  04_C3.md:22: ...(2)【已证明】有限闭式（Φ_1 为 Humbert 合流超几何函数 Σ_{m,n}(α)_{m+n}(...
  04_C3.md:25: ...(3)【未完成】只用一元 ₁F₁ 或不完全 Gamma 的有限闭式没有找到（t 方向右端在 t=1 有二阶极点，被积式不再是不完全 Gamma 型...
  04_C3.md:30: ...^{−3}e^a[E_{λ+1}(a)−Γ(−λ)a^λ]。**整体的 K 也有闭式（第二轮复核者 r-c3a 给出并证明）**：K(x)=Γ(−λ)·[1+λx⁵...
  04_C3.md:30: ...λΓ(−λ)（notes/review/r-c3a-review.md 中 K 闭式的证明 (i)–(iv)）。由 J>0 得 K≠0，所以 **I≠𝒮 对一切 0...
  04_C3.md:34: ...t、c3a.c3a-num-residue（decimal 高精度，数值）；K 闭式与定义的一致性（7 个 x 值，偏差 ≤4.2·10^{−76}，数值）只在复核...
  04_C3.md:39: ...^q]𝒩=Σ_i(−1)^{q−i}C(q,i)G_{i−1}；Humbert 闭式（Q(x)[[y]] 中的恒等式）𝒩=[(A+x²)₁F₁(1;−λ;ŷ)−2x...
  05_C4.md:19: ...-pattern-families 核对 1≤d≤6。一般的 M(d;σ,β) 没有闭式（见 ④A.5）。...
  05_C4.md:28: ...(2)【已证明】容斥闭式：Num_q=Σ_{i=0}^{q}(−1)^{q−i}C(q,i)·W_{i−...
  05_C4.md:33: ...明】反转分子 R_q(y)=y^{3q−2}Num_q(1/y) 的指数母函数有闭式：Σ_q R_q(y)z^q/q! = (y+1)(Φ−1)/y² − yΦ·∫...
  06_C5.md:8: ...(3) c_m 的三种等价闭式：c_m=(G_{m−1}(x_m)+m x_m²)/(x_m(1+3m x_m...
  06_C5.md:24: ...2 时 (−1)^a(a+1)!（符号 (−1)^{⌊k/3⌋}）；第二首项也有闭式（见 notes/c5a.md 定理 4.4）。证明：互反引理（h 的高次系数 ...
  06_C5.md:28: ...(7)【未完成】中间段系数的符号模式（周期约 3 的块）、h_k(−1) 的闭式：未找到（h_k(−1) 在给定搜索空间内没有阶 ≤15 常系数或阶 ≤5、次数...
  06_C5.md:33: ...arker 在 A207118、A207069、A326247 中的 g.f./闭式猜想也都成立。（论证：列方向 (E²−1)^{2k+1} 零化 a_k(n)，所...
  08_failed.md:7: ...3. **只用一元 ₁F₁ / 不完全 Gamma 的整表闭式**：未找到。t 方向的右端 1+x²t/(1−t)² 在 t=1 有二阶极点，...
  08_failed.md:7: ...极点，被积式不再是不完全 Gamma 型。最终得到的是 Humbert Φ_1 闭式。...
  08_failed.md:9: ...5. **C-4 的组合闭式**：四个模式族已证明（T4.2(1)），但一般模式数 M(d;σ,β) 的闭式...
  08_failed.md:9: ...闭式**：四个模式族已证明（T4.2(1)），但一般模式数 M(d;σ,β) 的闭式或母函数、锚点 D(2d+2,d)（2, 8, 65, 574, 6012, 7...
  08_failed.md:9: ...(2d+2,d)（2, 8, 65, 574, 6012, 70674, …）的闭式都没找到。M 的转移 DP 里「待分配块数」这一状态消不掉。...
  08_failed.md:10: .....12，探索与复核到 k≤35，都不交错）。中间段符号模式、h_k(−1) 的闭式、固定位置系数转正的确切门槛（数据为 2,8,16,24,33,41,50,59...
  09_code.md:9: ... 的显式式与递推、最小阶逐因子检验（v≤300）、c_4 的数值收敛与 c_m 闭式（数值，m≤8；c_4=215/2 的精确核对在 c5a）、U_3 单调三元组双...
  09_code.md:13: ...mmer、形式 Laplace（k≤60,m≤30 精确展开）、Humbert 闭式、解析版本的反例与数值、𝒩 与 H | 34 |...
  10_uncertain.md:7: ...2. **T3.4(2) 的 K(x) 闭式 K=Γ(−λ)[1+λx⁵J]，以及由它推出的「I≠𝒮 对一切 0<x<1、λ...
  10_uncertain.md:8: ...   为什么不确定：这个闭式由一位复核者（r-c3a）给出并证明，主 Agent 读过证明，但没有第二位复核...
  10_uncertain.md:8: ...里，不在 verify_all 中。草稿的反例 (3/5,−1/2) 不依赖这个闭式（它是严格的有理数计算），所以「草稿的等号不成立」是确定的；不确定的是「对一切 ...
  10_uncertain.md:27: ...₁，整体有形式 Laplace 表示、₁F₁ 和式、Humbert Φ_1 有限闭式，并写清所在的环；解析版本的正确陈述与反例。𝒩、𝓗 同样处理。不只是「没找到」递...
  10_uncertain.md:27: ...数递推（用 k,m≤40 的精确线性代数逐盒对照）。未完成：只用一元 ₁F₁ 的闭式、Borel 可和性。 |...
  10_uncertain.md:28: ...Euler 型非负展开不存在，d≤8）。(ii) 分子的一般公式：三项递推、容斥闭式、全非负系数与支撑、分母最简（一切 q）、低次与高次系数结构、e.g.f. 闭式...
  10_uncertain.md:28: ...闭式、全非负系数与支撑、分母最简（一切 q）、低次与高次系数结构、e.g.f. 闭式。未完成：一般 M(d;σ,β) 的闭式。 |...
  10_uncertain.md:28: ...q）、低次与高次系数结构、e.g.f. 闭式。未完成：一般 M(d;σ,β) 的闭式。 |...
  10_uncertain.md:29: ...部分完成** | 渐近：固定 m 有精确谱分解、主项、次项、精确误差率、c_m 闭式；固定 k 有 m 的前四个系数与一般门槛。h_k：次数、首末项、负整数零点、M...
  total matches: 38

== grep 'Table 2 refs' (regex '表 2') ==
  05_C4.md:12: ...og）。门槛以下例外值（d+1≤k≤2d+1）全部列在 notes/c4.md 表 2。...
  total matches: 1
exit=0

########## v1_numeric.py ##########
U_fast_table agrees with U_list on m in {0,1,2,5,9}, k<=30

==== #1: S(k,k-d) = sum_j S_2(d+j,j) C(k,d+j) ====
associated Stirling recurrence matches brute-force set partitions for n<=8
associated-Stirling reading holds for 0<=d<=8, d<=k<60: True
ordinary-Stirling reading fails at 487 points; first few: [(0, 1, 1, 2), (0, 2, 1, 4), (0, 3, 1, 8), (0, 4, 1, 16)]
  k=4,d=1 terms (ordinary): [(0, 0, 4), (1, 1, 6), (2, 3, 4), (3, 6, 1)]  S(4,3)= 6

==== #4: U_k(m) as polynomial in m; mu_k form and C(m+1,.) basis ====
k= 0: deg=0 [m^k]=1 (2/k!=2)  [m^(k-1)]=0  (2/k!)*k*mu_k=0   MISMATCH -> ratio != 1+O(m^-2)
k= 1: deg=1 [m^k]=1 (2/k!=2)  [m^(k-1)]=1  (2/k!)*k*mu_k=-2   MISMATCH -> ratio != 1+O(m^-2)
k= 2: deg=2 [m^k]=1 (2/k!=1)  [m^(k-1)]=2  (2/k!)*k*mu_k=-1   MISMATCH -> ratio != 1+O(m^-2)
k= 3: deg=3 [m^k]=1/3 (2/k!=1/3)  [m^(k-1)]=2  (2/k!)*k*mu_k=1   MISMATCH -> ratio != 1+O(m^-2)
k= 4: deg=4 [m^k]=1/12 (2/k!=1/12)  [m^(k-1)]=7/6  (2/k!)*k*mu_k=7/6   top two coeffs match -> ratio = 1+O(m^-2)
k= 5: deg=5 [m^k]=1/60 (2/k!=1/60)  [m^(k-1)]=7/12  (2/k!)*k*mu_k=7/12   top two coeffs match -> ratio = 1+O(m^-2)
k= 6: deg=6 [m^k]=1/360 (2/k!=1/360)  [m^(k-1)]=23/120  (2/k!)*k*mu_k=23/120   top two coeffs match -> ratio = 1+O(m^-2)
k= 7: deg=7 [m^k]=1/2520 (2/k!=1/2520)  [m^(k-1)]=17/360  (2/k!)*k*mu_k=17/360   top two coeffs match -> ratio = 1+O(m^-2)
k= 8: deg=8 [m^k]=1/20160 (2/k!=1/20160)  [m^(k-1)]=47/5040  (2/k!)*k*mu_k=47/5040   top two coeffs match -> ratio = 1+O(m^-2)
k= 9: deg=9 [m^k]=1/181440 (2/k!=1/181440)  [m^(k-1)]=31/20160  (2/k!)*k*mu_k=31/20160   top two coeffs match -> ratio = 1+O(m^-2)
k=10: deg=10 [m^k]=1/1814400 (2/k!=1/1814400)  [m^(k-1)]=79/362880  (2/k!)*k*mu_k=79/362880   top two coeffs match -> ratio = 1+O(m^-2)
k=11: deg=11 [m^k]=1/19958400 (2/k!=1/19958400)  [m^(k-1)]=7/259200  (2/k!)*k*mu_k=7/259200   top two coeffs match -> ratio = 1+O(m^-2)
k=12: deg=12 [m^k]=1/239500800 (2/k!=1/239500800)  [m^(k-1)]=17/5702400  (2/k!)*k*mu_k=17/5702400   top two coeffs match -> ratio = 1+O(m^-2)
   k=3, m=10: U/((2/3!)(m+mu_3)^3) - 1 = 0.264463   (m^-1 would be 0.1, m^-2 0.01)
   k=3, m=100: U/((2/3!)(m+mu_3)^3) - 1 = 0.0296049   (m^-1 would be 0.01, m^-2 0.0001)
   k=3, m=1000: U/((2/3!)(m+mu_3)^3) - 1 = 0.002996   (m^-1 would be 0.001, m^-2 1e-06)

  C(m+1,.) basis: N(k,k)=2? N(k,k-1)=k^2-k-4? N(k,k-2)=p_2(k)?
  k= 1: N(k,k)=1 (False)  N(k,k-1)=0 vs -4 (False)  
  k= 2: N(k,k)=2 (True)  N(k,k-1)=1 vs -2 (False)  N(k,k-2)=0 vs p2=19 (False)
  k= 3: N(k,k)=2 (True)  N(k,k-1)=4 vs 2 (False)  N(k,k-2)=1 vs p2=17 (False)
  k= 4: N(k,k)=2 (True)  N(k,k-1)=8 vs 8 (True)  N(k,k-2)=7 vs p2=19 (False)
  k= 5: N(k,k)=2 (True)  N(k,k-1)=16 vs 16 (True)  N(k,k-2)=25 vs p2=31 (False)
  k= 6: N(k,k)=2 (True)  N(k,k-1)=26 vs 26 (True)  N(k,k-2)=65 vs p2=65 (True)
  k= 7: N(k,k)=2 (True)  N(k,k-1)=38 vs 38 (True)  N(k,k-2)=139 vs p2=139 (True)
  k= 8: N(k,k)=2 (True)  N(k,k-1)=52 vs 52 (True)  N(k,k-2)=277 vs p2=277 (True)
  k= 9: N(k,k)=2 (True)  N(k,k-1)=68 vs 68 (True)  N(k,k-2)=509 vs p2=509 (True)
  k=10: N(k,k)=2 (True)  N(k,k-1)=86 vs 86 (True)  N(k,k-2)=871 vs p2=871 (True)
  k=11: N(k,k)=2 (True)  N(k,k-1)=106 vs 106 (True)  N(k,k-2)=1405 vs p2=1405 (True)
  k=12: N(k,k)=2 (True)  N(k,k-1)=128 vs 128 (True)  N(k,k-2)=2159 vs p2=2159 (True)
  degree of U_k(m) - [2C(m+1,k)+(k^2-k-4)C(m+1,k-1)+p_2(k)C(m+1,k-2)] in m (should be <= k-3):
    k= 2: deg = 1  FAILS
    k= 3: deg = 2  FAILS
    k= 4: deg = 2  FAILS
    k= 5: deg = 3  FAILS
    k= 6: deg = 3  OK
    k= 7: deg = 4  OK
    k= 8: deg = 5  OK
    k= 9: deg = 6  OK
    k=10: deg = 7  OK
    k=11: deg = 8  OK
    k=12: deg = 9  OK

==== #7: B_d(k) = sum_e (-1)^{d-e} N(k,k-e) e~_{d-e}(k-e), e~_j(n)=e_j(-1,0,...,n-2)/n^{(j)} ====
identity holds on all 80 pairs (0<=d<=5, max(d,1)<=k<=15): True
e~_1(n) closed form check (n-3)/2: True

==== #5: alpha_m(sigma) recurrence; coefficient vs residue ====
Binet formula with gamma as partial-fraction coefficients reproduces DP: max rel err 3.20e-11 (0<=m<=6, 0<=k<=30)
m=2: recurrence alpha_m=alpha_(m-1)*(-s^3)/(m-j) holds for old poles (coeffs and residues alike), worst rel dev 2.6e-11; coefficient at rho_m = 7.8411192294 (= c_m), residue = -4.6243354470
m=3: recurrence alpha_m=alpha_(m-1)*(-s^3)/(m-j) holds for old poles (coeffs and residues alike), worst rel dev 5.2e-08; coefficient at rho_m = 28.9768573170 (= c_m), residue = -15.5479722180
exit=0

########## v2_c4.py ##########
p_d (d<=12) interpolated from DP, agree with D(k,d) on 2d+2<=k<=60

==== #2: negative coefficient in every integer shift of the basis C(k+c-j,2d) ====
d=1: every integer shift c in [-300,300] has some h_j<0: True
d=2: every integer shift c in [-300,300] has some h_j<0: True
d=3: every integer shift c in [-300,300] has some h_j<0: True
d=4: every integer shift c in [-300,300] has some h_j<0: True
d=5: every integer shift c in [-300,300] has some h_j<0: True
d=6: every integer shift c in [-300,300] has some h_j<0: True
expansion identity p_d(k)=sum_j h_j C(k+c-j,2d) (polynomial binomials) verified for d=2, c in {-5,0,3,11}, -10<=k<30

Fujiwara bound for h_1(s) = p_d(s+1)-(2d+1)p_d(s) (scan window size), d=1..12:
  d= 1: deg h_1=2, lead=-2 (<0: True), scan |s|<=5
  d= 2: deg h_1=4, lead=-1 (<0: True), scan |s|<=23
  d= 3: deg h_1=6, lead=-1/4 (<0: True), scan |s|<=57
  d= 4: deg h_1=8, lead=-1/24 (<0: True), scan |s|<=107
  d= 5: deg h_1=10, lead=-1/192 (<0: True), scan |s|<=173
  d= 6: deg h_1=12, lead=-1/1920 (<0: True), scan |s|<=255
  d= 7: deg h_1=14, lead=-1/23040 (<0: True), scan |s|<=353
  d= 8: deg h_1=16, lead=-1/322560 (<0: True), scan |s|<=467
  d= 9: deg h_1=18, lead=-1/5160960 (<0: True), scan |s|<=597
  d=10: deg h_1=20, lead=-1/92897280 (<0: True), scan |s|<=743
  d=11: deg h_1=22, lead=-1/1857945600 (<0: True), scan |s|<=905
  d=12: deg h_1=24, lead=-1/40874803200 (<0: True), scan |s|<=1083

==== #3: exception values below threshold ====
d<=12: every k in [d+1,2d+1] is an exception (D != p_d): True
d values listed in notes/c4.md Table 2: [0, 1, 2, 3, 4, 5]
Table 2 entries agree with recomputation: True
d values with exception lists in logs/c4_explore1.log: [0, 1, 2, 3, 4, 5, 6, 7, 8, 9, 10, 11, 12]
explore1 lists agree with recomputation for all those d: True
exit=0

########## v3_c5_extra.py ##########
#6: sum_sigma gamma_j(sigma) sigma^n == c_j(n+3j)/j! + sum_(i<j) (j-i)/i! c_j(n+3i-2)  (1<=j<=5, 0<=n<40): max rel dev 3.5e-14
#8: Lambda_3 = [(0, 0, 0), (0, 1, 1), (1, 0, 0), (1, 0, 1), (1, 1, 0), (1, 1, 1)]
    chain counts 0^->1^ with 1,2,3 steps: Lambda_3 [1, 4, 2]  Q_3 [1, 4, 2]
    Lambda_3 isomorphic to Q_3 (all 720 bijections tried): False
    Z(Q_3,m+1)=sum_q b_q C(m+1,q) equals U_3(m) for m<=20: True
exit=0

########## v4_fix_dryrun.py ##########
#0 05_C4.md:
   ...2d−2,0)=4(d−1)(2d−3)!!（d≥2）；c4.c4-pattern-families 核对 1≤d≤6。一般的 M(d;σ,β) 的闭式尚未找到（见 ④A.5）。
(2)【已证明（计算机辅助），1≤d≤8】与 S(k,k−d)=Σ_j⟨⟨d,j⟩⟩C(k+d−1−j,2d) 不同...

#1 05_C4.md:
   ...S(k,k−d) 的类比：模式展开；不存在二阶 Euler 型非负展开）**
(1)【已证明】模式展开（「先选特殊值」，S(k,k−d)=Σ_j S_2(d+j,j)C(k,d+j)（S_2(n,j) 为把 n 元集分成 j 块且每块至少 2 个元素的相伴 Stirling 数）的对应物）：称值 x 为平凡，若它只出现一次且这次出现是单块 [x]；否则称特殊。Pat(d)= 全部值都特殊、长度 = 值数 ...

#2 05_C4.md:
   ...缺陷（c5a.c5a-D0123、c5a.c5a-Dgen）。

**T4.2（与 S(k,k−d) 的类比：模式展开；1≤d≤8 时不存在二阶 Euler 型非负展开）**
(1)【已证明】模式展开（「先选特殊值」，S(k,k−d)=Σ_j S_2(d+j,j)C(k,d+j) 的对应...

#3 05_C4.md:
   ...项也出现负号（例如 d=57 的 m^8、m^{10}；logs/audit_a1-formulas_all.log）。d≤5 的门槛以下例外值（d+1≤k≤2d+1）列在 notes/c4.md 表 2，6≤d≤12 的列在 logs/c4_explore1.log（d≤12 时这些点全是例外由 c4.c4-pd-exceptions 核对）。
核对：c4.c4-D-rec、c4.c4-D0、c4.c4-D1、c4.c4-pd-identity、c4.c4-p...

#4 06_C5.md:
   ...k⁶−30k⁵+379k⁴−2533k³+9570k²−19331k+13380)/(24·(k−3)!)（k≥8）。
等价地（k≥4）U_k(m)=(2/k!)(m+μ_k)^k(1+O(m^{−2}))，μ_k=(k²−2k−1)/2；在 C(m+1,·) 基下（k≥6）U_k=2C(m+1,k)+(k²−k−4)C(m+1,k−1)+p_2(k)C(m+1,k−2)+…。
核对：c5a.c5a-mcoef、c5a.c5a-mcoef-gen（系数由 DP 值的前向差分直接得到，不经过 N...

#5 06_C5.md:
   ...式，与 T2.5(3) 是同一组公式。证明（notes/c5a.md 定理 2.2）：G_m 是真分式且极点全为单极点；旧极点（σ 来自 j<m）处的部分分式系数 α_m(σ)（G_m=Σ_σ α_m(σ)/(1−σx) 中 1/(1−σx) 的系数，不是留数）满足 α_m(σ)=α_{m−1}(σ)·(−σ³)/(m−j)，新极点用 b_i(x_σ)=(m−i)x_σ³ 直接算出。
(2) 主项与次项：m≥1 时 **U_k(m) = c_...

#6 06_C5.md:
   ...^{3j+3}/j! + Σ_{i<j}(j−i)σ^{3i+1}/i!]/(σ²+3j)。
内层对 σ 的和是有理数，可写成序列 c_j(n)=[x^n]1/b_j 若干项的有理线性组合（这里的 c_j 是序列，不是 (2) 中的常数 c_m），与 T2.5(3) 是同一组公式。证明（notes/c5a.md 定理 2.2）：G_m 是真分式且极点全为单极点；旧...

#7 06_C5.md:
   ...]U_k(m)，则 B_d(k)=Σ_{e=0}^{d}(−1)^{d−e}N(k,k−e)·ẽ_{d−e}(k−e)（ẽ_j(n)=e_j(−1,0,…,n−2)/n^{\underline j}（e_j 为 j 次初等对称多项式，与 T4.1 的缺陷 e_d 无关）），k≥2d+2 时是 2d 次多项式，门槛精确（证明见 notes/c5a.md 定理 3.2：把 U_k(m)=Σ_...

#8 06_C5.md:
   ...结构」的证据（第二轮复核者 r-c5b 指出）。真正有内容的是：单调三元组恰是另一个 6 元行偏序集 Q_3 的多重链，Q_3 与 Λ_3（长 3 的允许行偏序集，T1.0(c)）不同构但链数同为 (1,4,2)——两边都是「行偏序集的多重链」这一类模型。**判断（解释性判断，不是定理）：有结构，但只在 ...

dry run only; no files written
exit=0
