[lean_one 启动前：AVAIL=6057 COMMIT=17151 LIMIT=33453 HEADROOM=16302 TOTAL=16045；看门狗上限 CAP=11000MB，MINHEAD=3000MB]
'A207123.lemma1' depends on axioms: [propext, Classical.choice, Quot.sound]
'A207123.lemma1_one' depends on axioms: [propext, Classical.choice, Quot.sound]
'A207123.lemma1_two' depends on axioms: [propext, Classical.choice, Quot.sound]
'A207123.U_zero_left' depends on axioms: [propext, Classical.choice, Quot.sound]
'A207123.U_zero_right' depends on axioms: [propext, Classical.choice, Quot.sound]
'A207123.legal_iff_getElem' depends on axioms: [propext, Classical.choice, Quot.sound]
'A207123.L_split' depends on axioms: [propext, Classical.choice, Quot.sound]
'A207123.L_split_disjoint' depends on axioms: [propext, Classical.choice, Quot.sound]
'A207123.a_eq' depends on axioms: [propext, Classical.choice, Quot.sound]
'A207123.U_eq_multichains' depends on axioms: [propext, Classical.choice, Quot.sound]
'A207123.card_Lam' depends on axioms: [propext, Classical.choice, Quot.sound]
'A207123.card_antitone_rows' depends on axioms: [propext, Classical.choice, Quot.sound]
'A207123.rowRule_iff_allowed' depends on axioms: [propext, Quot.sound]
'A207123.G_zero' depends on axioms: [propext, Classical.choice, Quot.sound]
'A207123.G_rec' depends on axioms: [propext, Classical.choice, Quot.sound]
'A207123.P_mul_G' depends on axioms: [propext, Classical.choice, Quot.sound]
'A207123.X_mul_W' depends on axioms: [propext, Classical.choice, Quot.sound]
'A207123.isCoprime_W_P' depends on axioms: [propext, Classical.choice, Quot.sound]
'A207123.natDegree_P' depends on axioms: [propext, Classical.choice, Quot.sound]
'A207123.coeff_zero_P' depends on axioms: [propext, Classical.choice, Quot.sound]
'A207123.P_recurrence' depends on axioms: [propext, Classical.choice, Quot.sound]
'A207123.order_lower_bound' depends on axioms: [propext, Classical.choice, Quot.sound]
'A207123.min_order' depends on axioms: [propext, Classical.choice, Quot.sound]
'A207123.P_dvd_of_mul_G_poly' depends on axioms: [propext, Classical.choice, Quot.sound]
'A207123.mem_NW' depends on axioms: [propext, Classical.choice, Quot.sound]
'A207123.U_eq_sum_N' depends on axioms: [propext, Classical.choice, Quot.sound]
'A207123.N_inv' depends on axioms: [propext, Classical.choice, Quot.sound]
'A207123.N_inv_zero' depends on axioms: [propext, Classical.choice, Quot.sound]
'A207123.N_eq_zero_of_lt' depends on axioms: [propext, Classical.choice, Quot.sound]
'A207123.N_succ_zero' depends on axioms: [propext, Classical.choice, Quot.sound]
'A207123.N_tri' depends on axioms: [propext, Classical.choice, Quot.sound]
'A207123.N_init' depends on axioms: [propext, Classical.choice, Quot.sound]
'A207123.N_tri_fails_at_two' depends on axioms: [propext, Classical.choice, Quot.sound]
'A207123.N_tri_one' depends on axioms: [propext, Classical.choice, Quot.sound]
'A207123.N_tri_two' depends on axioms: [propext, Classical.choice, Quot.sound]
'A207123.N_diag' depends on axioms: [propext, Classical.choice, Quot.sound]
'A207123.N_subdiag' depends on axioms: [propext, Classical.choice, Quot.sound]
'A207123.N_three_two' depends on axioms: [propext, Classical.choice, Quot.sound]
'A207123.U_eq_F' depends on axioms: [propext, Classical.choice, Quot.sound]
'A207123.hc_vars_zero' depends on axioms: [propext, Classical.choice, Quot.sound]
'A207123.U_explicit' depends on axioms: [propext, Classical.choice, Quot.sound]
'A207123.asc_eq_card' depends on axioms: [propext, Classical.choice, Quot.sound]
'A207123.sum_Us' depends on axioms: [propext, Classical.choice, Quot.sound]
'A207123.Us_zero_left' depends on axioms: [propext, Classical.choice, Quot.sound]
'A207123.Us_zero_right' depends on axioms: [propext, Classical.choice, Quot.sound]
'A207123.lemma1_asc_one' depends on axioms: [propext, Classical.choice, Quot.sound]
'A207123.lemma1_asc_two' depends on axioms: [propext, Classical.choice, Quot.sound]
'A207123.lemma1_asc' depends on axioms: [propext, Classical.choice, Quot.sound]
'A207123.lemma1_asc_s0' depends on axioms: [propext, Classical.choice, Quot.sound]
'A207123.Us_eq_Fs' depends on axioms: [propext, Classical.choice, Quot.sound]
'A207123.Us_explicit' depends on axioms: [propext, Classical.choice, Quot.sound]
'A207123.Gxy_zero' depends on axioms: [propext, Classical.choice, Quot.sound]
'A207123.Gxy_rec' depends on axioms: [propext, Classical.choice, Quot.sound]
'A207123.Gxy_prod' depends on axioms: [propext, Classical.choice, Quot.sound]
'A207123.coef_formula_xy' depends on axioms: [propext, Classical.choice, Quot.sound]
'A207123.blocks_bijOn' depends on axioms: [propext, Classical.choice, Quot.sound]
'A207123.asc_concatBlk' depends on axioms: [propext, Quot.sound]
'A207123.no_x_ODE' depends on axioms: [propext, Classical.choice, Quot.sound]
'A207123.no_x_ODE_poly' depends on axioms: [propext, Classical.choice, Quot.sound]
'A207123.no_k_only_recurrence' depends on axioms: [propext, Classical.choice, Quot.sound]
'A207123.not_isDFinite_FK' depends on axioms: [propext, Classical.choice, Quot.sound]
'A207123.not_isDFinite_F' depends on axioms: [propext, Classical.choice, Quot.sound]
'A207123.not_isDFinite_Fxt' depends on axioms: [propext, Classical.choice, Quot.sound]
'A207123.exists_x_ODE_of_isDFinite' depends on axioms: [propext, Classical.choice, Quot.sound]
'A207123.exists_t_ODE_of_isDFinite' depends on axioms: [propext, Classical.choice, Quot.sound]
'A207123.mem_ratFn_iff' depends on axioms: [propext, Classical.choice, Quot.sound]
'A207123.isFractionRing_ratFn' depends on axioms: [propext, Classical.choice, Quot.sound]
'A207123.dXK_dTK_comm' depends on axioms: [propext, Classical.choice, Quot.sound]
'A207123.isDFinite_one' depends on axioms: [propext, Classical.choice, Quot.sound]
'A207123.P_mul_NAser' depends on axioms: [propext, Classical.choice, Quot.sound]
'A207123.sum_inv_P_eq_hyp1F1' depends on axioms: [propext, Classical.choice, Quot.sound]
'A207123.remark_1F1' depends on axioms: [propext, Classical.choice, Quot.sound]
'A207123.RelU_eq' depends on axioms: [propext, Classical.choice, Quot.sound]
'A207123.RelU_iff_mem_span' depends on axioms: [propext, Classical.choice, Quot.sound]
'A207123.mul_mem_ideal_of_vanish' depends on axioms: [propext, Classical.choice, Quot.sound]
'A207123.mem_ideal_of_mul_mem_ideal' depends on axioms: [propext, Classical.choice, Quot.sound]
'A207123.TUrat_algebraMap' depends on axioms: [propext, Classical.choice, Quot.sound]
'A207123.exists_common_den' depends on axioms: [propext, Classical.choice, Quot.sound]
'A207123.saturated_one_rat' depends on axioms: [propext, Classical.choice, Quot.sound]
'A207123.saturated_two_rat' depends on axioms: [propext, Classical.choice, Quot.sound]
'A207123.pure_ann_zero' depends on axioms: [propext, Classical.choice, Quot.sound]
'A207123.col_zero' depends on axioms: [propext, Classical.choice, Quot.sound]
'A207123.red_of_mem' depends on axioms: [propext, Classical.choice, Quot.sound]
'A207123.L1_U' depends on axioms: [propext, Classical.choice, Quot.sound]
'A207123.exists_normal_form' depends on axioms: [propext, Classical.choice, Quot.sound]
'A207123.normal_form_unique' depends on axioms: [propext, Classical.choice, Quot.sound]
'A207123.opX_mul_mulOp' depends on axioms: [propext, Classical.choice, Quot.sound]
'A207123.opEinv_mul_mulOp' depends on axioms: [propext, Classical.choice, Quot.sound]
'A207123.RelN_eq' depends on axioms: [propext, Classical.choice, Quot.sound]
'A207123.RelN_iff_mem_span' depends on axioms: [propext, Classical.choice, Quot.sound]
'A207123.saturation_Y' depends on axioms: [propext, Classical.choice, Quot.sound]
'A207123.saturation_one_add_Y' depends on axioms: [propext, Classical.choice, Quot.sound]
'A207123.LN_N' depends on axioms: [propext, Classical.choice, Quot.sound]
'A207123.L1V_P' depends on axioms: [propext, Classical.choice, Quot.sound]
'A207123.relV' depends on axioms: [propext, Classical.choice, Quot.sound]
'A207123.exists_N_to_V' depends on axioms: [propext, Classical.choice, Quot.sound]
'A207123.exists_V_to_N' depends on axioms: [propext, Classical.choice, Quot.sound]
'A207123.opD_pow_P_vanish' depends on axioms: [propext, Classical.choice, Quot.sound]
'A207123.T1_2' depends on axioms: [propext, Classical.choice, Quot.sound]
'A207123.C1_sum' depends on axioms: [propext, Classical.choice, Quot.sound]
'A207123.existsUnique_upoly' depends on axioms: [propext, Classical.choice, Quot.sound]
'A207123.natDegree_upoly' depends on axioms: [propext, Classical.choice, Quot.sound]
'A207123.leadingCoeff_upoly_eq' depends on axioms: [propext, Classical.choice, Quot.sound]
'A207123.upoly_eval_neg_one' depends on axioms: [propext, Classical.choice, Quot.sound]
'A207123.upoly_sub_comp' depends on axioms: [propext, Classical.choice, Quot.sound]
'A207123.T1_3_3' depends on axioms: [propext, Classical.choice, Quot.sound]
'A207123.squarefree_Ppoly' depends on axioms: [propext, Classical.choice, Quot.sound]
'A207123.simple_root_Ppoly' depends on axioms: [propext, Classical.choice, Quot.sound]
'A207123.isCoprime_bpoly' depends on axioms: [propext, Classical.choice, Quot.sound]
'A207123.separable_bpoly' depends on axioms: [propext, Classical.choice, Quot.sound]
'A207123.discr_reverse_bpoly' depends on axioms: [propext, Classical.choice, Quot.sound]
'A207123.FK_pde' depends on axioms: [propext, Classical.choice, Quot.sound]
'A207123.pde_coeff' depends on axioms: [propext, Classical.choice, Quot.sound]
'A207123.pde_coeff_needs_zero_convention' depends on axioms: [propext, Classical.choice, Quot.sound]
'A207123.pde_homogeneous' depends on axioms: [propext, Classical.choice, Quot.sound]
'A207123.pde_unique' depends on axioms: [propext, Classical.choice, Quot.sound]
'A207123.hpoly_spec' depends on axioms: [propext, Classical.choice, Quot.sound]
'A207123.hpoly_formula_zero' depends on axioms: [propext, Classical.choice, Quot.sound]
'A207123.hpoly_rec' depends on axioms: [propext, Classical.choice, Quot.sound]
'A207123.hrec_eq_hpoly' depends on axioms: [propext, Classical.choice, Quot.sound]
'A207123.hrec_bad_ne' depends on axioms: [propext, Classical.choice, Quot.sound]
'A207123.hpoly_three' depends on axioms: [propext, Classical.choice, Quot.sound]
'A207123.hpoly_four' depends on axioms: [propext, Classical.choice, Quot.sound]
'A207123.hpoly_five' depends on axioms: [propext, Classical.choice, Quot.sound]
'A207123.hpoly_six' depends on axioms: [propext, Classical.choice, Quot.sound]
'A207123.hpoly_eval_one_eq_two' depends on axioms: [propext, Classical.choice, Quot.sound]
'A207123.P_mul_Nser' depends on axioms: [propext, Classical.choice, Quot.sound]
'A207123.Nser_eq_sum' depends on axioms: [propext, Classical.choice, Quot.sound]
'A207123.natDegree_Numq' depends on axioms: [propext, Classical.choice, Quot.sound]
'A207123.leadingCoeff_Numq' depends on axioms: [propext, Classical.choice, Quot.sound]
'A207123.Numq_lowest' depends on axioms: [propext, Classical.choice, Quot.sound]
'A207123.Numq_one' depends on axioms: [propext, Classical.choice, Quot.sound]
'A207123.prompt_numerators' depends on axioms: [propext, Classical.choice, Quot.sound]
'A207123.not_isDFinite_NKser' depends on axioms: [propext, Classical.choice, Quot.sound]
'A207123.not_isDFinite_NK' depends on axioms: [propext, Classical.choice, Quot.sound]
'A207123.no_x_ODE_NK' depends on axioms: [propext, Classical.choice, Quot.sound]
'A207123.subst_NKser' depends on axioms: [propext, Classical.choice, Quot.sound]
'A207123.one_add_X_mul_FK_eq_subst' depends on axioms: [propext, Classical.choice, Quot.sound]
'A207123.no_k_only_recurrence_N' depends on axioms: [propext, Classical.choice, Quot.sound]
'A207123.finrank_relU_tot' depends on axioms: [propext, Classical.choice, Quot.sound]
'A207123.finrank_relU_gr' depends on axioms: [propext, Classical.choice, Quot.sound]
'A207123.finrank_relN_tot' depends on axioms: [propext, Classical.choice, Quot.sound]
'A207123.finrank_relN_gr' depends on axioms: [propext, Classical.choice, Quot.sound]
'A207123.relU_box_tot_iff' depends on axioms: [propext, Classical.choice, Quot.sound]
'A207123.relN_box_tot_iff' depends on axioms: [propext, Classical.choice, Quot.sound]
'A207123.mem_relBoxU_iff' depends on axioms: [propext, Classical.choice, Quot.sound]
'A207123.mem_relBoxN_iff' depends on axioms: [propext, Classical.choice, Quot.sound]
'A207123.finrank_spanBox' depends on axioms: [propext, Classical.choice, Quot.sound]
'A207123.TU_three_points' depends on axioms: [propext, Classical.choice, Quot.sound]
'A207123.relU_support_det' depends on axioms: [propext, Classical.choice, Quot.sound]
'A207123.relU_card_support' depends on axioms: [propext, Classical.choice, Quot.sound]
'A207123.not_mem_relU_of_support_subset' depends on axioms: [propext, Classical.choice, Quot.sound]
'A207123.not_annihilate_three_terms' depends on axioms: [propext, Classical.choice, Quot.sound]
'A207123.not_annihilate_two_terms' depends on axioms: [propext, Classical.choice, Quot.sound]
'A207123.not_annihilate_kauers' depends on axioms: [propext, Classical.choice, Quot.sound]
'A207123.HasValueAt.unique' depends on axioms: [propext, Classical.choice, Quot.sound]
'A207123.not_annihilate_three_terms_rat' depends on axioms: [propext, Classical.choice, Quot.sound]
'A207123.not_annihilate_two_terms_rat' depends on axioms: [propext, Classical.choice, Quot.sound]
'A207123.not_annihilate_kauers_rat' depends on axioms: [propext, Classical.choice, Quot.sound]
'A207123.partialSum_P_not_hypergeometric' depends on axioms: [propext, Classical.choice, Quot.sound]
'A207123.no_gosper_solution' depends on axioms: [propext, Classical.choice, Quot.sound]
'A207123.existsUnique_rho' depends on axioms: [propext, Classical.choice, Quot.sound]
'A207123.one_lt_rho' depends on axioms: [propext, Classical.choice, Quot.sound]
'A207123.rho_spec' depends on axioms: [propext, Classical.choice, Quot.sound]
'A207123.rho_strictMono' depends on axioms: [propext, Classical.choice, Quot.sound]
'A207123.normSq_eq_of_root' depends on axioms: [propext, Classical.choice, Quot.sound]
'A207123.norm_lt_rho_of_root' depends on axioms: [propext, Classical.choice, Quot.sound]
'A207123.rho_mul_rho_sub_one_strictMono' depends on axioms: [propext, Classical.choice, Quot.sound]
'A207123.normSq_lt_rho_pred_sq' depends on axioms: [propext, Classical.choice, Quot.sound]
'A207123.root_P_min' depends on axioms: [propext, Classical.choice, Quot.sound]
'A207123.thm_asym_two' depends on axioms: [propext, Classical.choice, Quot.sound]
'A207123.alpha_unique' depends on axioms: [propext, Classical.choice, Quot.sound]
'A207123.alpha_eq' depends on axioms: [propext, Classical.choice, Quot.sound]
'A207123.thm_asym_three' depends on axioms: [propext, Classical.choice, Quot.sound]
'A207123.cm_zero' depends on axioms: [propext, Classical.choice, Quot.sound]
'A207123.U_asymp_bound' depends on axioms: [propext, Classical.choice, Quot.sound]
'A207123.tendsto_ratio' depends on axioms: [propext, Classical.choice, Quot.sound]
'A207123.kappaConst_pos' depends on axioms: [propext, Classical.choice, Quot.sound]
'A207123.rate_not_improvable' depends on axioms: [propext, Classical.choice, Quot.sound]
'A207123.cm_one' depends on axioms: [propext, Classical.choice, Quot.sound]
'A207123.rho_int_iff' depends on axioms: [propext, Classical.choice, Quot.sound]
'A207123.cm_rat_of_rho_int' depends on axioms: [propext, Classical.choice, Quot.sound]
'A207123.cm_four' depends on axioms: [propext, Classical.choice, Quot.sound]
'A207123.U_four_asymp' depends on axioms: [propext, Classical.choice, Quot.sound]
'A207123.tendsto_one_sub_theta' depends on axioms: [propext, Classical.choice, Quot.sound]
'A207123.lt_rho_of_cubic' depends on axioms: [propext, Classical.choice, Quot.sound]
'A207123.rho_lt_of_cubic' depends on axioms: [propext, Classical.choice, Quot.sound]
'A207123.cm_eq_frac' depends on axioms: [propext, Classical.choice, Quot.sound]
'A207123.cm_bounds' depends on axioms: [propext, Classical.choice, Quot.sound]
'A207123.cmNQ_cast' depends on axioms: [propext, Classical.choice, Quot.sound]
'A207123.rho_one_approx' depends on axioms: [propext, Classical.choice, Quot.sound]
'A207123.cm_one_approx' depends on axioms: [propext, Classical.choice, Quot.sound]
'A207123.cm_two_approx' depends on axioms: [propext, Classical.choice, Quot.sound]
'A207123.cm_three_approx' depends on axioms: [propext, Classical.choice, Quot.sound]
'A207123.kappa_one_approx' depends on axioms: [propext, Classical.choice, Quot.sound]
'A207123.kappa_four_approx' depends on axioms: [propext, Classical.choice, Quot.sound]
'A207123.kappa_twentyfour_approx' depends on axioms: [propext, Classical.choice, Quot.sound]
'A207123.kappa_increasing' depends on axioms: [propext, Classical.choice, Quot.sound]
'A207123.relerr_two_six' depends on axioms: [propext, Classical.choice, Quot.sound]
'A207123.relerr_two_twenty' depends on axioms: [propext, Classical.choice, Quot.sound]
'A207123.relerr_twentyfour_seventytwo' depends on axioms: [propext, Classical.choice, Quot.sound]
'A207123.relerr_twentyfour_twoforty' depends on axioms: [propext, Classical.choice, Quot.sound]
'A207123.eq_zero_of_rec_of_eventually' depends on axioms: [propext, Classical.choice, Quot.sound]
'A207123.hankel_det_eq_zero' depends on axioms: [propext, Classical.choice, Quot.sound]
'A207123.order_ge_of_hankel' depends on axioms: [propext, Classical.choice, Quot.sound]
'A207123.hankel_det_ne_zero_of_kron' depends on axioms: [propext, Classical.choice, Quot.sound]
'A207123.card_products_le' depends on axioms: [propext, Classical.choice, Quot.sound]
'A207123.card_products_ge' depends on axioms: [propext, Classical.choice, Quot.sound]
'A207123.hankel_row_two' depends on axioms: [propext, Classical.choice, Quot.sound]
'A207123.hankel_row_three' depends on axioms: [propext, Classical.choice, Quot.sound]
'A207123.hankel_row_four' depends on axioms: [propext, Classical.choice, Quot.sound]
'A207123.hankel_row_five' depends on axioms: [propext, Classical.choice, Quot.sound]
'A207123.hankel_row_six' depends on axioms: [propext, Classical.choice, Quot.sound]
'A207123.hankel_row_seven' depends on axioms: [propext, Classical.choice, Quot.sound]
'A207123.row_min_order_two' depends on axioms: [propext, Classical.choice, Quot.sound]
'A207123.row_min_order_three' depends on axioms: [propext, Classical.choice, Quot.sound]
'A207123.row_min_order_four' depends on axioms: [propext, Classical.choice, Quot.sound]
'A207123.row_min_order_five' depends on axioms: [propext, Classical.choice, Quot.sound]
'A207123.row_min_order_six' depends on axioms: [propext, Classical.choice, Quot.sound]
'A207123.row_min_order_seven' depends on axioms: [propext, Classical.choice, Quot.sound]
'A207123.card_row_products_two' depends on axioms: [propext, Classical.choice, Quot.sound]
'A207123.card_row_products_three' depends on axioms: [propext, Classical.choice, Quot.sound]
'A207123.card_row_products_four' depends on axioms: [propext, Classical.choice, Quot.sound]
'A207123.card_row_products_five' depends on axioms: [propext, Classical.choice, Quot.sound]
'A207123.card_row_products_six' depends on axioms: [propext, Classical.choice, Quot.sound]
'A207123.card_row_products_seven' depends on axioms: [propext, Classical.choice, Quot.sound]
'A207123.card_setParts_single' depends on axioms: [propext, Classical.choice, Quot.sound]
'A207123.card_setParts_join' depends on axioms: [propext, Classical.choice, Quot.sound]
'A207123.partCount_succ_succ' depends on axioms: [propext, Classical.choice, Quot.sound]
'A207123.partCount_succ_succ_of_le' depends on axioms: [propext, Classical.choice, Quot.sound]
'A207123.hc_vars_eq_partCount' depends on axioms: [propext, Classical.choice, Quot.sound]
'A207123.stirlingSecond_eq_partCount' depends on axioms: [propext, Classical.choice, Quot.sound]
'A207123.partCount_one' depends on axioms: [propext, Classical.choice, Quot.sound]
'A207123.lemma_coef_partitions' depends on axioms: [propext, Classical.choice, Quot.sound]
'A207123.NAs_split' depends on axioms: [propext, Classical.choice, Quot.sound]
'A207123.NAs_rec' depends on axioms: [propext, Classical.choice, Quot.sound]
'A207123.NAs_two' depends on axioms: [propext, Classical.choice, Quot.sound]
'A207123.NAs_eq_g' depends on axioms: [propext, Classical.choice, Quot.sound]
'A207123.NAs_explicit' depends on axioms: [propext, Classical.choice, Quot.sound]
'A207123.prop_bijection' depends on axioms: [propext, Classical.choice, Quot.sound]
'A207123.interlaces_mul_iff' depends on axioms: [propext, Classical.choice, Quot.sound]
'A207123.sign_eval' depends on axioms: [propext, Classical.choice, Quot.sound]
'A207123.alt_points' depends on axioms: [propext, Classical.choice, Quot.sound]
'A207123.interlaces_coneSum' depends on axioms: [propext, Classical.choice, Quot.sound]
'A207123.interlaces_uconeSum' depends on axioms: [propext, Classical.choice, Quot.sound]
'A207123.cone_of_interlaces' depends on axioms: [propext, Classical.choice, Quot.sound]
'A207123.ucone_of_interlaces' depends on axioms: [propext, Classical.choice, Quot.sound]
'A207123.Interlaces.add_left' depends on axioms: [propext, Classical.choice, Quot.sound]
'A207123.Interlaces.add_right' depends on axioms: [propext, Classical.choice, Quot.sound]
'A207123.interlaces_derivative' depends on axioms: [propext, Classical.choice, Quot.sound]
'A207123.interlaces_X_sub_C_mul' depends on axioms: [propext, Classical.choice, Quot.sound]
'A207123.Interlaces.X_mul' depends on axioms: [propext, Classical.choice, Quot.sound]
'A207123.opDz_interlaces' depends on axioms: [propext, Classical.choice, Quot.sound]
'A207123.lemma_il_T_one' depends on axioms: [propext, Classical.choice, Quot.sound]
'A207123.Interlaces.opDz' depends on axioms: [propext, Classical.choice, Quot.sound]
'A207123.Interlaces.opTz' depends on axioms: [propext, Classical.choice, Quot.sound]
'A207123.Interlaces.opPsiz' depends on axioms: [propext, Classical.choice, Quot.sound]
'A207123.interlaces_one_add_X_mul_opTz' depends on axioms: [propext, Classical.choice, Quot.sound]
'A207123.opTz_one_add_X_mul' depends on axioms: [propext, Classical.choice, Quot.sound]
'A207123.nR_rec' depends on axioms: [propext, Classical.choice, Quot.sound]
'A207123.alpha_two' depends on axioms: [propext, Classical.choice, Quot.sound]
'A207123.beta_two' depends on axioms: [propext, Classical.choice, Quot.sound]
'A207123.prop_four_relations' depends on axioms: [propext, Classical.choice, Quot.sound]
'A207123.realRooted_nR' depends on axioms: [propext, Classical.choice, Quot.sound]
'A207123.nrowPoly_root_im_eq_zero' depends on axioms: [propext, Classical.choice, Quot.sound]
'A207123.N_one_right' depends on axioms: [propext, Classical.choice, Quot.sound]
'A207123.nR_eval_zero' depends on axioms: [propext, Classical.choice, Quot.sound]
'A207123.Interlaces.eval_mul_derivative_nonneg' depends on axioms: [propext, Classical.choice, Quot.sound]
'A207123.count_roots_of_derivative' depends on axioms: [propext, Classical.choice, Quot.sound]
'A207123.alpha_rel' depends on axioms: [propext, Classical.choice, Quot.sound]
'A207123.beta_rel' depends on axioms: [propext, Classical.choice, Quot.sound]
'A207123.nR_no_common_root' depends on axioms: [propext, Classical.choice, Quot.sound]
'A207123.count_roots_nR_le_one' depends on axioms: [propext, Classical.choice, Quot.sound]
'A207123.rootMultiplicity_nrowPoly_le_one' depends on axioms: [propext, Classical.choice, Quot.sound]
'A207123.nR_eval_hR' depends on axioms: [propext, Classical.choice, Quot.sound]
'A207123.count_neg_one_nR' depends on axioms: [propext, Classical.choice, Quot.sound]
'A207123.card_roots_nR_ne' depends on axioms: [propext, Classical.choice, Quot.sound]
'A207123.hR_realRooted_nodup' depends on axioms: [propext, Classical.choice, Quot.sound]
'A207123.hpoly_root_im_eq_zero' depends on axioms: [propext, Classical.choice, Quot.sound]
'A207123.separable_hpoly' depends on axioms: [propext, Classical.choice, Quot.sound]
'A207123.thm_realroots' depends on axioms: [propext, Classical.choice, Quot.sound]
'A207123.prod_X_add_C_coeff_props' depends on axioms: [propext, Classical.choice, Quot.sound]
'A207123.root_neg_nR' depends on axioms: [propext, Classical.choice, Quot.sound]
'A207123.nR_eq_prod' depends on axioms: [propext, Classical.choice, Quot.sound]
'A207123.coeff_nR_eq_rowProd' depends on axioms: [propext, Classical.choice, Quot.sound]
'A207123.rowProd_props' depends on axioms: [propext, Classical.choice, Quot.sound]
'A207123.unimodal_of_pos_logconcave' depends on axioms: [propext, Classical.choice, Quot.sound]
'A207123.cor_logconcave' depends on axioms: [propext, Classical.choice, Quot.sound]
'A207123.nrowPoly_eq_mul_mPoly' depends on axioms: [propext, Classical.choice, Quot.sound]
'A207123.mPoly_eval_neg_one' depends on axioms: [propext, Classical.choice, Quot.sound]
'A207123.div_three_identities' depends on axioms: [propext, Quot.sound]
'A207123.lemma_minusone_sign_alt' depends on axioms: [propext, Classical.choice, Quot.sound]
'A207123.lemma_minusone_sign' depends on axioms: [propext, Classical.choice, Quot.sound]
'A207123.lemma_minusone' depends on axioms: [propext, Classical.choice, Quot.sound]
'A207123.nAbove_nR_parity' depends on axioms: [propext, Classical.choice, Quot.sound]
'A207123.nBelow_add_count_add_nAbove' depends on axioms: [propext, Classical.choice, Quot.sound]
'A207123.Interlaces.nBelow_le' depends on axioms: [propext, Classical.choice, Quot.sound]
'A207123.nBelow_nR_parity' depends on axioms: [propext, Classical.choice, Quot.sound]
'A207123.nBelow_nR' depends on axioms: [propext, Classical.choice, Quot.sound]
'A207123.hR_roots_toFinset' depends on axioms: [propext, Classical.choice, Quot.sound]
'A207123.card_roots_hR_gt_one' depends on axioms: [propext, Classical.choice, Quot.sound]
'A207123.card_roots_hR_neg' depends on axioms: [propext, Classical.choice, Quot.sound]
'A207123.signVariations_add_comp_neg_X_le' depends on axioms: [propext, Classical.choice, Quot.sound]
'A207123.signVariations_map_rat' depends on axioms: [propext, Classical.choice, Quot.sound]
'A207123.signVariations_hR' depends on axioms: [propext, Classical.choice, Quot.sound]
'A207123.signVariations_hpoly' depends on axioms: [propext, Classical.choice, Quot.sound]
'A207123.cor_hk_signs' depends on axioms: [propext, Classical.choice, Quot.sound]
'A207123.Interlaces.of_C_mul' depends on axioms: [propext, Classical.choice, Quot.sound]
'A207123.inCone_derivative_of_eq_mul' depends on axioms: [propext, Classical.choice, Quot.sound]
'A207123.interlaces_derivative_of_interlaces_pos' depends on axioms: [propext, Classical.choice, Quot.sound]
'A207123.interlaces_derivative_of_interlaces' depends on axioms: [propext, Classical.choice, Quot.sound]
'A207123.aeval_ne_zero_of_im_pos' depends on axioms: [propext, Classical.choice, Quot.sound]
'A207123.im_div_coneSum_nonpos' depends on axioms: [propext, Classical.choice, Quot.sound]
'A207123.im_div_uconeSum_nonneg' depends on axioms: [propext, Classical.choice, Quot.sound]
'A207123.exists_im_pos_of_local' depends on axioms: [propext, Classical.choice, Quot.sound]
'A207123.exists_omega_of_two_le' depends on axioms: [propext, Classical.choice, Quot.sound]
'A207123.isRoot_of_im_nonpos' depends on axioms: [propext, Classical.choice, Quot.sound]
'A207123.weight_nonneg_of_im_nonpos' depends on axioms: [propext, Classical.choice, Quot.sound]
'A207123.cone_of_im_nonpos' depends on axioms: [propext, Classical.choice, Quot.sound]
'A207123.ucone_of_im_nonneg' depends on axioms: [propext, Classical.choice, Quot.sound]
'A207123.lemma_il_pick_one' depends on axioms: [propext, Classical.choice, Quot.sound]
'A207123.lemma_il_pick_two' depends on axioms: [propext, Classical.choice, Quot.sound]
'A207123.realRooted_of_im_nonpos' depends on axioms: [propext, Classical.choice, Quot.sound]
'A207123.realRooted_of_im_nonneg' depends on axioms: [propext, Classical.choice, Quot.sound]
'A207123.sum_cltWords' depends on axioms: [propext, Classical.choice, Quot.sound]
'A207123.isProbabilityMeasure_cltLaw' depends on axioms: [propext, Classical.choice, Quot.sound]
'A207123.card_cltWords_eq' depends on axioms: [propext, Classical.choice, Quot.sound]
'A207123.linProd_moments' depends on axioms: [propext, Classical.choice, Quot.sound]
'A207123.cltMean_eq' depends on axioms: [propext, Classical.choice, Quot.sound]
'A207123.cltVar_eq' depends on axioms: [propext, Classical.choice, Quot.sound]
'A207123.cltVar_eq_sum' depends on axioms: [propext, Classical.choice, Quot.sound]
'A207123.cltVar_ge' depends on axioms: [propext, Classical.choice, Quot.sound]
'A207123.tendsto_cltVar' depends on axioms: [propext, Classical.choice, Quot.sound]
'A207123.charFun_cltLaw' depends on axioms: [propext, Classical.choice, Quot.sound]
'A207123.charFun_cltLaw_eq_prod' depends on axioms: [propext, Classical.choice, Quot.sound]
'A207123.norm_multiset_prod_sub_prod_le' depends on axioms: [propext, Classical.choice, Quot.sound]
'A207123.exp_I_taylor_bound' depends on axioms: [propext, Classical.choice, Quot.sound]
'A207123.bernoulli_factor_bound' depends on axioms: [propext, Classical.choice, Quot.sound]
'A207123.factor_eq' depends on axioms: [propext, Classical.choice, Quot.sound]
'A207123.charFun_cltLaw_bound' depends on axioms: [propext, Classical.choice, Quot.sound]
'A207123.tendsto_charFun_cltLaw' depends on axioms: [propext, Classical.choice, Quot.sound]
'A207123.cor_clt' depends on axioms: [propext, Classical.choice, Quot.sound]
'A207123.surjective_iff_colMat' depends on axioms: [propext, Classical.choice, Quot.sound]
'A207123.numChainsBar_eq_card_heights' depends on axioms: [propext, Classical.choice, Quot.sound]
'A207123.card_legalF_surjective' depends on axioms: [propext, Classical.choice, Quot.sound]
'A207123.numChainsBar_eq_N' depends on axioms: [propext, Classical.choice, Quot.sound]
'A207123.N_eq_numChainsBar' depends on axioms: [propext, Classical.choice, Quot.sound]
'A207123.numChainsBar_eq_zero' depends on axioms: [propext, Classical.choice, Quot.sound]
'A207123.numChainsBar_pos' depends on axioms: [propext, Classical.choice, Quot.sound]
'A207123.nR_eq_chainPoly' depends on axioms: [propext, Classical.choice, Quot.sound]
'A207123.hpoly_eq_hPoly_orderComplex' depends on axioms: [propext, Classical.choice, Quot.sound]
'A207123.eval_pos_of_coeff_nonneg' depends on axioms: [propext, Classical.choice, Quot.sound]
'A207123.no_root_lt_neg_one' depends on axioms: [propext, Classical.choice, Quot.sound]
'A207123.hpoly_exists_coeff_neg' depends on axioms: [propext, Classical.choice, Quot.sound]
'A207123.substU_coords_unique' depends on axioms: [propext, Classical.choice, Quot.sound]
'A207123.coe_eq_coords' depends on axioms: [propext, Classical.choice, Quot.sound]
'A207123.eval_eq_coords' depends on axioms: [propext, Classical.choice, Quot.sound]
'A207123.coe_Ppoly_uS' depends on axioms: [propext, Classical.choice, Quot.sound]
'A207123.eval_Wpoly_root' depends on axioms: [propext, Classical.choice, Quot.sound]
'A207123.cubic_roots' depends on axioms: [propext, Classical.choice, Quot.sound]
'A207123.powsum_rat' depends on axioms: [propext, Classical.choice, Quot.sound]
'A207123.not_rat_cube_81' depends on axioms: [propext, Classical.choice, Quot.sound]
'A207123.no_common_value' depends on axioms: [propext, Classical.choice, Quot.sound]
'A207123.binomZ_sub_two_mul' depends on axioms: [propext, Classical.choice, Quot.sound]
'A207123.coeff_uS_pow_mul_mk_one' depends on axioms: [propext, Classical.choice, Quot.sound]
'A207123.coeff_substU_mk_mul_mk_one' depends on axioms: [propext, Classical.choice, Quot.sound]
'A207123.thm_S' depends on axioms: [propext, Classical.choice, Quot.sound]
'A207123.eval_eq_coords_at' depends on axioms: [propext, Classical.choice, Quot.sound]
'A207123.single_sum_cross' depends on axioms: [propext, Classical.choice, Quot.sound]
'A207123.NUp_add_NA' depends on axioms: [propext, Classical.choice, Quot.sound]
'A207123.P_mul_GUp' depends on axioms: [propext, Classical.choice, Quot.sound]
'A207123.Dpoly_eval_half' depends on axioms: [propext, Classical.choice, Quot.sound]
'A207123.eval_Wpoly_sub_one_root' depends on axioms: [propext, Classical.choice, Quot.sound]
'A207123.cubic_roots_half' depends on axioms: [propext, Classical.choice, Quot.sound]
'A207123.powsum_rat_half' depends on axioms: [propext, Classical.choice, Quot.sound]
'A207123.not_rat_cube_17' depends on axioms: [propext, Classical.choice, Quot.sound]
'A207123.no_common_value_b2' depends on axioms: [propext, Classical.choice, Quot.sound]
'A207123.thm_Spart' depends on axioms: [propext, Classical.choice, Quot.sound]
'A207123.vanish_substV' depends on axioms: [propext, Classical.choice, Quot.sound]
'A207123.vanish_mul_Xw_pow' depends on axioms: [propext, Classical.choice, Quot.sound]
'A207123.subst_coords_unique_gen' depends on axioms: [propext, Classical.choice, Quot.sound]
'A207123.qV_monic' depends on axioms: [propext, Classical.choice, Quot.sound]
'A207123.aeval_eq_coordsV' depends on axioms: [propext, Classical.choice, Quot.sound]
'A207123.eval_eq_coordsV' depends on axioms: [propext, Classical.choice, Quot.sound]
'A207123.cross_of_eq' depends on axioms: [propext, Classical.choice, Quot.sound]
'A207123.coeff_mk_one_pow_mul_substV' depends on axioms: [propext, Classical.choice, Quot.sound]
'A207123.binomZ_shape' depends on axioms: [propext, Classical.choice, Quot.sound]
'A207123.shape_gf' depends on axioms: [propext, Classical.choice, Quot.sound]
'A207123.U_pos' depends on axioms: [propext, Classical.choice, Quot.sound]
'A207123.shape_main_identity' depends on axioms: [propext, Classical.choice, Quot.sound]
'A207123.shape_fibre_x' depends on axioms: [propext, Classical.choice, Quot.sound]
'A207123.aeval_homogY' depends on axioms: [propext, Classical.choice, Quot.sound]
'A207123.eval_homogY' depends on axioms: [propext, Classical.choice, Quot.sound]
'A207123.shape_fibre_y' depends on axioms: [propext, Classical.choice, Quot.sound]
'A207123.irreducible_fQ' depends on axioms: [propext, Classical.choice, Quot.sound]
'A207123.minpoly_root_b1' depends on axioms: [propext, Classical.choice, Quot.sound]
'A207123.eq_zero_of_aeval_root_b1' depends on axioms: [propext, Classical.choice, Quot.sound]
'A207123.quad_rel_root_b1' depends on axioms: [propext, Classical.choice, Quot.sound]
'A207123.aeval_root_b1_eq_zero' depends on axioms: [propext, Classical.choice, Quot.sound]
'A207123.exists_real_root_b1' depends on axioms: [propext, Classical.choice, Quot.sound]
'A207123.complex_root_b1' depends on axioms: [propext, Classical.choice, Quot.sound]
'A207123.real_root_pow_not_rat' depends on axioms: [propext, Classical.choice, Quot.sound]
'A207123.exists_b_root_of_Ppoly' depends on axioms: [propext, Classical.choice, Quot.sound]
'A207123.not_shape_a' depends on axioms: [propext, Classical.choice, Quot.sound]
'A207123.not_shape_b' depends on axioms: [propext, Classical.choice, Quot.sound]
'A207123.not_shape_c' depends on axioms: [propext, Classical.choice, Quot.sound]
'A207123.not_shape_d' depends on axioms: [propext, Classical.choice, Quot.sound]
'A207123.not_shape_21' depends on axioms: [propext, Classical.choice, Quot.sound]
'A207123.shape_10' depends on axioms: [propext, Classical.choice, Quot.sound]
'A207123.shape_01' depends on axioms: [propext, Classical.choice, Quot.sound]
'A207123.thm_shapes' depends on axioms: [propext, Classical.choice, Quot.sound]
'A207123.binomZ_natCast' depends on axioms: [propext, Classical.choice, Quot.sound]
'A207123.NA_eq_sum' depends on axioms: [propext, Classical.choice, Quot.sound]
'A207123.NA_single_sum' depends on axioms: [propext, Classical.choice, Quot.sound]
'A207123.NA_excluded_form' depends on axioms: [propext, Classical.choice, Quot.sound]
'A207123.U_zero_single_sum' depends on axioms: [propext, Classical.choice, Quot.sound]
'A207123.NUp_explicit' depends on axioms: [propext, Classical.choice, Quot.sound]
'A207123.NUp_one_single_sum' depends on axioms: [propext, Classical.choice, Quot.sound]
'A207123.NUp_one_excluded_form' depends on axioms: [propext, Classical.choice, Quot.sound]
'A207123.shapeRepZ_natCast' depends on axioms: [propext, Classical.choice, Quot.sound]
'A207123.sum_triA' depends on axioms: [propext, Classical.choice, Quot.sound]
'A207123.shape_neg' depends on axioms: [propext, Classical.choice, Quot.sound]
'A207123.shape_sum_one' depends on axioms: [propext, Classical.choice, Quot.sound]
'A207123.gf_R' depends on axioms: [propext, Classical.choice, Quot.sound]
'A207123.gf_R_shift' depends on axioms: [propext, Classical.choice, Quot.sound]
'A207123.gf_R_prompt_wrong' depends on axioms: [propext, Classical.choice, Quot.sound]
'A207123.U_three' depends on axioms: [propext, Classical.choice, Quot.sound]
'A207123.U_three_choose' depends on axioms: [propext, Classical.choice, Quot.sound]
'A207123.U_three_eq_A084990' depends on axioms: [propext, Classical.choice, Quot.sound]
'A207123.U_four' depends on axioms: [propext, Classical.choice, Quot.sound]
'A207123.U_four_choose' depends on axioms: [propext, Classical.choice, Quot.sound]
'A207123.N_explicit' depends on axioms: [propext, Classical.choice, Quot.sound]
'A207123.ci_formula' depends on axioms: [propext, Classical.choice, Quot.sound]
'A207123.coeff_inv_Ppoly' depends on axioms: [propext, Classical.choice, Quot.sound]
'A207123.factorial_mul_coeff_inv_Ppoly' depends on axioms: [propext, Classical.choice, Quot.sound]
'A207123.U_eq_Theta' depends on axioms: [propext, Classical.choice, Quot.sound]
'A207123.Theta_eq_coeff_prod' depends on axioms: [propext, Classical.choice, Quot.sound]
'A207123.Theta_eq_coeff_Ppoly_div' depends on axioms: [propext, Classical.choice, Quot.sound]
'A207123.T15_note_P' depends on axioms: [propext, Classical.choice, Quot.sound]
'A207123.T15_note_c' depends on axioms: [propext, Classical.choice, Quot.sound]
'A207123.U_F3' depends on axioms: [propext, Classical.choice, Quot.sound]
'A207123.U_F3_nat' depends on axioms: [propext, Classical.choice, Quot.sound]
'A207123.Theta_eq_H' depends on axioms: [propext, Classical.choice, Quot.sound]
'A207123.Theta_eq_F3_term' depends on axioms: [propext, Classical.choice, Quot.sound]
'A207123.Theta_vs_H_example' depends on axioms: [propext, Classical.choice, Quot.sound]
'A207123.U_F4' depends on axioms: [propext, Classical.choice, Quot.sound]
'A207123.R_formula' depends on axioms: [propext, Classical.choice, Quot.sound]
'A207123.T1_9' depends on axioms: [propext, Classical.choice, Quot.sound]
'A207123.a_eq_parity' depends on axioms: [propext, Classical.choice, Quot.sound]
'A207123.existsUnique_parity' depends on axioms: [propext, Classical.choice, Quot.sound]
'A207123.natDegree_parP' depends on axioms: [propext, Classical.choice, Quot.sound]
'A207123.leadingCoeff_parP' depends on axioms: [propext, Classical.choice, Quot.sound]
'A207123.natDegree_parQ' depends on axioms: [propext, Classical.choice, Quot.sound]
'A207123.leadingCoeff_parQ' depends on axioms: [propext, Classical.choice, Quot.sound]
'A207123.gf_aSer' depends on axioms: [propext, Classical.choice, Quot.sound]
'A207123.parDen_dvd_of_mul_aSer' depends on axioms: [propext, Classical.choice, Quot.sound]
'A207123.parity_min_order' depends on axioms: [propext, Classical.choice, Quot.sound]
'A207123.parity_min_order_zero' depends on axioms: [propext, Classical.choice, Quot.sound]
'A207123.parDen_three' depends on axioms: [propext, Classical.choice, Quot.sound]
'A207123.parDen_four' depends on axioms: [propext, Classical.choice, Quot.sound]
'A207123.parDen_five' depends on axioms: [propext, Classical.choice, Quot.sound]
'A207123.parDen_six' depends on axioms: [propext, Classical.choice, Quot.sound]
'A207123.parDen_seven' depends on axioms: [propext, Classical.choice, Quot.sound]
'A207123.oeis_A207118' depends on axioms: [propext, Classical.choice, Quot.sound]
'A207123.oeis_A207119' depends on axioms: [propext, Classical.choice, Quot.sound]
'A207123.oeis_A207120' depends on axioms: [propext, Classical.choice, Quot.sound]
'A207123.oeis_A207121' depends on axioms: [propext, Classical.choice, Quot.sound]
'A207123.oeis_A207122' depends on axioms: [propext, Classical.choice, Quot.sound]
'A207123.row_rec' depends on axioms: [propext, Classical.choice, Quot.sound]
'A207123.row_rec_of_consecutive' depends on axioms: [propext, Classical.choice, Quot.sound]
'A207123.aAlt_two' depends on axioms: [propext, Classical.choice, Quot.sound]
'A207123.aAlt_three' depends on axioms: [propext, Classical.choice, Quot.sound]
'A207123.Ucol_eq' depends on axioms: [propext, Classical.choice, Quot.sound]
'A207123.rowList_eq' depends on axioms: [propext, Classical.choice, Quot.sound]
'A207123.row_rec_of_check' depends on axioms: [propext, Classical.choice, Quot.sound]
'A207123.oeis_A207069' depends on axioms: [propext, Classical.choice, Quot.sound]
'A207123.oeis_A207070' depends on axioms: [propext, Classical.choice, Quot.sound]
'A207123.oeis_A207124' depends on axioms: [propext, Classical.choice, Quot.sound]
'A207123.oeis_A207125' depends on axioms: [propext, Classical.choice, Quot.sound]
'A207123.oeis_A207126' depends on axioms: [propext, Classical.choice, Quot.sound]
'A207123.oeis_A207127' depends on axioms: [propext, Classical.choice, Quot.sound]
'A207123.NK_pde' depends on axioms: [propext, Classical.choice, Quot.sound]
'A207123.HH_eq_F' depends on axioms: [propext, Classical.choice, Quot.sound]
'A207123.HH_eq_N' depends on axioms: [propext, Classical.choice, Quot.sound]
'A207123.HH_pde' depends on axioms: [propext, Classical.choice, Quot.sound]
'A207123.Nser_three_term' depends on axioms: [propext, Classical.choice, Quot.sound]
'A207123.Nser_three_term_needs_boundary' depends on axioms: [propext, Classical.choice, Quot.sound]
'A207123.Numq_three_term' depends on axioms: [propext, Classical.choice, Quot.sound]
'A207123.Numq_three_term_boundary' depends on axioms: [propext, Classical.choice, Quot.sound]
'A207123.Numq_three_term_fails_at_two' depends on axioms: [propext, Classical.choice, Quot.sound]
'A207123.leadingCoeff_Numq_rec' depends on axioms: [propext, Classical.choice, Quot.sound]
'A207123.Numq_deg_lead_low' depends on axioms: [propext, Classical.choice, Quot.sound]
'A207123.Num_eq_IE_closed_form' depends on axioms: [propext, Classical.choice, Quot.sound]
'A207123.P_mul_Nser_eq_IE' depends on axioms: [propext, Classical.choice, Quot.sound]
'A207123.Numq_full_history' depends on axioms: [propext, Classical.choice, Quot.sound]
'A207123.full_history_at_two' depends on axioms: [propext, Classical.choice, Quot.sound]
'A207123.Numq_hasNonnegCoeffs' depends on axioms: [propext, Classical.choice, Quot.sound]
'A207123.Numq_coeff_nonneg' depends on axioms: [propext, Classical.choice, Quot.sound]
'A207123.Numq_coeff_gap' depends on axioms: [propext, Classical.choice, Quot.sound]
'A207123.Numq_coeff_pos_iff' depends on axioms: [propext, Classical.choice, Quot.sound]
'A207123.Numq_coeff_ne_zero_iff' depends on axioms: [propext, Classical.choice, Quot.sound]
'A207123.Numq_eval_one_rec' depends on axioms: [propext, Classical.choice, Quot.sound]
'A207123.Numq_eval_one_init' depends on axioms: [propext, Classical.choice, Quot.sound]
'A207123.Numq_coeff_q_add' depends on axioms: [propext, Classical.choice, Quot.sound]
'A207123.Numq_coeff_q_add_one' depends on axioms: [propext, Classical.choice, Quot.sound]
'A207123.Numq_coeff_q_add_two' depends on axioms: [propext, Classical.choice, Quot.sound]
'A207123.Numq_coeff_exception_zero' depends on axioms: [propext, Classical.choice, Quot.sound]
'A207123.Numq_coeff_exception_one' depends on axioms: [propext, Classical.choice, Quot.sound]
'A207123.Numq_coeff_exception_two' depends on axioms: [propext, Classical.choice, Quot.sound]
'A207123.N_six_four' depends on axioms: [propext, Classical.choice, Quot.sound]
'A207123.N_sub_two' depends on axioms: [propext, Classical.choice, Quot.sound]
'A207123.T4_1_a' depends on axioms: [propext, Classical.choice, Quot.sound]
'A207123.T4_1' depends on axioms: [propext, Classical.choice, Quot.sound]
'A207123.T4_1_threshold' depends on axioms: [propext, Classical.choice, Quot.sound]
'A207123.ndPoly_zero_one' depends on axioms: [propext, Classical.choice, Quot.sound]
'A207123.T4_2_3' depends on axioms: [propext, Classical.choice, Quot.sound]
'A207123.T5_2_formula' depends on axioms: [propext, Classical.choice, Quot.sound]
'A207123.T5_2_top' depends on axioms: [propext, Classical.choice, Quot.sound]
'A207123.T5_2_sub' depends on axioms: [propext, Classical.choice, Quot.sound]
'A207123.T5_2_sub_three' depends on axioms: [propext, Classical.choice, Quot.sound]
'A207123.hpoly_eval_zero_eq_one' depends on axioms: [propext, Classical.choice, Quot.sound]
'A207123.hpoly_eval_one_two' depends on axioms: [propext, Classical.choice, Quot.sound]
'A207123.hpoly_coeff_one' depends on axioms: [propext, Classical.choice, Quot.sound]
'A207123.hpoly_coeff_one_pos' depends on axioms: [propext, Classical.choice, Quot.sound]
'A207123.hpoly_coeff_one_eq_zero' depends on axioms: [propext, Classical.choice, Quot.sound]
'A207123.hpoly_coeff_one_gf' depends on axioms: [propext, Classical.choice, Quot.sound]
'A207123.hpoly_coeff_eq_sum' depends on axioms: [propext, Classical.choice, Quot.sound]
'A207123.iterate_derivative_hpoly_eval_one' depends on axioms: [propext, Classical.choice, Quot.sound]
'A207123.iterate_derivative_hpoly_eval_one_k_zero' depends on axioms: [propext, Classical.choice, Quot.sound]
'A207123.hpoly_derivative_eval_one' depends on axioms: [propext, Classical.choice, Quot.sound]
'A207123.nrowPoly_eval' depends on axioms: [propext, Classical.choice, Quot.sound]
'A207123.nrowPoly_eq' depends on axioms: [propext, Classical.choice, Quot.sound]
'A207123.Gneg_one' depends on axioms: [propext, Classical.choice, Quot.sound]
'A207123.Gneg_succ' depends on axioms: [propext, Classical.choice, Quot.sound]
'A207123.Gneg_isPoly' depends on axioms: [propext, Classical.choice, Quot.sound]
'A207123.coeff_gnegPoly_top' depends on axioms: [propext, Classical.choice, Quot.sound]
'A207123.coeff_gnegPoly_top_one' depends on axioms: [propext, Classical.choice, Quot.sound]
'A207123.coeff_gnegPoly_top_two' depends on axioms: [propext, Classical.choice, Quot.sound]
'A207123.upoly_eval_neg_eq_zero' depends on axioms: [propext, Classical.choice, Quot.sound]
'A207123.upoly_eval_neg_ne_zero' depends on axioms: [propext, Classical.choice, Quot.sound]
'A207123.prod_dvd_upoly' depends on axioms: [propext, Classical.choice, Quot.sound]
'A207123.upoly_three_mul_eval' depends on axioms: [propext, Classical.choice, Quot.sound]
'A207123.upoly_eval_neg_recip' depends on axioms: [propext, Classical.choice, Quot.sound]
'A207123.natDegree_hpoly' depends on axioms: [propext, Classical.choice, Quot.sound]
'A207123.leadingCoeff_hpoly_eq' depends on axioms: [propext, Classical.choice, Quot.sound]
'A207123.leadingCoeff_hpoly_three_mul' depends on axioms: [propext, Classical.choice, Quot.sound]
'A207123.leadingCoeff_hpoly_three_mul_add_one' depends on axioms: [propext, Classical.choice, Quot.sound]
'A207123.leadingCoeff_hpoly_three_mul_add_two' depends on axioms: [propext, Classical.choice, Quot.sound]
'A207123.leadingCoeff_hpoly_sign' depends on axioms: [propext, Classical.choice, Quot.sound]
'A207123.sum_neg_one_pow_N' depends on axioms: [propext, Classical.choice, Quot.sound]
'A207123.sum_neg_one_pow_N_eq_zero' depends on axioms: [propext, Classical.choice, Quot.sound]
'A207123.sum_neg_one_pow_N_small' depends on axioms: [propext, Classical.choice, Quot.sound]
'A207123.rootMultiplicity_nrowPoly' depends on axioms: [propext, Classical.choice, Quot.sound]
'A207123.rootMultiplicity_nrowPoly_ceil' depends on axioms: [propext, Classical.choice, Quot.sound]
'A207123.hpoly_aeval_eq_tsum' depends on axioms: [propext, Classical.choice, Quot.sound]
'A207123.hpoly_pos_of_mem_Icc' depends on axioms: [propext, Classical.choice, Quot.sound]
'A207123.hpoly_ne_zero_of_mem_Icc' depends on axioms: [propext, Classical.choice, Quot.sound]
A207123 各模块共 4834 个声明；出现过的公理：[Quot.sound, Classical.choice, propext]；依赖其他公理的声明：0 个 []
[lean_one 内存：PEAK=8142 MINHEAD=7217 KILLED=0 REASON= QFAIL=0；用时 23s]
[lean_one exit code 0]
