[lean_one 启动前：AVAIL=4284 COMMIT=20431 LIMIT=33453 HEADROOM=13022 TOTAL=16045；看门狗上限 CAP=9500MB，MINHEAD=3000MB]
'A207123.lemma1' depends on axioms: [propext, Classical.choice, Quot.sound]
'A207123.lemma1_one' depends on axioms: [propext, Classical.choice, Quot.sound]
'A207123.lemma1_two' depends on axioms: [propext, Classical.choice, Quot.sound]
'A207123.U_zero_left' depends on axioms: [propext, Classical.choice, Quot.sound]
'A207123.U_zero_right' depends on axioms: [propext, Classical.choice, Quot.sound]
'A207123.legal_iff_getElem' depends on axioms: [propext, Classical.choice, Quot.sound]
'A207123.L_split' depends on axioms: [propext, Classical.choice, Quot.sound]
'A207123.L_split_disjoint' depends on axioms: [propext, Classical.choice, Quot.sound]
'A207123.a_eq' depends on axioms: [propext, Classical.choice, Quot.sound]
'A207123.U_eq_multichains' depends on axioms: [propext, Classical.choice, Quot.sound]
'A207123.card_Lam' depends on axioms: [propext, Classical.choice, Quot.sound]
'A207123.card_antitone_rows' depends on axioms: [propext, Classical.choice, Quot.sound]
'A207123.rowRule_iff_allowed' depends on axioms: [propext, Quot.sound]
'A207123.G_zero' depends on axioms: [propext, Classical.choice, Quot.sound]
'A207123.G_rec' depends on axioms: [propext, Classical.choice, Quot.sound]
'A207123.P_mul_G' depends on axioms: [propext, Classical.choice, Quot.sound]
'A207123.X_mul_W' depends on axioms: [propext, Classical.choice, Quot.sound]
'A207123.isCoprime_W_P' depends on axioms: [propext, Classical.choice, Quot.sound]
'A207123.natDegree_P' depends on axioms: [propext, Classical.choice, Quot.sound]
'A207123.coeff_zero_P' depends on axioms: [propext, Classical.choice, Quot.sound]
'A207123.P_recurrence' depends on axioms: [propext, Classical.choice, Quot.sound]
'A207123.order_lower_bound' depends on axioms: [propext, Classical.choice, Quot.sound]
'A207123.min_order' depends on axioms: [propext, Classical.choice, Quot.sound]
'A207123.P_dvd_of_mul_G_poly' depends on axioms: [propext, Classical.choice, Quot.sound]
'A207123.mem_NW' depends on axioms: [propext, Classical.choice, Quot.sound]
'A207123.U_eq_sum_N' depends on axioms: [propext, Classical.choice, Quot.sound]
'A207123.N_inv' depends on axioms: [propext, Classical.choice, Quot.sound]
'A207123.N_inv_zero' depends on axioms: [propext, Classical.choice, Quot.sound]
'A207123.N_eq_zero_of_lt' depends on axioms: [propext, Classical.choice, Quot.sound]
'A207123.N_succ_zero' depends on axioms: [propext, Classical.choice, Quot.sound]
'A207123.N_tri' depends on axioms: [propext, Classical.choice, Quot.sound]
'A207123.N_init' depends on axioms: [propext, Classical.choice, Quot.sound]
'A207123.N_tri_fails_at_two' depends on axioms: [propext, Classical.choice, Quot.sound]
'A207123.N_tri_one' depends on axioms: [propext, Classical.choice, Quot.sound]
'A207123.N_tri_two' depends on axioms: [propext, Classical.choice, Quot.sound]
'A207123.N_diag' depends on axioms: [propext, Classical.choice, Quot.sound]
'A207123.N_subdiag' depends on axioms: [propext, Classical.choice, Quot.sound]
'A207123.N_three_two' depends on axioms: [propext, Classical.choice, Quot.sound]
'A207123.U_eq_F' depends on axioms: [propext, Classical.choice, Quot.sound]
'A207123.hc_vars_zero' depends on axioms: [propext, Classical.choice, Quot.sound]
'A207123.U_explicit' depends on axioms: [propext, Classical.choice, Quot.sound]
'A207123.asc_eq_card' depends on axioms: [propext, Classical.choice, Quot.sound]
'A207123.sum_Us' depends on axioms: [propext, Classical.choice, Quot.sound]
'A207123.Us_zero_left' depends on axioms: [propext, Classical.choice, Quot.sound]
'A207123.Us_zero_right' depends on axioms: [propext, Classical.choice, Quot.sound]
'A207123.lemma1_asc_one' depends on axioms: [propext, Classical.choice, Quot.sound]
'A207123.lemma1_asc_two' depends on axioms: [propext, Classical.choice, Quot.sound]
'A207123.lemma1_asc' depends on axioms: [propext, Classical.choice, Quot.sound]
'A207123.lemma1_asc_s0' depends on axioms: [propext, Classical.choice, Quot.sound]
'A207123.Us_eq_Fs' depends on axioms: [propext, Classical.choice, Quot.sound]
'A207123.Us_explicit' depends on axioms: [propext, Classical.choice, Quot.sound]
'A207123.no_x_ODE' depends on axioms: [propext, Classical.choice, Quot.sound]
'A207123.no_x_ODE_poly' depends on axioms: [propext, Classical.choice, Quot.sound]
'A207123.no_k_only_recurrence' depends on axioms: [propext, Classical.choice, Quot.sound]
'A207123.not_isDFinite_FK' depends on axioms: [propext, Classical.choice, Quot.sound]
'A207123.not_isDFinite_F' depends on axioms: [propext, Classical.choice, Quot.sound]
'A207123.not_isDFinite_Fxt' depends on axioms: [propext, Classical.choice, Quot.sound]
'A207123.exists_x_ODE_of_isDFinite' depends on axioms: [propext, Classical.choice, Quot.sound]
'A207123.exists_t_ODE_of_isDFinite' depends on axioms: [propext, Classical.choice, Quot.sound]
'A207123.mem_ratFn_iff' depends on axioms: [propext, Classical.choice, Quot.sound]
'A207123.isFractionRing_ratFn' depends on axioms: [propext, Classical.choice, Quot.sound]
'A207123.dXK_dTK_comm' depends on axioms: [propext, Classical.choice, Quot.sound]
'A207123.isDFinite_one' depends on axioms: [propext, Classical.choice, Quot.sound]
'A207123.RelU_eq' depends on axioms: [propext, Classical.choice, Quot.sound]
'A207123.RelU_iff_mem_span' depends on axioms: [propext, Classical.choice, Quot.sound]
'A207123.mul_mem_ideal_of_vanish' depends on axioms: [propext, Classical.choice, Quot.sound]
'A207123.mem_ideal_of_mul_mem_ideal' depends on axioms: [propext, Classical.choice, Quot.sound]
'A207123.pure_ann_zero' depends on axioms: [propext, Classical.choice, Quot.sound]
'A207123.col_zero' depends on axioms: [propext, Classical.choice, Quot.sound]
'A207123.red_of_mem' depends on axioms: [propext, Classical.choice, Quot.sound]
'A207123.L1_U' depends on axioms: [propext, Classical.choice, Quot.sound]
'A207123.exists_normal_form' depends on axioms: [propext, Classical.choice, Quot.sound]
'A207123.normal_form_unique' depends on axioms: [propext, Classical.choice, Quot.sound]
'A207123.opX_mul_mulOp' depends on axioms: [propext, Classical.choice, Quot.sound]
'A207123.opEinv_mul_mulOp' depends on axioms: [propext, Classical.choice, Quot.sound]
'A207123.RelN_eq' depends on axioms: [propext, Classical.choice, Quot.sound]
'A207123.RelN_iff_mem_span' depends on axioms: [propext, Classical.choice, Quot.sound]
'A207123.saturation_Y' depends on axioms: [propext, Classical.choice, Quot.sound]
'A207123.saturation_one_add_Y' depends on axioms: [propext, Classical.choice, Quot.sound]
'A207123.LN_N' depends on axioms: [propext, Classical.choice, Quot.sound]
'A207123.L1V_P' depends on axioms: [propext, Classical.choice, Quot.sound]
'A207123.relV' depends on axioms: [propext, Classical.choice, Quot.sound]
'A207123.exists_N_to_V' depends on axioms: [propext, Classical.choice, Quot.sound]
'A207123.exists_V_to_N' depends on axioms: [propext, Classical.choice, Quot.sound]
'A207123.opD_pow_P_vanish' depends on axioms: [propext, Classical.choice, Quot.sound]
'A207123.T1_2' depends on axioms: [propext, Classical.choice, Quot.sound]
'A207123.C1_sum' depends on axioms: [propext, Classical.choice, Quot.sound]
'A207123.existsUnique_upoly' depends on axioms: [propext, Classical.choice, Quot.sound]
'A207123.natDegree_upoly' depends on axioms: [propext, Classical.choice, Quot.sound]
'A207123.leadingCoeff_upoly_eq' depends on axioms: [propext, Classical.choice, Quot.sound]
'A207123.upoly_eval_neg_one' depends on axioms: [propext, Classical.choice, Quot.sound]
'A207123.upoly_sub_comp' depends on axioms: [propext, Classical.choice, Quot.sound]
'A207123.T1_3_3' depends on axioms: [propext, Classical.choice, Quot.sound]
'A207123.squarefree_Ppoly' depends on axioms: [propext, Classical.choice, Quot.sound]
'A207123.simple_root_Ppoly' depends on axioms: [propext, Classical.choice, Quot.sound]
'A207123.isCoprime_bpoly' depends on axioms: [propext, Classical.choice, Quot.sound]
'A207123.separable_bpoly' depends on axioms: [propext, Classical.choice, Quot.sound]
'A207123.discr_reverse_bpoly' depends on axioms: [propext, Classical.choice, Quot.sound]
'A207123.FK_pde' depends on axioms: [propext, Classical.choice, Quot.sound]
'A207123.pde_coeff' depends on axioms: [propext, Classical.choice, Quot.sound]
'A207123.pde_coeff_needs_zero_convention' depends on axioms: [propext, Classical.choice, Quot.sound]
'A207123.pde_homogeneous' depends on axioms: [propext, Classical.choice, Quot.sound]
'A207123.pde_unique' depends on axioms: [propext, Classical.choice, Quot.sound]
'A207123.hpoly_spec' depends on axioms: [propext, Classical.choice, Quot.sound]
'A207123.hpoly_formula_zero' depends on axioms: [propext, Classical.choice, Quot.sound]
'A207123.hpoly_rec' depends on axioms: [propext, Classical.choice, Quot.sound]
'A207123.hrec_eq_hpoly' depends on axioms: [propext, Classical.choice, Quot.sound]
'A207123.hrec_bad_ne' depends on axioms: [propext, Classical.choice, Quot.sound]
'A207123.hpoly_three' depends on axioms: [propext, Classical.choice, Quot.sound]
'A207123.hpoly_four' depends on axioms: [propext, Classical.choice, Quot.sound]
'A207123.hpoly_five' depends on axioms: [propext, Classical.choice, Quot.sound]
'A207123.hpoly_six' depends on axioms: [propext, Classical.choice, Quot.sound]
'A207123.hpoly_eval_one_eq_two' depends on axioms: [propext, Classical.choice, Quot.sound]
'A207123.P_mul_Nser' depends on axioms: [propext, Classical.choice, Quot.sound]
'A207123.Nser_eq_sum' depends on axioms: [propext, Classical.choice, Quot.sound]
'A207123.natDegree_Numq' depends on axioms: [propext, Classical.choice, Quot.sound]
'A207123.leadingCoeff_Numq' depends on axioms: [propext, Classical.choice, Quot.sound]
'A207123.Numq_lowest' depends on axioms: [propext, Classical.choice, Quot.sound]
'A207123.Numq_one' depends on axioms: [propext, Classical.choice, Quot.sound]
'A207123.prompt_numerators' depends on axioms: [propext, Classical.choice, Quot.sound]
'A207123.not_isDFinite_NKser' depends on axioms: [propext, Classical.choice, Quot.sound]
'A207123.not_isDFinite_NK' depends on axioms: [propext, Classical.choice, Quot.sound]
'A207123.no_x_ODE_NK' depends on axioms: [propext, Classical.choice, Quot.sound]
'A207123.subst_NKser' depends on axioms: [propext, Classical.choice, Quot.sound]
'A207123.one_add_X_mul_FK_eq_subst' depends on axioms: [propext, Classical.choice, Quot.sound]
'A207123.no_k_only_recurrence_N' depends on axioms: [propext, Classical.choice, Quot.sound]
'A207123.finrank_relU_tot' depends on axioms: [propext, Classical.choice, Quot.sound]
'A207123.finrank_relU_gr' depends on axioms: [propext, Classical.choice, Quot.sound]
'A207123.finrank_relN_tot' depends on axioms: [propext, Classical.choice, Quot.sound]
'A207123.finrank_relN_gr' depends on axioms: [propext, Classical.choice, Quot.sound]
'A207123.relU_box_tot_iff' depends on axioms: [propext, Classical.choice, Quot.sound]
'A207123.relN_box_tot_iff' depends on axioms: [propext, Classical.choice, Quot.sound]
'A207123.mem_relBoxU_iff' depends on axioms: [propext, Classical.choice, Quot.sound]
'A207123.mem_relBoxN_iff' depends on axioms: [propext, Classical.choice, Quot.sound]
'A207123.finrank_spanBox' depends on axioms: [propext, Classical.choice, Quot.sound]
'A207123.TU_three_points' depends on axioms: [propext, Classical.choice, Quot.sound]
'A207123.relU_support_det' depends on axioms: [propext, Classical.choice, Quot.sound]
'A207123.relU_card_support' depends on axioms: [propext, Classical.choice, Quot.sound]
'A207123.not_mem_relU_of_support_subset' depends on axioms: [propext, Classical.choice, Quot.sound]
'A207123.partialSum_P_not_hypergeometric' depends on axioms: [propext, Classical.choice, Quot.sound]
'A207123.no_gosper_solution' depends on axioms: [propext, Classical.choice, Quot.sound]
'A207123.existsUnique_rho' depends on axioms: [propext, Classical.choice, Quot.sound]
'A207123.one_lt_rho' depends on axioms: [propext, Classical.choice, Quot.sound]
'A207123.rho_spec' depends on axioms: [propext, Classical.choice, Quot.sound]
'A207123.rho_strictMono' depends on axioms: [propext, Classical.choice, Quot.sound]
'A207123.normSq_eq_of_root' depends on axioms: [propext, Classical.choice, Quot.sound]
'A207123.norm_lt_rho_of_root' depends on axioms: [propext, Classical.choice, Quot.sound]
'A207123.rho_mul_rho_sub_one_strictMono' depends on axioms: [propext, Classical.choice, Quot.sound]
'A207123.normSq_lt_rho_pred_sq' depends on axioms: [propext, Classical.choice, Quot.sound]
'A207123.root_P_min' depends on axioms: [propext, Classical.choice, Quot.sound]
'A207123.gf_R' depends on axioms: [propext, Classical.choice, Quot.sound]
'A207123.gf_R_shift' depends on axioms: [propext, Classical.choice, Quot.sound]
'A207123.gf_R_prompt_wrong' depends on axioms: [propext, Classical.choice, Quot.sound]
'A207123.U_three' depends on axioms: [propext, Classical.choice, Quot.sound]
'A207123.U_three_choose' depends on axioms: [propext, Classical.choice, Quot.sound]
'A207123.U_three_eq_A084990' depends on axioms: [propext, Classical.choice, Quot.sound]
'A207123.U_four' depends on axioms: [propext, Classical.choice, Quot.sound]
'A207123.U_four_choose' depends on axioms: [propext, Classical.choice, Quot.sound]
'A207123.N_explicit' depends on axioms: [propext, Classical.choice, Quot.sound]
'A207123.ci_formula' depends on axioms: [propext, Classical.choice, Quot.sound]
'A207123.coeff_inv_Ppoly' depends on axioms: [propext, Classical.choice, Quot.sound]
'A207123.factorial_mul_coeff_inv_Ppoly' depends on axioms: [propext, Classical.choice, Quot.sound]
'A207123.U_eq_Theta' depends on axioms: [propext, Classical.choice, Quot.sound]
'A207123.Theta_eq_coeff_prod' depends on axioms: [propext, Classical.choice, Quot.sound]
'A207123.Theta_eq_coeff_Ppoly_div' depends on axioms: [propext, Classical.choice, Quot.sound]
'A207123.T15_note_P' depends on axioms: [propext, Classical.choice, Quot.sound]
'A207123.T15_note_c' depends on axioms: [propext, Classical.choice, Quot.sound]
'A207123.U_F3' depends on axioms: [propext, Classical.choice, Quot.sound]
'A207123.U_F3_nat' depends on axioms: [propext, Classical.choice, Quot.sound]
'A207123.Theta_eq_H' depends on axioms: [propext, Classical.choice, Quot.sound]
'A207123.Theta_eq_F3_term' depends on axioms: [propext, Classical.choice, Quot.sound]
'A207123.Theta_vs_H_example' depends on axioms: [propext, Classical.choice, Quot.sound]
'A207123.U_F4' depends on axioms: [propext, Classical.choice, Quot.sound]
'A207123.R_formula' depends on axioms: [propext, Classical.choice, Quot.sound]
'A207123.T1_9' depends on axioms: [propext, Classical.choice, Quot.sound]
'A207123.a_eq_parity' depends on axioms: [propext, Classical.choice, Quot.sound]
'A207123.existsUnique_parity' depends on axioms: [propext, Classical.choice, Quot.sound]
'A207123.natDegree_parP' depends on axioms: [propext, Classical.choice, Quot.sound]
'A207123.leadingCoeff_parP' depends on axioms: [propext, Classical.choice, Quot.sound]
'A207123.natDegree_parQ' depends on axioms: [propext, Classical.choice, Quot.sound]
'A207123.leadingCoeff_parQ' depends on axioms: [propext, Classical.choice, Quot.sound]
'A207123.gf_aSer' depends on axioms: [propext, Classical.choice, Quot.sound]
'A207123.parDen_dvd_of_mul_aSer' depends on axioms: [propext, Classical.choice, Quot.sound]
'A207123.parity_min_order' depends on axioms: [propext, Classical.choice, Quot.sound]
'A207123.parity_min_order_zero' depends on axioms: [propext, Classical.choice, Quot.sound]
'A207123.NK_pde' depends on axioms: [propext, Classical.choice, Quot.sound]
'A207123.HH_eq_F' depends on axioms: [propext, Classical.choice, Quot.sound]
'A207123.HH_eq_N' depends on axioms: [propext, Classical.choice, Quot.sound]
'A207123.HH_pde' depends on axioms: [propext, Classical.choice, Quot.sound]
'A207123.Nser_three_term' depends on axioms: [propext, Classical.choice, Quot.sound]
'A207123.Nser_three_term_needs_boundary' depends on axioms: [propext, Classical.choice, Quot.sound]
'A207123.Numq_three_term' depends on axioms: [propext, Classical.choice, Quot.sound]
'A207123.Numq_three_term_boundary' depends on axioms: [propext, Classical.choice, Quot.sound]
'A207123.Numq_three_term_fails_at_two' depends on axioms: [propext, Classical.choice, Quot.sound]
'A207123.leadingCoeff_Numq_rec' depends on axioms: [propext, Classical.choice, Quot.sound]
'A207123.Numq_deg_lead_low' depends on axioms: [propext, Classical.choice, Quot.sound]
'A207123.Num_eq_IE_closed_form' depends on axioms: [propext, Classical.choice, Quot.sound]
'A207123.P_mul_Nser_eq_IE' depends on axioms: [propext, Classical.choice, Quot.sound]
'A207123.Numq_full_history' depends on axioms: [propext, Classical.choice, Quot.sound]
'A207123.full_history_at_two' depends on axioms: [propext, Classical.choice, Quot.sound]
'A207123.Numq_hasNonnegCoeffs' depends on axioms: [propext, Classical.choice, Quot.sound]
'A207123.Numq_coeff_nonneg' depends on axioms: [propext, Classical.choice, Quot.sound]
'A207123.Numq_coeff_gap' depends on axioms: [propext, Classical.choice, Quot.sound]
'A207123.Numq_coeff_pos_iff' depends on axioms: [propext, Classical.choice, Quot.sound]
'A207123.Numq_coeff_ne_zero_iff' depends on axioms: [propext, Classical.choice, Quot.sound]
'A207123.Numq_eval_one_rec' depends on axioms: [propext, Classical.choice, Quot.sound]
'A207123.Numq_eval_one_init' depends on axioms: [propext, Classical.choice, Quot.sound]
'A207123.Numq_coeff_q_add' depends on axioms: [propext, Classical.choice, Quot.sound]
'A207123.Numq_coeff_q_add_one' depends on axioms: [propext, Classical.choice, Quot.sound]
'A207123.Numq_coeff_q_add_two' depends on axioms: [propext, Classical.choice, Quot.sound]
'A207123.Numq_coeff_exception_zero' depends on axioms: [propext, Classical.choice, Quot.sound]
'A207123.Numq_coeff_exception_one' depends on axioms: [propext, Classical.choice, Quot.sound]
'A207123.Numq_coeff_exception_two' depends on axioms: [propext, Classical.choice, Quot.sound]
'A207123.N_six_four' depends on axioms: [propext, Classical.choice, Quot.sound]
'A207123.N_sub_two' depends on axioms: [propext, Classical.choice, Quot.sound]
'A207123.T4_1_a' depends on axioms: [propext, Classical.choice, Quot.sound]
'A207123.T4_1' depends on axioms: [propext, Classical.choice, Quot.sound]
'A207123.T4_1_threshold' depends on axioms: [propext, Classical.choice, Quot.sound]
'A207123.ndPoly_zero_one' depends on axioms: [propext, Classical.choice, Quot.sound]
'A207123.T4_2_3' depends on axioms: [propext, Classical.choice, Quot.sound]
'A207123.T5_2_formula' depends on axioms: [propext, Classical.choice, Quot.sound]
'A207123.T5_2_top' depends on axioms: [propext, Classical.choice, Quot.sound]
'A207123.T5_2_sub' depends on axioms: [propext, Classical.choice, Quot.sound]
'A207123.T5_2_sub_three' depends on axioms: [propext, Classical.choice, Quot.sound]
'A207123.hpoly_eval_zero_eq_one' depends on axioms: [propext, Classical.choice, Quot.sound]
'A207123.hpoly_eval_one_two' depends on axioms: [propext, Classical.choice, Quot.sound]
'A207123.hpoly_coeff_one' depends on axioms: [propext, Classical.choice, Quot.sound]
'A207123.hpoly_coeff_one_pos' depends on axioms: [propext, Classical.choice, Quot.sound]
'A207123.hpoly_coeff_one_eq_zero' depends on axioms: [propext, Classical.choice, Quot.sound]
'A207123.hpoly_coeff_one_gf' depends on axioms: [propext, Classical.choice, Quot.sound]
'A207123.hpoly_coeff_eq_sum' depends on axioms: [propext, Classical.choice, Quot.sound]
'A207123.iterate_derivative_hpoly_eval_one' depends on axioms: [propext, Classical.choice, Quot.sound]
'A207123.iterate_derivative_hpoly_eval_one_k_zero' depends on axioms: [propext, Classical.choice, Quot.sound]
'A207123.hpoly_derivative_eval_one' depends on axioms: [propext, Classical.choice, Quot.sound]
'A207123.nrowPoly_eval' depends on axioms: [propext, Classical.choice, Quot.sound]
'A207123.nrowPoly_eq' depends on axioms: [propext, Classical.choice, Quot.sound]
'A207123.Gneg_one' depends on axioms: [propext, Classical.choice, Quot.sound]
'A207123.Gneg_succ' depends on axioms: [propext, Classical.choice, Quot.sound]
'A207123.Gneg_isPoly' depends on axioms: [propext, Classical.choice, Quot.sound]
'A207123.coeff_gnegPoly_top' depends on axioms: [propext, Classical.choice, Quot.sound]
'A207123.coeff_gnegPoly_top_one' depends on axioms: [propext, Classical.choice, Quot.sound]
'A207123.coeff_gnegPoly_top_two' depends on axioms: [propext, Classical.choice, Quot.sound]
'A207123.upoly_eval_neg_eq_zero' depends on axioms: [propext, Classical.choice, Quot.sound]
'A207123.upoly_eval_neg_ne_zero' depends on axioms: [propext, Classical.choice, Quot.sound]
'A207123.prod_dvd_upoly' depends on axioms: [propext, Classical.choice, Quot.sound]
'A207123.upoly_three_mul_eval' depends on axioms: [propext, Classical.choice, Quot.sound]
'A207123.upoly_eval_neg_recip' depends on axioms: [propext, Classical.choice, Quot.sound]
'A207123.natDegree_hpoly' depends on axioms: [propext, Classical.choice, Quot.sound]
'A207123.leadingCoeff_hpoly_eq' depends on axioms: [propext, Classical.choice, Quot.sound]
'A207123.leadingCoeff_hpoly_three_mul' depends on axioms: [propext, Classical.choice, Quot.sound]
'A207123.leadingCoeff_hpoly_three_mul_add_one' depends on axioms: [propext, Classical.choice, Quot.sound]
'A207123.leadingCoeff_hpoly_three_mul_add_two' depends on axioms: [propext, Classical.choice, Quot.sound]
'A207123.leadingCoeff_hpoly_sign' depends on axioms: [propext, Classical.choice, Quot.sound]
'A207123.sum_neg_one_pow_N' depends on axioms: [propext, Classical.choice, Quot.sound]
'A207123.sum_neg_one_pow_N_eq_zero' depends on axioms: [propext, Classical.choice, Quot.sound]
'A207123.sum_neg_one_pow_N_small' depends on axioms: [propext, Classical.choice, Quot.sound]
'A207123.rootMultiplicity_nrowPoly' depends on axioms: [propext, Classical.choice, Quot.sound]
'A207123.rootMultiplicity_nrowPoly_ceil' depends on axioms: [propext, Classical.choice, Quot.sound]
'A207123.hpoly_aeval_eq_tsum' depends on axioms: [propext, Classical.choice, Quot.sound]
'A207123.hpoly_pos_of_mem_Icc' depends on axioms: [propext, Classical.choice, Quot.sound]
'A207123.hpoly_ne_zero_of_mem_Icc' depends on axioms: [propext, Classical.choice, Quot.sound]
A207123 各模块共 2682 个声明；出现过的公理：[Quot.sound, Classical.choice, propext]；依赖其他公理的声明：0 个 []
[lean_one 内存：PEAK=8072 MINHEAD=4149 KILLED=0 REASON= QFAIL=0；用时 32s]
[lean_one exit code 0]
