[lean_one 启动前：AVAIL=6884 COMMIT=17222 LIMIT=33453 HEADROOM=16231 TOTAL=16045；看门狗上限 CAP=11000MB，MINHEAD=3000MB]
A207123/RStirling.lean:372:8: warning: `push_neg` has been deprecated. Prefer using `push Not` instead.
If you'd rather continue using `push_neg` in your project, you can implement it as follows:
```
open Lean.Parser.Tactic in
macro "push_neg" cfg:optConfig loc:(location)? : tactic =>
  `(tactic| push $cfg:optConfig Not $[$loc]?)
```
A207123/RStirling.lean:463:35: error: Type mismatch
  rfl
has type
  ?m.54 = ?m.54
but is expected to have type
  hc (s + 1) [] = 0
A207123/RStirling.lean:460:18: warning: This simp argument is unused:
  hc

Hint: Omit it from the simp argument list.
  [apply] simp

Note: This linter can be disabled with `set_option linter.unusedSimpArgs false`
A207123/RStirling.lean:483:12: warning: This simp argument is unused:
  hc

Hint: Omit it from the simp argument list.
  [apply] simp

Note: This linter can be disabled with `set_option linter.unusedSimpArgs false`
[lean_one 内存：PEAK=8047 MINHEAD=7253 KILLED=0 REASON= QFAIL=0；用时 21s]
[lean_one exit code 1]
