# Lean 构建与核对日志
# 运行时间（本地）：2026-10-05 09:03:32 +08:00
# 环境：leanprover/lean4:v4.34.1；Mathlib v4.34.1

## 1. lake build
✔ [8933/8936] Built A207123.OreRel (25s)
✔ [8934/8936] Built A207123.OreRelN (25s)
✔ [8935/8936] Built A207123 (18s)
Build completed successfully (8936 jobs).
[exit code 0]  [80 s]

## 2. lake env lean Axioms.lean
'A207123.lemma1' depends on axioms: [propext, Classical.choice, Quot.sound]
'A207123.lemma1_one' depends on axioms: [propext, Classical.choice, Quot.sound]
'A207123.lemma1_two' depends on axioms: [propext, Classical.choice, Quot.sound]
'A207123.U_zero_left' depends on axioms: [propext, Classical.choice, Quot.sound]
'A207123.U_zero_right' depends on axioms: [propext, Classical.choice, Quot.sound]
'A207123.legal_iff_getElem' depends on axioms: [propext, Classical.choice, Quot.sound]
'A207123.L_split' depends on axioms: [propext, Classical.choice, Quot.sound]
'A207123.L_split_disjoint' depends on axioms: [propext, Classical.choice, Quot.sound]
'A207123.a_eq' depends on axioms: [propext, Classical.choice, Quot.sound]
'A207123.U_eq_multichains' depends on axioms: [propext, Classical.choice, Quot.sound]
'A207123.card_Lam' depends on axioms: [propext, Classical.choice, Quot.sound]
'A207123.card_antitone_rows' depends on axioms: [propext, Classical.choice, Quot.sound]
'A207123.rowRule_iff_allowed' depends on axioms: [propext, Quot.sound]
'A207123.G_zero' depends on axioms: [propext, Classical.choice, Quot.sound]
'A207123.G_rec' depends on axioms: [propext, Classical.choice, Quot.sound]
'A207123.P_mul_G' depends on axioms: [propext, Classical.choice, Quot.sound]
'A207123.X_mul_W' depends on axioms: [propext, Classical.choice, Quot.sound]
'A207123.isCoprime_W_P' depends on axioms: [propext, Classical.choice, Quot.sound]
'A207123.natDegree_P' depends on axioms: [propext, Classical.choice, Quot.sound]
'A207123.coeff_zero_P' depends on axioms: [propext, Classical.choice, Quot.sound]
'A207123.P_recurrence' depends on axioms: [propext, Classical.choice, Quot.sound]
'A207123.order_lower_bound' depends on axioms: [propext, Classical.choice, Quot.sound]
'A207123.min_order' depends on axioms: [propext, Classical.choice, Quot.sound]
'A207123.P_dvd_of_mul_G_poly' depends on axioms: [propext, Classical.choice, Quot.sound]
'A207123.mem_NW' depends on axioms: [propext, Classical.choice, Quot.sound]
'A207123.U_eq_sum_N' depends on axioms: [propext, Classical.choice, Quot.sound]
'A207123.N_inv' depends on axioms: [propext, Classical.choice, Quot.sound]
'A207123.N_inv_zero' depends on axioms: [propext, Classical.choice, Quot.sound]
'A207123.N_eq_zero_of_lt' depends on axioms: [propext, Classical.choice, Quot.sound]
'A207123.N_succ_zero' depends on axioms: [propext, Classical.choice, Quot.sound]
'A207123.N_tri' depends on axioms: [propext, Classical.choice, Quot.sound]
'A207123.N_init' depends on axioms: [propext, Classical.choice, Quot.sound]
'A207123.N_tri_fails_at_two' depends on axioms: [propext, Classical.choice, Quot.sound]
'A207123.N_tri_one' depends on axioms: [propext, Classical.choice, Quot.sound]
'A207123.N_tri_two' depends on axioms: [propext, Classical.choice, Quot.sound]
'A207123.N_diag' depends on axioms: [propext, Classical.choice, Quot.sound]
'A207123.N_subdiag' depends on axioms: [propext, Classical.choice, Quot.sound]
'A207123.N_three_two' depends on axioms: [propext, Classical.choice, Quot.sound]
'A207123.U_eq_F' depends on axioms: [propext, Classical.choice, Quot.sound]
'A207123.hc_vars_zero' depends on axioms: [propext, Classical.choice, Quot.sound]
'A207123.U_explicit' depends on axioms: [propext, Classical.choice, Quot.sound]
'A207123.asc_eq_card' depends on axioms: [propext, Classical.choice, Quot.sound]
'A207123.sum_Us' depends on axioms: [propext, Classical.choice, Quot.sound]
'A207123.Us_zero_left' depends on axioms: [propext, Classical.choice, Quot.sound]
'A207123.Us_zero_right' depends on axioms: [propext, Classical.choice, Quot.sound]
'A207123.lemma1_asc_one' depends on axioms: [propext, Classical.choice, Quot.sound]
'A207123.lemma1_asc_two' depends on axioms: [propext, Classical.choice, Quot.sound]
'A207123.lemma1_asc' depends on axioms: [propext, Classical.choice, Quot.sound]
'A207123.lemma1_asc_s0' depends on axioms: [propext, Classical.choice, Quot.sound]
'A207123.Us_eq_Fs' depends on axioms: [propext, Classical.choice, Quot.sound]
'A207123.Us_explicit' depends on axioms: [propext, Classical.choice, Quot.sound]
'A207123.no_x_ODE' depends on axioms: [propext, Classical.choice, Quot.sound]
'A207123.no_x_ODE_poly' depends on axioms: [propext, Classical.choice, Quot.sound]
'A207123.no_k_only_recurrence' depends on axioms: [propext, Classical.choice, Quot.sound]
'A207123.not_isDFinite_FK' depends on axioms: [propext, Classical.choice, Quot.sound]
'A207123.not_isDFinite_F' depends on axioms: [propext, Classical.choice, Quot.sound]
'A207123.not_isDFinite_Fxt' depends on axioms: [propext, Classical.choice, Quot.sound]
'A207123.exists_x_ODE_of_isDFinite' depends on axioms: [propext, Classical.choice, Quot.sound]
'A207123.exists_t_ODE_of_isDFinite' depends on axioms: [propext, Classical.choice, Quot.sound]
'A207123.mem_ratFn_iff' depends on axioms: [propext, Classical.choice, Quot.sound]
'A207123.isFractionRing_ratFn' depends on axioms: [propext, Classical.choice, Quot.sound]
'A207123.dXK_dTK_comm' depends on axioms: [propext, Classical.choice, Quot.sound]
'A207123.isDFinite_one' depends on axioms: [propext, Classical.choice, Quot.sound]
'A207123.RelU_eq' depends on axioms: [propext, Classical.choice, Quot.sound]
'A207123.RelU_iff_mem_span' depends on axioms: [propext, Classical.choice, Quot.sound]
'A207123.pure_ann_zero' depends on axioms: [propext, Classical.choice, Quot.sound]
'A207123.col_zero' depends on axioms: [propext, Classical.choice, Quot.sound]
'A207123.red_of_mem' depends on axioms: [propext, Classical.choice, Quot.sound]
'A207123.L1_U' depends on axioms: [propext, Classical.choice, Quot.sound]
'A207123.exists_normal_form' depends on axioms: [propext, Classical.choice, Quot.sound]
'A207123.normal_form_unique' depends on axioms: [propext, Classical.choice, Quot.sound]
'A207123.opX_mul_mulOp' depends on axioms: [propext, Classical.choice, Quot.sound]
'A207123.opEinv_mul_mulOp' depends on axioms: [propext, Classical.choice, Quot.sound]
'A207123.RelN_eq' depends on axioms: [propext, Classical.choice, Quot.sound]
'A207123.RelN_iff_mem_span' depends on axioms: [propext, Classical.choice, Quot.sound]
'A207123.saturation_Y' depends on axioms: [propext, Classical.choice, Quot.sound]
'A207123.saturation_one_add_Y' depends on axioms: [propext, Classical.choice, Quot.sound]
'A207123.LN_N' depends on axioms: [propext, Classical.choice, Quot.sound]
'A207123.L1V_P' depends on axioms: [propext, Classical.choice, Quot.sound]
'A207123.relV' depends on axioms: [propext, Classical.choice, Quot.sound]
'A207123.exists_N_to_V' depends on axioms: [propext, Classical.choice, Quot.sound]
'A207123.exists_V_to_N' depends on axioms: [propext, Classical.choice, Quot.sound]
'A207123.opD_pow_P_vanish' depends on axioms: [propext, Classical.choice, Quot.sound]
A207123 各模块共 1131 个声明；出现过的公理：[Quot.sound, Classical.choice, propext]；依赖其他公理的声明：0 个 []
[exit code 0]  [28 s]

## 3. lake env lean Checks.lean
[exit code 0]  [26 s]
