[fam15] arxiv ok 1 results
[fam15] openalex ok 0 results
[fam15] crossref ok 15 results
[fam16] arxiv ok 1 results
[fam16] openalex ok 9 results
[fam16] crossref ok 15 results
[fam17] arxiv ok 0 results
[fam17] openalex ok 0 results
[fam17] crossref ok 15 results
[obj07] arxiv ok 20 results
[obj07] openalex ok 20 results
[obj07] crossref ok 15 results
[obj08] arxiv ok 1 results
[obj08] openalex ok 1 results
[obj08] crossref ok 15 results
[obj09] openalex ok 20 results
[obj09] crossref ok 15 results
[df12] arxiv ok 20 results
[df12] openalex ok 19 results
[df12] crossref ok 15 results
[df13] arxiv ok 0 results
[df13] openalex ok 2 results
[df13] crossref ok 15 results
[df14] arxiv ok 1 results
[df14] openalex ok 0 results
[df14] crossref ok 15 results
[nd04] arxiv ok 19 results
[nd04] openalex ok 7 results
[nd04] crossref ok 15 results
