[fam01] arxiv ok 2 results
[fam01] openalex ok 6 results
[fam01] crossref ok 15 results
[fam01] s2 FAIL 429
[fam02] arxiv ok 1 results
[fam02] openalex ok 2 results
[fam02] crossref ok 15 results
[fam02] s2 FAIL 429
[fam02] se ok 0 results
[fam03] arxiv ok 0 results
[fam03] openalex ok 0 results
[fam03] crossref ok 15 results
[fam03] s2 FAIL 429
[fam04] arxiv ok 1 results
[fam04] openalex ok 20 results
[fam04] crossref ok 15 results
[fam04] s2 FAIL 429
[fam05] arxiv ok 0 results
[fam05] openalex ok 0 results
[fam05] crossref ok 15 results
[fam06] arxiv ok 15 results
[fam06] openalex ok 20 results
[fam06] crossref ok 15 results
[fam07] arxiv ok 3 results
[fam07] openalex ok 20 results
[fam07] crossref ok 15 results
[fam07] se ok 0 results
[fam08] arxiv ok 1 results
[fam08] openalex ok 20 results
[fam08] crossref ok 15 results
[fam09] arxiv ok 0 results
[fam09] openalex ok 20 results
[fam09] crossref ok 15 results
[fam10] openalex ok 1 results
[fam10] crossref ok 0 results
[fam11] openalex ok 0 results
[fam11] crossref ok 0 results
[fam12] arxiv ok 2 results
[fam12] openalex ok 7 results
[fam12] crossref ok 15 results
[fam13] arxiv ok 20 results
[fam13] openalex ok 3 results
[fam13] crossref ok 15 results
[fam14] arxiv ok 1 results
[fam14] openalex ok 20 results
[fam14] crossref ok 15 results
[obj01] arxiv ok 3 results
[obj01] openalex ok 5 results
[obj01] crossref ok 15 results
[obj01] se ok 0 results
[obj02] arxiv ok 2 results
[obj02] openalex ok 20 results
[obj02] crossref ok 15 results
[obj03] arxiv ok 20 results
[obj03] openalex ok 20 results
[obj03] crossref ok 15 results
[obj03] se ok 20 results
[obj04] arxiv ok 5 results
[obj04] openalex ok 20 results
[obj04] crossref ok 15 results
[obj05] arxiv ok 1 results
[obj05] openalex ok 4 results
[obj05] crossref ok 15 results
[obj06] arxiv ok 20 results
[obj06] openalex ok 20 results
[obj06] crossref ok 15 results
[exp01] arxiv ok 1 results
[exp01] openalex ok 20 results
[exp01] crossref ok 15 results
[exp02] arxiv ok 3 results
[exp02] openalex ok 1 results
[exp02] crossref ok 15 results
[exp02] se ok 0 results
[exp03] arxiv ok 0 results
[exp03] openalex ok 19 results
[exp03] crossref ok 15 results
[exp04] openalex ok 20 results
[exp04] crossref ok 15 results
[exp05] arxiv ok 0 results
[exp05] openalex ok 20 results
[exp05] crossref ok 15 results
[exp05] se ok 0 results
[df01] arxiv ok 2 results
[df01] openalex ok 0 results
[df01] crossref ok 15 results
[df01] se ok 0 results
[df02] arxiv ok 1 results
[df02] openalex ok 20 results
[df02] crossref ok 15 results
[df02] se ok 0 results
[df03] arxiv ok 4 results
[df03] openalex ok 12 results
[df03] crossref ok 15 results
[df04] arxiv ok 1 results
[df04] openalex ok 20 results
[df04] crossref ok 15 results
[df05] arxiv ok 1 results
[df05] openalex ok 20 results
[df05] crossref ok 15 results
[df06] arxiv ok 8 results
[df06] openalex ok 20 results
[df06] crossref ok 15 results
[df07] arxiv ok 0 results
[df07] openalex ok 20 results
[df07] crossref ok 15 results
[df08] arxiv ok 13 results
[df08] openalex ok 0 results
[df08] crossref ok 15 results
[df09] arxiv ok 2 results
[df09] openalex ok 0 results
[df09] crossref ok 15 results
[df10] arxiv ok 7 results
[df10] openalex ok 17 results
[df10] crossref ok 15 results
[df11] arxiv ok 1 results
[df11] openalex ok 0 results
[df11] crossref ok 15 results
[rec01] arxiv ok 0 results
[rec01] openalex ok 1 results
[rec01] crossref ok 15 results
[nd01] arxiv ok 9 results
[nd01] openalex ok 20 results
[nd01] crossref ok 15 results
[nd01] se ok 0 results
[nd02] arxiv ok 3 results
[nd02] openalex ok 20 results
[nd02] crossref ok 15 results
[nd03] arxiv ok 20 results
[nd03] openalex ok 20 results
[nd03] crossref ok 15 results
[hp01] arxiv ok 6 results
[hp01] openalex ok 20 results
[hp01] crossref ok 15 results
[hp01] se ok 1 results
[hp02] arxiv ok 0 results
[hp02] openalex ok 7 results
[hp02] crossref ok 15 results
[ai01] arxiv ok 6 results
[ai01] openalex ok 20 results
[ai01] crossref ok 15 results
[ai02] arxiv ok 2 results
[ai02] openalex ok 20 results
[ai02] crossref ok 15 results
[ai03] openalex ok 0 results
[ai03] crossref ok 15 results
