PASS a.E 部分母函数 (W_m−1)/P_m 与自写 DP 一致（1≤m≤6，0≤k≤30）
   闭式不符 1 1
   闭式不符 1 2
   闭式不符 1 3
   闭式不符 1 4
   闭式不符 1 5
   闭式不符 1 6
   闭式不符 1 7
   闭式不符 1 8
   闭式不符 1 9
   闭式不符 1 10
   闭式不符 1 11
   闭式不符 1 12
   闭式不符 1 13
   闭式不符 1 14
   闭式不符 1 15
   闭式不符 1 16
   闭式不符 1 17
   闭式不符 1 18
   闭式不符 1 19
   闭式不符 1 20
   闭式不符 1 21
   闭式不符 1 22
   闭式不符 1 23
   闭式不符 1 24
   闭式不符 1 25
   闭式不符 1 26
   闭式不符 1 27
   闭式不符 1 28
   闭式不符 1 29
   闭式不符 1 30
   闭式不符 1 31
   闭式不符 1 32
   闭式不符 1 33
   闭式不符 1 34
   闭式不符 1 35
   闭式不符 1 36
   闭式不符 1 37
   闭式不符 1 38
   闭式不符 1 39
   闭式不符 1 40
   闭式不符 2 2
   闭式不符 2 3
   闭式不符 2 4
   闭式不符 2 5
   闭式不符 2 6
   闭式不符 2 7
   闭式不符 2 8
   闭式不符 2 9
   闭式不符 2 10
   闭式不符 2 11
   闭式不符 2 12
   闭式不符 2 13
   闭式不符 2 14
   闭式不符 2 15
   闭式不符 2 16
   闭式不符 2 17
   闭式不符 2 18
   闭式不符 2 19
   闭式不符 2 20
   闭式不符 2 21
   闭式不符 2 22
   闭式不符 2 23
   闭式不符 2 24
   闭式不符 2 25
   闭式不符 2 26
   闭式不符 2 27
   闭式不符 2 28
   闭式不符 2 29
   闭式不符 2 30
   闭式不符 2 31
   闭式不符 2 32
   闭式不符 2 33
   闭式不符 2 34
   闭式不符 2 35
   闭式不符 2 36
   闭式不符 2 37
   闭式不符 2 38
   闭式不符 2 39
   闭式不符 2 40
   闭式不符 3 3
   闭式不符 3 4
   闭式不符 3 5
   闭式不符 3 6
   闭式不符 3 7
   闭式不符 3 8
   闭式不符 3 9
   闭式不符 3 10
   闭式不符 3 11
   闭式不符 3 12
   闭式不符 3 13
   闭式不符 3 14
   闭式不符 3 15
   闭式不符 3 16
   闭式不符 3 17
   闭式不符 3 18
   闭式不符 3 19
   闭式不符 3 20
   闭式不符 3 21
   闭式不符 3 22
   闭式不符 3 23
   闭式不符 3 24
   闭式不符 3 25
   闭式不符 3 26
   闭式不符 3 27
   闭式不符 3 28
   闭式不符 3 29
   闭式不符 3 30
   闭式不符 3 31
   闭式不符 3 32
   闭式不符 3 33
   闭式不符 3 34
   闭式不符 3 35
   闭式不符 3 36
   闭式不符 3 37
   闭式不符 3 38
   闭式不符 3 39
   闭式不符 3 40
   闭式不符 4 4
   闭式不符 4 5
   闭式不符 4 6
   闭式不符 4 7
   闭式不符 4 8
   闭式不符 4 9
   闭式不符 4 10
   闭式不符 4 11
   闭式不符 4 12
   闭式不符 4 13
   闭式不符 4 14
   闭式不符 4 15
   闭式不符 4 16
   闭式不符 4 17
   闭式不符 4 18
   闭式不符 4 19
   闭式不符 4 20
   闭式不符 4 21
   闭式不符 4 22
   闭式不符 4 23
   闭式不符 4 24
   闭式不符 4 25
   闭式不符 4 26
   闭式不符 4 27
   闭式不符 4 28
   闭式不符 4 29
   闭式不符 4 30
   闭式不符 4 31
   闭式不符 4 32
   闭式不符 4 33
   闭式不符 4 34
   闭式不符 4 35
   闭式不符 4 36
   闭式不符 4 37
   闭式不符 4 38
   闭式不符 4 39
   闭式不符 4 40
   闭式不符 5 5
   闭式不符 5 6
   闭式不符 5 7
   闭式不符 5 8
   闭式不符 5 9
   闭式不符 5 10
   闭式不符 5 11
   闭式不符 5 12
   闭式不符 5 13
   闭式不符 5 14
   闭式不符 5 15
   闭式不符 5 16
   闭式不符 5 17
   闭式不符 5 18
   闭式不符 5 19
   闭式不符 5 20
   闭式不符 5 21
   闭式不符 5 22
   闭式不符 5 23
   闭式不符 5 24
   闭式不符 5 25
   闭式不符 5 26
   闭式不符 5 27
   闭式不符 5 28
   闭式不符 5 29
   闭式不符 5 30
   闭式不符 5 31
   闭式不符 5 32
   闭式不符 5 33
   闭式不符 5 34
   闭式不符 5 35
   闭式不符 5 36
   闭式不符 5 37
   闭式不符 5 38
   闭式不符 5 39
   闭式不符 5 40
   闭式不符 6 6
   闭式不符 6 7
   闭式不符 6 8
   闭式不符 6 9
   闭式不符 6 10
   闭式不符 6 11
   闭式不符 6 12
   闭式不符 6 13
   闭式不符 6 14
   闭式不符 6 15
   闭式不符 6 16
   闭式不符 6 17
   闭式不符 6 18
   闭式不符 6 19
   闭式不符 6 20
   闭式不符 6 21
   闭式不符 6 22
   闭式不符 6 23
   闭式不符 6 24
   闭式不符 6 25
   闭式不符 6 26
   闭式不符 6 27
   闭式不符 6 28
   闭式不符 6 29
   闭式不符 6 30
   闭式不符 6 31
   闭式不符 6 32
   闭式不符 6 33
   闭式不符 6 34
   闭式不符 6 35
   闭式不符 6 36
   闭式不符 6 37
   闭式不符 6 38
   闭式不符 6 39
   闭式不符 6 40
   闭式不符 7 7
   闭式不符 7 8
   闭式不符 7 9
   闭式不符 7 10
   闭式不符 7 11
   闭式不符 7 12
   闭式不符 7 13
   闭式不符 7 14
   闭式不符 7 15
   闭式不符 7 16
   闭式不符 7 17
   闭式不符 7 18
   闭式不符 7 19
   闭式不符 7 20
   闭式不符 7 21
   闭式不符 7 22
   闭式不符 7 23
   闭式不符 7 24
   闭式不符 7 25
   闭式不符 7 26
   闭式不符 7 27
   闭式不符 7 28
   闭式不符 7 29
   闭式不符 7 30
   闭式不符 7 31
   闭式不符 7 32
   闭式不符 7 33
   闭式不符 7 34
   闭式不符 7 35
   闭式不符 7 36
   闭式不符 7 37
   闭式不符 7 38
   闭式不符 7 39
   闭式不符 7 40
   闭式不符 8 8
   闭式不符 8 9
   闭式不符 8 10
   闭式不符 8 11
   闭式不符 8 12
   闭式不符 8 13
   闭式不符 8 14
   闭式不符 8 15
   闭式不符 8 16
   闭式不符 8 17
   闭式不符 8 18
   闭式不符 8 19
   闭式不符 8 20
   闭式不符 8 21
   闭式不符 8 22
   闭式不符 8 23
   闭式不符 8 24
   闭式不符 8 25
   闭式不符 8 26
   闭式不符 8 27
   闭式不符 8 28
   闭式不符 8 29
   闭式不符 8 30
   闭式不符 8 31
   闭式不符 8 32
   闭式不符 8 33
   闭式不符 8 34
   闭式不符 8 35
   闭式不符 8 36
   闭式不符 8 37
   闭式不符 8 38
   闭式不符 8 39
   闭式不符 8 40
PASS b.在 b_i 的根处 b_v(η)=(i−v)η³、η·b_i′(η)=2η−3（1≤i≤8，0≤v≤44）
FAIL c.留数闭式在 Q[x]/(b_i) 中精确成立（1≤i≤8，i≤m≤40，共 292 组）
PASS d.N(η)=1/2，N(4−2η)=68  1/2, 68
PASS d.W̃_2(η)−1 = η⁵(4−2η)
PASS d.N(W̃_2(η)−1) = 17/8  17/8
PASS d.对 −60≤n≤60，N((4−2η)η^n) 的 17-进赋值都是 1（不是 3 的倍数，故不是有理数的立方）
PASS e.b_1、b_2 没有有理根（三次式，故在 Q 上不可约）
PASS e.b_4 有有理根 1/2（可约；证明只用 i=1、2，不受影响）
结果： 1 项 FAIL：c.留数闭式在 Q[x]/(b_i) 中精确成立（1≤i≤8，i≤m≤40，共 292 组）
