PASS A1-brute-dp 按定义暴力枚举 = 转移 DP（k<=8,m<=3；k<=6,m<=5）
PASS A2-N-brute N(k,q) 暴力枚举（值域恰为 {1..q} 的合法词）= 由 DP 值反演（k<=7）
PASS A3-rec-vs-dp-exact 自推递推表 = 按定义 DP 的精确值（0<=k<=60, 0<=m<=60）(0.6s)
PASS A4-rec-vs-dp-modp 自推递推表 ≡ 按定义 DP（模 2147483647，0<=k<=300, 0<=m<=300，共 90601 个值）(27.7s)
PASS A5-N-table N(k,0)=[k=0]、N(k,1)=1、N(k,k)=2、N(k,k-1)=k^2-k-4（k<=300）True；N(k,q)>0（1<=q<=k）True；牛顿系数 d_q=N(k,q)+N(k,q+1) True；Σ_q N(k,q)C(m+1,q) 在反演未用到的 m=k..k+40 上 = 递推表 True (3.2s)
PASS A6-three-ways U_k(-j)：N 基 (0.1) = 牛顿基 C(m,q) = G_{-j} 递推（0<=k<=60, 1<=j<=60）True；1<=j<=s_k 时为 0（k<=300）True；U_k(-s_k-1)!=0（k<=300）True (0.9s)
PASS B1-thm1 定理 1：p^e>k 时 U_k(m+p^e)≡U_k(m) (mod p)：系统抽样 1<=k<=40、p<=47、e=e_min..e_min+2（p^e<=10^6）、-120<=m<=120 共 432836 组，失败 0；随机抽样 k<=300、p<=400、|m|<=10^5 共 3000 组，失败 0 (2.1s)
PASS B2-need p^e<=k（2<=k<=40）共 461 组 (k,p^e)：在完整周期上同余失败 451 组、对一切 m 成立 10 组 [(2, 2), (3, 2), (4, 4), (5, 4), (8, 8), (9, 8), (16, 16), (17, 16), (32, 32), (33, 32)]（恰为 p=2、2^e∈{k-1,k} 的全部情形：True，原因是 N(k,k)=2、N(k,k-1)=k^2-k-4 都是偶数）；只看 -10<=m<=10（作者的范围）失败 451 组；例：U_3(3)-U_3(0)=35、U_4(3)-U_4(0)=79 都不被 3 整除 (0.0s)
PASS B3-cor2 推论 2：p^{v_p(j)}>k 时 U_k(-j)≡1 (mod p)（1<=k<=100, 1<=j<=3000）242075 组，失败 0；一般形式 p^e|j+a ⇒ U_k(-j)≡U_k(a) (mod p) 随机 3967 组，失败 0；对照：p^{v_p(j)}<=k 时（s_k<j<=200）26985 组中 21336 组 U_k(-j)≢1，例 U_3(-3)=2、U_4(-3)=-3 (0.4s)
PASS B4-lcm 「j 有素数幂因子 >k」⟺「j ∤ lcm(1..k)」（1<=k<=60, 1<=j<=5000 逐个）
PASS B5-p2-refine 附带：p=2 时条件可放宽为 2^e>=k-1：k∈{2^e,2^e+1}（e=1..8）、j=2^e·t（t<=60）的 U_k(-j) 全为奇数：960 组，失败 0 (0.0s)
PASS C1-theta 定理 3（4<=k<=300，精确有理数）：max_q θ_q = J_k 且只在 q=k-1 取到 True；N(k,·) 严格对数凹 True；r_q 严格增且 r_{k-1}>=1 True；r_q<1 时 θ_q<2 True；r_q>=1 时 θ_{q+1}>θ_q True；max_q ceil(θ_q)=J_k True；k=1,2,3 的 max ceil θ = [1, 1, 5] (0.8s)
PASS C2-tight j=J_k 时 T_1<...<T_{k-1}=T_k True；j=J_k+1 时 T_q 严格增 True（4<=k<=300）(1.1s)
PASS C3-sign (-1)^k U_k(-j)>0：4<=k<=60、J_k<j<=J_k+2000 共 114000 个 True；61<=k<=300 每个 k 取 j=J_k+1,J_k+2 与 8 个随机 j<=50J_k 共 2400 个 True；(-1)^kU_k(-j)<=0 的最后一个 j：k=30 为 5291（笔记：最大实根≈5291.6），k=40 为 10363（≈10363.9）(2.0s)
PASS D1-prop5-points u_30 在 m∈(-60.0004,-60.0003) 变号，U_30(-60)=131528853446152312280711≈1.32e+23，U_30(-59)=2.46e+26，U_30(-61)=-5.35e+26；u_10 在 (-9.03,-9.02) 变号，U_10(-9)=-153，U_10(-10)=17821；u_37 在 y∈(5531.997,5531.999) 变号；u_40 在 y∈(69.004,69.005) 变号 (0.0s)
PASS E1-primes P1=2147483629、P2=2147483587、P_A=2147483647 用试除法确认为素数
PASS E2-MR-bound 合数 n=318665857834031151167461≈3.19e23 通过前 12 个素数底的强伪素数测试 True、被底 41 判为合数 True：所以「前 12 个素数为底对 <3.3e24 确定」不对（12 个底只对 <3.18e23 确定；3.3e24 是 13 个底的界）。对 P1、P2<2^31 无影响
PASS F1-sec5 §5：deg h_k = k-s_k True；h_{k,d-n} = (-1)^k Σ_i (-1)^i C(k+1,i) U_k(-(s_k+1+n-i))（1<=k<=60, 0<=n<=d+3）True (0.2s)
PASS R1-reverse 反向：N(50,49) 改坏后 max θ≠J_50 True；G 递推的 jx^2 改成 (j+1)x^2 后与多项式值不一致 True；B1 的循环改用 e=e_min-1 后失败 285 组 True；p=2、2^e=k-2（k=6,10,18,34）时同余失败 True
total 40s
SUMMARY s14-b8-r1 pass=19 fail=0
