PASS L2.2-negc c̄_i(-n)=Σ_l(-1)^{n-3-l}i^{-l-1}C(l,n-3-2l) 与向负方向解递推一致（1<=i<=15，1<=n<=60）；c̄(-1)=c̄(-2)=0、c̄(-3)=1/i
PASS L2.0-Phi Φ_{W̃_i} 用未约化/约化代表一致；Φ_{xθ}(n)=Φ_θ(n-1)；n>=0 时等于 [x^n]θ/b_i（1<=i<=10，-15<=n<=30）
PASS L2.1-pf U_k(m)=(-1)^m/m!+Σ_i(-1)^{m-i}/(i!(m-i)!)Σ_r A_i^(r) c_i(k+3m-r)（0<=m<=8，0<=k<=30，精确）
PASS L2.1-reverse 把符号改成 (-1)^i 后有 62 处不等（核对确实敏感）
PASS T2b-shift σ∈[-4,4]：U_k(m)=γ^(0)+Σ_iΣ_r γ_r c_i(k+3m+σ-r)，a^(σ)=x^σW̃_i 的约化坐标（1<=m<=6，6<=k<=30）
PASS T2b-unique-data 由 U 数据解出的 3m+1 个系数唯一（满列秩，m=1..7），a_r(i)=(-1)^{m-i}i!(m-i)!γ_r(m,i) 与 m 无关，且等于直接约化的坐标
PASS L2.4-data 由 U 数据算出的 v_p(A_p^(0))：{3: -3, 5: -6, 7: -9}（预期 -3(p-1)/2）
PASS L2.3 A_i^(0)=1+Σ_j j·i^(j)·c̄_i(-3j-2)（1<=i<=40；c̄ 由向负方向解递推）
PASS L2.4-reduce 直接在 Q[x]/(b_p) 中约化 W̃_p：v_p(A_p^(0))=-3(p-1)/2 对 46 个奇素数 3..211 全部成立
PASS L2.4-p2 A_2^(0)=-1/2（笔记：-1/2）
PASS L2.4-data-small p=3,5,7,11：[-3, -6, -9, -15]
PASS L2.4-reverse 把断言改成 -3(p-1)/2+1 后每个素数都不成立
PASS L2.4-structure 3<=p<=101：j=p 项赋值恰为 (3-3p)/2，其余各项（含常数 1）都严格更大；v_p(c̄_p(-n))>=-(⌊(n-3)/2⌋+1)，n=3p+2 处取等
PASS L2.4-padic Q_p(√-p) 中 Newton 求根 + Lagrange 插值：v_p(A_p^(0))=-3(p-1)/2；大根处 W̃_p(η) 的赋值等于最高项 p·p!·η^{3p+2} 的赋值 2-(3p+2)/2（注 2.6 的「占主导」）；p=3:v=-3,与精确值同余到 p^42,v(W̃(η_大))=-7/2; p=5:v=-6,与精确值同余到 p^43,v(W̃(η_大))=-13/2; p=7:v=-9,与精确值同余到 p^45,v(W̃(η_大))=-19/2; p=11:v=-15,与精确值同余到 p^48,v(W̃(η_大))=-31/2; p=13:v=-18,与精确值同余到 p^47,v(W̃(η_大))=-37/2; p=17:v=-24,与精确值同余到 p^50,v(W̃(η_大))=-49/2; p=19:v=-27,与精确值同余到 p^50,v(W̃(η_大))=-55/2; p=23:v=-33,与精确值同余到 p^52,v(W̃(η_大))=-67/2; p=29:v=-42,与精确值同余到 p^55,v(W̃(η_大))=-85/2; p=31:v=-45,与精确值同余到 p^56,v(W̃(η_大))=-91/2
PASS T2c-Minv K_i 中乘以 x^{-1}=1+ix² 的矩阵是整数矩阵，且确是 M 的逆（1<=i<29）
PASS T2c-sigma σ∈[-6,6]，3<=p<=61：min_r v_p(a_r^(σ)(p))<=-3(p-1)/2+|σ|。例（σ=-6..6）：p=3:[0, 0, -1, -1, -2, -2, -3, -3, -4, -4, -5, -5, -6]; p=7:[-6, -6, -7, -7, -8, -8, -9, -9, -10, -10, -11, -11, -12]; p=31:[-42, -42, -43, -43, -44, -44, -45, -45, -46, -46, -47, -47, -48]; p=61:[-87, -87, -88, -88, -89, -89, -90, -90, -91, -91, -92, -92, -93]
PASS T2c-scope-sigma=-3m 原子取 c_i(k-r)（相当于 σ=-3m）时，i=p、m=p,p+1,p+2 的系数 γ_r 的 min v_p >=-1（3<=p<=61）——引理 2.4/2.5 的论证在这种归一化下不起作用：p=3:[-1, -1, -1]; p=11:[-1, -1, -1]; p=31:[-1, -1, -1]; p=61:[-1, -1, -1]
PASS T2c-guess a_0 i↦a_0^(0)(i) 在 1<=i<=90 上没有阶<=2、多项式次数<=5 的递推（模素数满秩 18/18）
PASS T2c-guess a_1 i↦a_1^(0)(i) 在 1<=i<=90 上没有阶<=2、多项式次数<=5 的递推（模素数满秩 18/18）
PASS T2c-guess a_2 i↦a_2^(0)(i) 在 1<=i<=90 上没有阶<=2、多项式次数<=5 的递推（模素数满秩 18/18）
PASS T2c-guess-hyper r=0 γ_0(m,i) 不满足 q(m,i)γ(m,i+1)=p(m,i)γ(m,i)，q、p 总次数<=4（1<=i<m<=30；模素数满秩 30/30）
PASS T2c-guess-hyper r=1 γ_1(m,i) 不满足 q(m,i)γ(m,i+1)=p(m,i)γ(m,i)，q、p 总次数<=4（1<=i<m<=30；模素数满秩 30/30）
PASS T2c-guess-hyper r=2 γ_2(m,i) 不满足 q(m,i)γ(m,i+1)=p(m,i)γ(m,i)，q、p 总次数<=4（1<=i<m<=30；模素数满秩 30/30）
PASS T2c-guess-reverse 对照：U^c 的系数 (-1)^{m-i}/(i!(m-i)!) 确实被找到递推（秩 20<30）
PASS T2a-linsys U m=1 13 组平移 δ(i)∈[-6,6]（δ(0) 无关），k∈[10,40]：全部无解
PASS T2a-linsys U m=2 169 组平移 δ(i)∈[-6,6]（δ(0) 无关），k∈[10,40]：全部无解
PASS T2a-linsys U m=3 2197 组平移 δ(i)∈[-6,6]（δ(0) 无关），k∈[10,40]：全部无解
PASS T2a-linsys E m=2 169 组平移 δ(i)∈[-6,6]（δ(0) 无关），k∈[10,40]：全部无解
PASS T2a-linsys E m=3 2197 组平移 δ(i)∈[-6,6]（δ(0) 无关），k∈[10,40]：全部无解
PASS T2a-control Uc m=1 U^c_k(m)=Σ_i(-1)^{m-i}c_i(k+3m)/(i!(m-i)!)（注 2.6 / (C4)），按定义计数的 U^c 精确满足
PASS T2a-control Uc m=2 U^c_k(m)=Σ_i(-1)^{m-i}c_i(k+3m)/(i!(m-i)!)（注 2.6 / (C4)），按定义计数的 U^c 精确满足
PASS T2a-control Uc m=3 U^c_k(m)=Σ_i(-1)^{m-i}c_i(k+3m)/(i!(m-i)!)（注 2.6 / (C4)），按定义计数的 U^c 精确满足
PASS T2a-control E m=1 E_k(1)=c_1(k-2)（E 的 m=1 有单原子表示，所以 E 要 m>=2）
PASS T2a-norms N(1+ξ)=3，N(ξ)=1；K_2：N(W̃_2-1)=17/8，N(η)=1/2，W̃_2-1≡x^5(4-2x)=True；17·2^(-3-n) 的 17 进赋值为 1（不是立方）
time 4.1s
== s12_thm2: PASS 34, FAIL 0
