PASS r.c5b-01 [0.0s] 日志 68 行、68 个不同 URL、类型 {'entry': 13, 'bfile': 16, 'seq': 37, 'ref': 2}、全 200、大小一致、文件集合一致；时间 2026-10-04T10:15:37Z..2026-10-04T10:30:24Z
PASS r.c5b-02 [0.0s] 21 个条目 %O 首项 = 预期；got=all match
PASS r.c5b-03 [0.0s] %e 样例 30 个全部满足「行禁001/010、列禁001/011」；其中 24 个在「互换行列规则」读法下不合法（样例对方向有区分力）
PASS r.c5b-04 [4.4s] k=3..7 的 b 文件 n=1..210 = U_k(ceil(n/2))U_k(floor(n/2))（自写前缀和高度 DP）；数据段为 b 文件前缀
PASS r.c5b-05 [1.8s] 自写逐行转移 a_rowpair（k=3..7, n=1..24）与暴力 a_brute（n*k<=16）共 136 个值 = b 文件
PASS r.c5b-06 [0.4s] A207123 b 文件 545 项（n 递增读反对角线，n+k<=34）全部 = a_k(n)；反方向解码有 518 项不符（读法有区分力）；%C 8x10 表一致；54 项另与 a_rowpair 一致
PASS r.c5b-07 [0.1s] A207117 b 文件 n=1..19 = a_n(n)；n<=6 另与 a_rowpair 一致
PASS r.c5b-08 [0.3s] 第 2..7 行 b 文件 k=1..210 = a_k(n)；k<=6 另与 a_rowpair 一致
PASS r.c5b-09 [3.9s] 另一规则（纵禁 001/101）2xk、3xk（k<=8）直接数 = b 文件 = 本题；3 行 = R_k*U_k(2)（k<=210）；4x1：8 vs 9；4xk(k<=4) 两规则 [(8, 9), (64, 81), (216, 289), (720, 1024)]
PASS r.c5b-10 [0.0s] 第1列 = A002620(n+2)（n<=55）、第2列 = A030179(n+2)（n<=35，名称即 A002620^2）
PASS r.c5b-11 [6.0s] 列 Empirical 递推：特征多项式 = (x-1)^(2k+1)(x+1)^(2k-1)；奇偶类 (2k+1) 阶差分为 0；在自算 a(1..300) 上成立（>= e+4k+2 个位置，配合 T3 即对一切 n 成立）；e×e Hankel 行列式模两大素数非零 => 最小阶 = e；c_e != 0 => 任一尾段最小阶也为 e。k=3:e=12,k=4:e=16,k=5:e=20,k=6:e=24,k=7:e=28
PASS r.c5b-12 [0.3s] 行 Empirical 递推在 k=e+1..e+1+d(+5) 上成立（d=(m1+1)^2(m2+1)^2 为 Kronecker 积先验阶），Hankel 非奇异 => 最小；A207069:e=10,d=16,核到k=32; A207070:e=22,d=36,核到k=64; A207124:e=28,d=81,核到k=115; A207125:e=49,d=144,核到k=199; A207126:e=55,d=256,核到k=317; A207127:e=85,d=400,核到k=491
PASS r.c5b-13 [0.0s] A207118 Barker：(1-x)^7(1+x)^5*Σa_3(n)x^n = x*num（到 x^159）；偶/奇 n 多项式与 U_3(n/2)^2、U_3((n-1)/2)U_3((n+1)/2) 系数全等（U_3 由自算 DP 插值）
PASS r.c5b-14 [0.3s] A207069 Barker g.f.：分母 = 1-Σc_i x^i，D*ΣR_k^2 x^k = x*num（到 x^159）；数值（numpy，容差 1e-8）确认 1-x-2x^2-x^3 <-> rho_i^2、1+x^2-x^3 <-> rho_i rho_j = 1/rho_l
PASS r.c5b-15 [0.4s] b038718 n=1..6023：a(1)=1、a(n)=R_{n-2}；R 递推 k<=6021；置换定义 n<=9 = Hamilton 路 DFS = b 文件，DFS 到 n<=18；三分法 (α,β,γ)=(H(n-1),H(n-3),1) 在 n=4..12 直接计数成立；1->2 Hamilton 路唯一（N<=13）
PASS r.c5b-16 [0.1s] 允许行 -> Hamilton 路的递归映射（自写实现）对 k=0..12 是双射，像 = DFS 全体；0^k 的像是唯一以 2 结尾的路
PASS r.c5b-17 [0.0s] ΣR_k x^k = (1+x^2-x^3)/D，(1-x+x^2)/D = 1+xΣR_k x^k（到 x^299）；若把列出的 2,4,6,... 从 x^0 起算则 g.f. 为 (2-x^3)/D——提示词的式子只有作为「A038718 条目所印 g.f.」才对
PASS r.c5b-18 [5.2s] T1：N 用自写 DFS（k<=9），U_k(m)=ΣN(k,q)C(m+1,q) 在 m<=20 成立、容斥反演一致；(b) 三元组条件与逐行字面检查在 m<=12 全等；字面 DP=前缀和 DP（m<=6,k<=12）；多重链=DP（k<=7,m<=5）；T1′ 链数=N（k<=9）
PASS r.c5b-19 [0.0s] U_3 = (m+1)(m^2+5m+3)/3 = 2C(m+3,3)-(m+1) = A084990(m+1)（多项式全等；b 文件 n<=1000；DP n<=149；单调三元组暴力 n<=25）
PASS r.c5b-20 [0.2s] f3 与逆 g3（自写）对 m<=25 互逆、双射、保持取值集合
PASS r.c5b-21 [0.0s] P3、Q3 链数同为 (1,4,2)，上覆盖数分布不同 [0, 1, 1, 1, 2, 2] vs [0, 1, 1, 1, 1, 2]（不同构）；Q3 多重链 = 单调三元组 = U_3（m<=8）；Q4 链数 (1,6,6,2)≠(1,7,8,2)；相邻三元组单调 k=4,m=1 为 10；「k−2 条边」若字面理解（k=2 时 0 条边）计数为 1，若理解为 k/2 条边为 C(m+2,2)，均 ≠ U_2
PASS r.c5b-22 [0.0s] U_4 = (m+1)(m+2)(m^2+11m+6)/12 = C(m+2,2)^2-4C(m+2,4) = 二项式基(1,7,8,2)（多项式全等，DP m<=39）；b326247 n=0..40；Barker 的多项式、g.f.、5 阶递推（n>4）均由闭式推出
PASS r.c5b-23 [0.0s] A326247：按 %C 暴力数有序对 n<=14 = C(n,2)^2-4C(n,4) = b 文件；无序 n=3 为 6；%e 同列 {12,13}、{13,12}；%t 用 Tuples、调用未定义的 nesXQ（定义的是 nestQ）
PASS r.c5b-24 [0.3s] Φ（按笔记表格自写）对 m<=12：定义域 = U_4(m) 个合法元组（类型引理双向成立），像落在 {0..m+1} 的有序边对且两两不同、恰为不交叉不嵌套全体，保持取值集合
PASS r.c5b-25 [0.0s] 反例成立：(0,1,1,1)、(0,0,0,1) 可接受，(0,1,1,2) 的两行恰为它们的行却交叉；区间模型计数 = U_4（m<=8）
PASS r.c5b-26 [0.0s] 9 个 U_5/U_6/U_7 窗口：搜索项 = 自算值，快照均为 No results
PASS r.c5b-27 [0.2s] 21 个其余无命中搜索：搜索项 = 自算值（N 用容斥，q=5 时 (C7) 分子多项式性另核到 x^44），均 No results；另 N(k,k-1)=k^2-k-4 核到 k<=30
PASS r.c5b-28 [0.0s] 有命中的 7 次搜索（R、U_3x2、U_4x2、c_2、c_3）结果与声称一致；反向引用 A207123 共 11 个 = A207117..A207127
PASS r.c5b-29 [1.2s] c_2=A077949、c_3=A084386、A077974=(-1)^n c_2（数据段）；块解释 c_v(n)=Σ_i C(n-2i,i)v^i 在 v=1..4、n<=9 穷举成立且这些序列全合法
PASS r.c5b-30 [0.0s] A077949 注释（parts 2）在 n=2 给 3 而数据为 1；改为 parts 3 时与整个数据段（39 项）相符
PASS r.c5b-31 [0.8s] 二项式基多项式值 = 引理1向下递推值（k<=40, m=-1..-41）；零点集合 = {-1..-floor((k+2)/3)}（k<=40）；U_{3j}(-j-1)=j!（j<=13）；Moebius 按定义 k=1..11: [-1, 1, 1, 0, 0, 0, 0, 0, 0, 0, 0] = U_k(-2)
PASS r.c5b-32 [0.0s] 引理1向下递推：k<=150 时 U_k 在窗口 -1..-151 内的零点恰为 -1..-floor((k+2)/3)（注意：这只是窗口检查，不覆盖更远的负实根；「全部负整数零点」的严格有限验证见 rc5b_negzeros_exact.py，k<=70）
PASS r.c5b-33 [0.0s] U_3..U_7 的因式分解式均为 k 次，且在 m=0..29 与自算 DP 一致
PASS r.c5b-34 [0.0s] （观察，非证明）A207069:e=10,预言10,数值互异乘积10; A207070:e=22,预言22,数值互异乘积22; A207124:e=28,预言28,数值互异乘积28; A207125:e=49,预言49,数值互异乘积49; A207126:e=55,预言55,数值互异乘积55; A207127:e=85,预言85,数值互异乘积85
SUMMARY r-c5b pass=34 fail=0 time=26.1s
