x        lambda         R=K/Gamma(-lam)        2-x        L(x)       U(x)       (2-R)/x    checks
0.0005   7.996e+09      1.998004733697480E+0   1.999500   1.998000   1.999500   3.990533   PASS  (lambda integer: K is a pole, ratio formula still defined)
0.001    9.99e+08       1.996018870153431E+0   1.999000   1.996001   1.998998   3.981130   PASS  (lambda integer: K is a pole, ratio formula still defined)
0.002    1.2475e+08     1.992074970258840E+0   1.998000   1.992004   1.997992   3.962515   PASS  (lambda integer: K is a pole, ratio formula still defined)
0.005    7.96e+06       1.980459316360703E+0   1.995000   1.980027   1.994950   3.908137   PASS  (lambda integer: K is a pole, ratio formula still defined)
0.013    449249         1.950952435884803E+0   1.987000   1.948199   1.986666   3.772890   PASS
0.027    49433.5        1.903755442338411E+0   1.973000   1.892999   1.971583   3.564613   PASS
0.01     990000         1.961779530447246E+0   1.990000   1.960114   1.989802   3.822047   PASS  (lambda integer: K is a pole, ratio formula still defined)
0.02     122500         1.926705988550922E+0   1.980000   1.920510   1.979216   3.664701   PASS  (lambda integer: K is a pole, ratio formula still defined)
0.03     35925.9        1.894281988946911E+0   1.970000   1.881270   1.968256   3.523934   PASS
0.04     15000          1.864126983374132E+0   1.960000   1.842470   1.956935   3.396825   PASS  (lambda integer: K is a pole, ratio formula still defined)
0.05     7600           1.835941185220363E+0   1.950000   1.804184   1.945268   3.281176   PASS  (lambda integer: K is a pole, ratio formula still defined)
0.06     4351.85        1.809483051417461E+0   1.940000   1.766483   1.933268   3.175282   PASS
0.07     2711.37        1.784554423463507E+0   1.930000   1.729434   1.920953   3.077794   PASS
0.08     1796.88        1.760990300573375E+0   1.920000   1.693099   1.908336   2.987621   PASS
0.09     1248.29        1.738651562344619E+0   1.910000   1.657537   1.895435   2.903872   PASS
0.1      900            1.717419647507058E+0   1.900000   1.622802   1.882266   2.825804   PASS  (lambda integer: K is a pole, ratio formula still defined)
0.11     668.67         1.697192573636038E+0   1.890000   1.588942   1.868847   2.752795   PASS
0.12     509.259        1.677881901901281E+0   1.880000   1.556002   1.855193   2.684317   PASS
0.13     395.995        1.659410383637119E+0   1.870000   1.524022   1.841323   2.619920   PASS
0.14     313.411        1.641710108879667E+0   1.860000   1.493037   1.827254   2.559214   PASS
0.15     251.852        1.624721031035182E+0   1.850000   1.463076   1.813003   2.501860   PASS
0.16     205.078        1.608389777803402E+0   1.840000   1.434164   1.798589   2.447564   PASS
0.17     168.94         1.592668682985668E+0   1.830000   1.406321   1.784028   2.396067   PASS
0.18     140.604        1.577514990857474E+0   1.820000   1.379563   1.769339   2.347139   PASS
0.19     118.093        1.562890196867432E+0   1.810000   1.353900   1.754539   2.300578   PASS
0.2      100            1.548759497129027E+0   1.800000   1.329339   1.739645   2.256203   PASS  (lambda integer: K is a pole, ratio formula still defined)
0.21     85.304         1.535091325536352E+0   1.790000   1.305882   1.724674   2.213851   PASS
0.22     73.2532        1.521856962052052E+0   1.780000   1.283525   1.709644   2.173377   PASS
0.23     63.2859        1.509030199254897E+0   1.770000   1.262265   1.694571   2.134651   PASS
0.24     54.9769        1.496587056919853E+0   1.760000   1.242089   1.679471   2.097554   PASS
0.25     48             1.484505536462306E+0   1.750000   1.222986   1.664360   2.061978   PASS  (lambda integer: K is a pole, ratio formula still defined)
0.26     42.1029        1.472765408671716E+0   1.740000   1.204938   1.649254   2.027825   PASS
0.27     37.0878        1.461348029404357E+0   1.730000   1.187926   1.634168   1.995007   PASS
0.28     32.7988        1.450236178884584E+0   1.720000   1.171927   1.619117   1.963442   PASS
0.29     29.1115        1.439413921041421E+0   1.710000   1.156917   1.604115   1.933055   PASS
0.3      25.9259        1.428866479928420E+0   1.700000   1.142868   1.589176   1.903778   PASS
0.31     23.1614        1.418580130774449E+0   1.690000   1.129752   1.574313   1.875548   PASS
0.32     20.752         1.408542103617605E+0   1.680000   1.117538   1.559539   1.848306   PASS
0.33     18.6437        1.398740497803834E+0   1.670000   1.106194   1.544866   1.821998   PASS
0.34     16.7922        1.389164205901657E+0   1.660000   1.095686   1.530306   1.796576   PASS
0.35     15.1603        1.379802845806415E+0   1.650000   1.085981   1.515870   1.771992   PASS
0.36     13.7174        1.370646699991216E+0   1.640000   1.077042   1.501569   1.748204   PASS
0.37     12.4376        1.361686661014469E+0   1.630000   1.068836   1.487412   1.725171   PASS
0.38     11.299         1.352914182521413E+0   1.620000   1.061325   1.473408   1.702857   PASS
0.39     10.2834        1.344321235083964E+0   1.610000   1.054474   1.459568   1.681228   PASS
0.4      9.375          1.335900266313267E+0   1.600000   1.048248   1.445898   1.660249   PASS
0.41     8.56053        1.327644164755387E+0   1.590000   1.042611   1.432406   1.639892   PASS
0.42     7.82853        1.319546227145153E+0   1.580000   1.037527   1.419100   1.620128   PASS
0.43     7.16918        1.311600128648111E+0   1.570000   1.032962   1.405986   1.600930   PASS
0.44     6.574          1.303799895767466E+0   1.560000   1.028882   1.393070   1.582273   PASS
0.45     6.03567        1.296139881633150E+0   1.550000   1.025254   1.380358   1.564134   PASS
0.46     5.54779        1.288614743424683E+0   1.540000   1.022045   1.367854   1.546490   PASS
0.47     5.10484        1.281219421709327E+0   1.530000   1.019225   1.355562   1.529320   PASS
0.48     4.70197        1.273949121502811E+0   1.520000   1.016764   1.343487   1.512606   PASS
0.49     4.33493        1.266799294882206E+0   1.510000   1.014631   1.331632   1.496328   PASS
0.5      4              1.259765625000000E+0   1.500000   1.012800   1.320000   1.480469   PASS  (lambda integer: K is a pole, ratio formula still defined)
0.51     3.6939         1.252844011365300E+0   1.490000   1.011243   1.308593   1.465012   PASS
0.52     3.41375        1.246030556272887E+0   1.480000   1.009936   1.297413   1.449941   PASS
0.53     3.15697        1.239321552273804E+0   1.470000   1.008853   1.286462   1.435242   PASS
0.54     2.9213         1.232713470592485E+0   1.460000   1.007972   1.275741   1.420901   PASS
0.55     2.70473        1.226202950405442E+0   1.450000   1.007271   1.265251   1.406904   PASS
0.56     2.50547        1.219786788905334E+0   1.440000   1.006730   1.254992   1.393238   PASS
0.57     2.3219         1.213461932081985E+0   1.430000   1.006330   1.244964   1.379891   PASS
0.58     2.15261        1.207225466158830E+0   1.420000   1.006052   1.235167   1.366853   PASS
0.59     1.99631        1.201074609629357E+0   1.410000   1.005881   1.225600   1.354111   PASS
0.6      1.85185        1.195006705843495E+0   1.400000   1.005799   1.216263   1.341655   PASS
0.61     1.71821        1.189019216098781E+0   1.390000   1.005794   1.207154   1.329477   PASS
0.62     1.59444        1.183109713195366E+0   1.380000   1.005852   1.198272   1.317565   PASS
0.63     1.47972        1.177275875417794E+0   1.370000   1.005960   1.189614   1.305911   PASS
0.64     1.37329        1.171515480909910E+0   1.360000   1.006107   1.181180   1.294507   PASS
0.65     1.27447        1.165826402412306E+0   1.350000   1.006283   1.172967   1.283344   PASS
0.66     1.18263        1.160206602334495E+0   1.340000   1.006480   1.164973   1.272414   PASS
0.67     1.09721        1.154654128136438E+0   1.330000   1.006688   1.157194   1.261710   PASS
0.68     1.01771        1.149167107996323E+0   1.320000   1.006900   1.149630   1.251225   PASS
0.69     0.943658       1.143743746743454E+0   1.310000   -          -          1.240951   PASS
0.7      0.874636       1.138382322036942E+0   1.300000   -          -          1.230882   PASS
0.71     0.810257       1.133081180772514E+0   1.290000   -          -          1.221012   PASS
0.72     0.750171       1.127838735701235E+0   1.280000   -          -          1.211335   PASS
0.73     0.694057       1.122653462245277E+0   1.270000   -          -          1.201845   PASS
0.74     0.64162        1.117523895497079E+0   1.260000   -          -          1.192535   PASS
0.75     0.592593       1.112448627389334E+0   1.250000   -          -          1.183402   PASS
0.76     0.546727       1.107426304024265E+0   1.240000   -          -          1.174439   PASS
0.77     0.503797       1.102455623151528E+0   1.230000   -          -          1.165642   PASS
0.78     0.463595       1.097535331784931E+0   1.220000   -          -          1.157006   PASS
0.79     0.42593        1.092664223948915E+0   1.210000   -          -          1.148526   PASS
0.8      0.390625       1.087841138546413E+0   1.200000   -          -          1.140199   PASS
0.81     0.357519       1.083064957340350E+0   1.190000   -          -          1.132019   PASS
0.82     0.326461       1.078334603041626E+0   1.180000   -          -          1.123982   PASS
0.83     0.297314       1.073649037496927E+0   1.170000   -          -          1.116085   PASS
0.84     0.269949       1.069007259970226E+0   1.160000   -          -          1.108325   PASS
0.85     0.24425        1.064408305512250E+0   1.150000   -          -          1.100696   PASS
0.86     0.220106       1.059851243412613E+0   1.140000   -          -          1.093196   PASS
0.87     0.197417       1.055335175729685E+0   1.130000   -          -          1.085822   PASS
0.88     0.176089       1.050859235893604E+0   1.120000   -          -          1.078569   PASS
0.89     0.156035       1.046422587378172E+0   1.110000   -          -          1.071435   PASS
0.9      0.137174       1.042024422437634E+0   1.100000   -          -          1.064417   PASS
0.91     0.119431       1.037663960904657E+0   1.090000   -          -          1.057512   PASS
0.92     0.102737       1.033340449046025E+0   1.080000   -          -          1.050717   PASS
0.93     0.087026       1.029053158472826E+0   1.070000   -          -          1.044029   PASS
0.94     0.0722383      1.024801385102106E+0   1.060000   -          -          1.037445   PASS
0.95     0.0583175      1.020584448167172E+0   1.050000   -          -          1.030964   PASS
0.96     0.0452112      1.016401689273883E+0   1.040000   -          -          1.024582   PASS
0.97     0.0328705      1.012252471500473E+0   1.030000   -          -          1.018296   PASS
0.98     0.0212496      1.008136178538569E+0   1.020000   -          -          1.012106   PASS
0.99     0.0103061      1.004052213873235E+0   1.010000   -          -          1.006008   PASS
SUMMARY t3: points=105 FAIL=0 elapsed 2.8s
