PASS B1-fast-vs-height core.U_fast_table == core.U_height_table（第1节参考实现）k<=60,m<=20；另抽查 m=30,40 整列 k<=60（m=21..62 每一整列见 code/c1/extended_checks.py 的 E1） [2.5s]
PASS B2-dp-vs-multichain 高度 DP == core.U_multichain（允许行偏序集的多重链定义）0<=k<=12,0<=m<=15；另 0<=k<=6,m<=40 [2.9s]
PASS B3-direct-vs-product core.a_direct（原题直接计数）== U_k(ceil(n/2))*U_k(floor(n/2))，1<=k<=9, 0<=n<=13（k=10,11 与 k<=7,n<=20 见 extended_checks.py 的 E2） [10.3s]
PASS B4-brute core.a_brute（2^(nk) 全枚举）== core.a_direct == U 乘积公式，全部 k>=1,n>=0,n*k<=20 [pairs=86 ; 73.6s]
PASS B5-prompt-table 第2节 U_k(m) 表（k=1..10, m=0..6）== 参考实现 DP [0.0s]
PASS B6-Rk R_k=U_k(1)：R_1..R_10=2,4,..,100；sum_k R_k x^k=(1+x^2-x^3)/((1-x)(1-x-x^3))；R_k=[x^{k+1}](1-x+x^2)/((1-x)(1-x-x^3))；R_k=1+R_{k-1}+R_{k-3}（k<=60） [list=True gf1=True shift=True rec=True; 0.0s]
PASS B7-a3 a_3(1..6) = 6,36,102,289,612,1296（a_direct 与乘积公式） [a3=[6, 36, 102, 289, 612, 1296]; 0.0s]
PASS R1-col-rule (a) 列规则 <=> 对所有 i: b_i>=b_{i+2}（8 个三元组 + 长度<=12 的全部 0/1 列） [0.0s]
PASS R2-heights (b) 高度 (a,b,c) 在 {0..M}^3（M<=12）上「各行都不是001/010」<=> good(a,b,c)；且「列单调不增+行规则」的 m×k 矩阵（2^(mk) 全枚举，mk<=16）个数 == U_k(m) [matrix pairs=66; 1.3s]
PASS L1-ref 引理1 U_k(m)=U_k(m-1)+U_{k-1}(m)+m*U_{k-3}(m)（含边界约定）在参考实现表上成立，1<=k<=60, 0<=m<=20 [0.0s]
PASS L1-fast 引理1 在快速 DP 表上成立，1<=k<=60, 0<=m<=62 [0.0s]
PASS L1-cases 引理1 证明的分类逐类计数（DFS 枚举合法序列）：(i)=U_k(m-1),(ii)=U_{k-1}(m),(iii)=m*U_{k-3}(m)且 h_3 被迫为 m，(iv)=0；1<=k<=8, 0<=m<=6 [0.1s]
PASS C1-sum (C1) U_k(m)=sum_{j=0}^m [U_{k-1}(j)+j*U_{k-3}(j)]，1<=k<=60, 0<=m<=62 [0.0s]
PASS C1-poly (C1) 对每个 0<=k<=60，用 m=0..62（>=k+3 个点）的 DP 值做 Newton 前向差分插值：Δ^{k+1}≡0（次数<=k），Δ^k U_k(0)=2（k>=2；即首项 2/k!，次数恰为 k），插值多项式在 m=-1 取 0（k>=1） [0.0s]
PASS C1-poly-monomial (C1) 单项式基交叉核对：polylib.interpolate 过 m=0..k+2 得次数=k、首项=2/k!（k>=2）、u_k(-1)=0（k>=1），0<=k<=20 [0.0s]
PASS C2-rec (C2) (1-x-m x^3) G_m = G_{m-1} + m x^2（G_{-1}=1），0<=m<=20，逐项到 x^132 [0.0s]
PASS C2-closed (C2) x P_m G_m = 1 - P_m - x sum_{j<m} P_j（逐项到 x^132），且右边 = x*W_m，W_m = 1 + x^2 sum_{j=1}^m j P_{j-1}，deg W_m = 3m < deg P_m = 3m+1，lc P_m=(-1)^{m+1}m!，lc W_m=(-1)^m m!，0<=m<=20 [0.0s]
PASS C2-order (C2) 以 P_m 为特征多项式的 3m+1 阶递推对 DP 数据 U_k(m) 成立，3m+1<=k<=132，0<=m<=20 [0.0s]
PASS C2-gcd (C2 最简性) 精确 gcd(W_m, P_m) = 1（Fraction 欧几里得），0<=m<=20 [4.3s]
PASS C2-BM (C2 最简性，独立于闭式) Berlekamp–Massey 直接作用于 DP 数据 U_0..U_{6m+7}(m)：线性复杂度恰为 3m+1，连接多项式恰为 P_m，0<=m<=20 [3.0s]
PASS C2-allm-ingredients (C2 对一切 m 的最简性证明的各成分) W_m≡W_i (mod b_i)（i<=m<=20）；W_i(1)=1（i<=60）；b_i 可约 <=> i=y^2(y-1)（i<=60 只有 4,18,48）且 b_i=(1-yx)(1+(y-1)x+y(y-1)x^2)、二次因子判别式<0；d(1)=±1 的不可约因子只有 b_1 与 1-2x，且 W_1-b_1=x+x^2、W_4(1/2)=645/512≠0 [reducible b_i (i<=60): [4, 18, 48] ; 0.1s]
PASS C2-sqfree (C2) P_m 无重因子：每个 b_i 与 b_i' 互素（i<=60），z^3-z^2-i 的判别式=-i(4+27i)<0（i<=60），b_i 两两互素（i<j<=20），并对 m<=8 直接验证 gcd(P_m,P_m')=1（故 G_m 的极点全是单极点） [0.1s]
PASS C2-growth (C2 增长率，数值检查) rho_m = y^3=y^2+m 的唯一实根；DP 比值 U_2001(m)/U_2000(m) 与 rho_m 之差 < 1e-9（decimal 60 位，容差 1e-9），1<=m<=20 [max |U_2001(m)/U_2000(m) - rho_m| = 6.06e-14; 2.5s]
PASS C2-cm (C2 推论，数值检查) 单极点留数 c_m=(G_{m-1}(x_m)+m x_m^2)/(x_m(1+3m x_m^2))，x_m=1/rho_m，G_{m-1}=W_{m-1}/P_{m-1}：|U_2000(m)/(c_m rho_m^2000) - 1| < 1e-8（decimal 150 位，容差 1e-8）；另 P_{m-1}(x_m)=m! x_m^{3m}（相对误差<1e-100）；1<=m<=20 [max relative error = 1.34e-12; 2.5s]
PASS C3-zero (C3) 容斥 N(k,q)=sum_i (-1)^{q-i}C(q,i)U_k(i-1)（由 DP 列 m<=62）：N(k,q)=0 对 k<q<=63，N(k,0)=0（k>=1），N(0,0)=1；0<=k<=60 [0.0s]
PASS C3-basis (C3) 二项式基 U_k(m)=sum_{q=0}^{k} N(k,q) C(m+1,q)，0<=k<=60, 0<=m<=62 [0.0s]
PASS C3-brute (C3) 组合意义：core.N_brute（DFS 按定义数「值域恰为 q 个值的合法词」）== 容斥 N(k,q)，0<=k<=9（k=10,11 见 extended_checks.py 的 E3） [1.3s]
PASS C3-tri (C3) 三角递推 N(k,r+1)=N(k-1,r)+N(k-1,r+1)+r[N(k-3,r-1)+2N(k-3,r)+N(k-3,r+1)]，3<=k<=60, 0<=r<=k [0.0s]
PASS C3-init (C3 初值说明) 只给 N(0,0)=1+零边界时 k=2 处递推给出 N(2,2)=1≠2，故 k>=3 的递推需要 k=1,2 两行作初值；若约定 N(-1,0)=1、N(-2,.)=0（对应 U_{-1}≡1、U_{-2}≡0），递推对 1<=k<=60 全部成立 [zero-boundary k=2 gives N(2,2)=1 (true 2); with N(-1,0)=1 holds k>=1: True; 0.0s]
PASS C3-diag (C3) N(k,k)=2（2<=k<=60）；N(k,k-1)=k^2-k-4（4<=k<=60）；N(3,2)=4（公式在 k=3 不成立） [diag=True subdiag=True small=True; 0.0s]
PASS C3-prompt (C3) 提示词 N 三角形 k=1..10 与容斥值一致 [0.0s]
PASS C3-cases (C3) 三角递推证明的 6 类逐类计数（DFS 枚举满射合法词）与 N(k-1,q),N(k-1,q-1),(q-1)N(k-3,q),(q-1)N(k-3,q-1)[两类],(q-1)N(k-3,q-2) 一致，且无其他情形；3<=k<=8 [0.3s]
PASS C4-c (C4) c_i(n)=sum_{0<=j<=n/3} C(n-2j,j) i^j == [x^n] 1/(1-x-i x^3)（级数求逆），0<=i<=20, 0<=n<=125 [0.0s]
PASS C4-S (C4) [x^n] 1/P_m = sum_{0<=s<=n/3} S(s+m,m) C(n+m-2s,m+s)，0<=m<=20, 0<=n<=60 [0.0s]
PASS C4-pf (C4) m!*[x^n]1/P_m = sum_i (-1)^{m-i}C(m,i) c_i(n+3m)，0<=m<=20, 0<=n<=60；且 -3m<=n<0 时右边为 0 [0.0s]
PASS C4-convention (C4 求和范围约定的必要性) 若按广义二项式把 s、j 求和到 n/3 以外：m=1,n=0 时 s=1 项 S(2,1)C(-1,2)=1、s=2 项 S(3,1)C(-3,3)=-10（真值 [x^0]1/P_1=1 只来自 s=0 项）；c_5(1) 会变成 1-5=-4（真值 1） [s=1 term=1, s=2 term=-10, generalized c_5(1)=-4 vs true 1; 0.0s]
PASS C4-theta (C4) U_k(m) = Θ_m(k+1+3m) - sum_{t<m} Θ_t(k+3t)（Fraction 精确，对照参考实现 DP），0<=k<=60（含 k=0）, 0<=m<=20；所有 Θ 值均为整数 [non-integer Theta values=0 ; 0.1s]
PASS C4-theta-mid (C4 中间恒等式) Θ_t(k+3t) = [x^k] 1/prod_{i=m-t}^{m} b_i，0<=t<=m<=20, 0<=k<=60 [0.1s]
PASS C5-pde (C5) (1-x-t)F - x^3 t dF/dt = 1 + x^2 t/(1-t)^2 逐项成立（F 取 DP 表），0<=k<=60, 0<=m<=20 [0.0s]
PASS C6-h (C6) 三种 h_k 一致：递推（h_0=1,h_1=1,h_2=1+t 起步，k>=3）== sum_q N(k,q)t^{q-1}(1-t)^{k-q}（1<=k<=60）== (1-t)^{k+1} sum_{m<=62} U_k(m)t^m 截断到 t^62（其 t^k..t^62 系数为 0），0<=k<=60 [0.0s]
PASS C6-explicit (C6) h_3=1+2t-t^2, h_4=1+4t-3t^2, h_5=1+8t-5t^2-2t^3, h_6=1+14t-7t^2-8t^3+2t^4；另 h_k(1)=N(k,k)=2（2<=k<=60） [explicit=True h_k(1)=2:True; 0.0s]
PASS C7-poly (C7) P_{q-1}*sum_k N(k,q)x^k（N 由 DP 容斥，k<=90）是多项式：x^{3q-1}..x^90 系数全 0，次数恰 3q-2，首项 (q-1)!，最低项 2x^q（q>=2；q=1 为 x），1<=q<=20 [0.0s]
PASS C7-given (C7) q=1..4 的分子：x；2x^2+x^4；2x^3+2x^4+7x^5+2x^7；2x^4+8x^5+13x^6+15x^7+29x^8+6x^10 [0.0s]
PASS C7-ie-rec (C7 证明所用的两个恒等式) Num_q = sum_i (-1)^{q-i}C(q,i) W_{i-1} prod_{v=i}^{q-1} b_v（1<=q<=20）；Num_q = (x+2(q-1)x^3)Num_{q-1} + (q-1)x^3 b_{q-2} Num_{q-2}（3<=q<=20） [0.0s]
PASS C8-pq (C8 推导链) 由 DP 数据插值：a_k(n)=U_k(ceil(n/2))U_k(floor(n/2)) = p(n)+(-1)^n q(n)，deg p=2k、deg q=2k-2，lc(p)=c^2/4^k、lc(q)=c^2 k/(2*4^k)（c=lc(u_k)），对 n<=4k+11 逐点成立，1<=k<=15 [0.2s]
TIME c1 total 109.7s
SUMMARY c1 pass=45 fail=0
EXIT=0 WALL=110.82694363594055
