sections: ['rel'] K=60 KA=60 KB=40 KAUX=30 KEXT=0
[truth] N table from U (k,q<=60) in 0.9s
[rel] k= 2 alp:ok bet:ok  (+B)  0.0s
[rel] k= 3 alp:ok bet:ok del:ok eps:ok  (+B)  0.0s
[rel] k= 4 alp:ok bet:ok del:ok eps:ok  (+B)  0.0s
[rel] k= 5 alp:ok bet:ok del:ok eps:ok  (+B)  0.0s
[rel] k= 6 alp:ok bet:ok del:ok eps:ok  (+B)  0.0s
[rel] k= 7 alp:ok bet:ok del:ok eps:ok  (+B)  0.0s
[rel] k= 8 alp:ok bet:ok del:ok eps:ok  (+B)  0.0s
[rel] k= 9 alp:ok bet:ok del:ok eps:ok  (+B)  0.0s
[rel] k=10 alp:ok bet:ok del:ok eps:ok  (+B)  0.0s
[rel] k=11 alp:ok bet:ok del:ok eps:ok  (+B)  0.0s
[rel] k=12 alp:ok bet:ok del:ok eps:ok  (+B)  0.0s
[rel] k=13 alp:ok bet:ok del:ok eps:ok  (+B)  0.1s
[rel] k=14 alp:ok bet:ok del:ok eps:ok  (+B)  0.1s
[rel] k=15 alp:ok bet:ok del:ok eps:ok  (+B)  0.1s
[rel] k=16 alp:ok bet:ok del:ok eps:ok  (+B)  0.1s
[rel] k=17 alp:ok bet:ok del:ok eps:ok  (+B)  0.2s
[rel] k=18 alp:ok bet:ok del:ok eps:ok  (+B)  0.2s
[rel] k=19 alp:ok bet:ok del:ok eps:ok  (+B)  0.3s
[rel] k=20 alp:ok bet:ok del:ok eps:ok  (+B)  0.4s
[rel] k=21 alp:ok bet:ok del:ok eps:ok  (+B)  0.4s
[rel] k=22 alp:ok bet:ok del:ok eps:ok  (+B)  0.5s
[rel] k=23 alp:ok bet:ok del:ok eps:ok  (+B)  0.7s
[rel] k=24 alp:ok bet:ok del:ok eps:ok  (+B)  1.2s
[rel] k=25 alp:ok bet:ok del:ok eps:ok  (+B)  1.7s
[rel] k=26 alp:ok bet:ok del:ok eps:ok  (+B)  1.5s
[rel] k=27 alp:ok bet:ok del:ok eps:ok  (+B)  1.6s
[rel] k=28 alp:ok bet:ok del:ok eps:ok  (+B)  2.0s
[rel] k=29 alp:ok bet:ok del:ok eps:ok  (+B)  2.7s
[rel] k=30 alp:ok bet:ok del:ok eps:ok  (+B)  4.0s
[rel] k=31 alp:ok bet:ok del:ok eps:ok  (+B)  4.4s
[rel] k=32 alp:ok bet:ok del:ok eps:ok  (+B)  5.1s
[rel] k=33 alp:ok bet:ok del:ok eps:ok  (+B)  6.3s
[rel] k=34 alp:ok bet:ok del:ok eps:ok  (+B)  7.0s
[rel] k=35 alp:ok bet:ok del:ok eps:ok  (+B)  8.7s
[rel] k=36 alp:ok bet:ok del:ok eps:ok  (+B)  10.2s
[rel] k=37 alp:ok bet:ok del:ok eps:ok  (+B)  11.7s
[rel] k=38 alp:ok bet:ok del:ok eps:ok  (+B)  14.6s
[rel] k=39 alp:ok bet:ok del:ok eps:ok  (+B)  16.9s
[rel] k=40 alp:ok bet:ok del:ok eps:ok  (+B)  26.6s
[rel] k=41 alp:ok bet:ok del:ok eps:ok  0.1s
[rel] k=42 alp:ok bet:ok del:ok eps:ok  0.2s
[rel] k=43 alp:ok bet:ok del:ok eps:ok  0.2s
[rel] k=44 alp:ok bet:ok del:ok eps:ok  0.2s
[rel] k=45 alp:ok bet:ok del:ok eps:ok  0.2s
[rel] k=46 alp:ok bet:ok del:ok eps:ok  0.2s
[rel] k=47 alp:ok bet:ok del:ok eps:ok  0.2s
[rel] k=48 alp:ok bet:ok del:ok eps:ok  0.3s
[rel] k=49 alp:ok bet:ok del:ok eps:ok  0.3s
[rel] k=50 alp:ok bet:ok del:ok eps:ok  0.3s
[rel] k=51 alp:ok bet:ok del:ok eps:ok  0.3s
[rel] k=52 alp:ok bet:ok del:ok eps:ok  0.4s
[rel] k=53 alp:ok bet:ok del:ok eps:ok  0.4s
[rel] k=54 alp:ok bet:ok del:ok eps:ok  0.5s
[rel] k=55 alp:ok bet:ok del:ok eps:ok  0.6s
[rel] k=56 alp:ok bet:ok del:ok eps:ok  0.8s
[rel] k=57 alp:ok bet:ok del:ok eps:ok  1.0s
[rel] k=58 alp:ok bet:ok del:ok eps:ok  1.2s
[rel] k=59 alp:ok bet:ok del:ok eps:ok  1.2s
[rel] k=60 alp:ok bet:ok del:ok eps:ok  1.4s
[rel] done in 139.5s
TOTAL: 542 checks passed, 0 failed; 140.4s
