
====================================================================================================
例子 V1：C(m,j)C(k,j)·j!/(j+1)!
    分子参数 [((1, 0, 0), 0), ((0, 1, 0), 0), ((0, 0, 1), 0)]；分母参数 [((0, 0, 1), 0), ((0, 1, -1), 0), ((0, 0, 1), 0), ((1, 0, -1), 0), ((0, 0, 1), 1)]；β=8，γ=2
    [V1] 引理 A 搜索：(J,I,deg_k) 依次试 (1,1,0):无 (1,1,1):有解
    [V1] 首个非平凡解：J=1, I=1, a_ω 的 k-次数 ≤1；取样方程组零空间维数 1，其中 1 个基向量通过严格网格核对（网格 [3, 2, 5]，72 点）；用时 0.1 s
[PASS] [V1] 引理 A：找到非平凡 k-only 递推（网格严格核对） 
    [V1] 递推：[-1 + -1k]·T(p−(0, 0, 0)) + [1 + 1k]·T(p−(0, 1, 0)) + [1k]·T(p−(1, 0, 0)) + [-1k]·T(p−(1, 1, 0)) + [1k]·T(p−(1, 1, 1)) = 0
[PASS] [V1] 引理 F：前提成立的 1694 个格点上 T*(p) 都有限 
[PASS] [V1] 引理 F：这些点上对每个 ω 都有 T(p−ω)=T*(p)·Q_ω(p) （分母三种情形出现次数：普通 52272、「B−e(ω)<0≤B−e^min」1936（其中 T*≠0 的 1096 次靠 Q_ω 含 t=0 给出 0）、「B−e^min<0」13552；T*(p)=0 的点 1067 个）
[PASS] [V1] 引理 F：这些点上 Σ a_ω(k)T(p−ω)=0 （T(p)≠0 的点 506；T(p)=0 但某个 T(p−ω)≠0 的「边界」点 121；全为 0 的点 1067；前提不成立而跳过 2030）
[PASS] [V1] (N2) 不成立：R=1 时在 {k≥12,m≥12} 中就有反例 （T 在 (12, 12, 0) 良定义且非零，距离 1 的 (11, 11, -1) 不良定义；支撑下端 j=0 紧挨 j=−1）
[PASS] [V1] 弱化条件 (N2′)（R=1：邻域里的不良定义点 Γ 阶都 ≥1）成立——预期成立 （523 个支撑点、324 个邻域内不良定义点）
    [V1] 递推里同时出现「不良定义项」与「非零项」的点 25 个；其中不良定义点按 Γ 延拓分类（计重数）：{'zero': 25}
[PASS] [V1] 这些点上（无极点的 25 个）：Γ 延拓值满足同一递推 Σa_ω(k)·T^cont(p−ω)=0，且 Σa_ω T̃(p−ω) 恰等于 −Σ_{不良定义 ω} a_ω(k)·T^cont(p−ω) （有极点的点 0 个，单列）
    [V1] Σa_ω T̃(p−ω)≠0 的失效点：0/645；其中用到极点的 0 个
    [V1] 不用极点的失效点 0 个（都由上面的「−Σ_{不良定义} a·T^cont」精确给出）
[PASS] [V1] 失效与否与预期一致（预期：没有失效点） 
[PASS] [V1] 引理 S：C_α 不全为 0（{α:C_α≠0} 非空） 
[PASS] [V1] 引理 S：取极小元 α*=(0,)；α<α* 的 C_α 都为 0（共 0 个） 
[PASS] [V1] 引理 S：C_α=Σ_{ν⃗≥α}C(ν⃗,α)A_ν⃗ 可由二项式反演还原 A_ν⃗（上三角、对角为 1） 
    [V1] C_{α*} = (-1 + -1*k)·S_k^-0 S_m^-0 + (1 + 1*k)·S_k^-0 S_m^-1 + (1*k)·S_k^-1 S_m^-0
[PASS] [V1] 引理 S：分部求和 Σ C(j⃗,α*)·(σ−1)^α T̃ = Σ C(j⃗,α*−α)·T̃（逐个 α，24 组） 
[PASS] [V1] 引理 S：Σ_j⃗ C(j⃗,α*)(A T̃)(k,m,j⃗) = (C_{α*}S)(k,m) 在 25 个 (k,m) 上成立（含 Q′ 之外） 
    [V1] 象限 {k≥12,m≥12} 的 4×4 角上残差 C_{α*}S≠0 的点：0/16
    [V1] 象限 {k≥20,m≥14} 的 4×4 角上残差 C_{α*}S≠0 的点：0/16
    [V1] 象限 {k≥14,m≥22} 的 4×4 角上残差 C_{α*}S≠0 的点：0/16
    [V1] 象限 {k≥26,m≥26} 的 4×4 角上残差 C_{α*}S≠0 的点：0/16
[PASS] [V1] 残差在所查的象限里都为 0：虽然 (N2) 不成立，C_{α*}(Σ_jT̃)=0 仍成立 
[PASS] [V1] 窗口外的 T̃ 都为 0 []
    [V1] 用时 0.7 s
[PASS] [V1′] 与 V1 的 T̃ 处处相等（k,m∈[−2,11]、j∈[−5,14]） 
[PASS] [V1′] 换一种写法后 (N2) 成立：R=3、Q_R={k≥3,m≥3}，528 个支撑点 

====================================================================================================
例子 V3：C(m,j)C(k,j)·C(2j,j)
    分子参数 [((1, 0, 0), 0), ((0, 1, 0), 0), ((0, 0, 2), 0)]；分母参数 [((0, 0, 1), 0), ((0, 1, -1), 0), ((0, 0, 1), 0), ((1, 0, -1), 0), ((0, 0, 1), 0), ((0, 0, 1), 0)]；β=10，γ=2
    [V3] 引理 A 搜索：(J,I,deg_k) 依次试 (1,1,0):无 (1,1,1):无 (1,1,2):无 (1,1,3):无 (2,1,0):无 (2,1,1):有解
    [V3] 首个非平凡解：J=2, I=1, a_ω 的 k-次数 ≤1；取样方程组零空间维数 1，其中 1 个基向量通过严格网格核对（网格 [4, 2, 7]，120 点）；用时 0.2 s
[PASS] [V3] 引理 A：找到非平凡 k-only 递推（网格严格核对） 
    [V3] 递推：[1/4k]·T(p−(0, 0, 0)) + [-1/4k]·T(p−(0, 1, 0)) + [1/4 + -1/2k]·T(p−(1, 0, 0)) + [-1/4 + 1/2k]·T(p−(1, 1, 0)) + [1/2 + -1k]·T(p−(1, 1, 1)) + [-1/4 + 1/4k]·T(p−(2, 0, 0)) + [1/4 + -1/4k]·T(p−(2, 1, 0)) + [-1 + 1k]·T(p−(2, 1, 1)) = 0
[PASS] [V3] 引理 F：前提成立的 1540 个格点上 T*(p) 都有限 
[PASS] [V3] 引理 F：这些点上对每个 ω 都有 T(p−ω)=T*(p)·Q_ω(p) （分母三种情形出现次数：普通 89760、「B−e(ω)<0≤B−e^min」3300（其中 T*≠0 的 1895 次靠 Q_ω 含 t=0 给出 0）、「B−e^min<0」17820；T*(p)=0 的点 935 个）
[PASS] [V3] 引理 F：这些点上 Σ a_ω(k)T(p−ω)=0 （T(p)≠0 的点 495；T(p)=0 但某个 T(p−ω)≠0 的「边界」点 110；全为 0 的点 935；前提不成立而跳过 2184）
[PASS] [V3] (N2) 不成立：R=1 时在 {k≥12,m≥12} 中就有反例 （T 在 (12, 12, 0) 良定义且非零，距离 1 的 (11, 11, -1) 不良定义；支撑下端 j=0 紧挨 j=−1）
[PASS] [V3] 弱化条件 (N2′)（R=2：邻域里的不良定义点 Γ 阶都 ≥1）成立——预期成立 （523 个支撑点、2700 个邻域内不良定义点）
    [V3] 递推里同时出现「不良定义项」与「非零项」的点 25 个；其中不良定义点按 Γ 延拓分类（计重数）：{'zero': 50}
[PASS] [V3] 这些点上（无极点的 25 个）：Γ 延拓值满足同一递推 Σa_ω(k)·T^cont(p−ω)=0，且 Σa_ω T̃(p−ω) 恰等于 −Σ_{不良定义 ω} a_ω(k)·T^cont(p−ω) （有极点的点 0 个，单列）
    [V3] Σa_ω T̃(p−ω)≠0 的失效点：0/645；其中用到极点的 0 个
    [V3] 不用极点的失效点 0 个（都由上面的「−Σ_{不良定义} a·T^cont」精确给出）
[PASS] [V3] 失效与否与预期一致（预期：没有失效点） 
[PASS] [V3] 引理 S：C_α 不全为 0（{α:C_α≠0} 非空） 
[PASS] [V3] 引理 S：取极小元 α*=(0,)；α<α* 的 C_α 都为 0（共 0 个） 
[PASS] [V3] 引理 S：C_α=Σ_{ν⃗≥α}C(ν⃗,α)A_ν⃗ 可由二项式反演还原 A_ν⃗（上三角、对角为 1） 
    [V3] C_{α*} = (1/4*k)·S_k^-0 S_m^-0 + (-1/4*k)·S_k^-0 S_m^-1 + (1/4 + -1/2*k)·S_k^-1 S_m^-0 + (1/4 + -1/2*k)·S_k^-1 S_m^-1 + (-1/4 + 1/4*k)·S_k^-2 S_m^-0 + (-3/4 + 3/4*k)·S_k^-2 S_m^-1
[PASS] [V3] 引理 S：分部求和 Σ C(j⃗,α*)·(σ−1)^α T̃ = Σ C(j⃗,α*−α)·T̃（逐个 α，24 组） 
[PASS] [V3] 引理 S：Σ_j⃗ C(j⃗,α*)(A T̃)(k,m,j⃗) = (C_{α*}S)(k,m) 在 25 个 (k,m) 上成立（含 Q′ 之外） 
    [V3] 象限 {k≥12,m≥12} 的 4×4 角上残差 C_{α*}S≠0 的点：0/16
    [V3] 象限 {k≥20,m≥14} 的 4×4 角上残差 C_{α*}S≠0 的点：0/16
    [V3] 象限 {k≥14,m≥22} 的 4×4 角上残差 C_{α*}S≠0 的点：0/16
    [V3] 象限 {k≥26,m≥26} 的 4×4 角上残差 C_{α*}S≠0 的点：0/16
[PASS] [V3] 残差在所查的象限里都为 0：虽然 (N2) 不成立，C_{α*}(Σ_jT̃)=0 仍成立 
[PASS] [V3] 窗口外的 T̃ 都为 0 []
    [V3] 用时 1.2 s

====================================================================================================
例子 V2：C(k,j)·(m−j)!/m!（k>m 时支撑上端 j=m 紧挨 j=m+1）
    分子参数 [((1, 0, 0), 0), ((0, 1, -1), 0)]；分母参数 [((0, 0, 1), 0), ((1, 0, -1), 0), ((0, 1, 0), 0)]；β=5，γ=2
    [V2] 引理 A 搜索：(J,I,deg_k) 依次试 (1,1,0):无 (1,1,1):无 (1,1,2):无 (1,1,3):无 (2,1,0):无 (2,1,1):有解
    [V2] 首个非平凡解：J=2, I=1, a_ω 的 k-次数 ≤1；取样方程组零空间维数 1，其中 1 个基向量通过严格网格核对（网格 [4, 2, 4]，75 点）；用时 0.1 s
[PASS] [V2] 引理 A：找到非平凡 k-only 递推（网格严格核对） 
    [V2] 递推：[-1 + 1k]·T(p−(0, 0, 0)) + [2 + -2k]·T(p−(1, 0, 0)) + [1]·T(p−(1, 0, 1)) + [-1]·T(p−(1, 1, 1)) + [-1 + 1k]·T(p−(2, 0, 0)) = 0
[PASS] [V2] 引理 F：前提成立的 1190 个格点上 T*(p) 都有限 
[PASS] [V2] 引理 F：这些点上对每个 ω 都有 T(p−ω)=T*(p)·Q_ω(p) （分母三种情形出现次数：普通 33232、「B−e(ω)<0≤B−e^min」1640（其中 T*≠0 的 1400 次靠 Q_ω 含 t=0 给出 0）、「B−e^min<0」7968；T*(p)=0 的点 614 个）
[PASS] [V2] 引理 F：这些点上 Σ a_ω(k)T(p−ω)=0 （T(p)≠0 的点 540；T(p)=0 但某个 T(p−ω)≠0 的「边界」点 36；全为 0 的点 614；前提不成立而跳过 2534）
[PASS] [V2] (N2) 不成立：R=1 时在 {k≥14,m≥10} 中就有反例 （T 在 (14, 10, 9) 良定义且非零，距离 1 的 (13, 9, 10) 不良定义；k>m 时支撑上端 j=m 紧挨 j=m+1）
[PASS] [V2] 弱化条件 (N2′)（R=2：邻域里的不良定义点 Γ 阶都 ≥1）不成立——预期不成立 （8 个支撑点、1 个邻域内不良定义点；反例 q=(12, 8, 9)，阶 -1）
    [V2] 递推里同时出现「不良定义项」与「非零项」的点 24 个；其中不良定义点按 Γ 延拓分类（计重数）：{'pole': 89, 'direction-dependent': 7}
[PASS] [V2] 这些点上（无极点的 0 个）：Γ 延拓值满足同一递推 Σa_ω(k)·T^cont(p−ω)=0，且 Σa_ω T̃(p−ω) 恰等于 −Σ_{不良定义 ω} a_ω(k)·T^cont(p−ω) （有极点的点 24 个，单列）
    [V2] Σa_ω T̃(p−ω)≠0 的失效点：24/675；其中用到极点的 24 个
    [V2] 用到极点的点 24 个，其中失效 24 个（极点项的留数在递推里互相抵消，ε^0 项要看次一阶，这里不预测）
    [V2] 不用极点的失效点 0 个（都由上面的「−Σ_{不良定义} a·T^cont」精确给出）
[PASS] [V2] 失效与否与预期一致（预期：有失效点） 
    [V2] 失效点的 j = [11, 12, 13, 14, 15]；j−m = [1]；k−m = [1, 2, 3, 4, 5, 6, 7, 8]
[PASS] [V2] 引理 S：C_α 不全为 0（{α:C_α≠0} 非空） 
[PASS] [V2] 引理 S：取极小元 α*=(0,)；α<α* 的 C_α 都为 0（共 0 个） 
[PASS] [V2] 引理 S：C_α=Σ_{ν⃗≥α}C(ν⃗,α)A_ν⃗ 可由二项式反演还原 A_ν⃗（上三角、对角为 1） 
    [V2] C_{α*} = (-1 + 1*k)·S_k^-0 S_m^-0 + (3 + -2*k)·S_k^-1 S_m^-0 + (-1)·S_k^-1 S_m^-1 + (-1 + 1*k)·S_k^-2 S_m^-0
[PASS] [V2] 引理 S：分部求和 Σ C(j⃗,α*)·(σ−1)^α T̃ = Σ C(j⃗,α*−α)·T̃（逐个 α，24 组） 
[PASS] [V2] 引理 S：Σ_j⃗ C(j⃗,α*)(A T̃)(k,m,j⃗) = (C_{α*}S)(k,m) 在 25 个 (k,m) 上成立（含 Q′ 之外） 
    [V2] 象限 {k≥14,m≥10} 的 4×4 角上残差 C_{α*}S≠0 的点：16/16
    [V2] 象限 {k≥24,m≥12} 的 4×4 角上残差 C_{α*}S≠0 的点：16/16
    [V2] 象限 {k≥30,m≥26} 的 4×4 角上残差 C_{α*}S≠0 的点：16/16
    [V2] 象限 {k≥40,m≥30} 的 4×4 角上残差 C_{α*}S≠0 的点：16/16
[PASS] [V2] 残差在所查的每个象限里都不全为 0（引理 S 的结论在这些象限都失效） 
[PASS] [V2] 窗口外的 T̃ 都为 0 []
    [V2] 用时 0.6 s
    [V2] 找到零化残差的 k-only 算子：形状 (A,B,deg)=(2,1,1)，拟合盒子 k∈[12,24]、m∈[12,24]，用时 0.5 s
    [V2] D = (-1 + 1*k)·S_k^-0 S_m^-0 + (3 + -2*k)·S_k^-1 S_m^-0 + (-1)·S_k^-1 S_m^-1 + (-2 + 1*k)·S_k^-2 S_m^-0
    [V2] D·C_{α*} = (1 + -2*k + 1*k^2)·S_k^-0 S_m^-0 + (-9 + 12*k + -4*k^2)·S_k^-1 S_m^-0 + (3 + -2*k)·S_k^-1 S_m^-1 + (22 + -23*k + 6*k^2)·S_k^-2 S_m^-0 + (-8 + 4*k)·S_k^-2 S_m^-1 + (1)·S_k^-2 S_m^-2 + (-20 + 18*k + -4*k^2)·S_k^-3 S_m^-0 + (4 + -2*k)·S_k^-3 S_m^-1 + (6 + -5*k + 1*k^2)·S_k^-4 S_m^-0
[PASS] [V2] D 在拟合盒子之外也零化残差（300 个点：k<m 135、k=m 10、k>m 155） 
[PASS] [V2] 系数只依赖 k 的非零算子 D·C_{α*} 零化 Σ_jT̃（同一批点；数值证据） 

====================================================================================================
例子 V5：C(k,j)·(2m−2j)!/((m−j)! m!)（WZ 例 B 的机制）
    分子参数 [((1, 0, 0), 0), ((0, 2, -2), 0)]；分母参数 [((0, 0, 1), 0), ((1, 0, -1), 0), ((0, 1, -1), 0), ((0, 1, 0), 0)]；β=9，γ=2
    [V5] 引理 A 搜索：(J,I,deg_k) 依次试 (1,1,0):无 (1,1,1):无 (1,1,2):无 (1,1,3):无 (2,1,0):无 (2,1,1):有解
    [V5] 首个非平凡解：J=2, I=1, a_ω 的 k-次数 ≤1；取样方程组零空间维数 1，其中 1 个基向量通过严格网格核对（网格 [4, 4, 6]，175 点）；用时 0.2 s
[PASS] [V5] 引理 A：找到非平凡 k-only 递推（网格严格核对） 
    [V5] 递推：[-1/2 + 1k]·T(p−(0, 0, 0)) + [3/2 + -2k]·T(p−(1, 0, 0)) + [1/4]·T(p−(1, 0, 1)) + [-1]·T(p−(1, 1, 1)) + [-1 + 1k]·T(p−(2, 0, 0)) = 0
[PASS] [V5] 引理 F：前提成立的 1190 个格点上 T*(p) 都有限 
[PASS] [V5] 引理 F：这些点上对每个 ω 都有 T(p−ω)=T*(p)·Q_ω(p) （分母三种情形出现次数：普通 47512、「B−e(ω)<0≤B−e^min」1640（其中 T*≠0 的 1400 次靠 Q_ω 含 t=0 给出 0）、「B−e^min<0」7968；T*(p)=0 的点 614 个）
[PASS] [V5] 引理 F：这些点上 Σ a_ω(k)T(p−ω)=0 （T(p)≠0 的点 540；T(p)=0 但某个 T(p−ω)≠0 的「边界」点 36；全为 0 的点 614；前提不成立而跳过 2534）
[PASS] [V5] (N2) 不成立：R=1 时在 {k≥14,m≥10} 中就有反例 （T 在 (14, 10, 9) 良定义且非零，距离 1 的 (13, 9, 10) 不良定义；k>m 时支撑上端 j=m 紧挨 j=m+1）
[PASS] [V5] 弱化条件 (N2′)（R=2：邻域里的不良定义点 Γ 阶都 ≥1）不成立——预期不成立 （8 个支撑点、1 个邻域内不良定义点；反例 q=(12, 8, 9)，阶 0）
    [V5] 递推里同时出现「不良定义项」与「非零项」的点 24 个；其中不良定义点按 Γ 延拓分类（计重数）：{'finite:-13/259200': 4, 'finite:-13/1209600': 3, 'finite:-143/362880': 1, 'finite:-1/604800': 1, 'finite:-13/11404800': 4, 'finite:-13/79833600': 3, 'finite:-1/79833600': 1, 'finite:-1/68428800': 4, 'finite:-1/958003200': 3, 'zero': 7, 'finite:-1/12454041600': 4, 'finite:-13/69120': 4, 'finite:-143/103680': 1, 'finite:-13/2280960': 4, 'finite:-1/9123840': 4, 'finite:-1/830269440': 4, 'finite:-1/174356582400': 3, 'finite:-13/21600': 4, 'finite:-143/34560': 1, 'finite:-13/570240': 4, 'finite:-1/1710720': 4, 'finite:-1/103783680': 4, 'finite:-1/10897286400': 3, 'finite:-221/129600': 3, 'finite:-143/12960': 1, 'finite:-221/2851200': 3, 'finite:-17/6842880': 3, 'finite:-17/311351040': 3, 'finite:-17/21794572800': 2, 'finite:-221/50400': 1, 'finite:-2431/90720': 1, 'finite:-221/950400': 1, 'finite:-17/1900800': 1, 'finite:-17/69189120': 1, 'finite:-17/3632428800': 1}
[PASS] [V5] 这些点上（无极点的 24 个）：Γ 延拓值满足同一递推 Σa_ω(k)·T^cont(p−ω)=0，且 Σa_ω T̃(p−ω) 恰等于 −Σ_{不良定义 ω} a_ω(k)·T^cont(p−ω) （有极点的点 0 个，单列）
    [V5] Σa_ω T̃(p−ω)≠0 的失效点：24/675；其中用到极点的 0 个
    [V5] 不用极点的失效点 24 个（都由上面的「−Σ_{不良定义} a·T^cont」精确给出）
[PASS] [V5] 失效与否与预期一致（预期：有失效点） 
    [V5] 失效点的 j = [11, 12, 13, 14, 15]；j−m = [1]；k−m = [1, 2, 3, 4, 5, 6, 7, 8]
[PASS] [V5] 引理 S：C_α 不全为 0（{α:C_α≠0} 非空） 
[PASS] [V5] 引理 S：取极小元 α*=(0,)；α<α* 的 C_α 都为 0（共 0 个） 
[PASS] [V5] 引理 S：C_α=Σ_{ν⃗≥α}C(ν⃗,α)A_ν⃗ 可由二项式反演还原 A_ν⃗（上三角、对角为 1） 
    [V5] C_{α*} = (-1/2 + 1*k)·S_k^-0 S_m^-0 + (7/4 + -2*k)·S_k^-1 S_m^-0 + (-1)·S_k^-1 S_m^-1 + (-1 + 1*k)·S_k^-2 S_m^-0
[PASS] [V5] 引理 S：分部求和 Σ C(j⃗,α*)·(σ−1)^α T̃ = Σ C(j⃗,α*−α)·T̃（逐个 α，24 组） 
[PASS] [V5] 引理 S：Σ_j⃗ C(j⃗,α*)(A T̃)(k,m,j⃗) = (C_{α*}S)(k,m) 在 25 个 (k,m) 上成立（含 Q′ 之外） 
    [V5] 象限 {k≥14,m≥10} 的 4×4 角上残差 C_{α*}S≠0 的点：16/16
    [V5] 象限 {k≥24,m≥12} 的 4×4 角上残差 C_{α*}S≠0 的点：16/16
    [V5] 象限 {k≥30,m≥26} 的 4×4 角上残差 C_{α*}S≠0 的点：16/16
    [V5] 象限 {k≥40,m≥30} 的 4×4 角上残差 C_{α*}S≠0 的点：16/16
[PASS] [V5] 残差在所查的每个象限里都不全为 0（引理 S 的结论在这些象限都失效） 
[PASS] [V5] 窗口外的 T̃ 都为 0 []
    [V5] 用时 0.6 s
    [V5] 找到零化残差的 k-only 算子：形状 (A,B,deg)=(2,1,1)，拟合盒子 k∈[12,24]、m∈[12,24]，用时 0.5 s
    [V5] D = (-1 + 1*k)·S_k^-0 S_m^-0 + (3 + -2*k)·S_k^-1 S_m^-0 + (-1)·S_k^-1 S_m^-1 + (-2 + 1*k)·S_k^-2 S_m^-0
    [V5] D·C_{α*} = (1/2 + -3/2*k + 1*k^2)·S_k^-0 S_m^-0 + (-25/4 + 39/4*k + -4*k^2)·S_k^-1 S_m^-0 + (5/2 + -2*k)·S_k^-1 S_m^-1 + (69/4 + -20*k + 6*k^2)·S_k^-2 S_m^-0 + (-27/4 + 4*k)·S_k^-2 S_m^-1 + (1)·S_k^-2 S_m^-2 + (-35/2 + 67/4*k + -4*k^2)·S_k^-3 S_m^-0 + (4 + -2*k)·S_k^-3 S_m^-1 + (6 + -5*k + 1*k^2)·S_k^-4 S_m^-0
[PASS] [V5] D 在拟合盒子之外也零化残差（300 个点：k<m 135、k=m 10、k>m 155） 
[PASS] [V5] 系数只依赖 k 的非零算子 D·C_{α*} 零化 Σ_jT̃（同一批点；数值证据） 

====================================================================================================
例子 V2b：C(k+j,j)C(m,j)·(2m−2j)!/(2m+2j)!（照搬 WZ 例 B 的因子；只作记录）
    分子参数 [((1, 0, 1), 0), ((0, 1, 0), 0), ((0, 2, -2), 0)]；分母参数 [((1, 0, 0), 0), ((0, 0, 1), 0), ((0, 0, 1), 0), ((0, 1, -1), 0), ((0, 2, 2), 0)]；β=14，γ=2
    [V2b] 引理 A 搜索失败：[(1, 1, 0, 0), (1, 1, 1, 0), (1, 1, 2, 0), (2, 1, 0, 0), (2, 1, 1, 0), (2, 1, 2, 0), (1, 2, 0, 0), (1, 2, 1, 0), (1, 2, 2, 0), (2, 2, 0, 0), (2, 2, 1, 0), (2, 2, 2, 0), (3, 1, 0, 0), (3, 1, 1, 0), (3, 1, 2, 0), (3, 2, 0, 0), (3, 2, 1, 0), (3, 2, 2, 0), (2, 3, 0, 0), (2, 3, 1, 0), (2, 3, 2, 0)]
    [V2b] 在给定的小搜索范围内没有找到递推（引理 A 只保证 J、I 足够大时存在）；本例只作记录，到此为止

汇总：66 PASS / 0 FAIL，用时 7.7 s
总体：全部通过
