K=150 JEND=1678802 JC=60000；Jcut 与公式一致 True，单调 True
  j=100000 (17s)
  j=200000 (32s)
  j=300000 (47s)
  j=400000 (62s)
  j=500000 (76s)
  j=600000 (91s)
  j=700000 (106s)
  j=800000 (119s)
  j=900000 (132s)
  j=1000000 (144s)
  j=1100000 (157s)
  j=1200000 (169s)
  j=1300000 (181s)
  j=1400000 (193s)
  j=1500000 (204s)
  j=1600000 (217s)
PASS w-zero 不经筛选：1<=k<=150、s_k<j<=Jcut_k 的全部 63522183 个 (k,j) 精确 U_k(-j)!=0（零点 无）；Jcut_k=J_k（k>=4）True
PASS w-triv 1<=j<=s_k 时 U_k(-j)=0：3825 个，失败 0
PASS w-sign 定理 3：J_k<j<=1678802 时 (-1)^k U_k(-j)>0（1<=k<=150，共 188294292 个 (k,j)），失败 0 []
PASS w-chg notes/05：j>s_k（直到 1678802）时 U_k(-j) 变号次数 <= floor(k/3)（k<=150）True，其中恰等于 floor(k/3) 的 k 有 150 个；(-1)^kU_k(-j)<=0 的最后一个 j / J_k：k=10:309/422, k=20:1972/3742, k=30:5291/12962, k=40:10363/31082, k=50:17240/61102, k=60:25953/106022, k=70:36526/168842, k=80:48975/252562, k=90:63313/360182, k=100:79552/494702, k=110:97700/659122, k=120:117763/856442, k=130:139750/1089662, k=140:163664/1361782, k=150:189512/1675802
PASS w-cor2 推论 2：j<=60000、p^{v_p(j)}>k 时 U_k(-j)≡1 (mod p)（1<=k<=150）：9260172 组，失败 0
PASS w-end 端到端：j=Jcut_k、Jcut_k+1 处递推值 = 牛顿基多项式值（300 个）
PASS w-rev 反向：把 (k,j)=(45,400) 处的值减去 U_45(-400) 后零点检查抓到 [(45, 400)]
统计（启发式，不是证明）：k, 窗口内 min log10|U_k(-j)|（全部 j）, 候选中的 min log10|U| 与取到的 j, 候选上 Σ1/|U| 的估计
  k=4  all:0.3  cand:0.3 (j=3)  heur:6.64e-01
  k=5  all:0.3  cand:0.3 (j=3)  heur:5.88e-01
  k=6  all:0.3  cand:0.3 (j=3)  heur:1.02e+00
  k=7  all:0.9  cand:0.9 (j=4)  heur:1.69e-01
  k=8  all:0.6  cand:0.6 (j=4)  heur:2.71e-01
  k=9  all:0.6  cand:0.6 (j=4)  heur:3.29e-01
  k=10  all:1.5  cand:1.5 (j=5)  heur:4.45e-02
  k=11  all:1.2  cand:1.2 (j=5)  heur:6.70e-02
  k=12  all:1.2  cand:1.2 (j=5)  heur:8.02e-02
  k=13  all:2.4  cand:2.4 (j=6)  heur:4.61e-03
  k=14  all:1.8  cand:1.8 (j=6)  heur:1.62e-02
  k=15  all:1.8  cand:1.8 (j=6)  heur:1.77e-02
  k=16  all:3.0  cand:3.0 (j=7)  heur:1.07e-03
  k=17  all:2.7  cand:2.7 (j=7)  heur:2.02e-03
  k=18  all:2.7  cand:2.7 (j=7)  heur:2.21e-03
  k=19  all:3.9  cand:3.9 (j=8)  heur:1.34e-04
  k=20  all:3.6  cand:3.6 (j=8)  heur:2.52e-04
  k=25  all:5.7  cand:5.7 (j=10)  heur:1.99e-06
  k=30  all:6.3  cand:6.3 (j=11)  heur:5.08e-07
  k=35  all:8.4  cand:8.4 (j=13)  heur:3.76e-09
  k=40  all:11.4  cand:11.4 (j=15)  heur:3.77e-12
  k=45  all:12.0  cand:12.0 (j=16)  heur:9.67e-13
  k=50  all:14.4  cand:14.4 (j=18)  heur:3.58e-15
  k=55  all:17.5  cand:17.5 (j=20)  heur:3.53e-18
  k=60  all:18.4  cand:18.4 (j=21)  heur:4.61e-19
  k=65  all:20.8  cand:20.8 (j=23)  heur:1.70e-21
  k=70  all:24.1  cand:24.1 (j=25)  heur:8.41e-25
  k=75  all:25.0  cand:25.0 (j=26)  heur:1.07e-25
  k=80  all:28.0  cand:28.0 (j=28)  heur:1.01e-28
  k=85  all:31.3  cand:31.3 (j=30)  heur:4.97e-32
  k=90  all:32.2  cand:32.2 (j=31)  heur:6.36e-33
  k=95  all:35.2  cand:35.2 (j=33)  heur:6.03e-36
  k=100  all:38.8  cand:38.8 (j=35)  heur:1.48e-39
  k=105  all:39.7  cand:39.7 (j=36)  heur:1.87e-40
  k=110  all:43.0  cand:43.0 (j=38)  heur:8.99e-44
  k=115  all:46.7  cand:46.7 (j=40)  heur:2.21e-47
  k=120  all:47.9  cand:47.9 (j=41)  heur:1.41e-48
  k=125  all:50.9  cand:50.9 (j=43)  heur:1.34e-51
  k=130  all:54.8  cand:54.8 (j=45)  heur:1.64e-55
  k=135  all:56.0  cand:56.0 (j=46)  heur:1.05e-56
  k=140  all:59.3  cand:59.3 (j=48)  heur:4.99e-60
  k=145  all:63.2  cand:63.2 (j=50)  heur:6.13e-64
  k=150  all:64.4  cand:64.4 (j=51)  heur:3.92e-65
  Σ_k 启发式期望（4<=k<=150）= 3.274e+00；k>=20 部分 = 6.217e-04
total 228s
SUMMARY s14-b8-r2 pass=7 fail=0
