sections: ['aux'] K=60 KA=40 KB=16 KAUX=59 KEXT=0
[truth] N table from U (k,q<=60) in 1.7s
[aux] k= 3 20 relations all ok
[aux] k= 4 20 relations all ok
[aux] k= 5 20 relations all ok
[aux] k= 6 20 relations all ok
[aux] k= 7 20 relations all ok
[aux] k= 8 20 relations all ok
[aux] k= 9 20 relations all ok
[aux] k=10 20 relations all ok
[aux] k=11 20 relations all ok
[aux] k=12 20 relations all ok
[aux] k=13 20 relations all ok
[aux] k=14 20 relations all ok
[aux] k=15 20 relations all ok
[aux] k=16 20 relations all ok
[aux] k=17 20 relations all ok
[aux] k=18 20 relations all ok
[aux] k=19 20 relations all ok
[aux] k=20 20 relations all ok
[aux] k=21 20 relations all ok
[aux] k=22 20 relations all ok
[aux] k=23 20 relations all ok
[aux] k=24 20 relations all ok
[aux] k=25 20 relations all ok
[aux] k=26 20 relations all ok
[aux] k=27 20 relations all ok
[aux] k=28 20 relations all ok
[aux] k=29 20 relations all ok
[aux] k=30 20 relations all ok
[aux] k=31 20 relations all ok
[aux] k=32 20 relations all ok
[aux] k=33 20 relations all ok
[aux] k=34 20 relations all ok
[aux] k=35 20 relations all ok
[aux] k=36 20 relations all ok
[aux] k=37 20 relations all ok
[aux] k=38 20 relations all ok
[aux] k=39 20 relations all ok
[aux] k=40 20 relations all ok
[aux] k=41 20 relations all ok
[aux] k=42 20 relations all ok
[aux] k=43 20 relations all ok
[aux] k=44 20 relations all ok
[aux] k=45 20 relations all ok
[aux] k=46 20 relations all ok
[aux] k=47 20 relations all ok
[aux] k=48 20 relations all ok
[aux] k=49 20 relations all ok
[aux] k=50 20 relations all ok
[aux] k=51 20 relations all ok
[aux] k=52 20 relations all ok
[aux] k=53 20 relations all ok
[aux] k=54 20 relations all ok
[aux] k=55 20 relations all ok
[aux] k=56 20 relations all ok
[aux] k=57 20 relations all ok
[aux] k=58 20 relations all ok
[aux] k=59 20 relations all ok
[aux] done in 56.9s
TOTAL: 1311 checks passed, 0 failed; 58.6s
