    [E1] 引理 A 搜索：(J,I,deg_k) 依次试 (1,1,0):有解
    [E1] 首个非平凡解：J=1, I=1, a_ω 的 k-次数 ≤0；取样方程组零空间维数 1，其中 1 个基向量通过严格网格核对（网格 [2, 2, 4]，45 点）；用时 0.0 s

----------------------------------------------------------------------------------------------------
α1：例子 E1，Ω′=Ω_{I=2,J=1}
[PASS] [α1] 引理 A 的恒等式 Σa′_ω(k)Q′_ω≡0 在 Ω′ 上成立（网格 [3, 4, 6]，140 点） 
[PASS] [α1] 引理 F：前提成立的 1224 个格点上 T*(p) 都有限 
[PASS] [α1] 引理 F：这些点上对每个 ω 都有 T(p−ω)=T*(p)·Q_ω(p) （分母三种情形出现次数：普通 58320、「B−e(ω)<0≤B−e^min」7128（其中 T*≠0 的 5406 次靠 Q_ω 含 t=0 给出 0）、「B−e^min<0」22680；T*(p)=0 的点 732 个）
[PASS] [α1] 引理 F：这些点上 Σ a_ω(k)T(p−ω)=0 （T(p)≠0 的点 348；T(p)=0 但某个 T(p−ω)≠0 的「边界」点 144；全为 0 的点 732；前提不成立而跳过 833）
[PASS] [α1] (N2)：R=2，Q_R={k≥2,m≥2}，238 个支撑点 
[PASS] [α1] 拼接：Q′={k≥3,m≥4} 上对一切 j⃗ 递推成立（722 点） []
[PASS] [α1] C_0=Σ_ν⃗A_ν⃗=0（直接对 j⃗ 求和只得到平凡关系） 
[PASS] [α1] 极小元集合 = [(1,)]（期望 [(1,)]） 
[PASS] [α1] α*=(1,)：α<α* 的 C_α 都为 0；C_{α*}≠0 
    [α1] C_{α*} = (-1)·S_k^-0 S_m^-0 + (1)·S_k^-0 S_m^-1 + (1)·S_k^-1 S_m^-0
[PASS] [α1] α*=(1,)：Σ_j⃗ C(j⃗,α*)(A′T̃) = C_{α*}S（81 个 (k,m)，含 Q′ 之外） 
[PASS] [α1] α*=(1,)：C_{α*}S=0 在 Q′ 的 6×6 个点上成立 
[PASS] [α1] C_{(1)}(A(σ−1)) 与原递推的 C_0(A) 相同 
    [E3] 引理 A 搜索：(J,I,deg_k) 依次试 (1,1,0):有解
    [E3] 首个非平凡解：J=1, I=1, a_ω 的 k-次数 ≤0；取样方程组零空间维数 1，其中 1 个基向量通过严格网格核对（网格 [2, 3, 5, 3]，288 点）；用时 0.1 s

----------------------------------------------------------------------------------------------------
α2：例子 E3，Ω′=Ω_{I=2,J=1}
[PASS] [α2] 引理 A 的恒等式 Σa′_ω(k)Q′_ω≡0 在 Ω′ 上成立（网格 [3, 6, 8, 5]，1512 点） 
[PASS] [α2] 引理 F：前提成立的 2420 个格点上 T*(p) 都有限 
[PASS] [α2] 引理 F：这些点上对每个 ω 都有 T(p−ω)=T*(p)·Q_ω(p) （分母三种情形出现次数：普通 414200、「B−e(ω)<0≤B−e^min」81520（其中 T*≠0 的 46393 次靠 Q_ω 含 t=0 给出 0）、「B−e^min<0」157680；T*(p)=0 的点 1740 个）
[PASS] [α2] 引理 F：这些点上 Σ a_ω(k)T(p−ω)=0 （T(p)≠0 的点 225；T(p)=0 但某个 T(p−ω)≠0 的「边界」点 400；全为 0 的点 1795；前提不成立而跳过 3509）
[PASS] [α2] (N2)：R=2，Q_R={k≥2,m≥2}，1001 个支撑点 
[PASS] [α2] 拼接：Q′={k≥3,m≥4} 上对一切 j⃗ 递推成立（14149 点） []
[PASS] [α2] C_0=Σ_ν⃗A_ν⃗=0（直接对 j⃗ 求和只得到平凡关系） 
[PASS] [α2] 极小元集合 = [(0, 1)]（期望 [(0, 1)]） 
[PASS] [α2] α*=(0, 1)：α<α* 的 C_α 都为 0；C_{α*}≠0 
    [α2] C_{α*} = (-1)·S_k^-0 S_m^-0 + (1)·S_k^-1 S_m^-0 + (1)·S_k^-1 S_m^-1
[PASS] [α2] α*=(0, 1)：Σ_j⃗ C(j⃗,α*)(A′T̃) = C_{α*}S（81 个 (k,m)，含 Q′ 之外） 
[PASS] [α2] α*=(0, 1)：C_{α*}S=0 在 Q′ 的 6×6 个点上成立 
[PASS] [α2] C_{(0,1)}(A(σ_2−1)) 与原递推的 C_0(A) 相同 

----------------------------------------------------------------------------------------------------
α3：例子 E3，Ω′=Ω_{I=2,J=1}
[PASS] [α3] 引理 A 的恒等式 Σa′_ω(k)Q′_ω≡0 在 Ω′ 上成立（网格 [3, 6, 8, 5]，1512 点） 
[PASS] [α3] 引理 F：前提成立的 2420 个格点上 T*(p) 都有限 
[PASS] [α3] 引理 F：这些点上对每个 ω 都有 T(p−ω)=T*(p)·Q_ω(p) （分母三种情形出现次数：普通 414200、「B−e(ω)<0≤B−e^min」81520（其中 T*≠0 的 46393 次靠 Q_ω 含 t=0 给出 0）、「B−e^min<0」157680；T*(p)=0 的点 1740 个）
[PASS] [α3] 引理 F：这些点上 Σ a_ω(k)T(p−ω)=0 （T(p)≠0 的点 225；T(p)=0 但某个 T(p−ω)≠0 的「边界」点 400；全为 0 的点 1795；前提不成立而跳过 3509）
[PASS] [α3] (N2)：R=2，Q_R={k≥2,m≥2}，1001 个支撑点 
[PASS] [α3] 拼接：Q′={k≥3,m≥4} 上对一切 j⃗ 递推成立（14149 点） []
[PASS] [α3] C_0=Σ_ν⃗A_ν⃗=0（直接对 j⃗ 求和只得到平凡关系） 
[PASS] [α3] 极小元集合 = [(0, 1), (1, 0)]（期望 [(0, 1), (1, 0)]） 
[PASS] [α3] α*=(0, 1)：α<α* 的 C_α 都为 0；C_{α*}≠0 
    [α3] C_{α*} = (-1)·S_k^-0 S_m^-0 + (1)·S_k^-1 S_m^-0 + (1)·S_k^-1 S_m^-1
[PASS] [α3] α*=(0, 1)：Σ_j⃗ C(j⃗,α*)(A′T̃) = C_{α*}S（81 个 (k,m)，含 Q′ 之外） 
[PASS] [α3] α*=(0, 1)：C_{α*}S=0 在 Q′ 的 6×6 个点上成立 
[PASS] [α3] α*=(1, 0)：α<α* 的 C_α 都为 0；C_{α*}≠0 
    [α3] C_{α*} = (-1)·S_k^-0 S_m^-0 + (1)·S_k^-1 S_m^-0 + (1)·S_k^-1 S_m^-1
[PASS] [α3] α*=(1, 0)：Σ_j⃗ C(j⃗,α*)(A′T̃) = C_{α*}S（81 个 (k,m)，含 Q′ 之外） 
[PASS] [α3] α*=(1, 0)：C_{α*}S=0 在 Q′ 的 6×6 个点上成立 

----------------------------------------------------------------------------------------------------
α4：例子 E3，Ω′=Ω_{I=2,J=1}
[PASS] [α4] 引理 A 的恒等式 Σa′_ω(k)Q′_ω≡0 在 Ω′ 上成立（网格 [3, 6, 8, 5]，1512 点） 
[PASS] [α4] 引理 F：前提成立的 2420 个格点上 T*(p) 都有限 
[PASS] [α4] 引理 F：这些点上对每个 ω 都有 T(p−ω)=T*(p)·Q_ω(p) （分母三种情形出现次数：普通 414200、「B−e(ω)<0≤B−e^min」81520（其中 T*≠0 的 46393 次靠 Q_ω 含 t=0 给出 0）、「B−e^min<0」157680；T*(p)=0 的点 1740 个）
[PASS] [α4] 引理 F：这些点上 Σ a_ω(k)T(p−ω)=0 （T(p)≠0 的点 225；T(p)=0 但某个 T(p−ω)≠0 的「边界」点 400；全为 0 的点 1795；前提不成立而跳过 3509）
[PASS] [α4] (N2)：R=2，Q_R={k≥2,m≥2}，1001 个支撑点 
[PASS] [α4] 拼接：Q′={k≥3,m≥4} 上对一切 j⃗ 递推成立（14149 点） []
[PASS] [α4] C_0=Σ_ν⃗A_ν⃗=0（直接对 j⃗ 求和只得到平凡关系） 
[PASS] [α4] 极小元集合 = [(1, 1)]（期望 [(1, 1)]） 
[PASS] [α4] α*=(1, 1)：α<α* 的 C_α 都为 0；C_{α*}≠0 
    [α4] C_{α*} = (-1)·S_k^-0 S_m^-0 + (1)·S_k^-1 S_m^-0 + (1)·S_k^-1 S_m^-1
[PASS] [α4] α*=(1, 1)：Σ_j⃗ C(j⃗,α*)(A′T̃) = C_{α*}S（81 个 (k,m)，含 Q′ 之外） 
[PASS] [α4] α*=(1, 1)：C_{α*}S=0 在 Q′ 的 6×6 个点上成立 
[PASS] [α4] C_{(1,1)}(A(σ_1−1)(σ_2−1)) 与原递推的 C_0(A) 相同 

用时 32.7 s

汇总：50 PASS / 0 FAIL，用时 32.7 s
总体：全部通过
