tables built 0.2s; U_40(40) has 35 digits
=== E1: U, coefficients depend on k only ===
U k-only  A=3 B=1 deg<=2: unknowns=24 eqs=1520 rank_mod_p=24 -> NO relation (full rank)  (0.0s)
U k-only  A=6 B=6 deg<=6: unknowns=343 eqs=1225 rank_mod_p=343 -> NO relation (full rank)  (1.9s)
U k-only  A=10 B=3 deg<=6: unknowns=308 eqs=1178 rank_mod_p=308 -> NO relation (full rank)  (1.3s)
U k-only  A=3 B=10 deg<=6: unknowns=308 eqs=1178 rank_mod_p=308 -> NO relation (full rank)  (1.2s)
U k-only  A=4 B=4 deg<=12: unknowns=325 eqs=1369 rank_mod_p=325 -> NO relation (full rank)  (1.3s)
U k-only  A=15 B=1 deg<=8: unknowns=288 eqs=1040 rank_mod_p=288 -> NO relation (full rank)  (0.8s)
U k-only  A=1 B=15 deg<=8: unknowns=288 eqs=1040 rank_mod_p=288 -> NO relation (full rank)  (0.7s)
U k-only  A=8 B=8 deg<=3: unknowns=324 eqs=1089 rank_mod_p=324 -> NO relation (full rank)  (0.9s)
=== E2: U, coefficients polynomial in (k,m), total degree <= D ===
U (k,m)-coef A=3 B=1 totdeg<=1: unknowns=24 eqs=1520 rank=23 kernel_dim=1 | left-multiples of gen: count=1 rank=1 exact=True  -> kernel == span(left multiples) (0.0s)
U (k,m)-coef A=3 B=1 totdeg<=2: unknowns=48 eqs=1520 rank=45 kernel_dim=3 | left-multiples of gen: count=3 rank=3 exact=True  -> kernel == span(left multiples) (0.0s)
U (k,m)-coef A=3 B=1 totdeg<=3: unknowns=80 eqs=1520 rank=74 kernel_dim=6 | left-multiples of gen: count=6 rank=6 exact=True  -> kernel == span(left multiples) (0.1s)
U (k,m)-coef A=4 B=1 totdeg<=2: unknowns=60 eqs=1480 rank=54 kernel_dim=6 | left-multiples of gen: count=6 rank=6 exact=True  -> kernel == span(left multiples) (0.1s)
U (k,m)-coef A=4 B=2 totdeg<=2: unknowns=90 eqs=1443 rank=78 kernel_dim=12 | left-multiples of gen: count=12 rank=12 exact=True  -> kernel == span(left multiples) (0.2s)
U (k,m)-coef A=5 B=2 totdeg<=2: unknowns=108 eqs=1404 rank=90 kernel_dim=18 | left-multiples of gen: count=18 rank=18 exact=True  -> kernel == span(left multiples) (0.3s)
U (k,m)-coef A=6 B=2 totdeg<=3: unknowns=210 eqs=1365 rank=162 kernel_dim=48 | left-multiples of gen: count=48 rank=48 exact=True  -> kernel == span(left multiples) (1.4s)
U (k,m)-coef A=5 B=3 totdeg<=3: unknowns=240 eqs=1368 rank=186 kernel_dim=54 | left-multiples of gen: count=54 rank=54 exact=True  -> kernel == span(left multiples) (1.5s)
U (k,m)-coef A=8 B=2 totdeg<=2: unknowns=162 eqs=1287 rank=126 kernel_dim=36 | left-multiples of gen: count=36 rank=36 exact=True  -> kernel == span(left multiples) (0.7s)
U (k,m)-coef A=3 B=4 totdeg<=4: unknowns=300 eqs=1406 rank=260 kernel_dim=40 | left-multiples of gen: count=40 rank=40 exact=True  -> kernel == span(left multiples) (2.3s)
U (k,m)-coef A=6 B=4 totdeg<=2: unknowns=210 eqs=1295 rank=162 kernel_dim=48 | left-multiples of gen: count=48 rank=48 exact=True  -> kernel == span(left multiples) (1.3s)
U (k,m)-coef A=4 B=3 totdeg<=4: unknowns=300 eqs=1406 rank=240 kernel_dim=60 | left-multiples of gen: count=60 rank=60 exact=True  -> kernel == span(left multiples) (2.3s)
U (k,m)-coef A=2 B=6 totdeg<=4: unknowns=315 eqs=1365 rank=315 kernel_dim=0 | left-multiples of gen: count=0 rank=0 exact=True  -> kernel == span(left multiples) (1.2s)
U (k,m)-coef A=6 B=0 totdeg<=4: unknowns=105 eqs=1435 rank=105 kernel_dim=0 | left-multiples of gen: count=0 rank=0 exact=True  -> kernel == span(left multiples) (0.2s)
U (k,m)-coef A=3 B=3 totdeg<=0: unknowns=16 eqs=1444 rank=16 kernel_dim=0 | left-multiples of gen: count=0 rank=0 exact=True  -> kernel == span(left multiples) (0.0s)
=== E3a: N, coefficients depend on k only ===
N k-only  A=3 B=2 deg<=2: unknowns=36 eqs=1482 rank_mod_p=36 -> NO relation (full rank)  (0.0s)
N k-only  A=6 B=6 deg<=6: unknowns=343 eqs=1225 rank_mod_p=343 -> NO relation (full rank)  (0.9s)
N k-only  A=10 B=3 deg<=6: unknowns=308 eqs=1178 rank_mod_p=308 -> NO relation (full rank)  (0.8s)
N k-only  A=3 B=10 deg<=6: unknowns=308 eqs=1178 rank_mod_p=308 -> NO relation (full rank)  (0.5s)
N k-only  A=4 B=4 deg<=12: unknowns=325 eqs=1369 rank_mod_p=325 -> NO relation (full rank)  (0.8s)
N k-only  A=15 B=1 deg<=8: unknowns=288 eqs=1040 rank_mod_p=288 -> NO relation (full rank)  (0.5s)
N k-only  A=1 B=15 deg<=8: unknowns=288 eqs=1040 rank_mod_p=288 -> NO relation (full rank)  (0.3s)
N k-only  A=8 B=8 deg<=3: unknowns=324 eqs=1089 rank_mod_p=324 -> NO relation (full rank)  (0.6s)
=== E3b: N, coefficients polynomial in (k,q), total degree <= D ===
N (k,m)-coef A=3 B=2 totdeg<=1: unknowns=36 eqs=1482 rank=35 kernel_dim=1 | left-multiples of gen: count=1 rank=1 exact=True  -> kernel == span(left multiples) (0.0s)
N (k,m)-coef A=3 B=2 totdeg<=2: unknowns=72 eqs=1482 rank=69 kernel_dim=3 | left-multiples of gen: count=3 rank=3 exact=True  -> kernel == span(left multiples) (0.1s)
N (k,m)-coef A=3 B=2 totdeg<=3: unknowns=120 eqs=1482 rank=114 kernel_dim=6 | left-multiples of gen: count=6 rank=6 exact=True  -> kernel == span(left multiples) (0.1s)
N (k,m)-coef A=4 B=2 totdeg<=2: unknowns=90 eqs=1443 rank=84 kernel_dim=6 | left-multiples of gen: count=6 rank=6 exact=True  -> kernel == span(left multiples) (0.1s)
N (k,m)-coef A=4 B=3 totdeg<=2: unknowns=120 eqs=1406 rank=108 kernel_dim=12 | left-multiples of gen: count=12 rank=12 exact=True  -> kernel == span(left multiples) (0.2s)
N (k,m)-coef A=5 B=3 totdeg<=2: unknowns=144 eqs=1368 rank=126 kernel_dim=18 | left-multiples of gen: count=18 rank=18 exact=True  -> kernel == span(left multiples) (0.3s)
N (k,m)-coef A=6 B=3 totdeg<=3: unknowns=280 eqs=1330 rank=232 kernel_dim=48 | left-multiples of gen: count=48 rank=48 exact=True  -> kernel == span(left multiples) (1.3s)
N (k,m)-coef A=5 B=4 totdeg<=3: unknowns=300 eqs=1332 rank=246 kernel_dim=54 | left-multiples of gen: count=54 rank=54 exact=True  -> kernel == span(left multiples) (1.6s)
N (k,m)-coef A=8 B=3 totdeg<=2: unknowns=216 eqs=1254 rank=180 kernel_dim=36 | left-multiples of gen: count=36 rank=36 exact=True  -> kernel == span(left multiples) (0.8s)
N (k,m)-coef A=3 B=5 totdeg<=4: unknowns=360 eqs=1368 rank=320 kernel_dim=40 | left-multiples of gen: count=40 rank=40 exact=True  -> kernel == span(left multiples) (1.9s)
N (k,m)-coef A=6 B=4 totdeg<=2: unknowns=210 eqs=1295 rank=174 kernel_dim=36 | left-multiples of gen: count=36 rank=36 exact=True  -> kernel == span(left multiples) (0.7s)
N (k,m)-coef A=4 B=4 totdeg<=4: unknowns=375 eqs=1369 rank=315 kernel_dim=60 | left-multiples of gen: count=60 rank=60 exact=True  -> kernel == span(left multiples) (2.5s)
N (k,m)-coef A=3 B=1 totdeg<=3: unknowns=80 eqs=1520 rank=80 kernel_dim=0 | left-multiples of gen: count=0 rank=0 exact=True  -> kernel == span(left multiples) (0.1s)
N (k,m)-coef A=2 B=4 totdeg<=3: unknowns=150 eqs=1443 rank=150 kernel_dim=0 | left-multiples of gen: count=0 rank=0 exact=True  -> kernel == span(left multiples) (0.1s)
N (k,m)-coef A=6 B=1 totdeg<=3: unknowns=140 eqs=1400 rank=140 kernel_dim=0 | left-multiples of gen: count=0 rank=0 exact=True  -> kernel == span(left multiples) (0.1s)
elapsed 38.3s
