sections: ['hroots'] K=60 KA=40 KB=16 KAUX=30 KEXT=120
[truth] N table from U (k,q<=60) in 0.7s
[ext] n_k for 60<k<=120 generated by Lemma 0 (Lemma 0 itself is checked against the truth for 4<=k<=60 in section rec)
[hroots] k= 1 deg h_k= 0, distinct real roots= 0, squarefree=True, lc=1
[hroots] k= 2 deg h_k= 1, distinct real roots= 1, squarefree=True, lc=1
[hroots] k= 3 deg h_k= 2, distinct real roots= 2, squarefree=True, lc=-1
[hroots] k= 4 deg h_k= 2, distinct real roots= 2, squarefree=True, lc=-3
[hroots] k=10 deg h_k= 6, distinct real roots= 6, squarefree=True, lc=-50
[hroots] k=20 deg h_k=13, distinct real roots=13, squarefree=True, lc=5040
[hroots] k=30 deg h_k=20, distinct real roots=20, squarefree=True, lc=3628800
[hroots] k=40 deg h_k=26, distinct real roots=26, squarefree=True, lc=-283465647360
[hroots] k=50 deg h_k=33, distinct real roots=33, squarefree=True, lc=355687428096000
[hroots] k=60 deg h_k=40, distinct real roots=40, squarefree=True, lc=2432902008176640000
[hroots] truth part (k<=60) done in 1.9s
[hroots-ext] k= 70 deg=46 distinct real roots=46  4.0s
[hroots-ext] k= 80 deg=53 distinct real roots=53  8.2s
[hroots-ext] k= 90 deg=60 distinct real roots=60  17.1s
[hroots-ext] k=100 deg=66 distinct real roots=66  40.7s
[hroots-ext] k=110 deg=73 distinct real roots=73  70.9s
[hroots-ext] k=120 deg=80 distinct real roots=80  127.9s
[hroots-ext] (k<=120 via Lemma 0) done in 127.9s
TOTAL: 120 checks passed, 0 failed; 128.7s
