d=45: nonpositive m-coefficients at []
     m^86: 9291419/63770192863992397697315538904357712022387081575153553899520000000000 (= 306616827 x lead)
     m^87: 547/6377019286399239769731553890435771202238708157515355389952000000000 (= 180510 x lead)
     m^88: 1/203916314390673364729788060449981055885540086432177061888000000000 (= 10320 x lead)
d=46: nonpositive m-coefficients at []
     m^88: 1589251/935296162005221832893961237263913109661677196435585457192960000000000 (= 328974957 x lead)
     m^89: 1/4922611378974851752073480196125858471903564191766239248384000000000 (= 39330 x lead)
     m^90: 439/8417665458046996496045651135375217986955094767920269114736640000000000 (= 10097 x lead)
d=47: nonpositive m-coefficients at [91]
     m^90: 326191/16835330916093992992091302270750435973910189535840538229473280000000000 (= 352612471 x lead)
     m^91: -113/16835330916093992992091302270750435973910189535840538229473280000000000 (= -122153 x lead)
     m^92: 1/1852691918995989659416746182905550370334614159446566408028160000000000 (= 9823 x lead)
d=48: nonpositive m-coefficients at [93]
     m^92: 2008667/9293102665683884131634398853454240657598424623783977102669250560000000000 (= 377629396 x lead)
     m^93: -1/5722353858179731608149260377742759025614793487551710038589440000000000 (= -305312 x lead)
     m^94: 1187/218387912643571277093408373056174655453562978658923461912727388160000000000 (= 9496 x lead)
d=49: nonpositive m-coefficients at [95]
     m^94: 71101/30122470709458107185297706628437883510836272918472201643134812160000000000 (= 404138084 x lead)
     m^95: -1/334694118993978968725530073649309816787069699094135573812609024000000000 (= -511560 x lead)
     m^96: 1/18786057001597529212336204133864486490629073433025674143030312960000000000 (= 9114 x lead)
d=50: nonpositive m-coefficients at [97]
     m^96: 220543/8735516505742851083736334922246986218142519146356938476509095526400000000000 (= 432264280 x lead)
     m^97: -101/2329471068198093622329689312599196324838005105695183593735758807040000000000 (= -742350 x lead)
     m^98: 347/684864494050239524964928657904163719502373501074383976558313089269760000000000 (= 8675 x lead)
d=51: nonpositive m-coefficients at [99]
     m^98: 906173/3424322470251197624824643289520818597511867505371919882791565446348800000000000 (= 462148230 x lead)
     m^99: -2351/4109186964301437149789571947424982317014241006446303859349878535618560000000000 (= -999175 x lead)
     m^100: 1/213575206044773240633553635521048976975792152102198745288455225344000000000000 (= 8177 x lead)
d=52: nonpositive m-coefficients at [97, 101]
     m^97: -904901/2230344639764132191592255724829017757823621909708154504640620134400000000000 (= -73689780426080 x lead)
     m^100: 2235049/821837392860287429957914389484996463402848201289260771869975707123712000000000000 (= 493945829 x lead)
     m^101: -1/141500928522776761356390218575240437913713533279831400115353944064000000000000 (= -1283568 x lead)
     m^102: 293/6985617839312443154642272310622469938924209710958716560894793510551552000000000000 (= 7618 x lead)
d=53: nonpositive m-coefficients at [99, 103]
     m^99: -106870037/11740534183718391856541634135499949477183545732703725312428224387481600000000000 (= -175247624073340 x lead)
     m^102: 766081/27942471357249772618569089242489879755696838843834866243579174042206208000000000000 (= 527829809 x lead)
     m^103: -61/735328193611836121541291822170786309360443127469338585357346685321216000000000000 (= -1597102 x lead)
     m^104: 1/2751910057910962454859076970851276036545900795226161069443403504156672000000000000 (= 6996 x lead)
d=54: nonpositive m-coefficients at [101, 105]
     m^101: -1451334173/9862048714323449159494972673819957560834178415471129262439708485484544000000000000 (= -305990589030282 x lead)
     m^104: 887/3270086670465839856336667608273384277485901620133712778693436722118656000000000000 (= 563990967 x lead)
     m^105: -1/1071013644159942144593802929196172295304350579763695118918513796212326400000000000 (= -1941390 x lead)
     m^106: 701/231028353181741120010329229856906325820101463560826674101912610980960927744000000000000 (= 6309 x lead)
d=55: nonpositive m-coefficients at [103, 107]
     m^103: -4149396847/2011857937721983628536974425459271342410172396756110369537700531038846976000000000000 (= -471724180551195 x lead)
     m^106: 676363/256698170201934577789254699841007028689001626178696304557680678867734364160000000000000 (= 602639433 x lead)
     m^107: -223/22002700303022963810507545700657745316200139386745397533515486760091516928000000000000 (= -2318085 x lead)
     m^108: 101/4158510357271340160185926137424313864761826344094880133834426997657296699392000000000000 (= 5555 x lead)
d=56: nonpositive m-coefficients at [101, 105, 109]
     m^101: -799193460458647/1627238037863369111316670491180292997537639438552736328302551900104949760000000000000 (= -12581120835161265825984 x lead)
     m^105: -591955139/22326716138134208560593252770340694165771425378634883369259847356650618880000000000000 (= -679176177000816 x lead)
     m^108: 4181857/166340414290853606407437045496972554590473053763795205353377079906291867975680000000000000 (= 644005978 x lead)
     m^109: -443/4158510357271340160185926137424313864761826344094880133834426997657296699392000000000000 (= -2728880 x lead)
     m^110: 1/5413445435501152871247951184812716273654448495271441594340674198133759016960000000000000 (= 4732 x lead)
d=57: nonpositive m-coefficients at [8, 10, 103, 107, 111]
     m^8: -83444213156085646468348623623961210099069737044087699056633287462424928506872101755089576428197292950865877724012313624405687937517242317/4082853026036680016580018128783897790553471643025408000000000 (= -59683712303636504773862921344395083504065315432753896474635633372993077021237496989264028155396061679597048449507701173543725443003090343562726063405093761312536657920000 x lead)
     m^10: -1290102500173423197817214394990965232739906893623369508407391678557453940315098118740937810141867203702120807650480476864895574718459211553183/881896253623922883581283915817321922759549874893488128000000000000 (= -4271988453382798629419144171999756848451036845534994638136711923517822128686282438082331025445098622179559227601096423910563654150515934401920715929348826405647815802880 x lead)
     m^103: -299946078416759/18442031095784849928255598900043320638759913636931011720762254867856097280000000000000 (= -47496082385450668866624 x lead)
     m^107: -4608067241/14375097531308336356198263191096393606584091066006993055230118016593124392960000000000000 (= -936119643874668 x lead)
     m^110: 5249/22268696436503728241157900614199165523268197866958384489498757147698302812160000000000000 (= 688343362 x lead)
     m^111: -127/116792205778684447052030265987236048967778952642664718652371141210800673259520000000000000 (= -3175508 x lead)
     m^112: 101/76849271402374366160235915019601320220798550838873384873260210916706843004764160000000000000 (= 3838 x lead)
d=58: nonpositive m-coefficients at [7, 9, 11, 105, 109, 113]
     m^7: -96301799425239367325468539502672608018317418379814263886926644173316142366216169727285247930091111684607977043367812296989843543686401781951/8311522231574670033752179762167220502198138701873152000000000 (= -3924959424584234964613861348494669735715018918983354324856679670004319630433315831678626808315800009313998767927397773638108412496250867737906437761050303121376580091248640000 x lead)
     m^9: -3730681867389449189887178626057253296410507344800997715418220736103852440086699305375651813891328491032290920106503772459626055569586210191049/2939654178746409611937613052724406409198499582978293760000000000 (= -429905809095733511458880248632030590150093161549237953316083864718125382532877194494758194304298337379952103500820098907317318867954087970318505903830305396960830708252672000 x lead)
     m^11: -6027812263266943902238925576827381530074090935069393327299337600463490708242580040245671577795031684433758056155756560157845319471810618123415467/211655100869741492059508139796157261462291969974437150720000000000000 (= -9647445159678494464470089058484338895939392621974587825845716743461645817771230117704066100034992989421326372143882488027008636173448643269175580812061783226999470930526208 x lead)
     m^105: -561675193645830289/1933315003833317387678890943889341389202479266386751820710948702307090390056960000000000000 (= -98415604080235091578002 x lead)
     m^109: -51621427801/13972594800431702938224711821745694585599736516158797249683674712128516909957120000000000000 (= -1251509895607444 x lead)
     m^112: 39283/18082181506441027331820215298729722404893776667970208205472990803931021883473920000000000000 (= 735927722 x lead)
     m^113: -1/92561603616229287756983938596327997857029269303069418697091491619038654627840000000000000 (= -3659742 x lead)
     m^114: 1/117990800536978824811675344272519198722842219469785398997328808680196365017415680000000000000 (= 2871 x lead)
d=59: nonpositive m-coefficients at [6, 8, 10, 12, 107, 111, 112, 115]
     m^6: -10737413167283231647593297206269038367204281675350741143556530043482198541905826363912468837747699282705257381528201981881779230894413462727/4099220148225602567666891379300159771492279291740160000000 (= -104703637463174527136521789778675859228098777821744305521228006297334566056119054789780858366720264484884864679497738907543174135540735125860308114927304680570202867669925888000000 x lead)
     m^8: -104591504213845130366344583761931640625279029344141492152290092622155967116300474442059894992809581877204402219952873001277017038680260814263/211086278897134477047674406658215123865349554333286400000000 (= -19806135799174771202893861924718813005110902489739358881643049440569886527293792462380959381717390376788529896850428015941671607240071946405884305479991895765236136171850956800000 x lead)
     m^10: -4502398092058520706268521539902002158495802631509716786117942483236788840110215811282682865794517895647102295956302866392319059357343550991605953/216206823469090771458637347103601503644276743522274508800000000000 (= -832411062268920126571430201900076446233973825784053622510857662146047411616938848025975846795306526444176543389208125316281103491934292492847815822718530513790459915117422182400 x lead)
     m^12: -4532558975913249998652358985522935977114612121254646235107593200949024887752490702799089850907354157116271900814546933997574377077519139956842261389/15239167262621387428284586065323322825285021838159474851840000000000000 (= -11889006797691336459463917761231501153363643636592054969154742133440402652680640066361224060806840397558817715877221207412849124194839785550548719945319301716091309764728848384 x lead)
     m^107: -1749697819158633083/409862780812663286187924880104540374510925604473991385990721124889103162692075520000000000000 (= -170642779209084008685741 x lead)
     m^111: -46672867/1140619983708710443936711169122097517191815225808881408137442833643144237547520000000000000 (= -1635636715500634 x lead)
     m^112: -649367/204931390406331643093962440052270187255462802236995692995360562444551581346037760000000000000 (= -126661630818 x lead)
     m^114: 1/50787344578960450679808082969475655102440781423951106524937182866693217985757184000000000 (= 787060000 x lead)
     m^115: -163/1557478567088120487514114544397253423141517297001167266764740274578592018229886976000000000000 (= -4183395 x lead)
     m^116: 1/21854941183333303615117413768155007711824516909532508420731032885215726707419381760000000000000 (= 1829 x lead)
d=60: nonpositive m-coefficients at [5, 7, 9, 11, 13, 105, 109, 113, 114, 117]
     m^5: -1501965540109386339743450372510555539474353609885635273441470039339307624136719785254308650302961522733736783651751706690114504752598393/4372781349447007347314912292306878063121137664000000 (= -1647581095665253266258316564359770160856816468099255717389503702194053899557452105519125497874692391907665665944655869525478200004949259483939200482580638529019176368847034777600000000 x lead)
     m^7: -6454988164721873550884911921830085370554024263271861336145517778873378357554621449994238822082751725991934152681611645692574374320933662738330687/48206828943133086195762642620569878912749204470864281600000000 (= -642290471851113654223380874903153393839794544558451154611165496273262716584095359295104049915089340064070838554607547580450277974918264815832825735248618273865108576798282612736000000 x lead)
     m^9: -515010683330657037548214365188265994355353069390335761772628400098853036587371798939887517603928120988852220182497937008157461583348217368103882243/55853429396181782626814648001763721774771492076587581440000000000 (= -44229393870738483368391714197484229406193689336509010549643706366620395992706315163555611215498558785425582842369586373099617324332377311562297651134746644342280648720969692610560000 x lead)
     m^11: -193929995068298458184743456309299935394389126195320789470817188489381839171178618296930629056122460857401107252235193828158090697639034491599225396829/804289383305017669826130931225397593556709485902861172736000000000000 (= -1156584170221409179539284334012434224023050516806987163726825435627540073866926903075986131395280419804790457823652976750856227268555419810409362214725082017865052081558197056307200 x lead)
     m^13: -4252081606924021207744414551541057948468151607759808185751130142672754439202182320347293890966808865913793960288037660895034036460583083285083119683721/1828700071514566491394150327838798739034202620579136982220800000000000000 (= -11153308185884604128995262188091894555605473385222494969831406386923466593869784930778513131713011628909685967871213925762573224192243351856835432555484347992823768171091146571776 x lead)
     m^105: -293680622926607488157/483328750958329346919722735972335347300619816596687955177737175576772597514240000000000000 (= -2914588561813732167104352320640 x lead)
     m^109: -54263477030561/960615892529679577002948937745016502759981885485917310915752636458835537559552000000000000 (= -270958291167207559526400 x lead)
     m^113: -134596909/307397085609497464640943660078405280883194203355493539493040843666827372019056640000000000000 (= -2100293239046880 x lead)
     m^114: -5147027/23362178506321807312711718165958801347122759455017509001471104118678880273448304640000000000000 (= -1056787583640 x lead)
     m^116: 4757443/27100127067333296482745593072512209562662400967820310441706480777667501117200033382400000000000000 (= 842067411 x lead)
     m^117: -503/508127382512499309051479870109603929299920018146630820781996514581265645947500625920000000000000 (= -4748320 x lead)
     m^118: 71/479672249091799347744596997383466109259124497130419494818204709764714769774440590868480000000000000 (= 710 x lead)
first d with a nonpositive coefficient (from d>=40): 47
d<40 with nonpositive coefficient: []
floor(D(2d+1,d)/(d+1)!) for odd d: [(1, 2), (3, 8), (5, 30), (7, 90), (9, 225), (11, 484), (13, 911), (15, 1533), (17, 2334), (19, 3248), (21, 4165), (23, 4960), (25, 5516), (27, 5759), (29, 5670), (31, 5284), (33, 4678), (35, 3946), (37, 3179), (39, 2453), (41, 1816), (43, 1293), (45, 887), (47, 587), (49, 375), (51, 232), (53, 139), (55, 81), (57, 45), (59, 25)]
runtime 35.1s
