PASS truth-U-own-vs-core 自写 DP 的 U 与 core.U_fast_table 一致（k<=42，m<=4）
PASS truth-E-vs-gf E（按定义：以上升 a_{k-1}<a_k 结尾）=[x^k](W_m-1)/P_m，m<=4，k<=42
PASS D-linsys (-1,3) 420 个方程组（U m=1,2,3；E m=2,3；c∈[-3,3]，d∈[-2,3]，k0∈{0,8}，k<=42，含一切 βs+d>=0 的 s）全部无解
PASS D-linsys (-1,4) 420 个方程组（U m=1,2,3；E m=2,3；c∈[-3,3]，d∈[-2,3]，k0∈{0,8}，k<=42，含一切 βs+d>=0 的 s）全部无解
PASS D-linsys (-2,4) 420 个方程组（U m=1,2,3；E m=2,3；c∈[-3,3]，d∈[-2,3]，k0∈{0,8}，k<=42，含一切 βs+d>=0 的 s）全部无解
PASS D-linsys (-2,5) 420 个方程组（U m=1,2,3；E m=2,3；c∈[-3,3]，d∈[-2,3]，k0∈{0,8}，k<=42，含一切 βs+d>=0 的 s）全部无解
PASS D-linsys (-3,5) 420 个方程组（U m=1,2,3；E m=2,3；c∈[-3,3]，d∈[-2,3]，k0∈{0,8}，k<=42，含一切 βs+d>=0 的 s）全部无解
PASS D-linsys (-1,6) 420 个方程组（U m=1,2,3；E m=2,3；c∈[-3,3]，d∈[-2,3]，k0∈{0,8}，k<=42，含一切 βs+d>=0 的 s）全部无解
PASS D-linsys (-4,6) 420 个方程组（U m=1,2,3；E m=2,3；c∈[-3,3]，d∈[-2,3]，k0∈{0,8}，k<=42，含一切 βs+d>=0 的 s）全部无解
PASS D-linsys (-3,7) 420 个方程组（U m=1,2,3；E m=2,3；c∈[-3,3]，d∈[-2,3]，k0∈{0,8}，k<=42，含一切 βs+d>=0 的 s）全部无解
PASS D-linsys (-5,7) 420 个方程组（U m=1,2,3；E m=2,3；c∈[-3,3]，d∈[-2,3]，k0∈{0,8}，k<=42，含一切 βs+d>=0 的 s）全部无解
PASS D-linsys (-2,8) 420 个方程组（U m=1,2,3；E m=2,3；c∈[-3,3]，d∈[-2,3]，k0∈{0,8}，k<=42，含一切 βs+d>=0 的 s）全部无解
PASS D-control (-1,2) α+β=1：对 U、E 均精确可解（基变换）
PASS D-control (-2,3) α+β=1：对 U、E 均精确可解（基变换）
PASS D-control (-4,5) α+β=1：对 U、E 均精确可解（基变换）
PASS D-reverse (-1,3) 人为构造的 (-1,3) 单族和被判为 consistent（方法不会误判真表示为无解）
PASS D-reverse (-2,4) 人为构造的 (-2,4) 单族和被判为 consistent（方法不会误判真表示为无解）
PASS D-reverse (-3,5) 人为构造的 (-3,5) 单族和被判为 consistent（方法不会误判真表示为无解）
PASS A-linsys (1,-1) 300 个方程组全部无解
PASS A-linsys (2,-1) 300 个方程组全部无解
PASS A-linsys (0,-1) 300 个方程组全部无解
PASS A-linsys (-1,-1) 300 个方程组全部无解
PASS A-linsys (3,-2) 300 个方程组全部无解
PASS A-linsys (-1,1) 300 个方程组全部无解
PASS A-linsys (-2,2) 300 个方程组全部无解
PASS A-linsys (-1,0) 300 个方程组全部无解
PASS A-linsys (0,0) 300 个方程组全部无解
PASS A-linsys (-3,2) 300 个方程组全部无解
PASS A-linsys (-2,1) 300 个方程组全部无解
PASS H-general (3,0) 人造 F（满足 (H1)(H2)）168 个方程组全部无解
PASS H-general (1,2) 人造 F（满足 (H1)(H2)）252 个方程组全部无解
PASS H-general (0,2) 人造 F（满足 (H1)(H2)）252 个方程组全部无解
PASS H-general (4,2) 人造 F（满足 (H1)(H2)）252 个方程组全部无解
PASS H-general (2,2) 人造 F（满足 (H1)(H2)）252 个方程组全部无解
PASS H-general (0,3) 人造 F（满足 (H1)(H2)）252 个方程组全部无解
PASS H-general (1,1) 人造 F（满足 (H1)(H2)）252 个方程组全部无解
PASS H-general (5,1) 人造 F（满足 (H1)(H2)）252 个方程组全部无解
PASS H-general (-1,3) 人造 F（满足 (H1)(H2)）252 个方程组全部无解
PASS H-general (-2,4) 人造 F（满足 (H1)(H2)）252 个方程组全部无解
PASS H-general (-1,4) 人造 F（满足 (H1)(H2)）252 个方程组全部无解
PASS H-general (2,1) 1/b1 (2,1) 形状可解的 (c,d)：[(-2, 1), (0, 0), (2, -1)]（定理 1 的例外是真的例外）
PASS H-general (2,1) 1/(b1b3) (2,1) 形状可解的 (c,d)：[(-3, 3), (-1, 2), (1, 1), (3, 0)]（定理 1 的例外是真的例外）
PASS H2-residue Q[x]/(b_1) 中 W_m≡ξ+ξ²、W_m-1≡ξ^5=-1+ξ+ξ²（1<=m<=12），均非零
PASS D-fiber-product ∏η=1、∏(1-η)=(-1)^{b+1}/v_0、∏w=(-1)^{b+1}ξ^{3b-e}∈(-1,1)，纤维点无 0、1（数值） (-1,3):∏w=+0.0689,整数w点=1; (-1,4):∏w=-0.0321,整数w点=1; (-2,4):∏w=-0.0219,整数w点=1; (-2,5):∏w=+0.0102,整数w点=1; (-3,5):∏w=+0.0069,整数w点=1; (-1,6):∏w=-0.0069,整数w点=1; (-4,6):∏w=-0.0022,整数w点=1; (-3,7):∏w=+0.0015,整数w点=1; (-5,7):∏w=+0.0007,整数w点=1; (-2,8):∏w=-0.0010,整数w点=1
PASS D-fiber-reverse (2,1) (2,1) 的纤维点全满足 w=1，乘积论证推不出矛盾（与定理 S 需要另证一致）
PASS RH-monodromy (e,b)=(2,3) g0 型 [1, 2]，g_c 型 [1, 2]，g0g_c 型 [3]；含 O_0 的最小块大小 3（=b 即 K=C(v)）；非平凡块大小 []，预测（k|gcd(e,b)，k>=2 ⇒ b/k）[]；没有非平凡块包含 O_0
PASS RH-monodromy (e,b)=(2,4) g0 型 [2, 2]，g_c 型 [1, 1, 2]，g0g_c 型 [4]；含 O_0 的最小块大小 4（=b 即 K=C(v)）；非平凡块大小 [2]，预测（k|gcd(e,b)，k>=2 ⇒ b/k）[2]；没有非平凡块包含 O_0
PASS RH-monodromy (e,b)=(3,4) g0 型 [1, 3]，g_c 型 [1, 1, 2]，g0g_c 型 [4]；含 O_0 的最小块大小 4（=b 即 K=C(v)）；非平凡块大小 []，预测（k|gcd(e,b)，k>=2 ⇒ b/k）[]；没有非平凡块包含 O_0
PASS RH-monodromy (e,b)=(2,5) g0 型 [2, 3]，g_c 型 [1, 1, 1, 2]，g0g_c 型 [5]；含 O_0 的最小块大小 5（=b 即 K=C(v)）；非平凡块大小 []，预测（k|gcd(e,b)，k>=2 ⇒ b/k）[]；没有非平凡块包含 O_0
PASS RH-monodromy (e,b)=(3,5) g0 型 [2, 3]，g_c 型 [1, 1, 1, 2]，g0g_c 型 [5]；含 O_0 的最小块大小 5（=b 即 K=C(v)）；非平凡块大小 []，预测（k|gcd(e,b)，k>=2 ⇒ b/k）[]；没有非平凡块包含 O_0
PASS RH-monodromy (e,b)=(4,5) g0 型 [1, 4]，g_c 型 [1, 1, 1, 2]，g0g_c 型 [5]；含 O_0 的最小块大小 5（=b 即 K=C(v)）；非平凡块大小 []，预测（k|gcd(e,b)，k>=2 ⇒ b/k）[]；没有非平凡块包含 O_0
PASS RH-monodromy (e,b)=(2,6) g0 型 [2, 4]，g_c 型 [1, 1, 1, 1, 2]，g0g_c 型 [6]；含 O_0 的最小块大小 6（=b 即 K=C(v)）；非平凡块大小 [3]，预测（k|gcd(e,b)，k>=2 ⇒ b/k）[3]；没有非平凡块包含 O_0
PASS RH-monodromy (e,b)=(3,6) g0 型 [3, 3]，g_c 型 [1, 1, 1, 1, 2]，g0g_c 型 [6]；含 O_0 的最小块大小 6（=b 即 K=C(v)）；非平凡块大小 [2]，预测（k|gcd(e,b)，k>=2 ⇒ b/k）[2]；没有非平凡块包含 O_0
PASS RH-monodromy (e,b)=(4,6) g0 型 [2, 4]，g_c 型 [1, 1, 1, 1, 2]，g0g_c 型 [6]；含 O_0 的最小块大小 6（=b 即 K=C(v)）；非平凡块大小 [3]，预测（k|gcd(e,b)，k>=2 ⇒ b/k）[3]；没有非平凡块包含 O_0
PASS RH-monodromy (e,b)=(5,6) g0 型 [1, 5]，g_c 型 [1, 1, 1, 1, 2]，g0g_c 型 [6]；含 O_0 的最小块大小 6（=b 即 K=C(v)）；非平凡块大小 []，预测（k|gcd(e,b)，k>=2 ⇒ b/k）[]；没有非平凡块包含 O_0
PASS RH-monodromy (e,b)=(2,8) g0 型 [2, 6]，g_c 型 [1, 1, 1, 1, 1, 1, 2]，g0g_c 型 [8]；含 O_0 的最小块大小 8（=b 即 K=C(v)）；非平凡块大小 [4]，预测（k|gcd(e,b)，k>=2 ⇒ b/k）[4]；没有非平凡块包含 O_0
PASS RH-monodromy (e,b)=(4,8) g0 型 [4, 4]，g_c 型 [1, 1, 1, 1, 1, 1, 2]，g0g_c 型 [8]；含 O_0 的最小块大小 8（=b 即 K=C(v)）；非平凡块大小 [2, 4]，预测（k|gcd(e,b)，k>=2 ⇒ b/k）[2, 4]；没有非平凡块包含 O_0
PASS RH-monodromy (e,b)=(6,8) g0 型 [2, 6]，g_c 型 [1, 1, 1, 1, 1, 1, 2]，g0g_c 型 [8]；含 O_0 的最小块大小 8（=b 即 K=C(v)）；非平凡块大小 [4]，预测（k|gcd(e,b)，k>=2 ⇒ b/k）[4]；没有非平凡块包含 O_0
PASS RH-monodromy (e,b)=(3,9) g0 型 [3, 6]，g_c 型 [1, 1, 1, 1, 1, 1, 1, 2]，g0g_c 型 [9]；含 O_0 的最小块大小 9（=b 即 K=C(v)）；非平凡块大小 [3]，预测（k|gcd(e,b)，k>=2 ⇒ b/k）[3]；没有非平凡块包含 O_0
PASS RH-monodromy (e,b)=(6,9) g0 型 [3, 6]，g_c 型 [1, 1, 1, 1, 1, 1, 1, 2]，g0g_c 型 [9]；含 O_0 的最小块大小 9（=b 即 K=C(v)）；非平凡块大小 [3]，预测（k|gcd(e,b)，k>=2 ⇒ b/k）[3]；没有非平凡块包含 O_0
PASS RH-reverse (e,b)=(1,3) 含 O_0 的最小块大小 1（应为 1）
PASS RH-reverse (e,b)=(1,4) 含 O_0 的最小块大小 1（应为 1）
PASS RH-reverse (e,b)=(1,6) 含 O_0 的最小块大小 1（应为 1）
PASS row4-identity k·C(n,r)=(r+1)C(n+1,r+1)-(1+c-2s)C(n,r)（n=k+c-2s，r=s+d'），在报告的二项式约定下逐项成立（含负指标）
PASS row4-linsys U m=2 98 个「Σ_s(A(s)+kB(s))C(k+c-2s,s+d')」方程组全部无解
PASS row4-linsys U m=3 98 个「Σ_s(A(s)+kB(s))C(k+c-2s,s+d')」方程组全部无解
PASS row4-reverse 人为构造的一次式系数 u 型单族被判为可解
time 28.5s
== s12_thm1: PASS 67, FAIL 0
