PASS pos-Fibonacci (1,1) c=0 d=0 | YES-modp rows=41 cols=21 rank_p=21 K=40
   (same sequence, c+1: NO-cert rows=41 cols=21 K=40)
PASS pos-[x^k]1/P_1 (2,1) c=3 d=0 | YES-modp rows=41 cols=15 rank_p=15 K=40
   (same sequence, c+1: NO-cert rows=41 cols=15 K=40)
PASS pos-[x^k]1/P_2 (2,1) c=6 d=0 | YES-modp rows=41 cols=16 rank_p=16 K=40
   (same sequence, c+1: NO-cert rows=41 cols=16 K=40)
PASS pos-[x^k]1/P_3 (2,1) c=9 d=0 | YES-modp rows=41 cols=17 rank_p=17 K=40
   (same sequence, c+1: NO-cert rows=41 cols=17 K=40)
PASS pos-2^(k-1) (0,2) c=0 d=0 k0=1 | YES-modp rows=41 cols=21 rank_p=21 K=41
   (same sequence, c+1: YES-modp rows=41 cols=22 rank_p=22 K=41)
PASS pos-floor(k/3)+1 (3,0) c=0 d=0 | YES-modp rows=41 cols=14 rank_p=14 K=40
   (same sequence, c+1: NO-cert rows=41 cols=14 K=40)
PASS pos-sum C(k-s,2s) (1,2) c=0 d=0 | YES-modp rows=41 cols=14 rank_p=14 K=40
   (same sequence, c+1: NO-cert rows=41 cols=14 K=40)
PASS pos-sum C(k-4s,2s) (4,2) c=0 d=1 | YES-modp rows=41 cols=7 rank_p=7 K=40
   (same sequence, c+1: NO-cert rows=41 cols=7 K=40)
PASS pos-sum (-1)^s C(k+2,3s+1) (0,3) c=2 d=1 | YES-modp rows=41 cols=14 rank_p=14 K=40
   (same sequence, c+1: NO-cert rows=41 cols=15 K=40)
PASS ctrl-(1,0),(0,1)-solvable-iff-k_lo+c-d>=0 | 1953 systems, m=1..3, c in [-15,15], k0 in {0,10,25}
PASS ctrl-exact-Fraction-consistency | exact Fraction rank test on 18 control systems (k<=60): consistent iff k_lo+c-d>=0
PASS no-rep-caseI-(1,1)-m=1 | {'NO-cert': 93}
PASS no-rep-caseI-(1,1)-m=2 | {'NO-cert': 93}
PASS no-rep-caseI-(1,1)-m=3 | {'NO-cert': 93}
PASS no-rep-caseI-(1,2)-m=1 | {'NO-cert': 186}
PASS no-rep-caseI-(1,2)-m=2 | {'NO-cert': 186}
PASS no-rep-caseI-(1,2)-m=3 | {'NO-cert': 186}
PASS no-rep-caseI-(2,2)-m=1 | {'NO-cert': 186}
PASS no-rep-caseI-(2,2)-m=2 | {'NO-cert': 186}
PASS no-rep-caseI-(2,2)-m=3 | {'NO-cert': 186}
PASS no-rep-caseI-(1,3)-m=1 | {'NO-cert': 279}
PASS no-rep-caseI-(1,3)-m=2 | {'NO-cert': 279}
PASS no-rep-caseI-(1,3)-m=3 | {'NO-cert': 279}
PASS no-rep-caseI-(3,1)-m=1 | {'NO-cert': 93}
PASS no-rep-caseI-(3,1)-m=2 | {'NO-cert': 93}
PASS no-rep-caseI-(3,1)-m=3 | {'NO-cert': 93}
PASS no-rep-caseI-(2,3)-m=1 | {'NO-cert': 279}
PASS no-rep-caseI-(2,3)-m=2 | {'NO-cert': 279}
PASS no-rep-caseI-(2,3)-m=3 | {'NO-cert': 279}
PASS no-rep-caseI-(3,2)-m=1 | {'NO-cert': 186}
PASS no-rep-caseI-(3,2)-m=2 | {'NO-cert': 186}
PASS no-rep-caseI-(3,2)-m=3 | {'NO-cert': 186}
PASS no-rep-caseI-(1,4)-m=1 | {'NO-cert': 372}
PASS no-rep-caseI-(1,4)-m=2 | {'NO-cert': 372}
PASS no-rep-caseI-(1,4)-m=3 | {'NO-cert': 372}
PASS no-rep-caseI-(4,1)-m=1 | {'NO-cert': 93}
PASS no-rep-caseI-(4,1)-m=2 | {'NO-cert': 93}
PASS no-rep-caseI-(4,1)-m=3 | {'NO-cert': 93}
PASS no-rep-caseI-(3,3)-m=1 | {'NO-cert': 279}
PASS no-rep-caseI-(3,3)-m=2 | {'NO-cert': 279}
PASS no-rep-caseI-(3,3)-m=3 | {'NO-cert': 279}
PASS no-rep-caseI-(1,5)-m=1 | {'NO-cert': 465}
PASS no-rep-caseI-(1,5)-m=2 | {'NO-cert': 465}
PASS no-rep-caseI-(1,5)-m=3 | {'NO-cert': 465}
PASS no-rep-caseI-(5,1)-m=1 | {'NO-cert': 93}
PASS no-rep-caseI-(5,1)-m=2 | {'NO-cert': 93}
PASS no-rep-caseI-(5,1)-m=3 | {'NO-cert': 93}
PASS no-rep-caseI-(2,5)-m=1 | {'NO-cert': 465}
PASS no-rep-caseI-(2,5)-m=2 | {'NO-cert': 465}
PASS no-rep-caseI-(2,5)-m=3 | {'NO-cert': 465}
PASS no-rep-caseI-(5,2)-m=1 | {'NO-cert': 186}
PASS no-rep-caseI-(5,2)-m=2 | {'NO-cert': 186}
PASS no-rep-caseI-(5,2)-m=3 | {'NO-cert': 186}
PASS no-rep-caseI-(3,4)-m=1 | {'NO-cert': 372}
PASS no-rep-caseI-(3,4)-m=2 | {'NO-cert': 372}
PASS no-rep-caseI-(3,4)-m=3 | {'NO-cert': 372}
PASS no-rep-caseI-(4,3)-m=1 | {'NO-cert': 279}
PASS no-rep-caseI-(4,3)-m=2 | {'NO-cert': 279}
PASS no-rep-caseI-(4,3)-m=3 | {'NO-cert': 279}
PASS no-rep-caseII-(2,0)-m=1 | {'NO-cert': 558}
PASS no-rep-caseII-(2,0)-m=2 | {'NO-cert': 558}
PASS no-rep-caseII-(2,0)-m=3 | {'NO-cert': 558}
PASS no-rep-caseII-(3,0)-m=1 | {'NO-cert': 558}
PASS no-rep-caseII-(3,0)-m=2 | {'NO-cert': 558}
PASS no-rep-caseII-(3,0)-m=3 | {'NO-cert': 558}
PASS no-rep-caseII-(4,0)-m=1 | {'NO-cert': 558}
PASS no-rep-caseII-(4,0)-m=2 | {'NO-cert': 558}
PASS no-rep-caseII-(4,0)-m=3 | {'NO-cert': 558}
PASS no-rep-caseII-(5,0)-m=1 | {'NO-cert': 558}
PASS no-rep-caseII-(5,0)-m=2 | {'NO-cert': 558}
PASS no-rep-caseII-(5,0)-m=3 | {'NO-cert': 558}
PASS no-rep-caseII-(6,0)-m=1 | {'NO-cert': 558}
PASS no-rep-caseII-(6,0)-m=2 | {'NO-cert': 558}
PASS no-rep-caseII-(6,0)-m=3 | {'NO-cert': 558}
PASS no-rep-caseII-(7,0)-m=1 | {'NO-cert': 558}
PASS no-rep-caseII-(7,0)-m=2 | {'NO-cert': 558}
PASS no-rep-caseII-(7,0)-m=3 | {'NO-cert': 558}
PASS no-rep-caseIII-(4,2)-m=1 | {'NO-cert': 186}
PASS no-rep-caseIII-(4,2)-m=2 | {'NO-cert': 186}
PASS no-rep-caseIII-(4,2)-m=3 | {'NO-cert': 186}
PASS no-rep-caseIII-(6,3)-m=1 | {'NO-cert': 279}
PASS no-rep-caseIII-(6,3)-m=2 | {'NO-cert': 279}
PASS no-rep-caseIII-(6,3)-m=3 | {'NO-cert': 279}
PASS no-rep-caseIV-(0,2)-m=1 | {'NO-cert': 186}
PASS no-rep-caseIV-(0,2)-m=2 | {'NO-cert': 186}
PASS no-rep-caseIV-(0,2)-m=3 | {'NO-cert': 186}
PASS no-rep-caseIV-(0,3)-m=1 | {'NO-cert': 279}
PASS no-rep-caseIV-(0,3)-m=2 | {'NO-cert': 279}
PASS no-rep-caseIV-(0,3)-m=3 | {'NO-cert': 279}
PASS no-rep-caseIV-(0,4)-m=1 | {'NO-cert': 372}
PASS no-rep-caseIV-(0,4)-m=2 | {'NO-cert': 372}
PASS no-rep-caseIV-(0,4)-m=3 | {'NO-cert': 372}
PASS no-rep-caseIV-(0,5)-m=1 | {'NO-cert': 465}
PASS no-rep-caseIV-(0,5)-m=2 | {'NO-cert': 465}
PASS no-rep-caseIV-(0,5)-m=3 | {'NO-cert': 465}
PASS no-rep-thmS(2,1)-(2,1)-m=1 | {'NO-cert': 93}
PASS no-rep-thmS(2,1)-(2,1)-m=2 | {'NO-cert': 93}
PASS no-rep-thmS(2,1)-(2,1)-m=3 | {'NO-cert': 93}
elapsed 54.4s
SUMMARY: 0 FAIL []
