families total=11760 informative=8232
k0=0 A   refuted-at-m {1: 8208, 2: 22} survivors [((1, 0, 2, 1, 1, 0), 240), ((1, 2, 2, 1, 1, -1), 228)]  (0.2s)
k0=0 E   refuted-at-m {1: 8201, 2: 31} survivors []  (0.3s)
k0=0 U   refuted-at-m {1: 8232} survivors []  (0.4s)
k0=0 N   refuted-at-m {1: 7887, 2: 345} survivors []  (0.5s)
k0=0 Nc  refuted-at-m {1: 7887, 2: 345} survivors []  (0.6s)
k0=0 NE  refuted-at-m {2: 8217, 3: 15} survivors []  (2.2s)
k0=1 A   refuted-at-m {1: 8208, 2: 22} survivors [((1, 0, 2, 1, 1, 0), 228), ((1, 2, 2, 1, 1, -1), 216)]  (2.2s)
k0=1 E   refuted-at-m {1: 8201, 2: 31} survivors []  (2.3s)
k0=1 U   refuted-at-m {1: 8232} survivors []  (2.3s)
k0=1 N   refuted-at-m {1: 6808, 2: 1424} survivors []  (2.7s)
k0=1 Nc  refuted-at-m {1: 6808, 2: 1413, 3: 11} survivors []  (3.0s)
k0=1 NE  refuted-at-m {2: 8217, 3: 15} survivors []  (4.2s)
k0=2 A   refuted-at-m {1: 8208, 2: 22} survivors [((1, 0, 2, 1, 1, 0), 216), ((1, 2, 2, 1, 1, -1), 204)]  (4.3s)
k0=2 E   refuted-at-m {1: 8201, 2: 31} survivors []  (4.3s)
k0=2 U   refuted-at-m {1: 8232} survivors []  (4.4s)
k0=2 N   refuted-at-m {1: 6509, 2: 1723} survivors []  (4.7s)
k0=2 Nc  refuted-at-m {1: 6509, 2: 1712, 3: 11} survivors []  (5.1s)
k0=2 NE  refuted-at-m {2: 8217, 3: 15} survivors []  (6.3s)
k0=3 A   refuted-at-m {1: 8208, 2: 22} survivors [((1, 0, 2, 1, 1, 0), 204), ((1, 2, 2, 1, 1, -1), 192)]  (6.4s)
k0=3 E   refuted-at-m {1: 8201, 2: 31} survivors []  (6.5s)
k0=3 U   refuted-at-m {1: 8232} survivors []  (6.6s)
k0=3 N   refuted-at-m {1: 6247, 2: 1985} survivors []  (7.0s)
k0=3 Nc  refuted-at-m {1: 6247, 2: 1974, 3: 11} survivors []  (7.3s)
k0=3 NE  refuted-at-m {2: 8217, 3: 15} survivors []  (8.3s)
k0=4 A   refuted-at-m {1: 8208, 2: 22} survivors [((1, 0, 2, 1, 1, 0), 192), ((1, 2, 2, 1, 1, -1), 180)]  (8.4s)
k0=4 E   refuted-at-m {1: 8201, 2: 31} survivors []  (8.5s)
k0=4 U   refuted-at-m {1: 8232} survivors []  (8.5s)
k0=4 N   refuted-at-m {1: 6026, 2: 2206} survivors []  (8.9s)
k0=4 Nc  refuted-at-m {1: 6026, 2: 2195, 3: 11} survivors []  (9.3s)
k0=4 NE  refuted-at-m {2: 8217, 3: 15} survivors []  (10.5s)
k0=6 A   refuted-at-m {1: 8208, 2: 22} survivors [((1, 0, 2, 1, 1, 0), 168), ((1, 2, 2, 1, 1, -1), 156)]  (10.7s)
k0=6 E   refuted-at-m {1: 8201, 2: 31} survivors []  (10.8s)
k0=6 U   refuted-at-m {1: 8232} survivors []  (10.9s)
k0=6 N   refuted-at-m {1: 5739, 2: 2493} survivors []  (11.5s)
k0=6 Nc  refuted-at-m {1: 5739, 2: 2482, 3: 11} survivors []  (12.1s)
k0=6 NE  refuted-at-m {2: 8217, 3: 15} survivors []  (13.4s)
CLAIM_MATCH (k0=0 refuted-at-m distribution == author log): True
CLAIM_MATCH (k0=0 survivors: A only the 2 known, others none): True
ENGINE_CONTROL complete part shape (1,0,2,1,1,0) consistent with >=15 checks for every m<=12: True
[time] 13.4s
