[OK ] Num_q 次数 3q-2、首项 (q-1)!、无常数项 (q<=80)
   Num_1..Num_4 = [[0, 1], [0, 0, 2, 0, 1], [0, 0, 0, 2, 2, 7, 0, 2], [0, 0, 0, 0, 2, 8, 13, 15, 29, 0, 6]]
[OK ] 反转递推 (R) 与 Num_q 的反转逐系数一致（全部系数） (q<=80)
[OK ] 截断版 (R) mod y^41 与全系数版一致 (q<=80)
[OK ] c(q,i)：e.g.f. 定义与递推一致 (q<=70, i<=12)
[OK ] c(q,0)=[q=0]，c(q,1)=(q-1)! (q<=300)
[OK ] c(q,2)=(q-1)! H_{q-1} (q<=300)
[OK ] j=0: a_{q,0}=(q-1)! (q<=300)
[OK ] j=1: a_{q,1}=0（子断言 (c)，截断递推） (q<=300)
[OK ] j=1: a_{q,1}=0（子断言 (c)，直接由 Num_q） (q<=80)
[OK ] j=2: a_{q,2}=(q-1)!(q-1+H_{q-1}) (q<=300)
[OK ] j=3: a_{q,3}=(q-1)(q-1)!(H_{q-1}-1) (q<=300)
   a_{q,j}, q=1..6, j=0..6:
   q=1: [1, 0, 0, 0, 0, 0, 0]
   q=2: [1, 0, 2, 0, 0, 0, 0]
   q=3: [2, 0, 7, 2, 2, 0, 0]
   q=4: [6, 0, 29, 15, 13, 8, 2]
   q=5: [24, 0, 146, 104, 81, 99, 29]
   q=6: [120, 0, 874, 770, 551, 1004, 341]
ALL_OK   time 0.1s
