PASS r1.dp_numerators own triple-condition DP: P_m*G_m == W_m and P_m*E_m == W_m - 1 as polynomials (coefficients checked up to k=3m+25), m<=8
PASS r1.theta_closed_form_U in K_i (field), W_m u'/P_m' == -W~_i x^{-3m-3}/(i^2 i!(-1)^{m-i}(m-i)!) exactly, all field i<=m<=34 (c2a sec.6.3 formula; m-independent up to x^{-3m-3} and a rational)
PASS r1.theta_closed_form_E in K_i (field), (W_m-1) u'/P_m' == -(W~_i-1) x^{-3m-3}/(i^2 i!(-1)^{m-i}(m-i)!) exactly, all field i<=m<=34
PASS r1.thmS_facts K_1: N(x)=1, N(1+x)=3, W~_1 = x(1+x); theta_U(i=1) * x^{3m+2}/(1+x) == (-1)^m/(m-1)! for m=1..34 (Theorem S step (3))
    m=1 N(theta_U,i=1)=-3 v3=1
    m=2 N(theta_U,i=1)=3 v3=1
    m=3 N(theta_U,i=1)=-3/8 v3=1
    m=4 N(theta_U,i=1)=1/72 v3=-2
    m=5 N(theta_U,i=1)=-1/4608 v3=-2
    m=6 N(theta_U,i=1)=1/576000 v3=-2
    m=2 N(theta_E,i=2)=-17/8 v17=1
    m=3 N(theta_E,i=2)=17 v17=1
    m=4 N(theta_E,i=2)=-17 v17=1
    m=5 N(theta_E,i=2)=136/27 v17=1
    m=6 N(theta_E,i=2)=-17/27 v17=1
PASS r1.uniform_U_fiber1 for every m=1..34 the fiber u=1 obstruction holds: v_3(N(theta_U)) not = 0 mod 3 (prime 3 does not divide i=1); with the closed form this is m-independent => U single u-sum impossible for ALL m>=1
PASS r1.uniform_E_fiber2 for every m=2..34 the fiber u=1/2 obstruction holds: v_17(N(theta_E)) not = 0 mod 3; closed form => E single u-sum impossible for ALL m>=2
PASS r1.E_alt_proof K_1: x^n in Q iff n=0 (|n|<=60; in general by |xi_1|!=|xi_2|); K_2: 2+4x^3 = 4-2x not in Q  => fibers 1,2 jointly exclude E single u-sum for every m>=2
PASS r1.c2b_cert_values independently recomputed norms N(nu_i) (nu_i = -i*theta) equal the c2b certificate table entries for m<=6 (11 entries)
PASS r1.float_residues floating point (tol 1e-9): at the three complex roots xi_j of b_1, rho_j u'(xi_j) xi_j^{3m+2}/(1+xi_j) == (-1)^m/(m-1)! for m in {1,2,5,9}; |xi_1|=0.68233, |xi_2|=|xi_1|^{-1/2}
# elapsed 10.1s
SUMMARY r1 fail=0
