PASS r2-gamma2 [NUM] Gamma(-lam): reflection+Stirling(AGM pi, Akiyama-Tanigawa Bernoulli) == Prym series + Legendre continued fraction, 7 values of lam, rel 1e-48 (60 digits)
#   x=3/5 lam=1.851852  K/Gamma(-lam): author-def 1.195006705843495  closed-form 1.195006705843495  upper bound 1.216263
#   x=2/5 lam=9.375000  K/Gamma(-lam): author-def 1.335900266313267  closed-form 1.335900266313267  upper bound 1.445898
#   x=3/10 lam=25.925926  K/Gamma(-lam): author-def 1.428866479928419  closed-form 1.428866479928419  upper bound 1.589176
#   x=7/10 lam=0.874636  K/Gamma(-lam): author-def 1.138382322036942  closed-form 1.138382322036942  upper bound 1.147000
#   x=11/20 lam=2.704733  K/Gamma(-lam): author-def 1.226202950405442  closed-form 1.226202950405442  upper bound 1.265251
#   x=9/20 lam=6.035665  K/Gamma(-lam): author-def 1.296139881633150  closed-form 1.296139881633150  upper bound 1.380358
#   x=13/20 lam=1.274465  K/Gamma(-lam): author-def 1.165826402412306  closed-form 1.165826402412306  upper bound 1.172967
PASS r2-K-closed-form [NUM] NEW: K(x) (author definition: series + tail integral) == Gamma(-lam)[1 + lam x^5 int_0^inf w e^{-w}(1+x^3w)^{lam-1}dw] at 7 x in [0.3,0.7]; worst abs dev of K/Gamma 4.2E-76 (tol 1e-40)
PASS r2-K-bounds [NUM] 1 < K/Gamma(-lam) < 1+(1-x)/(1+x^2)^2 (lam>=1) or < 1+(1-x)x^2 (lam<1) < 2 at the same 7 points (proved analytically in the report)
PASS r2-K-author-values [NUM] closed form reproduces the author's K/Gamma(-lam) ~ 1.195, 1.336, 1.429, 1.535 (x=3/5,2/5,3/10,21/100) and increases to 2 as x->0: x=3/5:1.195007, x=2/5:1.335900, x=3/10:1.428866, x=21/100:1.535091, x=1/10:1.717420, x=1/20:1.835941
#   (x,t)=(3/5,-1/2): I=0.9018130206950613539339712369  S=-1057.810872563562058551831161  I-S=1058.7126855842571199057651323
#   (x,t)=(2/5,-3/10): I=1.0529345694247719815304357417  S=-17671.69256037285885161341280  I-S=17672.745494942283623594943237
#   (x,t)=(3/10,-1/10): I=1.2350994843181200693564822480  S=1.2350994332004466560470324244  I-S=5.1117673413309449823645875788
PASS r2-I0-quad-vs-cf [NUM] my DE quadrature of I0 == x^{-3} e^a a^lam Gamma(-lam,a) from the continued fraction (3 points, 1e-50)
PASS r2-gap-const [NUM] C3A-19 const part: I0 - sum t^m/P_m == x^{-3} Gamma(-lam) e^a a^lam at (3/5,-1/2),(2/5,-3/10),(3/10,-1/10); worst 2.0E-98
PASS r2-gap-full-closed [NUM] C3A-19 full: I - S == x^{-3} e^a a^lam Gamma(-lam)[1+lam x^5 J] (reviewer closed form for K, no Prym series needed); worst 3.4E-99
PASS r2-author-table [NUM] author table row (3/5,-1/2): I=0.90181302069506135393.., S=-1057.81087256356205855.., I-S=1058.71268558425711990.. reproduced
#   sec3: prec=110 I=1.187284532484871664240916989195194171787229605854506843094320280482805301877732
#   sec3: S=1.187284532484871664240916989195194171787229605854506843094320242342627646573995
#   sec3: I-S=3.81401776553037366558070198001638846601491916174E-62  gap(pred)=3.8140177655303736655807019800163884660149191617475615994246077214643733808609675677985409395227462581940619229E-62  quad_err=0E-111
PASS r2-small-t [NUM] (21/100,-1/20): I - S = 3.814017765530373665580701E-62 (110 digits; agrees with author 3.8140177655303737080E-62 only to rel 1.1E-17, i.e. 17 digits: author's last 3 digits are a float-conversion artifact); reviewer closed-form prediction rel err 2.0E-48
PASS r2-author-I-21 [NUM] author table: I(21/100,-1/2) = 0.76544566082619491152.. reproduced (0.7654456608261949115282)
PASS r2-thm55-bound [NUM] C3A-21 explicit error bound |I - sum_{k<K} f_k x^k| <= (x^K/|t|) sup_{tau<=t}|rho_K| (sup on a log grid): (3/10,-1/2,K=6): |I-Y_K|=3.432E-04 <= bound 8.557E-04; (3/10,-1/2,K=9): |I-Y_K|=1.207E-05 <= bound 3.201E-05; (1/4,-1/3,K=12): |I-Y_K|=1.744E-07 <= bound 5.750E-07; (2/5,-2,K=7): |I-Y_K|=1.130E-04 <= bound 1.542E-04
# elapsed 45.3s
SUMMARY r2 pass=11 fail=0
