k= 1 r= 1  0-----------------------------
k= 2 r= 1  0+++++++++++++++++++++++++++++
k= 3 r= 1  0+++--------------------------
k= 4 r= 2  00--------++++++++++++++++++++
k= 5 r= 2  00+++++++++++++++++++++++++++-
k= 6 r= 2  00++--------------------------
k= 7 r= 3  000-----++++++++++++++++++++++
k= 8 r= 3  000++++++++++++++++-----------
k= 9 r= 3  000++-------------------------
k=10 r= 4  0000-----+++++++++++++++++++++
k=11 r= 4  0000++++++++++++--------------
k=12 r= 4  0000++-----------------------+
k=13 r= 5  00000----+++++++++++++++++++++
k=14 r= 5  00000++++++++++---------------
k=15 r= 5  00000++------------------+++++
k=16 r= 6  000000----++++++++++++++++++++
k=17 r= 6  000000+++++++++---------------
k=18 r= 6  000000++----------------++++++
k=19 r= 7  0000000----+++++++++++++++++++
k=20 r= 7  0000000+++++++++--------------
k=21 r= 7  0000000++--------------+++++++
k=22 r= 8  00000000---+++++++++++++++++++
k=23 r= 8  00000000++++++++--------------
k=24 r= 8  00000000++-------------+++++++
k=25 r= 9  000000000---++++++++++++++++++
k=26 r= 9  000000000++++++++-------------
k=27 r= 9  000000000++------------+++++++
k=28 r=10  0000000000---+++++++++++++++++
k=29 r=10  0000000000+++++++-------------
k=30 r=10  0000000000++-----------+++++++
sign-pattern mismatches (k<=60, r<j<=62): {'(-1)^k': 1467, '(-1)^(k+j)': 1523, '(-1)^(k+j+1)': 1567}
