PASS F0-dp-brute U_k(m) 的 DP 与全枚举一致（0<=m<=3，0<=k<=9）
PASS F1-gf sum_k U_k(m)x^k = W_m/P_m（m<=6，k<=80）
PASS F2-cbar-vals c~_1(-1..-4) = 0,0,1,0；c~_2(-1)=c~_2(-2)=0，c~_2(-3)=1/2
PASS F3-m1 U_k(1) = c_1(k+2)+c_1(k+1)-1 对 0<=k<=300 全部成立（不符的 k：[]）
PASS F4-m2-c U_k(2) 两原子式（c，负下标取 0）在 0<=k<=300 中只在 k=[1] 不成立；k=1 处 U - 右边 = 1/4
PASS F4-m2-cbar c 换成双向延拓 c~ 后 0<=k<=300 全部成立（不符：[]）
PASS F4-neg-index k>=0 时用到的负下标及 c~ 的值：[(0, -4, Fraction(0, 1)), (1, -3, Fraction(1, 1)), (2, -2, Fraction(0, 1)), (3, -1, Fraction(0, 1)), (0, -2, Fraction(0, 1)), (1, -1, Fraction(0, 1))]；c 与 c~ 不同的只有 (k, 下标)=[(1, -3)]
PASS F5-rec-lhs U_k(m) 对 k>=3m+1 满足以 P_m 为特征的递推（m<=6，k<=300）；k=3m 处 [x^{3m}]W_m != 0：[-1, 2, -6, 24, -120, 720]
PASS F5-rec-rhs 用 c~ 的右边对 -40<=k<=300 的一切 k 满足同一递推（m=1 阶 4、m=2 阶 7）：True, True
PASS F5-negctrl 改坏的式子在窗口 0<=k<=6 内不符的 k：{'6->7': [2, 3, 4, 5, 6], 'c2(k-2)->c2(k-1)': [1, 4, 5, 6], '1/2->1/3': [0, 1, 2, 3, 4, 5, 6]}
PASS F6-fiber K_1：W~_1 = x + x^2；W~_1 = 1/4 x^-4 + -1/4 x^10；K_2：W~_2 = 5 x^3 + 12 x^8
PASS F6-coeffs m=2 的系数由 kappa_{2,i}=-1,1/2 与纤维恒等式得出：{(1, 10): Fraction(-1, 4), (1, -4): Fraction(1, 4), (2, 3): Fraction(5, 2), (2, -2): Fraction(6, 1)}；gamma=(-1)^2/2!=1/2
PASS F7-partfrac 部分分式分子 R_i = W_m*(P_m/b_i)^{-1} mod b_i 等于 kappa_{m,i} x^{-3m} W~_i（36 对 (m,i)，m<=8）；x=1 处留数 (-1)^m/m!
PASS F8-lemma21 引理 2.1：U_k(m) = (-1)^m/m! + sum_i kappa_{m,i} sum_r A_i^(r) c_i(k+3m-r)（0<=m<=8，0<=k<=60）
PASS F9-mixed m=3：原子数 2+2+3=7，c 版不符的 k=[]，c~ 版不符 []；m=4：原子数 2+2+3+3=10，c 版不符的 k=[]，c~ 版不符 []；m=5：原子数 2+2+3+3+3=13，c 版不符的 k=[]，c~ 版不符 []；m=6：原子数 2+2+3+3+3+3=16，c 版不符的 k=[]，c~ 版不符 []
PASS F10-window 两原子对数 {1: 14, 2: 2, 3: 0, 4: 0, 5: 0, 6: 0, 7: 0, 8: 0}；i=2 的对 [(3, 8), (5, 15)] 对应 (n,b)=[(-15, -10), (-8, -5), (-5, 10), (-3, 5)]（= notes/08 b2-small 纤维 2 的 4 个解）
PASS F10-single 单原子 W~_i ∈ Q x^a（|a|<=300，1<=i<=8）的解：{1: [], 2: [], 3: [], 4: [], 5: [], 6: [], 7: [], 8: []}
PASS F11-b3 b_3 在 ±1、±1/3 处的值 [Fraction(-3, 1), Fraction(5, 1), Fraction(5, 9), Fraction(13, 9)]（无有理根，不可约）；disc(3x^3+x-1)=-255（=-3*5*17，非零，三根互异）；N(W~_3)=21619/2187 != 0
time 1.4s
SUMMARY s12-b4t3-formulas pass=18 fail=0
