prec 110
  I       = 1.1872845324848716642409169891951941717872296058545068430943202804828053018
  S       = 1.1872845324848716642409169891951941717872296058545068430943202423426276465
  I-S     = 3.81401776553037366558070198001638846601491916174E
  Gamma   = 3.532084579462180464427032834353426375337414395829
  K       = 5.422072398993107355579986498180674186539683707887   K/Gamma = 1.5350913255363520936245637505575585207272751
  pref    = 70342435232673146744488323406299565071063382288449
  pred    = 3.814017765530373665580701980016388466014919161747
  float(I-S) printed with %.30E (the author-log style): 3.814017765530373708055498445061E-62
  quad err est 0E-111
prec 150
  I       = 1.1872845324848716642409169891951941717872296058545068430943202804828053018
  S       = 1.1872845324848716642409169891951941717872296058545068430943202423426276465
  I-S     = 3.814017765530373665580701980016388466014919161747
  Gamma   = 3.532084579462180464427032834353426375337414395829
  K       = 5.422072398993107355579986498180674186539683707887   K/Gamma = 1.5350913255363520936245637505575585207272751
  pref    = 70342435232673146744488323406299565071063382288449
  pred    = 3.814017765530373665580701980016388466014919161747
  float(I-S) printed with %.30E (the author-log style): 3.814017765530373708055498445061E-62
  quad err est 1E-151
author explore6 log: I-S = 3.814017765530373708055498445061E-62 (float artifact beyond ~17 digits)
