PASS r4-nu-poly j<=10：[x^{q+j}]Num_q 在 q>=j+2 上等于由 2j+1 个点插值出的 2j 次多项式，检验到 q<=220
PASS r4-nu-lead j<=10：nu_j 的首项系数 = 2/(2^j j!)
PASS r4-nu-threshold j<=10：q=j+1 处 真值-多项式值 = (-1)^{j+1}(j+1)!（门槛 j+2 精确）
PASS r4-nu-table5 c4.md 表 5（nu_0..nu_6）与独立插值结果逐系数一致
PASS r4-pi-poly i<=12：pi_i(q)=[x^i]P_{q-1} 在 0<=q<120 上等于由 q=0..i 插值出的 <=i 次多项式（含 q<b 的小 q）
PASS r4-nu-extract j<=8, q<30：[x^{q+j}]Num_q = sum_i pi_i(q) N(q+j-i,q)（N 来自原始定义 DP）
PASS r4-high-values j<=8, 1<=q<=220：表 6 公式 == [x^{3q-2-j}]Num_q
PASS r4-high-proof j<=8：表 6 代入归一化递推后在 E_r(q-3) 基下残差系数恒为 0（独立实现，与核对模块的 c(q-2,i) 基路线不同），q=1,2 初值吻合
  symbolic residual nonzero j=6: [1, 2]
PASS r4-high-proof-negctl 阴性对照：把表 6 中 j=6 的 c_4 系数 1 改成 2，符号检验应失败（打印的残差即为预期失败）
# j=9：未知数 30，方程 160；模 p1 相容=True 秩=30；模 p2 相容=True 秩=30
#   j=9 拟合结果（i: 升幂系数）{1: ['8/3', '-32/9', '7/6', '-5/18'], 2: ['3', '-7/3', '3/4', '1/12'], 3: ['4', '-3/2', '-1/2'], 4: ['3'], 5: ['-4', '1']}
# j=10：未知数 36，方程 160；模 p1 相容=True 秩=36；模 p2 相容=True 秩=36
#   j=10 拟合结果（i: 升幂系数）{1: ['-85/24', '827/144', '-113/48', '11/72'], 2: ['-15/4', '1', '1/2'], 3: ['-9/2', '3', '-1'], 4: ['-7', '5/2', '1/2'], 5: ['5', '-3'], 6: ['1']}
# j=11：未知数 36，方程 160；模 p1 相容=True 秩=36；模 p2 相容=True 秩=36
#   j=11 拟合结果（i: 升幂系数）{1: ['337/72', '-3545/432', '251/72', '7/216', '1/144'], 2: ['59/12', '-7/6', '-7/8', '-5/24'], 3: ['11/2', '-13/3', '7/4', '1/12'], 4: ['8', '-3', '-1'], 5: ['1', '2'], 6: ['-5', '1']}
# j=12：未知数 42，方程 160；模 p1 相容=True 秩=42；模 p2 相容=True 秩=42
#   j=12 拟合结果（i: 升幂系数）{1: ['-865/144', '1847/216', '-4687/1728', '169/864', '-47/1728'], 2: ['-149/24', '79/24', '-115/144', '1/6', '1/144'], 3: ['-27/4', '10/3', '-1/4', '-1/12'], 4: ['-17/2', '9/2', '-1/2'], 5: ['-10', '5/2', '1/2'], 6: ['9', '-4'], 7: ['1']}
PASS r4-high-fit-9-12 j=9..12：a_{q,j}=sum_{i<=floor(j/2)+1} pi_{j,i}(q)c(q,i)（deg pi<=5）在 q<=160 上模两素数满秩相容，有理重构后对 q<=220 精确成立
PASS r4-high-proof-9-12 j<=12：拟合得到的公式代入递推后在 E_r(q-3) 基下残差恒为 0 且 q=1,2 初值吻合 ⇒ j<=12 均为已证明（计算机辅助）
# 子断言「a_{q,2m}∋c(q,m+1)、a_{q,2m+1}∋(q-m)c(q,m+1)」逐 j 结果：[(0, True), (1, False), (2, True), (3, True), (4, True), (5, True), (6, True), (7, True), (8, True), (9, True), (10, True), (11, True), (12, True)]
# runtime 4.7s
SUMMARY pass=11 fail=0
