PASS r5-unique 28 个拟合（2<=q<=8，σ∈{-2,0,2,5}，k∈[5,60]）都相容且列满秩：表示存在且唯一
PASS r5-top (q-1)!·γ_r(q,q-1) = x^σ W~_{q-1} 的约化坐标（σ=0 时为 A_{q-1}^{(r)}）
PASS r5-all 全部 γ_r(q,i) 等于 x^σ·(-1)^{q-1-i}/i!·W~_i·sum_t C(q,t)x^{3t}/(n-t)! 的坐标（注 3.1 的部分分式）
PASS r5-Nc N^c 的拟合同样唯一，最高一项 (q-1)!γ = x^σ 的坐标（σ=0 时为 (1,0,0)）
PASS r5-rev 反向：把最高一项与 A_{q-2}（x^σ W~_{q-2} 的坐标）比较，24/24 个不符（应全部不符）
PASS r5-vp min_r v_p(A_p^{(r)}) = -3(p-1)/2（3<=p<=61）：[(3, -3), (5, -6), (7, -9), (11, -15), (13, -18), (17, -24)]
  规范化 c_i(k+σ'-r)（不带 3(q-1)）时最高一项的 min v_p，p=q-1：
    p= 3  带 3(q-1) 的 σ=0:   -3   不带: σ'=0,1,2 -> [0, 0, 0]
    p= 5  带 3(q-1) 的 σ=0:   -6   不带: σ'=0,1,2 -> [0, 0, 0]
    p= 7  带 3(q-1) 的 σ=0:   -9   不带: σ'=0,1,2 -> [0, 0, 0]
    p=11  带 3(q-1) 的 σ=0:  -15   不带: σ'=0,1,2 -> [0, 0, 0]
    p=13  带 3(q-1) 的 σ=0:  -18   不带: σ'=0,1,2 -> [0, 0, 0]
    p=17  带 3(q-1) 的 σ=0:  -24   不带: σ'=0,1,2 -> [0, 0, 0]
    p=19  带 3(q-1) 的 σ=0:  -27   不带: σ'=0,1,2 -> [0, 0, 0]
    p=23  带 3(q-1) 的 σ=0:  -33   不带: σ'=0,1,2 -> [0, 0, 0]
    p=29  带 3(q-1) 的 σ=0:  -42   不带: σ'=0,1,2 -> [0, 0, 0]
    p=31  带 3(q-1) 的 σ=0:  -45   不带: σ'=0,1,2 -> [0, 0, 0]
    p=37  带 3(q-1) 的 σ=0:  -54   不带: σ'=0,1,2 -> [0, 0, 0]
    p=41  带 3(q-1) 的 σ=0:  -60   不带: σ'=0,1,2 -> [0, 0, 0]
    p=43  带 3(q-1) 的 σ=0:  -63   不带: σ'=0,1,2 -> [0, 0, 0]
    p=47  带 3(q-1) 的 σ=0:  -69   不带: σ'=0,1,2 -> [0, 0, 0]
    p=53  带 3(q-1) 的 σ=0:  -78   不带: σ'=0,1,2 -> [0, 0, 0]
    p=59  带 3(q-1) 的 σ=0:  -87   不带: σ'=0,1,2 -> [0, 0, 0]
    p=61  带 3(q-1) 的 σ=0:  -90   不带: σ'=0,1,2 -> [0, 0, 0]
PASS r5-norm （信息）不带 3(q-1) 的规范化下最高一项的 min v_p 是否都 >=-1：True——若是，引理 2.4/2.5 的 p 进障碍在该规范化下消失，定理 5(b) 的结论依赖平移 3(q-1)+σ 的约定
time 2.0s
SUMMARY r5 pass=7 fail=0
