Table U matches: True
Table N matches (brute and inversion): True
Nbasis formula: True
Ntri failures k>=3: []
k=2,q=2 rhs: 1 actual 2
k=2,q=1 rhs: 1 actual 1
N(k,k)=2: True  N(k,k-1)=k^2-k-4: [(3, 4, 2), (4, 8, 8), (5, 16, 16), (6, 26, 26), (7, 38, 38), (8, 52, 52), (9, 68, 68), (10, 86, 86), (11, 106, 106)]
k 0 lc 1 expected 1 u(-1)= 1
k 1 lc 1 expected 1 u(-1)= 0
k 2 lc 1 expected 1 u(-1)= 0
k 3 lc 1/3 expected 1/3 u(-1)= 0
k 4 lc 1/12 expected 1/12 u(-1)= 0
k 5 lc 1/60 expected 1/60 u(-1)= 0
k 6 lc 1/360 expected 1/360 u(-1)= 0
k 7 lc 1/2520 expected 1/2520 u(-1)= 0
k 8 lc 1/20160 expected 1/20160 u(-1)= 0
Reduction a_direct n<=6,k<=5: True
a_4(5) = 2560
Multichain: True
example rows ok True cols ok True
heights odd rows [3, 1, 3, 3] even rows [1, 2, 2, 0]
U_k(1) = |Lambda_k|: True
Lemma rec: True
