sections: ['rel', 'thm2'] K=60 KA=90 KB=0 KAUX=30 KEXT=90
[truth] N table from U (k,q<=60) in 1.0s
[ext] n_k for 60<k<=90 generated by Lemma 0 (Lemma 0 itself is checked against the truth for 4<=k<=60 in section rec)
[rel] k= 2 alp:ok bet:ok  0.0s
[rel] k= 3 alp:ok bet:ok del:ok eps:ok  0.0s
[rel] k= 4 alp:ok bet:ok del:ok eps:ok  0.0s
[rel] k= 5 alp:ok bet:ok del:ok eps:ok  0.0s
[rel] k= 6 alp:ok bet:ok del:ok eps:ok  0.0s
[rel] k= 7 alp:ok bet:ok del:ok eps:ok  0.0s
[rel] k= 8 alp:ok bet:ok del:ok eps:ok  0.0s
[rel] k= 9 alp:ok bet:ok del:ok eps:ok  0.0s
[rel] k=10 alp:ok bet:ok del:ok eps:ok  0.0s
[rel] k=11 alp:ok bet:ok del:ok eps:ok  0.0s
[rel] k=12 alp:ok bet:ok del:ok eps:ok  0.0s
[rel] k=13 alp:ok bet:ok del:ok eps:ok  0.0s
[rel] k=14 alp:ok bet:ok del:ok eps:ok  0.0s
[rel] k=15 alp:ok bet:ok del:ok eps:ok  0.0s
[rel] k=16 alp:ok bet:ok del:ok eps:ok  0.0s
[rel] k=17 alp:ok bet:ok del:ok eps:ok  0.0s
[rel] k=18 alp:ok bet:ok del:ok eps:ok  0.0s
[rel] k=19 alp:ok bet:ok del:ok eps:ok  0.0s
[rel] k=20 alp:ok bet:ok del:ok eps:ok  0.0s
[rel] k=21 alp:ok bet:ok del:ok eps:ok  0.0s
[rel] k=22 alp:ok bet:ok del:ok eps:ok  0.0s
[rel] k=23 alp:ok bet:ok del:ok eps:ok  0.0s
[rel] k=24 alp:ok bet:ok del:ok eps:ok  0.0s
[rel] k=25 alp:ok bet:ok del:ok eps:ok  0.0s
[rel] k=26 alp:ok bet:ok del:ok eps:ok  0.0s
[rel] k=27 alp:ok bet:ok del:ok eps:ok  0.0s
[rel] k=28 alp:ok bet:ok del:ok eps:ok  0.0s
[rel] k=29 alp:ok bet:ok del:ok eps:ok  0.0s
[rel] k=30 alp:ok bet:ok del:ok eps:ok  0.0s
[rel] k=31 alp:ok bet:ok del:ok eps:ok  0.0s
[rel] k=32 alp:ok bet:ok del:ok eps:ok  0.0s
[rel] k=33 alp:ok bet:ok del:ok eps:ok  0.0s
[rel] k=34 alp:ok bet:ok del:ok eps:ok  0.0s
[rel] k=35 alp:ok bet:ok del:ok eps:ok  0.0s
[rel] k=36 alp:ok bet:ok del:ok eps:ok  0.1s
[rel] k=37 alp:ok bet:ok del:ok eps:ok  0.1s
[rel] k=38 alp:ok bet:ok del:ok eps:ok  0.1s
[rel] k=39 alp:ok bet:ok del:ok eps:ok  0.1s
[rel] k=40 alp:ok bet:ok del:ok eps:ok  0.1s
[rel] k=41 alp:ok bet:ok del:ok eps:ok  0.1s
[rel] k=42 alp:ok bet:ok del:ok eps:ok  0.1s
[rel] k=43 alp:ok bet:ok del:ok eps:ok  0.2s
[rel] k=44 alp:ok bet:ok del:ok eps:ok  0.2s
[rel] k=45 alp:ok bet:ok del:ok eps:ok  0.2s
[rel] k=46 alp:ok bet:ok del:ok eps:ok  0.2s
[rel] k=47 alp:ok bet:ok del:ok eps:ok  0.2s
[rel] k=48 alp:ok bet:ok del:ok eps:ok  0.4s
[rel] k=49 alp:ok bet:ok del:ok eps:ok  0.4s
[rel] k=50 alp:ok bet:ok del:ok eps:ok  0.5s
[rel] k=51 alp:ok bet:ok del:ok eps:ok  0.6s
[rel] k=52 alp:ok bet:ok del:ok eps:ok  0.6s
[rel] k=53 alp:ok bet:ok del:ok eps:ok  0.6s
[rel] k=54 alp:ok bet:ok del:ok eps:ok  0.7s
[rel] k=55 alp:ok bet:ok del:ok eps:ok  0.9s
[rel] k=56 alp:ok bet:ok del:ok eps:ok  0.8s
[rel] k=57 alp:ok bet:ok del:ok eps:ok  0.7s
[rel] k=58 alp:ok bet:ok del:ok eps:ok  0.9s
[rel] k=59 alp:ok bet:ok del:ok eps:ok  1.2s
[rel] k=60 alp:ok bet:ok del:ok eps:ok  1.1s
[rel] k=61 alp:ok bet:ok del:ok eps:ok  1.3s
[rel] k=62 alp:ok bet:ok del:ok eps:ok  1.1s
[rel] k=63 alp:ok bet:ok del:ok eps:ok  1.1s
[rel] k=64 alp:ok bet:ok del:ok eps:ok  1.2s
[rel] k=65 alp:ok bet:ok del:ok eps:ok  1.5s
[rel] k=66 alp:ok bet:ok del:ok eps:ok  1.6s
[rel] k=67 alp:ok bet:ok del:ok eps:ok  1.6s
[rel] k=68 alp:ok bet:ok del:ok eps:ok  1.7s
[rel] k=69 alp:ok bet:ok del:ok eps:ok  2.4s
[rel] k=70 alp:ok bet:ok del:ok eps:ok  2.4s
[rel] k=71 alp:ok bet:ok del:ok eps:ok  2.7s
[rel] k=72 alp:ok bet:ok del:ok eps:ok  3.4s
[rel] k=73 alp:ok bet:ok del:ok eps:ok  9.6s
[rel] k=74 alp:ok bet:ok del:ok eps:ok  11.4s
[rel] k=75 alp:ok bet:ok del:ok eps:ok  5.1s
[rel] k=76 alp:ok bet:ok del:ok eps:ok  3.6s
[rel] k=77 alp:ok bet:ok del:ok eps:ok  3.9s
[rel] k=78 alp:ok bet:ok del:ok eps:ok  4.6s
[rel] k=79 alp:ok bet:ok del:ok eps:ok  14.7s
[rel] k=80 alp:ok bet:ok del:ok eps:ok  13.4s
[rel] k=81 alp:ok bet:ok del:ok eps:ok  6.3s
[rel] k=82 alp:ok bet:ok del:ok eps:ok  12.3s
[rel] k=83 alp:ok bet:ok del:ok eps:ok  16.7s
[rel] k=84 alp:ok bet:ok del:ok eps:ok  7.2s
[rel] k=85 alp:ok bet:ok del:ok eps:ok  7.0s
[rel] k=86 alp:ok bet:ok del:ok eps:ok  8.5s
[rel] k=87 alp:ok bet:ok del:ok eps:ok  9.3s
[rel] k=88 alp:ok bet:ok del:ok eps:ok  10.9s
[rel] k=89 alp:ok bet:ok del:ok eps:ok  12.9s
[rel] k=90 alp:ok bet:ok del:ok eps:ok  12.5s
[rel] done in 203.1s
[thm2] done (k<=90) in 32.7s
TOTAL: 893 checks passed, 0 failed; 236.8s
