K=300，素数行：[2147483647, 2147483579, 2147483629]（P_A、P_C 为复核者自选，第三行为作者的 P1）
Jcut_k=J_k（k>=4）True；窗口总数 Σ_k (Jcut_k-s_k) = 1014588733；JEND=13454103（1s）
核对点 1196 个已算好（1s）
  j=1000000（16s，已查 205631732 个 (k,j)，零事件 0）
  j=2000000（33s，已查 362169936 个 (k,j)，零事件 0）
  j=3000000（50s，已查 491583410 个 (k,j)，零事件 0）
  j=4000000（70s，已查 600586608 个 (k,j)，零事件 0）
  j=5000000（89s，已查 692831858 个 (k,j)，零事件 0）
  j=6000000（107s，已查 770657796 个 (k,j)，零事件 0）
  j=7000000（123s，已查 835732357 个 (k,j)，零事件 0）
  j=8000000（142s，已查 889310105 个 (k,j)，零事件 0）
  j=9000000（159s，已查 932371990 个 (k,j)，零事件 0）
  j=10000000（177s，已查 965721732 个 (k,j)，零事件 0）
  j=11000000（196s，已查 990006908 个 (k,j)，零事件 0）
  j=12000000（215s，已查 1005804242 个 (k,j)，零事件 0）
  j=13000000（235s，已查 1013574232 个 (k,j)，零事件 0）
PASS m-scan 不经筛选：1<=k<=300、s_k<j<=Jcut_k 的全部 1014588733 个 (k,j)，U_k(-j) 模 [2147483647, 2147483579, 2147483629] 的余数三行同时为 0 的有 0 个，精确复算后真零点 无；各行单独为 0 的次数 [0, 0, 0]（期望各约 0.47）；零事件 []
PASS m-p1 顺带：作者的候选（j | lcm(1..k)）中模 P1=2147483629 为 0 的个数 0（作者说「P2 一次也没用到」，等价于这个数为 0）
PASS m-end 端到端：1196 个核对点（每个 k 的 j=s_k+1、中点、Jcut_k、Jcut_k+1）三行余数 = 牛顿基精确值的余数 True；j<=s_k 时三行全为 0 True
PASS m-rev 反向：在 (k,j)=(150,777777) 处减去 U_k(-j) 的余数后三行同时为 0（被抓到）True
total 243s
SUMMARY s14-b8-r3 pass=4 fail=0
