k, r=floor((k+2)/3), Fujiwara 界 B_k, 需检查的 j|k! 且 j<=B_k 个数：
  k= 1 r= 1 B=        2 cand=     1
  k= 2 r= 1 B=        5 cand=     2
  k= 3 r= 1 B=       13 cand=     4
  k= 4 r= 2 B=       29 cand=     8
  k= 5 r= 2 B=       71 cand=    15
  k= 6 r= 2 B=      139 cand=    25
  k= 7 r= 3 B=      239 cand=    43
  k= 8 r= 3 B=      377 cand=    58
  k= 9 r= 3 B=      559 cand=    77
  k=10 r= 4 B=      791 cand=   104
  k=11 r= 4 B=     1079 cand=   157
  k=12 r= 4 B=     1429 cand=   181
  k=13 r= 5 B=     1847 cand=   261
  k=14 r= 5 B=     2339 cand=   317
  k=15 r= 5 B=     2911 cand=   365
  k=16 r= 6 B=     3569 cand=   399
  k=17 r= 6 B=     4319 cand=   540
  k=18 r= 6 B=     5167 cand=   585
  k=19 r= 7 B=     6119 cand=   768
  k=20 r= 7 B=     7181 cand=   838
  k=21 r= 7 B=     8359 cand=   916
  k=22 r= 8 B=     9659 cand=  1031
  k=23 r= 8 B=    11088 cand=  1308
  k=24 r= 8 B=    12650 cand=  1395
  k=25 r= 9 B=    14352 cand=  1483
  k=26 r= 9 B=    16200 cand=  1638
  k=27 r= 9 B=    18200 cand=  1729
  k=28 r=10 B=    20359 cand=  1830
  k=29 r=10 B=    22681 cand=  2241
  k=30 r=10 B=    25173 cand=  2359
  k=31 r=11 B=    27841 cand=  2843
  k=32 r=11 B=    30692 cand=  2988
  k=33 r=11 B=    33730 cand=  3152
  k=34 r=12 B=    36962 cand=  3389
  k=35 r=12 B=    40395 cand=  3548
  k=36 r=12 B=    44033 cand=  3704
  k=37 r=13 B=    47883 cand=  4369
  k=38 r=13 B=    51952 cand=  4656
  k=39 r=13 B=    56244 cand=  4874
  k=40 r=14 B=    60767 cand=  5074
  k=41 r=14 B=    65525 cand=  5894
  k=42 r=14 B=    70526 cand=  6126
  k=43 r=15 B=    75774 cand=  7064
  k=44 r=15 B=    81277 cand=  7339
  k=45 r=15 B=    87039 cand=  7614
  k=46 r=16 B=    93068 cand=  8017
  k=47 r=16 B=    99368 cand=  9148
  k=48 r=16 B=   105947 cand=  9470
  k=49 r=17 B=   112810 cand=  9799
  k=50 r=17 B=   119962 cand= 10128
  k=51 r=17 B=   127411 cand= 10483
  k=52 r=18 B=   135162 cand= 10827
  k=53 r=18 B=   143221 cand= 12216
  k=54 r=18 B=   151594 cand= 12598
  k=55 r=19 B=   160287 cand= 12988
  k=56 r=19 B=   169305 cand= 13377
  k=57 r=19 B=   178656 cand= 13797
  k=58 r=20 B=   188345 cand= 14364
  k=59 r=20 B=   198378 cand= 16044
  k=60 r=20 B=   208761 cand= 16506
  k=61 r=21 B=   219500 cand= 18356
  k=62 r=21 B=   230602 cand= 19047
  k=63 r=21 B=   242071 cand= 19570
  k=64 r=22 B=   253914 cand= 20105
  k=65 r=22 B=   266137 cand= 20635
  k=66 r=22 B=   278746 cand= 21171
  k=67 r=23 B=   291748 cand= 23368
  k=68 r=23 B=   305147 cand= 23963
  k=69 r=23 B=   318950 cand= 24594
  k=70 r=24 B=   333164 cand= 25207
结论：1<=k<=70 时，U_k 的全部负整数零点恰为 -1..-floor((k+2)/3)（有理根定理 + Fujiwara 界，精确整数，完整证明）。
  U_5 的负实根（数值）最小者 ≈ -29.417；负实根个数 5
  U_6 的负实根（数值）最小者 ≈ -59.251；负实根个数 6
  U_7 的负实根（数值）最小者 ≈ -102.380；负实根个数 7
  U_10 的负实根（数值）最小者 ≈ -309.397；负实根个数 10
  U_20 的负实根（数值）最小者 ≈ -1972.543；负实根个数 18
  U_30 的负实根（数值）最小者 ≈ -5291.616；负实根个数 28
max B = 333164, time 28.7s
