V1 recomputation (m<=8):
  m=1 theta=0.682327803 kappa=0.4525 e20=-0.00022220 e40=-1.036E-07 e60=-4.958E-11 | rate60=0.682332 rate400=0.682327803 |rate400-theta|=2.38E-34 | two60=0.999995 two400=1.000000000 | e<0 for k<=400:True, k<=2000:False
  m=2 theta=0.864327247 kappa=0.8870 e20=-0.04802072 e40=-2.601E-03 e60=-1.408E-04 | rate60=0.864327 rate400=0.864327247 |rate400-theta|=1.45E-53 | two60=1.000000 two400=0.999999999 | e<0 for k<=400:True, k<=2000:False
  m=3 theta=0.909811037 kappa=1.3192 e20=-0.19611826 e40=-3.006E-02 e60=-4.543E-03 | rate60=0.909816 rate400=0.909811037 |rate400-theta|=1.66E-27 | two60=0.999954 two400=0.999999999 | e<0 for k<=400:True, k<=2000:True
  m=4 theta=0.931853263 kappa=1.7449 e20=-0.39364186 e40=-1.025E-01 e60=-2.523E-02 | rate60=0.931997 rate400=0.931853263 |rate400-theta|=1.59E-18 | two60=0.998289 two400=0.999999999 | e<0 for k<=400:True, k<=2000:True
  m=5 theta=0.945026263 kappa=2.1661 e20=-0.58332512 e40=-2.162E-01 e60=-7.209E-02 | rate60=0.945690 rate400=0.945026263 |rate400-theta|=2.49E-14 | two60=0.989784 two400=0.999999999 | e<0 for k<=400:True, k<=2000:True
  m=6 theta=0.953833438 kappa=2.5840 e20=-0.73474557 e40=-3.538E-01 e60=-1.470E-01 | rate60=0.955475 rate400=0.953833438 |rate400-theta|=7.21E-12 | two60=0.969434 two400=0.999999999 | e<0 for k<=400:True, k<=2000:True
  m=7 theta=0.960155141 kappa=2.9993 e20=-0.84146088 e40=-4.952E-01 e60=-2.446E-01 | rate60=0.963157 rate400=0.960155141 |rate400-theta|=3.06E-10 | two60=0.935360 two400=0.999999993 | e<0 for k<=400:True, k<=2000:True
  m=8 theta=0.964922142 kappa=3.4123 e20=-0.91004448 e40=-6.247E-01 e60=-3.559E-01 | rate60=0.969534 rate400=0.964922147 |rate400-theta|=4.41E-09 | two60=0.888611 two400=0.999999885 | e<0 for k<=400:True, k<=2000:True
V2 recomputation (m=18):
  rho_17=2.95148992061 theta=0.9838299735 kappa=7.47080 e_1999=-5.2547E-14 rate e2000/e1999=0.9838299735 |rate-theta|=6.25E-17 two-term=0.9999999999
V3 recomputation (k=40):
  m=1: U41/U40/rho-1=3.2891E-08 (U40/U39: 4.8228E-08), theory kappa(1-theta)theta^40=3.2914E-08, U40^(1/40)/rho-1=2.0018E-02, U40/(c rho^40)-1=-1.0360E-07
  m=2: U41/U40/rho-1=3.5376E-04 (U40/U39: 4.0945E-04), theory kappa(1-theta)theta^40=3.5284E-04, U40^(1/40)/rho-1=5.2764E-02, U40/(c rho^40)-1=-2.6007E-03
  m=3: U41/U40/rho-1=2.7920E-03 (U40/U39: 3.0772E-03), theory kappa(1-theta)theta^40=2.7134E-03, U40^(1/40)/rho-1=8.6976E-02, U40/(c rho^40)-1=-3.0061E-02
1-theta_m asymptotics:
  m=8: (1-theta)*3m=0.84186857 ; (1-theta)*(3m+rho^2-1)=1.00797443 ; m^(-1/3)=0.500000
  m=100: (1-theta)*3m=0.92615266 ; (1-theta)*(3m+rho^2-1)=1.00024487 ; m^(-1/3)=0.215443
  m=1000: (1-theta)*3m=0.96587935 ; (1-theta)*(3m+rho^2-1)=1.00001116 ; m^(-1/3)=0.100000
  m=10000: (1-theta)*3m=0.98432155 ; (1-theta)*(3m+rho^2-1)=1.00000051 ; m^(-1/3)=0.046415
  m=100000: (1-theta)*3m=0.99277029 ; (1-theta)*(3m+rho^2-1)=1.00000002 ; m^(-1/3)=0.021544
elapsed 1.1s
(prec 450) m=1: e_k<0 for all k<=2000: True ; e_2000=-0.000E+00 ; rate e2000/e1999 - theta = 1.15E-115
(prec 450) m=2: e_k<0 for all k<=2000: True ; e_2000=-2.015E-127 ; rate e2000/e1999 - theta = -3.95E-262
