
====================================================================================================
例子 E1：C(m,j)C(k,j)；j 只在分母，分子 k!、m!
    分子参数 [((1, 0, 0), 0), ((0, 1, 0), 0)]；分母参数 [((0, 0, 1), 0), ((0, 1, -1), 0), ((0, 0, 1), 0), ((1, 0, -1), 0)]；P={(0, 0, 0): Fraction(1, 1)}；z=('1', '1', '1')；β=6，γ=2
    [E1] 引理 A 搜索：(J,I,deg_k) 依次试 (1,1,0):有解
    [E1] 首个非平凡解：J=1, I=1, a_ω 的 k-次数 ≤0；取样方程组零空间维数 1，其中 1 个基向量通过严格网格核对（网格 [2, 2, 4]，45 点）；用时 0.0 s
[PASS] [E1] 引理 A：找到非平凡的、系数只依赖 k 的递推（并经网格严格核对为多项式恒等式） 
    [E1] 递推：[-1]·T(p−(0, 0, 0)) + [1]·T(p−(0, 1, 0)) + [1]·T(p−(1, 0, 0)) + [-1]·T(p−(1, 1, 0)) + [1]·T(p−(1, 1, 1)) = 0
[PASS] [E1] 引理 A 次数界：max_ω deg_{(m,j⃗)} Q_ω = 4 ≤ D = deg P + βI + γJ = 0 + 6·1 + 2·1 = 8 
    [E1] 引理 A 计数（纯算术）：β=6、γ=2、r+1=2；取 J=18（最小的 J 使 J+1>β^{r+1}/(r+1)!），则 I≥191 时 (J+1)(I+1)^{r+1} > C(D+r+1,r+1)。实际只需 (J,I)=(1,1)。
[PASS] [E1] 引理 F：前提成立的 2299 个格点上 T*(p) 都有限 
[PASS] [E1] 引理 F：这些点上对每个 ω 都有 T(p−ω)=T*(p)·Q_ω(p) （分母三种情形出现次数：普通 49368、「B−e(ω)<0≤B−e^min」2904（其中 T*≠0 的 2064 次靠 Q_ω 含 t=0 给出 0）、「B−e^min<0」21296；T*(p)=0 的点 1551 个）
[PASS] [E1] 引理 F：这些点上 Σ a_ω(k)T(p−ω)=0 （T(p)≠0 的点 627；T(p)=0 但某个 T(p−ω)≠0 的「边界」点 121；全为 0 的点 1551；前提不成立而跳过 1425）
[PASS] [E1] (N2)：R=diam_∞Ω=1，Q_R={k≥R,m≥R}={k≥1,m≥1}；366 个支撑点的 R 邻域都良定义 
    [E1] 对照：把象限外移到 {k≥0,m≥0} 时 (N2) 失败（如 (0, 0, 0) 的邻点 (-1, -1, -1) 不良定义）
[PASS] [E1] 拼接：Q′={k≥2,m≥2} 中 7×7 个 (k,m)、窗口内一切 j⃗（共 840 点）上 Σa_ω(k)T̃(p−ω)=0 
    [E1] 对照：靠近原点的 (k,m)∈[0,3]² 上 T̃ 递推不成立的点 1 个（共查 210 点），例如 (0, 0, 0)
[PASS] [E1] 引理 S：C_α 不全为 0（{α:C_α≠0} 非空） 
[PASS] [E1] 引理 S：取极小元 α*=(0,)；α<α* 的 C_α 都为 0（共 0 个） 
[PASS] [E1] 引理 S：C_α=Σ_{ν⃗≥α}C(ν⃗,α)A_ν⃗ 可由二项式反演还原 A_ν⃗（上三角、对角为 1） 
    [E1] C_{α*} = (-1)·S_k^-0 S_m^-0 + (1)·S_k^-0 S_m^-1 + (1)·S_k^-1 S_m^-0
[PASS] [E1] 引理 S：分部求和 Σ C(j⃗,α*)·(σ−1)^α T̃ = Σ C(j⃗,α*−α)·T̃（逐个 α，24 组） 
[PASS] [E1] 引理 S：Σ_j⃗ C(j⃗,α*)(A T̃)(k,m,j⃗) = (C_{α*}S)(k,m) 在 64 个 (k,m) 上成立（含 Q′ 之外） 
[PASS] [E1] 窗口外的 T̃ 都为 0（和式窗口取得足够大） 
[PASS] [E1] 结论：C_{α*}(Σ_j⃗T̃)=0 在 Q′ 的 7×7 个点上成立，C_{α*}≠0 
    [E1] 对照：在含 Q′ 之外的 64 个 (k,m) 上，C_{α*}S≠0 的点 1 个（都在 Q′ 之外）
[PASS] [E1] 这些非零点确实都不在 Q′ 中 []
[PASS] [E1] 和式锚点：Σ_j⃗ T̃(k,m,j⃗) 与独立公式一致（0≤k,m≤11） 
    [E1] 用时 0.7 s

====================================================================================================
例子 E2：C(k+j,2j)C(m,j)；分子 (k+j)! 在 j<−k 才不良定义，缓冲带 [−k,−1]
    分子参数 [((1, 0, 1), 0), ((0, 1, 0), 0)]；分母参数 [((0, 0, 2), 0), ((1, 0, -1), 0), ((0, 0, 1), 0), ((0, 1, -1), 0)]；P={(0, 0, 0): Fraction(1, 1)}；z=('1', '1', '1')；β=8，γ=2
    [E2] 引理 A 搜索：(J,I,deg_k) 依次试 (1,1,0):无 (1,1,1):无 (1,1,2):无 (1,1,3):无 (2,1,0):有解
    [E2] 首个非平凡解：J=2, I=1, a_ω 的 k-次数 ≤0；取样方程组零空间维数 1，其中 1 个基向量通过严格网格核对（网格 [4, 2, 6]，105 点）；用时 0.1 s
[PASS] [E2] 引理 A：找到非平凡的、系数只依赖 k 的递推（并经网格严格核对为多项式恒等式） 
    [E2] 递推：[-1]·T(p−(0, 0, 0)) + [1]·T(p−(0, 1, 0)) + [2]·T(p−(1, 0, 0)) + [-2]·T(p−(1, 1, 0)) + [1]·T(p−(1, 1, 1)) + [-1]·T(p−(2, 0, 0)) + [1]·T(p−(2, 1, 0)) = 0
[PASS] [E2] 引理 A 次数界：max_ω deg_{(m,j⃗)} Q_ω = 6 ≤ D = deg P + βI + γJ = 0 + 8·1 + 2·2 = 12 
    [E2] 引理 A 计数（纯算术）：β=8、γ=2、r+1=2；取 J=32（最小的 J 使 J+1>β^{r+1}/(r+1)!），则 I≥463 时 (J+1)(I+1)^{r+1} > C(D+r+1,r+1)。实际只需 (J,I)=(2,1)。
[PASS] [E2] 引理 F：前提成立的 2431 个格点上 T*(p) 都有限 
[PASS] [E2] 引理 F：这些点上对每个 ω 都有 T(p−ω)=T*(p)·Q_ω(p) （分母三种情形出现次数：普通 77374、「B−e(ω)<0≤B−e^min」5042（其中 T*≠0 的 3205 次靠 Q_ω 含 t=0 给出 0）、「B−e^min<0」34272；T*(p)=0 的点 1716 个）
[PASS] [E2] 引理 F：这些点上 Σ a_ω(k)T(p−ω)=0 （T(p)≠0 的点 594；T(p)=0 但某个 T(p−ω)≠0 的「边界」点 121；全为 0 的点 1716；前提不成立而跳过 1293）
[PASS] [E2] (N2)：R=diam_∞Ω=2，Q_R={k≥2R,m≥R}={k≥4,m≥2}；511 个支撑点的 R 邻域都良定义 
    [E2] 对照：把象限外移到 {k≥2,m≥0} 时 (N2) 失败（如 (2, 0, 0) 的邻点 (0, -2, -2) 不良定义）
[PASS] [E2] 拼接：Q′={k≥6,m≥3} 中 7×7 个 (k,m)、窗口内一切 j⃗（共 990 点）上 Σa_ω(k)T̃(p−ω)=0 
    [E2] 对照：靠近原点的 (k,m)∈[0,3]² 上 T̃ 递推不成立的点 2 个（共查 210 点），例如 (0, 0, 0)
[PASS] [E2] 引理 S：C_α 不全为 0（{α:C_α≠0} 非空） 
[PASS] [E2] 引理 S：取极小元 α*=(0,)；α<α* 的 C_α 都为 0（共 0 个） 
[PASS] [E2] 引理 S：C_α=Σ_{ν⃗≥α}C(ν⃗,α)A_ν⃗ 可由二项式反演还原 A_ν⃗（上三角、对角为 1） 
    [E2] C_{α*} = (-1)·S_k^-0 S_m^-0 + (1)·S_k^-0 S_m^-1 + (2)·S_k^-1 S_m^-0 + (-1)·S_k^-1 S_m^-1 + (-1)·S_k^-2 S_m^-0 + (1)·S_k^-2 S_m^-1
[PASS] [E2] 引理 S：分部求和 Σ C(j⃗,α*)·(σ−1)^α T̃ = Σ C(j⃗,α*−α)·T̃（逐个 α，24 组） 
[PASS] [E2] 引理 S：Σ_j⃗ C(j⃗,α*)(A T̃)(k,m,j⃗) = (C_{α*}S)(k,m) 在 108 个 (k,m) 上成立（含 Q′ 之外） 
[PASS] [E2] 窗口外的 T̃ 都为 0（和式窗口取得足够大） 
[PASS] [E2] 结论：C_{α*}(Σ_j⃗T̃)=0 在 Q′ 的 7×7 个点上成立，C_{α*}≠0 
    [E2] 对照：在含 Q′ 之外的 108 个 (k,m) 上，C_{α*}S≠0 的点 2 个（都在 Q′ 之外）
[PASS] [E2] 这些非零点确实都不在 Q′ 中 []
[PASS] [E2] 和式锚点：Σ_j⃗ T̃(k,m,j⃗) 与独立公式一致（0≤k,m≤11） 
    [E2] 用时 1.2 s

====================================================================================================
例子 E3：m!/(j1! j2! (m−j1−j2)!)·C(k,j1)·(−1)^{j2}（r=2）
    分子参数 [((0, 1, 0, 0), 0), ((1, 0, 0, 0), 0)]；分母参数 [((0, 0, 1, 0), 0), ((0, 0, 0, 1), 0), ((0, 1, -1, -1), 0), ((0, 0, 1, 0), 0), ((1, 0, -1, 0), 0)]；P={(0, 0, 0, 0): Fraction(1, 1)}；z=('1', '1', '1', '-1')；β=8，γ=2
    [E3] 引理 A 搜索：(J,I,deg_k) 依次试 (1,1,0):有解
    [E3] 首个非平凡解：J=1, I=1, a_ω 的 k-次数 ≤0；取样方程组零空间维数 1，其中 1 个基向量通过严格网格核对（网格 [2, 3, 5, 3]，288 点）；用时 0.1 s
[PASS] [E3] 引理 A：找到非平凡的、系数只依赖 k 的递推（并经网格严格核对为多项式恒等式） 
    [E3] 递推：[-1]·T(p−(0, 0, 0, 0)) + [1]·T(p−(0, 1, 0, 0)) + [-1]·T(p−(0, 1, 0, 1)) + [1]·T(p−(1, 0, 0, 0)) + [-1]·T(p−(1, 1, 0, 0)) + [1]·T(p−(1, 1, 0, 1)) + [1]·T(p−(1, 1, 1, 0)) = 0
[PASS] [E3] 引理 A 次数界：max_ω deg_{(m,j⃗)} Q_ω = 5 ≤ D = deg P + βI + γJ = 0 + 8·1 + 2·1 = 10 
    [E3] 引理 A 计数（纯算术）：β=8、γ=2、r+1=3；取 J=85（最小的 J 使 J+1>β^{r+1}/(r+1)!），则 I≥7892 时 (J+1)(I+1)^{r+1} > C(D+r+1,r+1)。实际只需 (J,I)=(1,1)。
[PASS] [E3] 引理 F：前提成立的 8281 个格点上 T*(p) 都有限 
[PASS] [E3] 引理 F：这些点上对每个 ω 都有 T(p−ω)=T*(p)·Q_ω(p) （分母三种情形出现次数：普通 429520、「B−e(ω)<0≤B−e^min」38640（其中 T*≠0 的 15554 次靠 Q_ω 含 t=0 给出 0）、「B−e^min<0」194320；T*(p)=0 的点 7021 个）
[PASS] [E3] 引理 F：这些点上 Σ a_ω(k)T(p−ω)=0 （T(p)≠0 的点 707；T(p)=0 但某个 T(p−ω)≠0 的「边界」点 483；全为 0 的点 7091；前提不成立而跳过 5408）
[PASS] [E3] (N2)：R=diam_∞Ω=1，Q_R={k≥R,m≥R}={k≥1,m≥1}；1641 个支撑点的 R 邻域都良定义 
    [E3] 对照：把象限外移到 {k≥0,m≥0} 时 (N2) 失败（如 (0, 0, 0, 0) 的邻点 (-1, -1, -1, -1) 不良定义）
[PASS] [E3] 拼接：Q′={k≥2,m≥2} 中 7×7 个 (k,m)、窗口内一切 j⃗（共 13538 点）上 Σa_ω(k)T̃(p−ω)=0 
    [E3] 对照：靠近原点的 (k,m)∈[0,3]² 上 T̃ 递推不成立的点 1 个（共查 2635 点），例如 (0, 0, 0, 0)
[PASS] [E3] 引理 S：C_α 不全为 0（{α:C_α≠0} 非空） 
[PASS] [E3] 引理 S：取极小元 α*=(0, 0)；α<α* 的 C_α 都为 0（共 0 个） 
[PASS] [E3] 引理 S：C_α=Σ_{ν⃗≥α}C(ν⃗,α)A_ν⃗ 可由二项式反演还原 A_ν⃗（上三角、对角为 1） 
    [E3] C_{α*} = (-1)·S_k^-0 S_m^-0 + (1)·S_k^-1 S_m^-0 + (1)·S_k^-1 S_m^-1
[PASS] [E3] 引理 S：分部求和 Σ C(j⃗,α*)·(σ−1)^α T̃ = Σ C(j⃗,α*−α)·T̃（逐个 α，48 组） 
[PASS] [E3] 引理 S：Σ_j⃗ C(j⃗,α*)(A T̃)(k,m,j⃗) = (C_{α*}S)(k,m) 在 64 个 (k,m) 上成立（含 Q′ 之外） 
[PASS] [E3] 窗口外的 T̃ 都为 0（和式窗口取得足够大） 
[PASS] [E3] 结论：C_{α*}(Σ_j⃗T̃)=0 在 Q′ 的 7×7 个点上成立，C_{α*}≠0 
    [E3] 对照：在含 Q′ 之外的 64 个 (k,m) 上，C_{α*}S≠0 的点 1 个（都在 Q′ 之外）
[PASS] [E3] 这些非零点确实都不在 Q′ 中 []
[PASS] [E3] 和式锚点：Σ_j⃗ T̃(k,m,j⃗) 与独立公式一致（0≤k,m≤11） 
    [E3] 用时 5.7 s

====================================================================================================
例子 E4：(k−2j+1)·C(k+j,2j)C(m,j)·3^k·(1/2)^m·2^j
    分子参数 [((1, 0, 1), 0), ((0, 1, 0), 0)]；分母参数 [((0, 0, 2), 0), ((1, 0, -1), 0), ((0, 0, 1), 0), ((0, 1, -1), 0)]；P={(1, 0, 0): Fraction(1, 1), (0, 0, 1): Fraction(-2, 1), (0, 0, 0): Fraction(1, 1)}；z=('3', '1/2', '2')；β=8，γ=2
    [E4] 引理 A 搜索：(J,I,deg_k) 依次试 (1,1,0):无 (1,1,1):无 (1,1,2):无 (1,1,3):无 (2,1,0):无 (2,1,1):无 (2,1,2):无 (2,1,3):无 (1,2,0):无 (1,2,1):无 (1,2,2):无 (1,2,3):无 (2,2,0):无 (2,2,1):无 (2,2,2):有解
    [E4] 首个非平凡解：J=2, I=2, a_ω 的 k-次数 ≤2；取样方程组零空间维数 1，其中 1 个基向量通过严格网格核对（网格 [9, 4, 11]，600 点）；用时 8.4 s
[PASS] [E4] 引理 A：找到非平凡的、系数只依赖 k 的递推（并经网格严格核对为多项式恒等式） 
    [E4] 递推：[-4/27 + -8/27k + 8/27k^2]·T(p−(0, 0, 0)) + [4/27 + 8/27k + -8/27k^2]·T(p−(0, 1, 0)) + [-4/9 + 2/3k + -2/9k^2]·T(p−(0, 1, 1)) + [-1/27 + -2/27k + 2/27k^2]·T(p−(0, 2, 0)) + [2/9 + -1/3k + 1/9k^2]·T(p−(0, 2, 1)) + [8/3 + -16/9k^2]·T(p−(1, 0, 0)) + [-8/3 + 16/9k^2]·T(p−(1, 1, 0)) + [20/9 + -8/3k + 4/9k^2]·T(p−(1, 1, 1)) + [2/3 + -4/9k^2]·T(p−(1, 2, 0)) + [-10/9 + 4/3k + -2/9k^2]·T(p−(1, 2, 1)) + [2/3 + -4/3k + 2/3k^2]·T(p−(1, 2, 2)) + [-4/3 + 8/3k + 8/3k^2]·T(p−(2, 0, 0)) + [4/3 + -8/3k + -8/3k^2]·T(p−(2, 1, 0)) + [2k + -2k^2]·T(p−(2, 1, 1)) + [-1/3 + 2/3k + 2/3k^2]·T(p−(2, 2, 0)) + [-1k + 1k^2]·T(p−(2, 2, 1)) = 0
[PASS] [E4] 引理 A 次数界：max_ω deg_{(m,j⃗)} Q_ω = 11 ≤ D = deg P + βI + γJ = 1 + 8·2 + 2·2 = 21 
    [E4] 引理 A 计数（纯算术）：β=8、γ=2、r+1=2；取 J=32（最小的 J 使 J+1>β^{r+1}/(r+1)!），则 I≥471 时 (J+1)(I+1)^{r+1} > C(D+r+1,r+1)。实际只需 (J,I)=(2,2)。
[PASS] [E4] 引理 F：前提成立的 2110 个格点上 T*(p) 都有限 
[PASS] [E4] 引理 F：这些点上对每个 ω 都有 T(p−ω)=T*(p)·Q_ω(p) （分母三种情形出现次数：普通 151962、「B−e(ω)<0≤B−e^min」17355（其中 T*≠0 的 11451 次靠 Q_ω 含 t=0 给出 0）、「B−e^min<0」58563；T*(p)=0 的点 1345 个）
[PASS] [E4] 引理 F：这些点上 Σ a_ω(k)T(p−ω)=0 （T(p)≠0 的点 515；T(p)=0 但某个 T(p−ω)≠0 的「边界」点 240；全为 0 的点 1355；前提不成立而跳过 1614）
[PASS] [E4] (N2)：R=diam_∞Ω=2，Q_R={k≥2R,m≥R}={k≥4,m≥2}；485 个支撑点的 R 邻域都良定义 
    [E4] 对照：把象限外移到 {k≥2,m≥0} 时 (N2) 失败（如 (2, 0, 0) 的邻点 (0, -2, -2) 不良定义）
[PASS] [E4] 拼接：Q′={k≥6,m≥4} 中 7×7 个 (k,m)、窗口内一切 j⃗（共 1098 点）上 Σa_ω(k)T̃(p−ω)=0 
    [E4] 对照：靠近原点的 (k,m)∈[0,3]² 上 T̃ 递推不成立的点 3 个（共查 242 点），例如 (0, 0, 0)
[PASS] [E4] 引理 S：C_α 不全为 0（{α:C_α≠0} 非空） 
[PASS] [E4] 引理 S：取极小元 α*=(0,)；α<α* 的 C_α 都为 0（共 0 个） 
[PASS] [E4] 引理 S：C_α=Σ_{ν⃗≥α}C(ν⃗,α)A_ν⃗ 可由二项式反演还原 A_ν⃗（上三角、对角为 1） 
    [E4] C_{α*} = (-4/27 + -8/27*k + 8/27*k^2)·S_k^-0 S_m^-0 + (-8/27 + 26/27*k + -14/27*k^2)·S_k^-0 S_m^-1 + (5/27 + -11/27*k + 5/27*k^2)·S_k^-0 S_m^-2 + (8/3 + -16/9*k^2)·S_k^-1 S_m^-0 + (-4/9 + -8/3*k + 20/9*k^2)·S_k^-1 S_m^-1 + (2/9)·S_k^-1 S_m^-2 + (-4/3 + 8/3*k + 8/3*k^2)·S_k^-2 S_m^-0 + (4/3 + -2/3*k + -14/3*k^2)·S_k^-2 S_m^-1 + (-1/3 + -1/3*k + 5/3*k^2)·S_k^-2 S_m^-2
[PASS] [E4] 引理 S：分部求和 Σ C(j⃗,α*)·(σ−1)^α T̃ = Σ C(j⃗,α*−α)·T̃（逐个 α，36 组） 
[PASS] [E4] 引理 S：Σ_j⃗ C(j⃗,α*)(A T̃)(k,m,j⃗) = (C_{α*}S)(k,m) 在 120 个 (k,m) 上成立（含 Q′ 之外） 
[PASS] [E4] 窗口外的 T̃ 都为 0（和式窗口取得足够大） 
[PASS] [E4] 结论：C_{α*}(Σ_j⃗T̃)=0 在 Q′ 的 7×7 个点上成立，C_{α*}≠0 
    [E4] 对照：在含 Q′ 之外的 120 个 (k,m) 上，C_{α*}S≠0 的点 2 个（都在 Q′ 之外）
[PASS] [E4] 这些非零点确实都不在 Q′ 中 []
[PASS] [E4] 和式锚点：Σ_j⃗ T̃(k,m,j⃗) 与独立公式一致（0≤k,m≤11） 
    [E4] 用时 11.2 s

====================================================================================================
例子 E5：C(k,j)C(2m−j,j)；分子 (2m−j)! 在 j>2m 才不良定义
    分子参数 [((1, 0, 0), 0), ((0, 2, -1), 0)]；分母参数 [((0, 0, 1), 0), ((1, 0, -1), 0), ((0, 0, 1), 0), ((0, 2, -2), 0)]；P={(0, 0, 0): Fraction(1, 1)}；z=('1', '1', '1')；β=10，γ=2
    [E5] 引理 A 搜索：(J,I,deg_k) 依次试 (1,1,0):无 (1,1,1):无 (1,1,2):无 (1,1,3):无 (2,1,0):无 (2,1,1):无 (2,1,2):无 (2,1,3):无 (1,2,0):无 (1,2,1):无 (1,2,2):无 (1,2,3):无 (2,2,0):有解
    [E5] 首个非平凡解：J=2, I=2, a_ω 的 k-次数 ≤0；取样方程组零空间维数 1，其中 1 个基向量通过严格网格核对（网格 [4, 8, 12]，585 点）；用时 0.7 s
[PASS] [E5] 引理 A：找到非平凡的、系数只依赖 k 的递推（并经网格严格核对为多项式恒等式） 
    [E5] 递推：[1]·T(p−(0, 0, 0)) + [-1]·T(p−(0, 1, 0)) + [-2]·T(p−(1, 0, 0)) + [2]·T(p−(1, 1, 0)) + [-2]·T(p−(1, 1, 1)) + [1]·T(p−(2, 0, 0)) + [-1]·T(p−(2, 1, 0)) + [2]·T(p−(2, 1, 1)) + [1]·T(p−(2, 2, 2)) = 0
[PASS] [E5] 引理 A 次数界：max_ω deg_{(m,j⃗)} Q_ω = 12 ≤ D = deg P + βI + γJ = 0 + 10·2 + 2·2 = 24 
    [E5] 引理 A 计数（纯算术）：β=10、γ=2、r+1=2；取 J=50（最小的 J 使 J+1>β^{r+1}/(r+1)!），则 I≥919 时 (J+1)(I+1)^{r+1} > C(D+r+1,r+1)。实际只需 (J,I)=(2,2)。
[PASS] [E5] 引理 F：前提成立的 1380 个格点上 T*(p) 都有限 
[PASS] [E5] 引理 F：这些点上对每个 ω 都有 T(p−ω)=T*(p)·Q_ω(p) （分母三种情形出现次数：普通 104400、「B−e(ω)<0≤B−e^min」12105（其中 T*≠0 的 9987 次靠 Q_ω 含 t=0 给出 0）、「B−e^min<0」32535；T*(p)=0 的点 688 个）
[PASS] [E5] 引理 F：这些点上 Σ a_ω(k)T(p−ω)=0 （T(p)≠0 的点 556；T(p)=0 但某个 T(p−ω)≠0 的「边界」点 136；全为 0 的点 688；前提不成立而跳过 2344）
[PASS] [E5] (N2)：R=diam_∞Ω=2，Q_R={k≥R,m≥3R}={k≥2,m≥6}；547 个支撑点的 R 邻域都良定义 
    [E5] 对照：把象限外移到 {k≥0,m≥4} 时 (N2) 失败（如 (0, 4, 0) 的邻点 (-2, 2, -2) 不良定义）
[PASS] [E5] 拼接：Q′={k≥4,m≥8} 中 7×7 个 (k,m)、窗口内一切 j⃗（共 1180 点）上 Σa_ω(k)T̃(p−ω)=0 
    [E5] 对照：靠近原点的 (k,m)∈[0,3]² 上 T̃ 递推不成立的点 3 个（共查 242 点），例如 (0, 0, 0)
[PASS] [E5] 引理 S：C_α 不全为 0（{α:C_α≠0} 非空） 
[PASS] [E5] 引理 S：取极小元 α*=(0,)；α<α* 的 C_α 都为 0（共 0 个） 
[PASS] [E5] 引理 S：C_α=Σ_{ν⃗≥α}C(ν⃗,α)A_ν⃗ 可由二项式反演还原 A_ν⃗（上三角、对角为 1） 
    [E5] C_{α*} = (1)·S_k^-0 S_m^-0 + (-1)·S_k^-0 S_m^-1 + (-2)·S_k^-1 S_m^-0 + (1)·S_k^-2 S_m^-0 + (1)·S_k^-2 S_m^-1 + (1)·S_k^-2 S_m^-2
[PASS] [E5] 引理 S：分部求和 Σ C(j⃗,α*)·(σ−1)^α T̃ = Σ C(j⃗,α*−α)·T̃（逐个 α，36 组） 
[PASS] [E5] 引理 S：Σ_j⃗ C(j⃗,α*)(A T̃)(k,m,j⃗) = (C_{α*}S)(k,m) 在 140 个 (k,m) 上成立（含 Q′ 之外） 
[PASS] [E5] 窗口外的 T̃ 都为 0（和式窗口取得足够大） 
[PASS] [E5] 结论：C_{α*}(Σ_j⃗T̃)=0 在 Q′ 的 7×7 个点上成立，C_{α*}≠0 
    [E5] 对照：在含 Q′ 之外的 140 个 (k,m) 上，C_{α*}S≠0 的点 3 个（都在 Q′ 之外）
[PASS] [E5] 这些非零点确实都不在 Q′ 中 []
[PASS] [E5] 和式锚点：Σ_j⃗ T̃(k,m,j⃗) 与独立公式一致（0≤k,m≤11） 
    [E5] 用时 2.0 s

====================================================================================================
例子 E6：C(m,j)·k!/(k+j)!；递推系数要依赖 k
    分子参数 [((0, 1, 0), 0), ((1, 0, 0), 0)]；分母参数 [((0, 0, 1), 0), ((0, 1, -1), 0), ((1, 0, 1), 0)]；P={(0, 0, 0): Fraction(1, 1)}；z=('1', '1', '1')；β=5，γ=2
    [E6] 引理 A 搜索：(J,I,deg_k) 依次试 (1,1,0):无 (1,1,1):有解
    [E6] 首个非平凡解：J=1, I=1, a_ω 的 k-次数 ≤1；取样方程组零空间维数 1，其中 1 个基向量通过严格网格核对（网格 [3, 2, 3]，48 点）；用时 0.0 s
[PASS] [E6] 引理 A：找到非平凡的、系数只依赖 k 的递推（并经网格严格核对为多项式恒等式） 
    [E6] 递推：[1]·T(p−(0, 1, 1)) + [-1k]·T(p−(1, 0, 0)) + [1k]·T(p−(1, 1, 0)) = 0
[PASS] [E6] 引理 A 次数界：max_ω deg_{(m,j⃗)} Q_ω = 4 ≤ D = deg P + βI + γJ = 0 + 5·1 + 2·1 = 7 
    [E6] 引理 A 计数（纯算术）：β=5、γ=2、r+1=2；取 J=12（最小的 J 使 J+1>β^{r+1}/(r+1)!），则 I≥207 时 (J+1)(I+1)^{r+1} > C(D+r+1,r+1)。实际只需 (J,I)=(1,1)。
[PASS] [E6] 引理 F：前提成立的 2299 个格点上 T*(p) 都有限 
[PASS] [E6] 引理 F：这些点上对每个 ω 都有 T(p−ω)=T*(p)·Q_ω(p) （分母三种情形出现次数：普通 42174、「B−e(ω)<0≤B−e^min」1826（其中 T*≠0 的 1474 次靠 Q_ω 含 t=0 给出 0）、「B−e^min<0」11176；T*(p)=0 的点 1331 个）
[PASS] [E6] 引理 F：这些点上 Σ a_ω(k)T(p−ω)=0 （T(p)≠0 的点 847；T(p)=0 但某个 T(p−ω)≠0 的「边界」点 121；全为 0 的点 1331；前提不成立而跳过 1425）
[PASS] [E6] (N2)：R=diam_∞Ω=1，Q_R={k≥R,m≥R}={k≥1,m≥1}；486 个支撑点的 R 邻域都良定义 
    [E6] 对照：把象限外移到 {k≥0,m≥0} 时 (N2) 失败（如 (0, 0, 0) 的邻点 (-1, -1, -1) 不良定义）
[PASS] [E6] 拼接：Q′={k≥2,m≥2} 中 7×7 个 (k,m)、窗口内一切 j⃗（共 840 点）上 Σa_ω(k)T̃(p−ω)=0 
    [E6] 对照：靠近原点的 (k,m)∈[0,3]² 上 T̃ 递推不成立的点 9 个（共查 210 点），例如 (0, 1, 1)
[PASS] [E6] 引理 S：C_α 不全为 0（{α:C_α≠0} 非空） 
[PASS] [E6] 引理 S：取极小元 α*=(0,)；α<α* 的 C_α 都为 0（共 0 个） 
[PASS] [E6] 引理 S：C_α=Σ_{ν⃗≥α}C(ν⃗,α)A_ν⃗ 可由二项式反演还原 A_ν⃗（上三角、对角为 1） 
    [E6] C_{α*} = (1)·S_k^-0 S_m^-1 + (-1*k)·S_k^-1 S_m^-0 + (1*k)·S_k^-1 S_m^-1
[PASS] [E6] 引理 S：分部求和 Σ C(j⃗,α*)·(σ−1)^α T̃ = Σ C(j⃗,α*−α)·T̃（逐个 α，24 组） 
[PASS] [E6] 引理 S：Σ_j⃗ C(j⃗,α*)(A T̃)(k,m,j⃗) = (C_{α*}S)(k,m) 在 64 个 (k,m) 上成立（含 Q′ 之外） 
[PASS] [E6] 窗口外的 T̃ 都为 0（和式窗口取得足够大） 
[PASS] [E6] 结论：C_{α*}(Σ_j⃗T̃)=0 在 Q′ 的 7×7 个点上成立，C_{α*}≠0 
    [E6] 对照：在含 Q′ 之外的 64 个 (k,m) 上，C_{α*}S≠0 的点 12 个（都在 Q′ 之外）
[PASS] [E6] 这些非零点确实都不在 Q′ 中 []
[PASS] [E6] 和式锚点：Σ_j⃗ T̃(k,m,j⃗) 与独立公式一致（0≤k,m≤11） 
    [E6] 用时 0.5 s

汇总：96 PASS / 0 FAIL，用时 21.3 s
总体：全部通过
