k=10 s_k=4：y>s_k 的根 ['9.0213', '63.1746', '309.3969']
k=30 s_k=10：y>s_k 的根 ['12.2747', '23.6639', '60.0004', '146.1024', '313.5695', '605.3412', '1085.2707', '1855.8356', '3105.2794', '5291.6157']
k=37 s_k=13：y>s_k 的根 ['16.5854', '31.8281', '71.7220', '155.9104', '307.9494', '557.5114', '944.3607', '1523.8268', '2377.0741', '3633.6851', '5531.9978', '8654.6087']
k=40 s_k=14：y>s_k 的根 ['17.5421', '32.0753', '69.0045', '145.7649', '283.0805', '506.2243', '847.8974', '1351.7568', '2078.2575', '3115.9697', '4606.3298', '6809.7367', '10363.9087']
PASS r-stats k<=40、y>s_k+1/2 的实根共 260 个（笔记 260），到最近整数的平均距离 0.2516（0.252），<0.05 的 23 个（23），<0.01 的 4 个（4）；最近的 8 个 ['k=30:60.00036(0.00036)', 'k=37:5531.99776(0.00224)', 'k=40:69.00449(0.00449)', 'k=34:4398.00584(0.00584)', 'k=32:1395.01168(0.01168)', 'k=28:1469.01223(0.01223)', 'k=15:345.01361(0.01361)', 'k=22:274.01574(0.01574)']
PASS r-count y>s_k 的根数 - floor(k/3) ∈ {0,1}、多出时 (s_k,s_k+1) 中有根（2<=k<=40）True；v_k 无重根 True；多出 1 个的 k：[5, 8, 11, 14, 17, 20, 23, 26, 29, 32, 35, 38]
PASS r-named 笔记点名的根：k=10 在 (9.020,9.022)、k=30 在 (60.0003,60.0004)、k=37 在 (5531.997,5531.999)、k=40 在 (69.004,69.005)；最大实根 k=30：5291.6157、k=40：10363.9087
多出 1 个根的 k 模 3 的余数：[2]；k≡2 (mod 3) 且 k>=5 时都多出：True
表：k s_k deg(v) #根(y>s_k) floor(k/3) #根∈(s_k,s_k+1) #根(y>s_k+1/2) sign v(s_k)
  2 1 1 0 0 0 0 0
  3 1 2 1 1 0 1 1
  4 2 2 1 1 0 1 -1
  5 2 3 2 1 1 1 -1
  6 2 4 2 2 0 2 1
  7 3 4 2 2 0 2 -1
  8 3 5 3 2 1 2 -1
  9 3 6 3 3 0 3 1
  10 4 6 3 3 0 3 -1
  11 4 7 4 3 1 3 -1
  12 4 8 4 4 0 4 1
  13 5 8 4 4 0 4 -1
  14 5 9 5 4 1 4 -1
  15 5 10 5 5 0 5 1
  16 6 10 5 5 0 5 -1
  17 6 11 6 5 1 5 -1
  18 6 12 6 6 0 6 1
  19 7 12 6 6 0 6 -1
  20 7 13 7 6 1 6 -1
  21 7 14 7 7 0 7 1
  22 8 14 7 7 0 7 -1
  23 8 15 8 7 1 7 -1
  24 8 16 8 8 0 8 1
  25 9 16 8 8 0 8 -1
  26 9 17 9 8 1 8 -1
  27 9 18 9 9 0 9 1
  28 10 18 9 9 0 9 -1
  29 10 19 10 9 1 9 -1
  30 10 20 10 10 0 10 1
  31 11 20 10 10 0 10 -1
  32 11 21 11 10 1 10 -1
  33 11 22 11 11 0 11 1
  34 12 22 11 11 0 11 -1
  35 12 23 12 11 1 11 -1
  36 12 24 12 12 0 12 1
  37 13 24 12 12 0 12 -1
  38 13 25 13 12 1 12 -1
  39 13 26 13 13 0 13 1
  40 14 26 13 13 0 13 -1
total 2s
SUMMARY s14-b8-r5 pass=3 fail=0
