PASS F1 basic facts on xi (min poly, disc -31, N=1, N(1+xi)=3, W_m(xi)=xi+xi^2, P_m(xi)=0 for m<=20)
PASS F2 xi^N not rational for 1<=|N|<=300 (reverse: (xi^3+xi)^N detected rational: True)
  (0,2): deg F=2 distinct=2 common-with-b_w(w=1..8)=[0, 0, 0, 0, 0, 0, 0, 0] excluded
  (1,1): deg F=2 distinct=2 common-with-b_w(w=1..8)=[0, 0, 0, 0, 0, 0, 0, 0] excluded
  (2,0): deg F=2 distinct=2 common-with-b_w(w=1..8)=[1, 0, 0, 0, 0, 0, 0, 0] excluded
  (0,3): deg F=3 distinct=3 common-with-b_w(w=1..8)=[0, 0, 0, 0, 0, 0, 0, 0] excluded
  (1,2): deg F=3 distinct=3 common-with-b_w(w=1..8)=[0, 0, 0, 0, 0, 0, 0, 0] excluded
  (2,1): deg F=3 distinct=3 common-with-b_w(w=1..8)=[0, 0, 0, 0, 0, 0, 0, 0] excluded
  (3,0): deg F=3 distinct=3 common-with-b_w(w=1..8)=[1, 0, 0, 0, 0, 0, 0, 0] excluded
  (0,4): deg F=4 distinct=4 common-with-b_w(w=1..8)=[0, 0, 0, 0, 0, 0, 0, 0] excluded
  (1,3): deg F=4 distinct=4 common-with-b_w(w=1..8)=[0, 0, 0, 0, 0, 0, 0, 0] excluded
  (2,2): deg F=4 distinct=4 common-with-b_w(w=1..8)=[0, 0, 0, 0, 0, 0, 0, 0] excluded
  (3,1): deg F=4 distinct=4 common-with-b_w(w=1..8)=[0, 0, 0, 0, 0, 0, 0, 0] excluded
  (4,0): deg F=4 distinct=4 common-with-b_w(w=1..8)=[1, 0, 0, 0, 0, 0, 0, 0] excluded
  (0,5): deg F=5 distinct=5 common-with-b_w(w=1..8)=[0, 0, 0, 0, 0, 0, 0, 0] excluded
  (1,4): deg F=5 distinct=5 common-with-b_w(w=1..8)=[0, 0, 0, 0, 0, 0, 0, 0] excluded
  (2,3): deg F=5 distinct=5 common-with-b_w(w=1..8)=[0, 0, 0, 0, 0, 0, 0, 0] excluded
  (3,2): deg F=5 distinct=5 common-with-b_w(w=1..8)=[0, 0, 0, 0, 0, 0, 0, 0] excluded
  (4,1): deg F=5 distinct=5 common-with-b_w(w=1..8)=[0, 0, 0, 0, 0, 0, 0, 0] excluded
  (5,0): deg F=5 distinct=5 common-with-b_w(w=1..8)=[1, 0, 0, 0, 0, 0, 0, 0] excluded
  (0,6): deg F=6 distinct=6 common-with-b_w(w=1..8)=[0, 0, 0, 0, 0, 0, 0, 0] excluded
  (1,5): deg F=6 distinct=6 common-with-b_w(w=1..8)=[0, 0, 0, 0, 0, 0, 0, 0] excluded
  (2,4): deg F=6 distinct=6 common-with-b_w(w=1..8)=[0, 0, 0, 0, 0, 0, 0, 0] excluded
  (3,3): deg F=6 distinct=6 common-with-b_w(w=1..8)=[0, 0, 0, 0, 0, 0, 0, 0] excluded
  (4,2): deg F=6 distinct=6 common-with-b_w(w=1..8)=[0, 0, 0, 0, 0, 0, 0, 0] excluded
  (5,1): deg F=6 distinct=6 common-with-b_w(w=1..8)=[0, 0, 0, 0, 0, 0, 0, 0] excluded
  (6,0): deg F=6 distinct=6 common-with-b_w(w=1..8)=[1, 0, 0, 0, 0, 0, 0, 0] excluded
  (0,7): deg F=7 distinct=7 common-with-b_w(w=1..8)=[0, 0, 0, 0, 0, 0, 0, 0] excluded
  (1,6): deg F=7 distinct=7 common-with-b_w(w=1..8)=[0, 0, 0, 0, 0, 0, 0, 0] excluded
  (2,5): deg F=7 distinct=7 common-with-b_w(w=1..8)=[0, 0, 0, 0, 0, 0, 0, 0] excluded
  (3,4): deg F=7 distinct=7 common-with-b_w(w=1..8)=[0, 0, 0, 0, 0, 0, 0, 0] excluded
  (4,3): deg F=7 distinct=7 common-with-b_w(w=1..8)=[0, 0, 0, 0, 0, 0, 0, 0] excluded
  (5,2): deg F=7 distinct=7 common-with-b_w(w=1..8)=[0, 0, 0, 0, 0, 0, 0, 0] excluded
  (6,1): deg F=7 distinct=7 common-with-b_w(w=1..8)=[0, 0, 0, 0, 0, 0, 0, 0] excluded
  (7,0): deg F=7 distinct=7 common-with-b_w(w=1..8)=[1, 0, 0, 0, 0, 0, 0, 0] excluded
  (0,8): deg F=8 distinct=8 common-with-b_w(w=1..8)=[0, 0, 0, 0, 0, 0, 0, 0] excluded
  (1,7): deg F=8 distinct=8 common-with-b_w(w=1..8)=[0, 0, 0, 0, 0, 0, 0, 0] excluded
  (2,6): deg F=8 distinct=8 common-with-b_w(w=1..8)=[0, 0, 0, 0, 0, 0, 0, 0] excluded
  (3,5): deg F=8 distinct=8 common-with-b_w(w=1..8)=[0, 0, 0, 0, 0, 0, 0, 0] excluded
  (4,4): deg F=8 distinct=8 common-with-b_w(w=1..8)=[0, 0, 0, 0, 0, 0, 0, 0] excluded
  (5,3): deg F=8 distinct=8 common-with-b_w(w=1..8)=[0, 0, 0, 0, 0, 0, 0, 0] excluded
  (6,2): deg F=8 distinct=8 common-with-b_w(w=1..8)=[0, 0, 0, 0, 0, 0, 0, 0] excluded
  (7,1): deg F=8 distinct=8 common-with-b_w(w=1..8)=[0, 0, 0, 0, 0, 0, 0, 0] excluded
  (8,0): deg F=8 distinct=8 common-with-b_w(w=1..8)=[1, 0, 0, 0, 0, 0, 0, 0] excluded
  (0,9): deg F=9 distinct=9 common-with-b_w(w=1..8)=[0, 0, 0, 0, 0, 0, 0, 0] excluded
  (1,8): deg F=9 distinct=9 common-with-b_w(w=1..8)=[0, 0, 0, 0, 0, 0, 0, 0] excluded
  (2,7): deg F=9 distinct=9 common-with-b_w(w=1..8)=[0, 0, 0, 0, 0, 0, 0, 0] excluded
  (3,6): deg F=9 distinct=9 common-with-b_w(w=1..8)=[0, 0, 0, 0, 0, 0, 0, 0] excluded
  (4,5): deg F=9 distinct=9 common-with-b_w(w=1..8)=[0, 0, 0, 0, 0, 0, 0, 0] excluded
  (5,4): deg F=9 distinct=9 common-with-b_w(w=1..8)=[0, 0, 0, 0, 0, 0, 0, 0] excluded
  (6,3): deg F=9 distinct=9 common-with-b_w(w=1..8)=[0, 0, 0, 0, 0, 0, 0, 0] excluded
  (7,2): deg F=9 distinct=9 common-with-b_w(w=1..8)=[0, 0, 0, 0, 0, 0, 0, 0] excluded
  (8,1): deg F=9 distinct=9 common-with-b_w(w=1..8)=[0, 0, 0, 0, 0, 0, 0, 0] excluded
  (9,0): deg F=9 distinct=9 common-with-b_w(w=1..8)=[1, 0, 0, 0, 0, 0, 0, 0] excluded
  (0,10): deg F=10 distinct=10 common-with-b_w(w=1..8)=[0, 0, 0, 0, 0, 0, 0, 0] excluded
  (1,9): deg F=10 distinct=10 common-with-b_w(w=1..8)=[0, 0, 0, 0, 0, 0, 0, 0] excluded
  (2,8): deg F=10 distinct=10 common-with-b_w(w=1..8)=[0, 0, 0, 0, 0, 0, 0, 0] excluded
  (3,7): deg F=10 distinct=10 common-with-b_w(w=1..8)=[0, 0, 0, 0, 0, 0, 0, 0] excluded
  (4,6): deg F=10 distinct=10 common-with-b_w(w=1..8)=[0, 0, 0, 0, 0, 0, 0, 0] excluded
  (5,5): deg F=10 distinct=10 common-with-b_w(w=1..8)=[0, 0, 0, 0, 0, 0, 0, 0] excluded
  (6,4): deg F=10 distinct=10 common-with-b_w(w=1..8)=[0, 0, 0, 0, 0, 0, 0, 0] excluded
  (7,3): deg F=10 distinct=10 common-with-b_w(w=1..8)=[0, 0, 0, 0, 0, 0, 0, 0] excluded
  (8,2): deg F=10 distinct=10 common-with-b_w(w=1..8)=[0, 0, 0, 0, 0, 0, 0, 0] excluded
  (9,1): deg F=10 distinct=10 common-with-b_w(w=1..8)=[0, 0, 0, 0, 0, 0, 0, 0] excluded
  (10,0): deg F=10 distinct=10 common-with-b_w(w=1..8)=[1, 0, 0, 0, 0, 0, 0, 0] excluded
  (0,11): deg F=11 distinct=11 common-with-b_w(w=1..8)=[0, 0, 0, 0, 0, 0, 0, 0] excluded
  (1,10): deg F=11 distinct=11 common-with-b_w(w=1..8)=[0, 0, 0, 0, 0, 0, 0, 0] excluded
  (2,9): deg F=11 distinct=11 common-with-b_w(w=1..8)=[0, 0, 0, 0, 0, 0, 0, 0] excluded
  (3,8): deg F=11 distinct=11 common-with-b_w(w=1..8)=[0, 0, 0, 0, 0, 0, 0, 0] excluded
  (4,7): deg F=11 distinct=11 common-with-b_w(w=1..8)=[0, 0, 0, 0, 0, 0, 0, 0] excluded
  (5,6): deg F=11 distinct=11 common-with-b_w(w=1..8)=[0, 0, 0, 0, 0, 0, 0, 0] excluded
  (6,5): deg F=11 distinct=11 common-with-b_w(w=1..8)=[0, 0, 0, 0, 0, 0, 0, 0] excluded
  (7,4): deg F=11 distinct=11 common-with-b_w(w=1..8)=[0, 0, 0, 0, 0, 0, 0, 0] excluded
  (8,3): deg F=11 distinct=11 common-with-b_w(w=1..8)=[0, 0, 0, 0, 0, 0, 0, 0] excluded
  (9,2): deg F=11 distinct=11 common-with-b_w(w=1..8)=[0, 0, 0, 0, 0, 0, 0, 0] excluded
  (10,1): deg F=11 distinct=11 common-with-b_w(w=1..8)=[0, 0, 0, 0, 0, 0, 0, 0] excluded
  (11,0): deg F=11 distinct=11 common-with-b_w(w=1..8)=[1, 0, 0, 0, 0, 0, 0, 0] excluded
  (0,12): deg F=12 distinct=12 common-with-b_w(w=1..8)=[0, 0, 0, 0, 0, 0, 0, 0] excluded
  (1,11): deg F=12 distinct=12 common-with-b_w(w=1..8)=[0, 0, 0, 0, 0, 0, 0, 0] excluded
  (2,10): deg F=12 distinct=12 common-with-b_w(w=1..8)=[0, 0, 0, 0, 0, 0, 0, 0] excluded
  (3,9): deg F=12 distinct=12 common-with-b_w(w=1..8)=[0, 0, 0, 0, 0, 0, 0, 0] excluded
  (4,8): deg F=12 distinct=12 common-with-b_w(w=1..8)=[0, 0, 0, 0, 0, 0, 0, 0] excluded
  (5,7): deg F=12 distinct=12 common-with-b_w(w=1..8)=[0, 0, 0, 0, 0, 0, 0, 0] excluded
  (6,6): deg F=12 distinct=12 common-with-b_w(w=1..8)=[0, 0, 0, 0, 0, 0, 0, 0] excluded
  (7,5): deg F=12 distinct=12 common-with-b_w(w=1..8)=[0, 0, 0, 0, 0, 0, 0, 0] excluded
  (8,4): deg F=12 distinct=12 common-with-b_w(w=1..8)=[0, 0, 0, 0, 0, 0, 0, 0] excluded
  (9,3): deg F=12 distinct=12 common-with-b_w(w=1..8)=[0, 0, 0, 0, 0, 0, 0, 0] excluded
  (10,2): deg F=12 distinct=12 common-with-b_w(w=1..8)=[0, 0, 0, 0, 0, 0, 0, 0] excluded
  (11,1): deg F=12 distinct=12 common-with-b_w(w=1..8)=[0, 0, 0, 0, 0, 0, 0, 0] excluded
  (12,0): deg F=12 distinct=12 common-with-b_w(w=1..8)=[1, 0, 0, 0, 0, 0, 0, 0] excluded
FAIL F3 fibre criterion exact in K[x]: only (2,1) not excluded among 88 shapes; xi on every fibre  not_excluded=[]
PASS F3b every fibre polynomial is squarefree (all 88 shapes)
PASS F4 case (I) product identity prod w_i = (-1)^{a+b+1} xi^{-3e} (float, worst rel err 3.6e-09)
PASS F5 case (IV): a rational only for beta=1 (exact, beta<=40); interval bounds True; float identities True
  reverse: corrupted exponent -> (2,1) control flips to 'excluded': True; 'xi on fibre' fails for [(1, 2), (3, 1), (2, 3), (0, 3)]
PASS F6 reverse check: corrupting v_0 is detected (control (2,1) and xi-on-fibre both FAIL)
SUMMARY fiber: 6 PASS, 1 FAIL
