CAT 1 3 8 {2: 3}
CAT 1 7 57 {3: 1, 19: 1}
CAT 1 11 60 {2: 2, 3: 1, 5: 1}
CAT 1 13 168 {2: 3, 3: 1, 7: 1}
CAT 1 17 288 {2: 5, 3: 2}
CAT 1 23 528 {2: 4, 3: 1, 11: 1}
CAT 1 29 840 {2: 3, 3: 1, 5: 1, 7: 1}
CAT 1 37 342 {2: 1, 3: 2, 19: 1}
CAT 1 43 1848 {2: 3, 3: 1, 7: 1, 11: 1}
CAT 1 47 46 {2: 1, 23: 1}
CAT 1 53 468 {2: 2, 3: 2, 13: 1}
CAT 1 67 33 {3: 1, 11: 1}
CAT 1 79 6240 {2: 5, 3: 1, 5: 1, 13: 1}
CAT 1 89 7920 {2: 4, 3: 2, 5: 1, 11: 1}
CAT 1 127 2016 {2: 5, 3: 2, 7: 1}
CAT 1 131 130 {2: 1, 5: 1, 13: 1}
CAT 1 137 6256 {2: 4, 17: 1, 23: 1}
CAT 1 139 1610 {2: 1, 5: 1, 7: 1, 23: 1}
CAT 1 151 22800 {2: 4, 3: 1, 5: 2, 19: 1}
CAT 1 181 32760 {2: 3, 3: 2, 5: 1, 7: 1, 13: 1}
CAT 1 197 2156 {2: 2, 7: 2, 11: 1}
CAT 1 199 3960 {2: 3, 3: 2, 5: 1, 11: 1}
CAT 1 229 26220 {2: 2, 3: 1, 5: 1, 19: 1, 23: 1}
CAT 1 239 8160 {2: 5, 3: 1, 5: 1, 17: 1}
CAT 1 241 9680 {2: 4, 5: 1, 11: 2}
CAT 1 251 63000 {2: 3, 3: 2, 5: 3, 7: 1}
CAT 1 271 73440 {2: 5, 3: 3, 5: 1, 17: 1}
CAT 1 337 113568 {2: 5, 3: 1, 7: 1, 13: 2}
CAT 1 379 378 {2: 1, 3: 3, 7: 1}
CAT 1 449 14400 {2: 6, 3: 2, 5: 2}
CAT 1 461 106260 {2: 2, 3: 1, 5: 1, 7: 1, 11: 1, 23: 1}
CAT 1 521 520 {2: 3, 5: 1, 13: 1}
CAT 1 571 108680 {2: 3, 5: 1, 11: 1, 13: 1, 19: 1}
CAT 1 577 576 {2: 6, 3: 2}
CAT 1 617 616 {2: 3, 7: 1, 11: 1}
CAT 1 647 52326 {2: 1, 3: 4, 17: 1, 19: 1}
CAT 1 811 810 {2: 1, 3: 4, 5: 1}
CAT 1 881 55440 {2: 4, 3: 2, 5: 1, 7: 1, 11: 1}
CAT 1 883 14994 {2: 1, 3: 2, 7: 2, 17: 1}
CAT 1 911 829920 {2: 5, 3: 1, 5: 1, 7: 1, 13: 1, 19: 1}
CAT 1 919 918 {2: 1, 3: 3, 17: 1}
CAT 1 937 936 {2: 3, 3: 2, 13: 1}
CAT 1 967 467544 {2: 3, 3: 1, 7: 1, 11: 2, 23: 1}
CAT 1 1013 85514 {2: 1, 11: 1, 13: 2, 23: 1}
CAT 1 1327 1326 {2: 1, 3: 1, 13: 1, 17: 1}
CAT 1 1429 340340 {2: 2, 5: 1, 7: 1, 11: 1, 13: 1, 17: 1}
CAT 1 1871 48620 {2: 2, 5: 1, 11: 1, 13: 1, 17: 1}
CAT 1 2003 2002 {2: 1, 7: 1, 11: 1, 13: 1}
CAT 1 2017 2016 {2: 5, 3: 2, 7: 1}
CAT 1 2341 585 {3: 2, 5: 1, 13: 1}
CAT 1 2393 5726448 {2: 4, 3: 2, 7: 1, 13: 1, 19: 1, 23: 1}
CAT 1 2521 2520 {2: 3, 3: 2, 5: 1, 7: 1}
CAT 1 2531 2530 {2: 1, 5: 1, 11: 1, 23: 1}
CAT 1 3041 9247680 {2: 6, 3: 2, 5: 1, 13: 2, 19: 1}
CAT 1 3079 3078 {2: 1, 3: 4, 19: 1}
CAT 1 3221 3220 {2: 2, 5: 1, 7: 1, 23: 1}
CAT 1 3389 3388 {2: 2, 7: 1, 11: 2}
CAT 1 3631 3630 {2: 1, 3: 1, 5: 1, 11: 2}
CAT 1 3823 3822 {2: 1, 3: 1, 7: 2, 13: 1}
CAT 1 3851 3850 {2: 1, 5: 2, 7: 1, 11: 1}
CAT 1 3911 3910 {2: 1, 5: 1, 17: 1, 23: 1}
CAT 1 4447 4446 {2: 1, 3: 2, 13: 1, 19: 1}
CAT 1 4621 1540 {2: 2, 5: 1, 7: 1, 11: 1}
CAT 1 4993 4992 {2: 7, 3: 1, 13: 1}
CAT 1 5501 5500 {2: 2, 5: 3, 11: 1}
CAT 1 5701 5700 {2: 2, 3: 1, 5: 2, 19: 1}
CAT 1 5851 8558550 {2: 1, 3: 2, 5: 2, 7: 1, 11: 1, 13: 1, 19: 1}
CAT 1 6121 3060 {2: 2, 3: 2, 5: 1, 17: 1}
CAT 1 6301 6300 {2: 2, 3: 2, 5: 2, 7: 1}
CAT 1 6761 5713890 {2: 1, 3: 1, 5: 1, 7: 2, 13: 2, 23: 1}
CAT 1 6917 6916 {2: 2, 7: 1, 13: 1, 19: 1}
CAT 1 7039 2346 {2: 1, 3: 1, 17: 1, 23: 1}
CAT 1 7057 2352 {2: 4, 3: 1, 7: 2}
CAT 1 7351 2450 {2: 1, 5: 2, 7: 2}
CAT 1 7411 3705 {3: 1, 5: 1, 13: 1, 19: 1}
CAT 1 7489 7488 {2: 6, 3: 2, 13: 1}
CAT 1 8101 8100 {2: 2, 3: 4, 5: 2}
CAT 1 8161 8160 {2: 5, 3: 1, 5: 1, 17: 1}
CAT 1 9283 9282 {2: 1, 3: 1, 7: 1, 13: 1, 17: 1}
CAT 1 9521 4760 {2: 3, 5: 1, 7: 1, 17: 1}
CAT 1 9661 4830 {2: 1, 3: 1, 5: 1, 7: 1, 23: 1}
CAT 1 10141 10140 {2: 2, 3: 1, 5: 1, 13: 2}
CAT 1 10337 5168 {2: 4, 17: 1, 19: 1}
CAT 1 11701 5850 {2: 1, 3: 2, 5: 2, 13: 1}
CAT 1 11969 143256960 {2: 7, 3: 2, 5: 1, 7: 1, 11: 1, 17: 1, 19: 1}
CAT 1 12161 12160 {2: 7, 5: 1, 19: 1}
CAT 1 12377 12376 {2: 3, 7: 1, 13: 1, 17: 1}
CAT 1 12637 4212 {2: 2, 3: 4, 13: 1}
CAT 1 12853 12852 {2: 2, 3: 3, 7: 1, 17: 1}
CAT 1 13339 13338 {2: 1, 3: 3, 13: 1, 19: 1}
CAT 1 13721 13720 {2: 3, 5: 1, 7: 3}
CAT 1 14081 7040 {2: 7, 5: 1, 11: 1}
CAT 1 15733 15732 {2: 2, 3: 2, 19: 1, 23: 1}
CAT 1 15877 15876 {2: 2, 3: 4, 7: 2}
CAT 1 15913 15912 {2: 3, 3: 2, 13: 1, 17: 1}
CAT 1 17137 17136 {2: 4, 3: 2, 7: 1, 17: 1}
CAT 1 18217 18216 {2: 3, 3: 2, 11: 1, 23: 1}
CAT 1 18253 18252 {2: 2, 3: 3, 13: 2}
CAT 1 18481 9240 {2: 3, 3: 1, 5: 1, 7: 1, 11: 1}
CAT 1 20333 20332 {2: 2, 13: 1, 17: 1, 23: 1}
CAT 1 20593 1872 {2: 4, 3: 2, 13: 1}
CAT 1 22573 22572 {2: 2, 3: 3, 11: 1, 19: 1}
CAT 1 23297 23296 {2: 8, 7: 1, 13: 1}
CAT 1 24473 24472 {2: 3, 7: 1, 19: 1, 23: 1}
CAT 1 25169 25168 {2: 4, 11: 2, 13: 1}
CAT 1 25301 25300 {2: 2, 5: 2, 11: 1, 23: 1}
CAT 1 26881 6720 {2: 6, 3: 1, 5: 1, 7: 1}
CAT 1 28729 1410864 {2: 4, 3: 1, 7: 1, 13: 1, 17: 1, 19: 1}
CAT 1 30493 30492 {2: 2, 3: 2, 7: 1, 11: 2}
CAT 1 31051 31050 {2: 1, 3: 3, 5: 2, 23: 1}
CAT 1 32341 32340 {2: 2, 3: 1, 5: 1, 7: 2, 11: 1}
CAT 1 32833 32832 {2: 6, 3: 3, 19: 1}
CAT 1 35201 35200 {2: 7, 5: 2, 11: 1}
CAT 1 37951 37950 {2: 1, 3: 1, 5: 2, 11: 1, 23: 1}
CAT 1 38039 38038 {2: 1, 7: 1, 11: 1, 13: 1, 19: 1}
CAT 1 38611 38610 {2: 1, 3: 3, 5: 1, 11: 1, 13: 1}
CAT 1 39313 39312 {2: 4, 3: 3, 7: 1, 13: 1}
CAT 1 40801 40800 {2: 5, 3: 1, 5: 2, 17: 1}
CAT 1 43201 43200 {2: 6, 3: 3, 5: 2}
CAT 1 43759 43758 {2: 1, 3: 2, 11: 1, 13: 1, 17: 1}
CAT 1 43777 43776 {2: 8, 3: 2, 19: 1}
CAT 1 44101 44100 {2: 2, 3: 2, 5: 2, 7: 2}
CAT 1 47251 23625 {3: 3, 5: 3, 7: 1}
CAT 1 49681 24840 {2: 3, 3: 3, 5: 1, 23: 1}
CAT 1 53353 53352 {2: 3, 3: 3, 13: 1, 19: 1}
CAT 1 53551 53550 {2: 1, 3: 2, 5: 2, 7: 1, 17: 1}
CAT 1 53857 53856 {2: 5, 3: 2, 11: 1, 17: 1}
CAT 1 54419 54418 {2: 1, 7: 1, 13: 2, 23: 1}
CAT 1 56701 28350 {2: 1, 3: 4, 5: 2, 7: 1}
CAT 1 57457 57456 {2: 4, 3: 3, 7: 1, 19: 1}
CAT 1 62791 62790 {2: 1, 3: 1, 5: 1, 7: 1, 13: 1, 23: 1}
CAT 1 63113 63112 {2: 3, 7: 3, 23: 1}
CAT 1 63649 20155200 {2: 6, 3: 1, 5: 2, 13: 1, 17: 1, 19: 1}
CAT 1 65171 65170 {2: 1, 5: 1, 7: 3, 19: 1}
CAT 1 65521 65520 {2: 4, 3: 2, 5: 1, 7: 1, 13: 1}
CAT 1 68993 68992 {2: 7, 7: 2, 11: 1}
CAT 1 69499 69498 {2: 1, 3: 5, 11: 1, 13: 1}
CAT 1 72931 72930 {2: 1, 3: 1, 5: 1, 11: 1, 13: 1, 17: 1}
CAT 1 73009 73008 {2: 4, 3: 3, 13: 2}
CAT 1 76231 25410 {2: 1, 3: 1, 5: 1, 7: 1, 11: 2}
CAT 1 87211 43605 {3: 3, 5: 1, 17: 1, 19: 1}
CAT 1 91393 91392 {2: 8, 3: 1, 7: 1, 17: 1}
CAT 1 92821 92820 {2: 2, 3: 1, 5: 1, 7: 1, 13: 1, 17: 1}
CAT 1 93059 2737 {7: 1, 17: 1, 23: 1}
CAT 1 94849 15808 {2: 6, 13: 1, 19: 1}
CAT 1 97241 97240 {2: 3, 5: 1, 11: 1, 13: 1, 17: 1}
CAT 1 98737 98736 {2: 4, 3: 1, 11: 2, 17: 1}
CAT 1 104651 288206100 {2: 2, 3: 4, 5: 2, 7: 1, 13: 1, 17: 1, 23: 1}
CAT 1 110881 110880 {2: 5, 3: 2, 5: 1, 7: 1, 11: 1}
CAT 1 111721 27930 {2: 1, 3: 1, 5: 1, 7: 2, 19: 1}
CAT 1 113051 113050 {2: 1, 5: 2, 7: 1, 17: 1, 19: 1}
CAT 1 114001 114000 {2: 4, 3: 1, 5: 3, 19: 1}
CAT 1 116689 116688 {2: 4, 3: 1, 11: 1, 13: 1, 17: 1}
CAT 1 119953 19992 {2: 3, 3: 1, 7: 2, 17: 1}
CAT 1 123553 123552 {2: 5, 3: 3, 11: 1, 13: 1}
CAT 1 129277 14364 {2: 2, 3: 3, 7: 1, 19: 1}
CAT 1 130411 43470 {2: 1, 3: 3, 5: 1, 7: 1, 23: 1}
CAT 1 134401 134400 {2: 8, 3: 1, 5: 2, 7: 1}
CAT 1 134947 134946 {2: 1, 3: 4, 7: 2, 17: 1}
CAT 1 135241 135240 {2: 3, 3: 1, 5: 1, 7: 2, 23: 1}
CAT 1 135433 135432 {2: 3, 3: 4, 11: 1, 19: 1}
CAT 1 135661 135660 {2: 2, 3: 1, 5: 1, 7: 1, 17: 1, 19: 1}
CAT 1 136621 136620 {2: 2, 3: 3, 5: 1, 11: 1, 23: 1}
CAT 1 141121 141120 {2: 6, 3: 2, 5: 1, 7: 2}
CAT 1 143617 71808 {2: 7, 3: 1, 11: 1, 17: 1}
CAT 1 148721 148720 {2: 4, 5: 1, 11: 1, 13: 2}
CAT 1 151201 151200 {2: 5, 3: 3, 5: 2, 7: 1}
CAT 1 161569 161568 {2: 5, 3: 3, 11: 1, 17: 1}
CAT 1 167077 167076 {2: 2, 3: 3, 7: 1, 13: 1, 17: 1}
CAT 1 167441 167440 {2: 4, 5: 1, 7: 1, 13: 1, 23: 1}
CAT 1 170101 170100 {2: 2, 3: 5, 5: 2, 7: 1}
CAT 1 171029 171028 {2: 2, 11: 1, 13: 2, 23: 1}
CAT 1 172801 172800 {2: 8, 3: 3, 5: 2}
CAT 1 174637 174636 {2: 2, 3: 4, 7: 2, 11: 1}
CAT 1 178753 178752 {2: 6, 3: 1, 7: 2, 19: 1}
CAT 1 190027 190026 {2: 1, 3: 5, 17: 1, 23: 1}
CAT 1 199921 199920 {2: 4, 3: 1, 5: 1, 7: 2, 17: 1}
CAT 1 204517 204516 {2: 2, 3: 2, 13: 1, 19: 1, 23: 1}
CAT 1 205633 205632 {2: 6, 3: 3, 7: 1, 17: 1}
CAT 1 209441 209440 {2: 5, 5: 1, 7: 1, 11: 1, 17: 1}
CAT 1 219451 219450 {2: 1, 3: 1, 5: 2, 7: 1, 11: 1, 19: 1}
CAT 1 224251 112125 {3: 1, 5: 3, 13: 1, 23: 1}
CAT 1 232051 232050 {2: 1, 3: 1, 5: 2, 7: 1, 13: 1, 17: 1}
CAT 1 235951 235950 {2: 1, 3: 1, 5: 2, 11: 2, 13: 1}
CAT 1 238001 238000 {2: 4, 5: 3, 7: 1, 17: 1}
CAT 1 239201 239200 {2: 5, 5: 2, 13: 1, 23: 1}
CAT 1 241921 120960 {2: 7, 3: 3, 5: 1, 7: 1}
CAT 1 242551 242550 {2: 1, 3: 2, 5: 2, 7: 2, 11: 1}
CAT 1 248293 124146 {2: 1, 3: 3, 11: 2, 19: 1}
CAT 1 251941 125970 {2: 1, 3: 1, 5: 1, 13: 1, 17: 1, 19: 1}
CAT 1 253501 253500 {2: 2, 3: 1, 5: 3, 13: 2}
CAT 1 258337 258336 {2: 5, 3: 3, 13: 1, 23: 1}
CAT 1 264961 264960 {2: 8, 3: 2, 5: 1, 23: 1}
CAT 1 267301 267300 {2: 2, 3: 5, 5: 2, 11: 1}
CAT 1 276277 276276 {2: 2, 3: 1, 7: 1, 11: 1, 13: 1, 23: 1}
CAT 1 277993 46332 {2: 2, 3: 4, 11: 1, 13: 1}
CAT 1 280099 280098 {2: 1, 3: 4, 7: 1, 13: 1, 19: 1}
CAT 1 288991 288990 {2: 1, 3: 2, 5: 1, 13: 2, 19: 1}
CAT 1 290701 290700 {2: 2, 3: 2, 5: 2, 17: 1, 19: 1}
CAT 1 305761 305760 {2: 5, 3: 1, 5: 1, 7: 2, 13: 1}
CAT 1 310081 103360 {2: 6, 5: 1, 17: 1, 19: 1}
CAT 1 310501 155250 {2: 1, 3: 3, 5: 3, 23: 1}
CAT 1 320113 160056 {2: 3, 3: 4, 13: 1, 19: 1}
CAT 1 331501 331500 {2: 2, 3: 1, 5: 3, 13: 1, 17: 1}
CAT 1 339769 169884 {2: 2, 3: 3, 11: 2, 13: 1}
CAT 1 344863 114954 {2: 1, 3: 1, 7: 2, 17: 1, 23: 1}
CAT 1 364321 364320 {2: 5, 3: 2, 5: 1, 11: 1, 23: 1}
CAT 1 366521 183260 {2: 2, 5: 1, 7: 2, 11: 1, 17: 1}
CAT 1 368083 368082 {2: 1, 3: 2, 11: 2, 13: 2}
CAT 1 370261 370260 {2: 2, 3: 2, 5: 1, 11: 2, 17: 1}
CAT 1 383041 191520 {2: 5, 3: 2, 5: 1, 7: 1, 19: 1}
CAT 1 384751 384750 {2: 1, 3: 4, 5: 3, 19: 1}
CAT 1 386233 386232 {2: 3, 3: 1, 7: 1, 11: 2, 19: 1}
CAT 1 388961 194480 {2: 4, 5: 1, 11: 1, 13: 1, 17: 1}
CAT 1 391021 130340 {2: 2, 5: 1, 7: 3, 19: 1}
CAT 1 393301 393300 {2: 2, 3: 2, 5: 2, 19: 1, 23: 1}
CAT 1 401311 401310 {2: 1, 3: 2, 5: 1, 7: 3, 13: 1}
CAT 1 410551 410550 {2: 1, 3: 1, 5: 2, 7: 1, 17: 1, 23: 1}
CAT 1 413713 413712 {2: 4, 3: 2, 13: 2, 17: 1}
CAT 1 418177 418176 {2: 7, 3: 3, 11: 2}
CAT 1 426007 71001 {3: 2, 7: 3, 23: 1}
CAT 1 426889 71148 {2: 2, 3: 1, 7: 2, 11: 2}
CAT 1 432433 432432 {2: 4, 3: 3, 7: 1, 11: 1, 13: 1}
CAT 1 436591 436590 {2: 1, 3: 4, 5: 1, 7: 2, 11: 1}
CAT 1 442069 748 {2: 2, 11: 1, 17: 1}
CAT 1 444529 444528 {2: 4, 3: 4, 7: 3}
CAT 1 446881 223440 {2: 4, 3: 1, 5: 1, 7: 2, 19: 1}
CAT 1 448801 40800 {2: 5, 3: 1, 5: 2, 17: 1}
CAT 1 451441 112860 {2: 2, 3: 3, 5: 1, 11: 1, 19: 1}
CAT 1 459817 229908 {2: 2, 3: 1, 7: 2, 17: 1, 23: 1}
CAT 1 476477 476476 {2: 2, 7: 2, 11: 1, 13: 1, 17: 1}
CAT 1 481651 481650 {2: 1, 3: 1, 5: 2, 13: 2, 19: 1}
CAT 1 489061 244530 {2: 1, 3: 2, 5: 1, 11: 1, 13: 1, 19: 1}
CAT 1 499801 124950 {2: 1, 3: 1, 5: 2, 7: 2, 17: 1}
CAT 1 504901 504900 {2: 2, 3: 3, 5: 2, 11: 1, 17: 1}
CAT 1 526501 526500 {2: 2, 3: 4, 5: 3, 13: 1}
CAT 1 527851 527850 {2: 1, 3: 3, 5: 2, 17: 1, 23: 1}
CAT 1 538201 269100 {2: 2, 3: 2, 5: 2, 13: 1, 23: 1}
CAT 1 539449 269724 {2: 2, 3: 1, 7: 1, 13: 2, 19: 1}
CAT 1 540541 180180 {2: 2, 3: 2, 5: 1, 7: 1, 11: 1, 13: 1}
CAT 1 543313 543312 {2: 4, 3: 2, 7: 3, 11: 1}
CAT 1 549121 549120 {2: 8, 3: 1, 5: 1, 11: 1, 13: 1}
CAT 1 552553 276276 {2: 2, 3: 1, 7: 1, 11: 1, 13: 1, 23: 1}
CAT 1 563501 563500 {2: 2, 5: 3, 7: 2, 23: 1}
CAT 1 564301 282150 {2: 1, 3: 3, 5: 2, 11: 1, 19: 1}
CAT 1 573497 573496 {2: 3, 7: 3, 11: 1, 19: 1}
CAT 1 576577 576576 {2: 6, 3: 2, 7: 1, 11: 1, 13: 1}
CAT 1 600601 300300 {2: 2, 3: 1, 5: 2, 7: 1, 11: 1, 13: 1}
CAT 1 602141 301070 {2: 1, 5: 1, 7: 1, 11: 1, 17: 1, 23: 1}
CAT 1 608581 304290 {2: 1, 3: 3, 5: 1, 7: 2, 23: 1}
CAT 1 616897 616896 {2: 6, 3: 4, 7: 1, 17: 1}
CAT 1 617401 617400 {2: 3, 3: 2, 5: 2, 7: 3}
CAT 1 640333 213444 {2: 2, 3: 2, 7: 2, 11: 2}
CAT 1 656371 50490 {2: 1, 3: 3, 5: 1, 11: 1, 17: 1}
CAT 1 660661 660660 {2: 2, 3: 1, 5: 1, 7: 1, 11: 2, 13: 1}
CAT 1 684451 684450 {2: 1, 3: 4, 5: 2, 13: 2}
CAT 1 687961 229320 {2: 3, 3: 2, 5: 1, 7: 2, 13: 1}
CAT 1 737353 737352 {2: 3, 3: 2, 7: 2, 11: 1, 19: 1}
CAT 1 748441 106920 {2: 3, 3: 5, 5: 1, 11: 1}
CAT 1 755137 755136 {2: 6, 3: 3, 19: 1, 23: 1}
CAT 1 759001 759000 {2: 3, 3: 1, 5: 3, 11: 1, 23: 1}
CAT 1 762049 762048 {2: 6, 3: 5, 7: 2}
CAT 1 840841 840840 {2: 3, 3: 1, 5: 1, 7: 2, 11: 1, 13: 1}
CAT 1 846721 846720 {2: 7, 3: 3, 5: 1, 7: 2}
CAT 1 858001 858000 {2: 4, 3: 1, 5: 3, 11: 1, 13: 1}
CAT 1 858859 429429 {3: 1, 7: 1, 11: 2, 13: 2}
CAT 1 865261 865260 {2: 2, 3: 2, 5: 1, 11: 1, 19: 1, 23: 1}
CAT 1 874001 874000 {2: 4, 5: 3, 19: 1, 23: 1}
CAT 1 895051 895050 {2: 1, 3: 4, 5: 2, 13: 1, 17: 1}
CAT 1 908821 454410 {2: 1, 3: 5, 5: 1, 11: 1, 17: 1}
CAT 1 912871 912870 {2: 1, 3: 4, 5: 1, 7: 2, 23: 1}
CAT 1 924769 924768 {2: 5, 3: 2, 13: 2, 19: 1}
CAT 1 936391 133770 {2: 1, 3: 1, 5: 1, 7: 3, 13: 1}
CAT 1 948091 316030 {2: 1, 5: 1, 11: 1, 13: 2, 17: 1}
CAT 1 951787 475893 {3: 2, 11: 2, 19: 1, 23: 1}
CAT 1 1005313 1005312 {2: 8, 3: 1, 7: 1, 11: 1, 17: 1}
CAT 1 1010881 336960 {2: 6, 3: 4, 5: 1, 13: 1}
CAT 1 1029001 514500 {2: 2, 3: 1, 5: 3, 7: 3}
CAT 1 1077301 1077300 {2: 2, 3: 4, 5: 2, 7: 1, 19: 1}
CAT 1 1079569 1079568 {2: 4, 3: 4, 7: 2, 17: 1}
CAT 1 1092961 546480 {2: 4, 3: 3, 5: 1, 11: 1, 23: 1}
CAT 1 1105651 368550 {2: 1, 3: 4, 5: 2, 7: 1, 13: 1}
CAT 1 1115731 1115730 {2: 1, 3: 2, 5: 1, 7: 2, 11: 1, 23: 1}
CAT 1 1143073 381024 {2: 5, 3: 5, 7: 2}
CAT 1 1153681 1153680 {2: 4, 3: 1, 5: 1, 11: 1, 19: 1, 23: 1}
CAT 1 1156681 1156680 {2: 3, 3: 5, 5: 1, 7: 1, 17: 1}
CAT 1 1160251 1160250 {2: 1, 3: 1, 5: 3, 7: 1, 13: 1, 17: 1}
CAT 1 1172491 1172490 {2: 1, 3: 1, 5: 1, 11: 2, 17: 1, 19: 1}
CAT 1 1178101 1178100 {2: 2, 3: 2, 5: 2, 7: 1, 11: 1, 17: 1}
CAT 1 1179901 235980 {2: 2, 3: 3, 5: 1, 19: 1, 23: 1}
CAT 1 1199521 399840 {2: 5, 3: 1, 5: 1, 7: 2, 17: 1}
CAT 1 1204633 1204632 {2: 3, 3: 4, 11: 1, 13: 2}
CAT 1 1214401 1214400 {2: 6, 3: 1, 5: 2, 11: 1, 23: 1}
CAT 1 1228501 614250 {2: 1, 3: 3, 5: 3, 7: 1, 13: 1}
CAT 1 1243841 1243840 {2: 6, 5: 1, 13: 2, 23: 1}
CAT 1 1269049 1269048 {2: 3, 3: 1, 11: 2, 19: 1, 23: 1}
CAT 1 1297297 648648 {2: 3, 3: 4, 7: 1, 11: 1, 13: 1}
CAT 1 1326001 663000 {2: 3, 3: 1, 5: 3, 13: 1, 17: 1}
CAT 1 1337701 1337700 {2: 2, 3: 1, 5: 2, 7: 3, 13: 1}
CAT 1 1338481 1338480 {2: 4, 3: 2, 5: 1, 11: 1, 13: 2}
CAT 1 1391041 115920 {2: 4, 3: 2, 5: 1, 7: 1, 23: 1}
CAT 1 1415881 1415880 {2: 3, 3: 4, 5: 1, 19: 1, 23: 1}
CAT 1 1425601 356400 {2: 4, 3: 4, 5: 2, 11: 1}
CAT 1 1433251 1433250 {2: 1, 3: 2, 5: 3, 7: 2, 13: 1}
CAT 1 1435201 717600 {2: 5, 3: 1, 5: 2, 13: 1, 23: 1}
CAT 1 1445137 1445136 {2: 4, 3: 1, 7: 1, 11: 1, 17: 1, 23: 1}
CAT 1 1453141 1453140 {2: 2, 3: 5, 5: 1, 13: 1, 23: 1}
CAT 1 1470151 1470150 {2: 1, 3: 5, 5: 2, 11: 2}
CAT 1 1471361 294272 {2: 7, 11: 2, 19: 1}
CAT 1 1487201 1487200 {2: 5, 5: 2, 11: 1, 13: 2}
CAT 1 1492261 497420 {2: 2, 5: 1, 7: 1, 11: 1, 17: 1, 19: 1}
CAT 1 1501441 1501440 {2: 8, 3: 1, 5: 1, 17: 1, 23: 1}
CAT 1 1501501 1501500 {2: 2, 3: 1, 5: 3, 7: 1, 11: 1, 13: 1}
CAT 1 1514701 757350 {2: 1, 3: 4, 5: 2, 11: 1, 17: 1}
CAT 1 1539253 513084 {2: 2, 3: 1, 11: 1, 13: 2, 23: 1}
CAT 1 1564993 1564992 {2: 6, 3: 2, 11: 1, 13: 1, 19: 1}
CAT 1 1599361 228480 {2: 7, 3: 1, 5: 1, 7: 1, 17: 1}
CAT 1 1630721 815360 {2: 8, 5: 1, 7: 2, 13: 1}
CAT 1 1655281 1655280 {2: 4, 3: 2, 5: 1, 11: 2, 19: 1}
CAT 1 1660121 415030 {2: 1, 5: 1, 7: 3, 11: 2}
CAT 1 1670761 1670760 {2: 3, 3: 3, 5: 1, 7: 1, 13: 1, 17: 1}
CAT 1 1679329 1679328 {2: 5, 3: 2, 7: 3, 17: 1}
CAT 1 1693441 1693440 {2: 8, 3: 3, 5: 1, 7: 2}
CAT 1 1709317 1709316 {2: 2, 3: 3, 7: 2, 17: 1, 19: 1}
CAT 1 1722241 861120 {2: 6, 3: 2, 5: 1, 13: 1, 23: 1}
CAT 1 1726759 863379 {3: 5, 11: 1, 17: 1, 19: 1}
CAT 1 1729001 1729000 {2: 3, 5: 3, 7: 1, 13: 1, 19: 1}
CAT 1 1749151 1749150 {2: 1, 3: 2, 5: 2, 13: 2, 23: 1}
CAT 1 1749749 1749748 {2: 2, 7: 1, 11: 1, 13: 1, 19: 1, 23: 1}
CAT 1 1784641 1784640 {2: 6, 3: 1, 5: 1, 11: 1, 13: 2}
CAT 1 1806421 1806420 {2: 2, 3: 1, 5: 1, 7: 1, 11: 1, 17: 1, 23: 1}
CAT 1 1808951 904475 {5: 2, 11: 2, 13: 1, 23: 1}
CAT 1 1813969 1813968 {2: 4, 3: 3, 13: 1, 17: 1, 19: 1}
CAT 1 1853281 926640 {2: 4, 3: 4, 5: 1, 11: 1, 13: 1}
CAT 1 1893361 236670 {2: 1, 3: 1, 5: 1, 7: 3, 23: 1}
CAT 1 1921921 1921920 {2: 7, 3: 1, 5: 1, 7: 1, 11: 1, 13: 1}
CAT 1 1987201 1987200 {2: 7, 3: 3, 5: 2, 23: 1}
CAT 1 1994203 1994202 {2: 1, 3: 2, 7: 3, 17: 1, 19: 1}
CAT 2 3 26 {2: 1, 13: 1}
CAT 2 7 48 {2: 4, 3: 1}
CAT 2 11 1330 {2: 1, 5: 1, 7: 1, 19: 1}
CAT 2 17 72 {2: 3, 3: 2}
CAT 2 19 18 {2: 1, 3: 2}
CAT 2 23 264 {2: 3, 3: 1, 11: 1}
CAT 2 37 684 {2: 2, 3: 2, 19: 1}
CAT 2 41 280 {2: 3, 5: 1, 7: 1}
CAT 2 67 4488 {2: 3, 3: 1, 11: 1, 17: 1}
CAT 2 71 5040 {2: 4, 3: 2, 5: 1, 7: 1}
CAT 2 89 7920 {2: 4, 3: 2, 5: 1, 11: 1}
CAT 2 97 9408 {2: 6, 3: 1, 7: 2}
CAT 2 101 10200 {2: 3, 3: 1, 5: 2, 17: 1}
CAT 2 103 10608 {2: 4, 3: 1, 13: 1, 17: 1}
CAT 2 113 12768 {2: 5, 3: 1, 7: 1, 19: 1}
CAT 2 127 126 {2: 1, 3: 2, 7: 1}
CAT 2 131 130 {2: 1, 5: 1, 13: 1}
CAT 2 137 6256 {2: 4, 17: 1, 23: 1}
CAT 2 139 19320 {2: 3, 3: 1, 5: 1, 7: 1, 23: 1}
CAT 2 151 11400 {2: 3, 3: 1, 5: 2, 19: 1}
CAT 2 191 190 {2: 1, 5: 1, 19: 1}
CAT 2 197 196 {2: 2, 7: 2}
CAT 2 199 19800 {2: 3, 3: 2, 5: 2, 11: 1}
CAT 2 229 10488 {2: 3, 3: 1, 19: 1, 23: 1}
CAT 2 239 11424 {2: 5, 3: 1, 7: 1, 17: 1}
CAT 2 277 276 {2: 2, 3: 1, 23: 1}
CAT 2 337 28392 {2: 3, 3: 1, 7: 1, 13: 2}
CAT 2 353 352 {2: 5, 11: 1}
CAT 2 379 378 {2: 1, 3: 3, 7: 1}
CAT 2 419 43890 {2: 1, 3: 1, 5: 1, 7: 1, 11: 1, 19: 1}
CAT 2 443 442 {2: 1, 13: 1, 17: 1}
CAT 2 449 50400 {2: 5, 3: 2, 5: 2, 7: 1}
CAT 2 457 456 {2: 3, 3: 1, 19: 1}
CAT 2 461 212520 {2: 3, 3: 1, 5: 1, 7: 1, 11: 1, 23: 1}
CAT 2 463 7392 {2: 5, 3: 1, 7: 1, 11: 1}
CAT 2 571 326040 {2: 3, 3: 1, 5: 1, 11: 1, 13: 1, 19: 1}
CAT 2 647 139536 {2: 4, 3: 3, 17: 1, 19: 1}
CAT 2 661 660 {2: 2, 3: 1, 5: 1, 11: 1}
CAT 2 727 363 {3: 1, 11: 2}
CAT 2 751 750 {2: 1, 3: 1, 5: 3}
CAT 2 761 760 {2: 3, 5: 1, 19: 1}
CAT 2 769 295680 {2: 8, 3: 1, 5: 1, 7: 1, 11: 1}
CAT 2 881 258720 {2: 5, 3: 1, 5: 1, 7: 2, 11: 1}
CAT 2 883 779688 {2: 3, 3: 2, 7: 2, 13: 1, 17: 1}
CAT 2 919 844560 {2: 4, 3: 3, 5: 1, 17: 1, 23: 1}
CAT 2 937 936 {2: 3, 3: 2, 13: 1}
CAT 2 1013 1026168 {2: 3, 3: 1, 11: 1, 13: 2, 23: 1}
CAT 2 1093 1092 {2: 2, 3: 1, 7: 1, 13: 1}
CAT 2 1123 1122 {2: 1, 3: 1, 11: 1, 17: 1}
CAT 2 1151 82800 {2: 4, 3: 2, 5: 2, 23: 1}
CAT 2 1249 312000 {2: 6, 3: 1, 5: 3, 13: 1}
CAT 2 1301 1300 {2: 2, 5: 2, 13: 1}
CAT 2 1429 1021020 {2: 2, 3: 1, 5: 1, 7: 1, 11: 1, 13: 1, 17: 1}
CAT 2 1471 735 {3: 1, 5: 1, 7: 2}
CAT 2 1871 935 {5: 1, 11: 1, 17: 1}
CAT 2 2081 2080 {2: 5, 5: 1, 13: 1}
CAT 2 2269 2268 {2: 2, 3: 4, 7: 1}
CAT 2 2347 2346 {2: 1, 3: 1, 17: 1, 23: 1}
CAT 2 2377 2376 {2: 3, 3: 3, 11: 1}
CAT 2 2393 5726448 {2: 4, 3: 2, 7: 1, 13: 1, 19: 1, 23: 1}
CAT 2 2549 1082900 {2: 2, 5: 2, 7: 2, 13: 1, 17: 1}
CAT 2 2851 65550 {2: 1, 3: 1, 5: 2, 19: 1, 23: 1}
CAT 2 3079 1354320 {2: 4, 3: 4, 5: 1, 11: 1, 19: 1}
CAT 2 3251 3250 {2: 1, 5: 3, 13: 1}
CAT 2 3673 80784 {2: 4, 3: 3, 11: 1, 17: 1}
CAT 2 4049 5464800 {2: 5, 3: 3, 5: 2, 11: 1, 23: 1}
CAT 2 4201 4200 {2: 3, 3: 1, 5: 2, 7: 1}
CAT 2 4357 4356 {2: 2, 3: 2, 11: 2}
CAT 2 4421 4420 {2: 2, 5: 1, 13: 1, 17: 1}
CAT 2 4751 1026000 {2: 4, 3: 3, 5: 3, 19: 1}
CAT 2 4801 4800 {2: 6, 3: 1, 5: 2}
CAT 2 4831 4830 {2: 1, 3: 1, 5: 1, 7: 1, 23: 1}
CAT 2 4861 11814660 {2: 2, 3: 5, 5: 1, 11: 1, 13: 1, 17: 1}
CAT 2 4951 4950 {2: 1, 3: 2, 5: 2, 11: 1}
CAT 2 5347 5346 {2: 1, 3: 5, 11: 1}
CAT 2 5501 5500 {2: 2, 5: 3, 11: 1}
CAT 2 5851 17117100 {2: 2, 3: 2, 5: 2, 7: 1, 11: 1, 13: 1, 19: 1}
CAT 2 6271 9831360 {2: 6, 3: 1, 5: 1, 7: 2, 11: 1, 19: 1}
CAT 2 6529 3264 {2: 6, 3: 1, 17: 1}
CAT 2 7351 7350 {2: 1, 3: 1, 5: 2, 7: 2}
CAT 2 7481 7480 {2: 3, 5: 1, 11: 1, 17: 1}
CAT 2 8501 1700 {2: 2, 5: 2, 17: 1}
CAT 2 8513 8512 {2: 6, 7: 1, 19: 1}
CAT 2 8641 8640 {2: 6, 3: 3, 5: 1}
CAT 2 8971 8970 {2: 1, 3: 1, 5: 1, 13: 1, 23: 1}
CAT 2 9127 9126 {2: 1, 3: 3, 13: 2}
CAT 2 9283 9282 {2: 1, 3: 1, 7: 1, 13: 1, 17: 1}
CAT 2 9521 2380 {2: 2, 5: 1, 7: 1, 17: 1}
CAT 2 9661 9660 {2: 2, 3: 1, 5: 1, 7: 1, 23: 1}
CAT 2 10369 10368 {2: 7, 3: 4}
CAT 2 11969 47752320 {2: 7, 3: 1, 5: 1, 7: 1, 11: 1, 17: 1, 19: 1}
CAT 2 12097 12096 {2: 6, 3: 3, 7: 1}
CAT 2 12343 12342 {2: 1, 3: 1, 11: 2, 17: 1}
CAT 2 12421 12420 {2: 2, 3: 3, 5: 1, 23: 1}
CAT 2 12853 12852 {2: 2, 3: 3, 7: 1, 17: 1}
CAT 2 13001 13000 {2: 3, 5: 3, 13: 1}
CAT 2 13249 13248 {2: 6, 3: 2, 23: 1}
CAT 2 13721 6860 {2: 2, 5: 1, 7: 3}
CAT 2 15289 15288 {2: 3, 3: 1, 7: 2, 13: 1}
CAT 2 15731 61866090 {2: 1, 3: 2, 5: 1, 11: 2, 13: 1, 19: 1, 23: 1}
CAT 2 16561 22855560 {2: 3, 3: 1, 5: 1, 7: 2, 13: 2, 23: 1}
CAT 2 16633 16632 {2: 3, 3: 3, 7: 1, 11: 1}
CAT 2 16759 8379 {3: 2, 7: 2, 19: 1}
CAT 2 16831 16830 {2: 1, 3: 2, 5: 1, 11: 1, 17: 1}
CAT 2 18217 18216 {2: 3, 3: 2, 11: 1, 23: 1}
CAT 2 18523 6174 {2: 1, 3: 2, 7: 3}
CAT 2 18701 18700 {2: 2, 5: 2, 11: 1, 17: 1}
CAT 2 19801 19800 {2: 3, 3: 2, 5: 2, 11: 1}
CAT 2 19891 19890 {2: 1, 3: 2, 5: 1, 13: 1, 17: 1}
CAT 2 20333 20332 {2: 2, 13: 1, 17: 1, 23: 1}
CAT 2 21737 21736 {2: 3, 11: 1, 13: 1, 19: 1}
CAT 2 22051 22050 {2: 1, 3: 2, 5: 2, 7: 2}
CAT 2 24481 24480 {2: 5, 3: 2, 5: 1, 17: 1}
CAT 2 26083 26082 {2: 1, 3: 4, 7: 1, 23: 1}
CAT 2 26951 13475 {5: 2, 7: 2, 11: 1}
CAT 2 27541 27540 {2: 2, 3: 4, 5: 1, 17: 1}
CAT 2 28729 412677720 {2: 3, 3: 3, 5: 1, 7: 1, 13: 2, 17: 1, 19: 1}
CAT 2 29173 29172 {2: 2, 3: 1, 11: 1, 13: 1, 17: 1}
CAT 2 29921 29920 {2: 5, 5: 1, 11: 1, 17: 1}
CAT 2 30097 15048 {2: 3, 3: 2, 11: 1, 19: 1}
CAT 2 30241 15120 {2: 4, 3: 3, 5: 1, 7: 1}
CAT 2 30871 30870 {2: 1, 3: 2, 5: 1, 7: 3}
CAT 2 32341 32340 {2: 2, 3: 1, 5: 1, 7: 2, 11: 1}
CAT 2 32833 32832 {2: 6, 3: 3, 19: 1}
CAT 2 36709 36708 {2: 2, 3: 1, 7: 1, 19: 1, 23: 1}
CAT 2 37633 37632 {2: 8, 3: 1, 7: 2}
CAT 2 38273 38272 {2: 7, 13: 1, 23: 1}
CAT 2 43777 43776 {2: 8, 3: 2, 19: 1}
CAT 2 45631 22815 {3: 3, 5: 1, 13: 2}
CAT 2 46751 23375 {5: 3, 11: 1, 17: 1}
CAT 2 50051 50050 {2: 1, 5: 2, 7: 1, 11: 1, 13: 1}
CAT 2 56701 56700 {2: 2, 3: 4, 5: 2, 7: 1}
CAT 2 57601 57600 {2: 8, 3: 2, 5: 2}
CAT 2 62929 31464 {2: 3, 3: 2, 19: 1, 23: 1}
CAT 2 66977 66976 {2: 5, 7: 1, 13: 1, 23: 1}
CAT 2 68041 68040 {2: 3, 3: 5, 5: 1, 7: 1}
CAT 2 71809 35904 {2: 6, 3: 1, 11: 1, 17: 1}
CAT 2 73009 73008 {2: 4, 3: 3, 13: 2}
CAT 2 74101 74100 {2: 2, 3: 1, 5: 2, 13: 1, 19: 1}
CAT 2 77351 38675 {5: 2, 7: 1, 13: 1, 17: 1}
CAT 2 77419 77418 {2: 1, 3: 2, 11: 1, 17: 1, 23: 1}
CAT 2 77617 77616 {2: 4, 3: 2, 7: 2, 11: 1}
CAT 2 78079 39039 {3: 1, 7: 1, 11: 1, 13: 2}
CAT 2 78167 78166 {2: 1, 11: 2, 17: 1, 19: 1}
CAT 2 78541 78540 {2: 2, 3: 1, 5: 1, 7: 1, 11: 1, 17: 1}
CAT 2 79801 79800 {2: 3, 3: 1, 5: 2, 7: 1, 19: 1}
CAT 2 83791 13965 {3: 1, 5: 1, 7: 2, 19: 1}
CAT 2 84673 84672 {2: 6, 3: 3, 7: 2}
CAT 2 87211 87210 {2: 1, 3: 3, 5: 1, 17: 1, 19: 1}
CAT 2 88321 88320 {2: 8, 3: 1, 5: 1, 23: 1}
CAT 2 89101 89100 {2: 2, 3: 4, 5: 2, 11: 1}
CAT 2 91771 91770 {2: 1, 3: 1, 5: 1, 7: 1, 19: 1, 23: 1}
CAT 2 92737 92736 {2: 6, 3: 2, 7: 1, 23: 1}
CAT 2 96097 96096 {2: 5, 3: 1, 7: 1, 11: 1, 13: 1}
CAT 2 98533 98532 {2: 2, 3: 2, 7: 1, 17: 1, 23: 1}
CAT 2 100189 100188 {2: 2, 3: 2, 11: 2, 23: 1}
CAT 2 103951 103950 {2: 1, 3: 3, 5: 2, 7: 1, 11: 1}
CAT 2 108161 108160 {2: 7, 5: 1, 13: 2}
CAT 2 109441 109440 {2: 7, 3: 2, 5: 1, 19: 1}
CAT 2 111827 111826 {2: 1, 11: 1, 13: 1, 17: 1, 23: 1}
CAT 2 113621 113620 {2: 2, 5: 1, 13: 1, 19: 1, 23: 1}
CAT 2 117937 117936 {2: 4, 3: 4, 7: 1, 13: 1}
CAT 2 119953 119952 {2: 4, 3: 2, 7: 2, 17: 1}
CAT 2 121501 121500 {2: 2, 3: 5, 5: 3}
CAT 2 123121 61560 {2: 3, 3: 4, 5: 1, 19: 1}
CAT 2 127681 31920 {2: 4, 3: 1, 5: 1, 7: 1, 19: 1}
CAT 2 132001 132000 {2: 5, 3: 1, 5: 3, 11: 1}
CAT 2 135661 135660 {2: 2, 3: 1, 5: 1, 7: 1, 17: 1, 19: 1}
CAT 2 135851 135850 {2: 1, 5: 2, 11: 1, 13: 1, 19: 1}
CAT 2 138139 138138 {2: 1, 3: 1, 7: 1, 11: 1, 13: 1, 23: 1}
CAT 2 143651 143650 {2: 1, 5: 2, 13: 2, 17: 1}
CAT 2 148721 148720 {2: 4, 5: 1, 11: 1, 13: 2}
CAT 2 149689 149688 {2: 3, 3: 5, 7: 1, 11: 1}
CAT 2 150697 150696 {2: 3, 3: 2, 7: 1, 13: 1, 23: 1}
CAT 2 151201 75600 {2: 4, 3: 3, 5: 2, 7: 1}
CAT 2 155521 77760 {2: 6, 3: 5, 5: 1}
CAT 2 157321 52440 {2: 3, 3: 1, 5: 1, 19: 1, 23: 1}
CAT 2 167311 83655 {3: 2, 5: 1, 11: 1, 13: 2}
CAT 2 167441 83720 {2: 3, 5: 1, 7: 1, 13: 1, 23: 1}
CAT 2 168481 168480 {2: 5, 3: 4, 5: 1, 13: 1}
CAT 2 174637 174636 {2: 2, 3: 4, 7: 2, 11: 1}
CAT 2 176401 176400 {2: 4, 3: 2, 5: 2, 7: 2}
CAT 2 177841 177840 {2: 4, 3: 2, 5: 1, 13: 1, 19: 1}
CAT 2 178501 178500 {2: 2, 3: 1, 5: 3, 7: 1, 17: 1}
CAT 2 183041 183040 {2: 8, 5: 1, 11: 1, 13: 1}
CAT 2 186301 186300 {2: 2, 3: 4, 5: 2, 23: 1}
CAT 2 196561 196560 {2: 4, 3: 3, 5: 1, 7: 1, 13: 1}
CAT 2 196993 196992 {2: 7, 3: 4, 19: 1}
CAT 2 198017 198016 {2: 7, 7: 1, 13: 1, 17: 1}
CAT 2 204931 204930 {2: 1, 3: 4, 5: 1, 11: 1, 23: 1}
CAT 2 206081 206080 {2: 8, 5: 1, 7: 1, 23: 1}
CAT 2 214033 214032 {2: 4, 3: 1, 7: 3, 13: 1}
CAT 2 219451 219450 {2: 1, 3: 1, 5: 2, 7: 1, 11: 1, 19: 1}
CAT 2 224401 224400 {2: 4, 3: 1, 5: 2, 11: 1, 17: 1}
CAT 2 231661 231660 {2: 2, 3: 4, 5: 1, 11: 1, 13: 1}
CAT 2 243433 243432 {2: 3, 3: 3, 7: 2, 23: 1}
CAT 2 248293 248292 {2: 2, 3: 3, 11: 2, 19: 1}
CAT 2 248401 248400 {2: 4, 3: 3, 5: 2, 23: 1}
CAT 2 252001 252000 {2: 5, 3: 2, 5: 3, 7: 1}
CAT 2 252449 252448 {2: 5, 7: 3, 23: 1}
CAT 2 259183 259182 {2: 1, 3: 2, 7: 1, 11: 2, 17: 1}
CAT 2 259201 129600 {2: 6, 3: 4, 5: 2}
CAT 2 275881 275880 {2: 3, 3: 1, 5: 1, 11: 2, 19: 1}
CAT 2 279073 279072 {2: 5, 3: 3, 17: 1, 19: 1}
CAT 2 284593 284592 {2: 4, 3: 1, 7: 2, 11: 2}
CAT 2 289171 289170 {2: 1, 3: 5, 5: 1, 7: 1, 17: 1}
CAT 2 290473 145236 {2: 2, 3: 1, 7: 2, 13: 1, 19: 1}
CAT 2 292601 292600 {2: 3, 5: 2, 7: 1, 11: 1, 19: 1}
CAT 2 293021 293020 {2: 2, 5: 1, 7: 2, 13: 1, 23: 1}
CAT 2 302941 302940 {2: 2, 3: 4, 5: 1, 11: 1, 17: 1}
CAT 2 308701 308700 {2: 2, 3: 2, 5: 2, 7: 3}
CAT 2 309583 309582 {2: 1, 3: 5, 7: 2, 13: 1}
CAT 2 316031 316030 {2: 1, 5: 1, 11: 1, 13: 2, 17: 1}
CAT 2 317263 317262 {2: 1, 3: 1, 11: 2, 19: 1, 23: 1}
CAT 2 318137 318136 {2: 3, 7: 1, 13: 1, 19: 1, 23: 1}
CAT 2 318781 318780 {2: 2, 3: 2, 5: 1, 7: 1, 11: 1, 23: 1}
CAT 2 322921 322920 {2: 3, 3: 3, 5: 1, 13: 1, 23: 1}
CAT 2 326701 326700 {2: 2, 3: 3, 5: 2, 11: 2}
CAT 2 338581 338580 {2: 2, 3: 4, 5: 1, 11: 1, 19: 1}
CAT 2 344251 344250 {2: 1, 3: 4, 5: 3, 17: 1}
CAT 2 355811 355810 {2: 1, 5: 1, 7: 1, 13: 1, 17: 1, 23: 1}
CAT 2 359633 359632 {2: 4, 7: 1, 13: 2, 19: 1}
CAT 2 367841 367840 {2: 5, 5: 1, 11: 2, 19: 1}
CAT 2 368551 368550 {2: 1, 3: 4, 5: 2, 7: 1, 13: 1}
CAT 2 377911 377910 {2: 1, 3: 2, 5: 1, 13: 1, 17: 1, 19: 1}
CAT 2 379501 379500 {2: 2, 3: 1, 5: 3, 11: 1, 23: 1}
CAT 2 380251 380250 {2: 1, 3: 2, 5: 3, 13: 2}
CAT 2 388961 194480 {2: 4, 5: 1, 11: 1, 13: 1, 17: 1}
CAT 2 389621 389620 {2: 2, 5: 1, 7: 1, 11: 2, 23: 1}
CAT 2 391231 391230 {2: 1, 3: 5, 5: 1, 7: 1, 23: 1}
CAT 2 396001 396000 {2: 5, 3: 2, 5: 3, 11: 1}
CAT 2 406981 135660 {2: 2, 3: 1, 5: 1, 7: 1, 17: 1, 19: 1}
CAT 2 409861 409860 {2: 2, 3: 4, 5: 1, 11: 1, 23: 1}
CAT 2 410551 205275 {3: 1, 5: 2, 7: 1, 17: 1, 23: 1}
CAT 2 415031 415030 {2: 1, 5: 1, 7: 3, 11: 2}
CAT 2 435709 435708 {2: 2, 3: 2, 7: 2, 13: 1, 19: 1}
CAT 2 438049 438048 {2: 5, 3: 4, 13: 2}
CAT 2 456193 228096 {2: 8, 3: 4, 11: 1}
CAT 2 459649 459648 {2: 7, 3: 3, 7: 1, 19: 1}
CAT 2 461891 461890 {2: 1, 5: 1, 11: 1, 13: 1, 17: 1, 19: 1}
CAT 2 466441 466440 {2: 3, 3: 1, 5: 1, 13: 2, 23: 1}
CAT 2 478171 478170 {2: 1, 3: 3, 5: 1, 7: 1, 11: 1, 23: 1}
CAT 2 480169 480168 {2: 3, 3: 5, 13: 1, 19: 1}
CAT 2 489061 163020 {2: 2, 3: 1, 5: 1, 11: 1, 13: 1, 19: 1}
CAT 2 497537 497536 {2: 7, 13: 2, 23: 1}
CAT 2 513001 513000 {2: 3, 3: 3, 5: 3, 19: 1}
CAT 2 520031 260015 {5: 1, 7: 1, 17: 1, 19: 1, 23: 1}
CAT 2 540961 540960 {2: 5, 3: 1, 5: 1, 7: 2, 23: 1}
CAT 2 542081 542080 {2: 7, 5: 1, 7: 1, 11: 2}
CAT 2 552553 276276 {2: 2, 3: 1, 7: 1, 11: 1, 13: 1, 23: 1}
CAT 2 563041 563040 {2: 5, 3: 2, 5: 1, 17: 1, 23: 1}
CAT 2 565111 565110 {2: 1, 3: 3, 5: 1, 7: 1, 13: 1, 23: 1}
CAT 2 568481 568480 {2: 5, 5: 1, 11: 1, 17: 1, 19: 1}
CAT 2 569251 569250 {2: 1, 3: 2, 5: 3, 11: 1, 23: 1}
CAT 2 573497 573496 {2: 3, 7: 3, 11: 1, 19: 1}
CAT 2 574939 574938 {2: 1, 3: 5, 7: 1, 13: 2}
CAT 2 586501 586500 {2: 2, 3: 1, 5: 3, 17: 1, 23: 1}
CAT 2 588061 588060 {2: 2, 3: 5, 5: 1, 11: 2}
CAT 2 598501 598500 {2: 2, 3: 2, 5: 3, 7: 1, 19: 1}
CAT 2 600577 150144 {2: 7, 3: 1, 17: 1, 23: 1}
CAT 2 604801 604800 {2: 7, 3: 3, 5: 2, 7: 1}
CAT 2 608581 608580 {2: 2, 3: 3, 5: 1, 7: 2, 23: 1}
CAT 2 617401 308700 {2: 2, 3: 2, 5: 2, 7: 3}
CAT 2 627901 627900 {2: 2, 3: 1, 5: 2, 7: 1, 13: 1, 23: 1}
CAT 2 631121 631120 {2: 4, 5: 1, 7: 3, 23: 1}
CAT 2 640333 640332 {2: 2, 3: 3, 7: 2, 11: 2}
CAT 2 648961 648960 {2: 8, 3: 1, 5: 1, 13: 2}
CAT 2 660791 660790 {2: 1, 5: 1, 13: 2, 17: 1, 23: 1}
CAT 2 674731 674730 {2: 1, 3: 4, 5: 1, 7: 2, 17: 1}
CAT 2 679537 679536 {2: 4, 3: 3, 11: 2, 13: 1}
CAT 2 703249 703248 {2: 4, 3: 1, 7: 2, 13: 1, 23: 1}
CAT 2 711019 711018 {2: 1, 3: 5, 7: 1, 11: 1, 19: 1}
CAT 2 719713 719712 {2: 5, 3: 3, 7: 2, 17: 1}
CAT 2 719951 359975 {5: 2, 7: 1, 11: 2, 17: 1}
CAT 2 726751 363375 {3: 2, 5: 3, 17: 1, 19: 1}
CAT 2 739201 739200 {2: 7, 3: 1, 5: 2, 7: 1, 11: 1}
CAT 2 740521 740520 {2: 3, 3: 2, 5: 1, 11: 2, 17: 1}
CAT 2 741001 741000 {2: 3, 3: 1, 5: 3, 13: 1, 19: 1}
CAT 2 762049 762048 {2: 6, 3: 5, 7: 2}
CAT 2 775711 387855 {3: 3, 5: 1, 13: 2, 17: 1}
CAT 2 821101 821100 {2: 2, 3: 1, 5: 2, 7: 1, 17: 1, 23: 1}
CAT 2 823201 823200 {2: 5, 3: 1, 5: 2, 7: 3}
CAT 2 823447 274482 {2: 1, 3: 3, 13: 1, 17: 1, 23: 1}
CAT 2 824671 824670 {2: 1, 3: 2, 5: 1, 7: 2, 11: 1, 17: 1}
CAT 2 828101 828100 {2: 2, 5: 2, 7: 2, 13: 2}
CAT 2 828829 828828 {2: 2, 3: 2, 7: 1, 11: 1, 13: 1, 23: 1}
CAT 2 833491 833490 {2: 1, 3: 5, 5: 1, 7: 3}
CAT 2 838351 279450 {2: 1, 3: 5, 5: 2, 23: 1}
CAT 2 858001 858000 {2: 4, 3: 1, 5: 3, 11: 1, 13: 1}
CAT 2 892321 892320 {2: 5, 3: 1, 5: 1, 11: 1, 13: 2}
CAT 2 897751 897750 {2: 1, 3: 3, 5: 3, 7: 1, 19: 1}
CAT 2 909637 909636 {2: 2, 3: 1, 7: 3, 13: 1, 17: 1}
CAT 2 914941 914940 {2: 2, 3: 2, 5: 1, 13: 1, 17: 1, 23: 1}
CAT 2 920323 920322 {2: 1, 3: 4, 13: 1, 19: 1, 23: 1}
CAT 2 949621 949620 {2: 2, 3: 1, 5: 1, 7: 2, 17: 1, 19: 1}
CAT 2 955501 955500 {2: 2, 3: 1, 5: 3, 7: 2, 13: 1}
CAT 2 959617 959616 {2: 7, 3: 2, 7: 2, 17: 1}
CAT 2 962677 962676 {2: 2, 3: 2, 11: 2, 13: 1, 17: 1}
CAT 2 979201 979200 {2: 8, 3: 2, 5: 2, 17: 1}
CAT 2 982801 982800 {2: 4, 3: 3, 5: 2, 7: 1, 13: 1}
CAT 2 994501 994500 {2: 2, 3: 2, 5: 3, 13: 1, 17: 1}
CAT 2 1029001 1029000 {2: 3, 3: 1, 5: 3, 7: 3}
CAT 2 1044583 1044582 {2: 1, 3: 1, 7: 2, 11: 1, 17: 1, 19: 1}
CAT 2 1051009 1051008 {2: 7, 3: 1, 7: 1, 17: 1, 23: 1}
CAT 2 1065901 1065900 {2: 2, 3: 1, 5: 2, 11: 1, 17: 1, 19: 1}
CAT 2 1069777 534888 {2: 3, 3: 2, 17: 1, 19: 1, 23: 1}
CAT 2 1094801 1094800 {2: 4, 5: 2, 7: 1, 17: 1, 23: 1}
CAT 2 1098847 1098846 {2: 1, 3: 5, 7: 1, 17: 1, 19: 1}
CAT 2 1112833 1112832 {2: 8, 3: 3, 7: 1, 23: 1}
CAT 2 1115731 1115730 {2: 1, 3: 2, 5: 1, 7: 2, 11: 1, 23: 1}
CAT 2 1122001 1122000 {2: 4, 3: 1, 5: 3, 11: 1, 17: 1}
CAT 2 1130501 1130500 {2: 2, 5: 3, 7: 1, 17: 1, 19: 1}
CAT 2 1144001 572000 {2: 5, 5: 3, 11: 1, 13: 1}
CAT 2 1156303 1156302 {2: 1, 3: 3, 7: 2, 19: 1, 23: 1}
CAT 2 1179901 1179900 {2: 2, 3: 3, 5: 2, 19: 1, 23: 1}
CAT 2 1211761 605880 {2: 3, 3: 4, 5: 1, 11: 1, 17: 1}
CAT 2 1222651 1222650 {2: 1, 3: 2, 5: 2, 11: 1, 13: 1, 19: 1}
CAT 2 1247401 1247400 {2: 3, 3: 4, 5: 2, 7: 1, 11: 1}
CAT 2 1251937 1251936 {2: 5, 3: 5, 7: 1, 23: 1}
CAT 2 1261261 1261260 {2: 2, 3: 2, 5: 1, 7: 2, 11: 1, 13: 1}
CAT 2 1266841 633420 {2: 2, 3: 4, 5: 1, 17: 1, 23: 1}
CAT 2 1272961 1272960 {2: 7, 3: 2, 5: 1, 13: 1, 17: 1}
CAT 2 1308737 1308736 {2: 6, 11: 2, 13: 2}
CAT 2 1338877 148764 {2: 2, 3: 1, 7: 2, 11: 1, 23: 1}
CAT 2 1341523 1341522 {2: 1, 3: 4, 7: 2, 13: 2}
CAT 2 1348621 1348620 {2: 2, 3: 1, 5: 1, 7: 1, 13: 2, 19: 1}
CAT 2 1360451 1360450 {2: 1, 5: 2, 7: 1, 13: 2, 23: 1}
CAT 2 1372411 1372410 {2: 1, 3: 3, 5: 1, 13: 1, 17: 1, 23: 1}
CAT 2 1431613 1431612 {2: 2, 3: 2, 7: 1, 13: 1, 19: 1, 23: 1}
CAT 2 1448833 724416 {2: 6, 3: 1, 7: 3, 11: 1}
CAT 2 1465129 1465128 {2: 3, 3: 4, 7: 1, 17: 1, 19: 1}
CAT 2 1468801 734400 {2: 6, 3: 3, 5: 2, 17: 1}
CAT 2 1487201 743600 {2: 4, 5: 2, 11: 1, 13: 2}
CAT 2 1501441 250240 {2: 7, 5: 1, 17: 1, 23: 1}
CAT 2 1504801 752400 {2: 4, 3: 2, 5: 2, 11: 1, 19: 1}
CAT 2 1518001 1518000 {2: 4, 3: 1, 5: 3, 11: 1, 23: 1}
CAT 2 1557469 1557468 {2: 2, 3: 4, 11: 1, 19: 1, 23: 1}
CAT 2 1564081 1564080 {2: 4, 3: 1, 5: 1, 7: 3, 19: 1}
CAT 2 1574371 1574370 {2: 1, 3: 3, 5: 1, 7: 3, 17: 1}
CAT 2 1575289 787644 {2: 2, 3: 4, 11: 1, 13: 1, 17: 1}
CAT 2 1604461 1604460 {2: 2, 3: 1, 5: 1, 11: 2, 13: 1, 17: 1}
CAT 2 1619353 1619352 {2: 3, 3: 5, 7: 2, 17: 1}
CAT 2 1645601 1645600 {2: 5, 5: 2, 11: 2, 17: 1}
CAT 2 1660121 830060 {2: 2, 5: 1, 7: 3, 11: 2}
CAT 2 1670761 1670760 {2: 3, 3: 3, 5: 1, 7: 1, 13: 1, 17: 1}
CAT 2 1742401 1742400 {2: 6, 3: 2, 5: 2, 11: 2}
CAT 2 1749749 1749748 {2: 2, 7: 1, 11: 1, 13: 1, 19: 1, 23: 1}
CAT 2 1762561 1762560 {2: 8, 3: 4, 5: 1, 17: 1}
CAT 2 1768001 884000 {2: 5, 5: 3, 13: 1, 17: 1}
CAT 2 1769851 1769850 {2: 1, 3: 4, 5: 2, 19: 1, 23: 1}
CAT 2 1808951 904475 {5: 2, 11: 2, 13: 1, 23: 1}
CAT 2 1809991 1809990 {2: 1, 3: 2, 5: 1, 7: 1, 13: 2, 17: 1}
CAT 2 1811041 1811040 {2: 5, 3: 1, 5: 1, 7: 3, 11: 1}
CAT 2 1831411 1831410 {2: 1, 3: 4, 5: 1, 7: 1, 17: 1, 19: 1}
CAT 2 1837837 1837836 {2: 2, 3: 3, 7: 1, 11: 1, 13: 1, 17: 1}
CAT 2 1850689 1850688 {2: 6, 3: 5, 7: 1, 17: 1}
CAT 2 1851301 1851300 {2: 2, 3: 2, 5: 2, 11: 2, 17: 1}
CAT 2 1872001 1872000 {2: 7, 3: 2, 5: 3, 13: 1}
CAT 2 1889551 1889550 {2: 1, 3: 2, 5: 2, 13: 1, 17: 1, 19: 1}
CAT 2 1909441 1909440 {2: 6, 3: 3, 5: 1, 13: 1, 17: 1}
CAT 2 1951951 1951950 {2: 1, 3: 1, 5: 2, 7: 1, 11: 1, 13: 2}
CAT 2 1960201 980100 {2: 2, 3: 4, 5: 2, 11: 2}
CAT 2 1961257 980628 {2: 2, 3: 1, 11: 1, 17: 1, 19: 1, 23: 1}
CAT 2 1965133 1965132 {2: 2, 3: 2, 13: 2, 17: 1, 19: 1}
CAT 2 1969111 1969110 {2: 1, 3: 4, 5: 1, 11: 1, 13: 1, 17: 1}
CAT 2 1994203 1994202 {2: 1, 3: 2, 7: 3, 17: 1, 19: 1}
CAT 3 5 20 {2: 2, 5: 1}
CAT 3 7 342 {2: 1, 3: 2, 19: 1}
CAT 3 11 665 {5: 1, 7: 1, 19: 1}
CAT 3 13 84 {2: 2, 3: 1, 7: 1}
CAT 3 17 272 {2: 4, 17: 1}
CAT 3 23 528 {2: 4, 3: 1, 11: 1}
CAT 3 31 480 {2: 5, 3: 1, 5: 1}
CAT 3 43 1848 {2: 3, 3: 1, 7: 1, 11: 1}
CAT 3 67 2244 {2: 2, 3: 1, 11: 1, 17: 1}
CAT 3 71 70 {2: 1, 5: 1, 7: 1}
CAT 3 79 6240 {2: 5, 3: 1, 5: 1, 13: 1}
CAT 3 89 880 {2: 4, 5: 1, 11: 1}
CAT 3 97 96 {2: 5, 3: 1}
CAT 3 101 10200 {2: 3, 3: 1, 5: 2, 17: 1}
CAT 3 103 1768 {2: 3, 13: 1, 17: 1}
CAT 3 109 11880 {2: 3, 3: 3, 5: 1, 11: 1}
CAT 3 113 4256 {2: 5, 7: 1, 19: 1}
CAT 3 127 16128 {2: 8, 3: 2, 7: 1}
CAT 3 131 65 {5: 1, 13: 1}
CAT 3 139 4830 {2: 1, 3: 1, 5: 1, 7: 1, 23: 1}
CAT 3 181 32760 {2: 3, 3: 2, 5: 1, 7: 1, 13: 1}
CAT 3 191 6080 {2: 6, 5: 1, 19: 1}
CAT 3 193 96 {2: 5, 3: 1}
CAT 3 197 38808 {2: 3, 3: 2, 7: 2, 11: 1}
CAT 3 199 19800 {2: 3, 3: 2, 5: 2, 11: 1}
CAT 3 239 9520 {2: 4, 5: 1, 7: 1, 17: 1}
CAT 3 241 58080 {2: 5, 3: 1, 5: 1, 11: 2}
CAT 3 251 63000 {2: 3, 3: 2, 5: 3, 7: 1}
CAT 3 257 256 {2: 8}
CAT 3 271 270 {2: 1, 3: 3, 5: 1}
CAT 3 277 276 {2: 2, 3: 1, 23: 1}
CAT 3 307 47124 {2: 2, 3: 2, 7: 1, 11: 1, 17: 1}
CAT 3 379 28728 {2: 3, 3: 3, 7: 1, 19: 1}
CAT 3 443 442 {2: 1, 13: 1, 17: 1}
CAT 3 449 448 {2: 6, 7: 1}
CAT 3 461 106260 {2: 2, 3: 1, 5: 1, 7: 1, 11: 1, 23: 1}
CAT 3 487 486 {2: 1, 3: 5}
CAT 3 571 81510 {2: 1, 3: 1, 5: 1, 11: 1, 13: 1, 19: 1}
CAT 3 599 358800 {2: 4, 3: 1, 5: 2, 13: 1, 23: 1}
CAT 3 647 646 {2: 1, 17: 1, 19: 1}
CAT 3 673 672 {2: 5, 3: 1, 7: 1}
CAT 3 701 245700 {2: 2, 3: 3, 5: 2, 7: 1, 13: 1}
CAT 3 727 176176 {2: 4, 7: 1, 11: 2, 13: 1}
CAT 3 883 779688 {2: 3, 3: 2, 7: 2, 13: 1, 17: 1}
CAT 3 967 935088 {2: 4, 3: 1, 7: 1, 11: 2, 23: 1}
CAT 3 1013 342056 {2: 3, 11: 1, 13: 2, 23: 1}
CAT 3 1021 1020 {2: 2, 3: 1, 5: 1, 17: 1}
CAT 3 1373 1372 {2: 2, 7: 3}
CAT 3 1381 1380 {2: 2, 3: 1, 5: 1, 23: 1}
CAT 3 1871 175032 {2: 3, 3: 2, 11: 1, 13: 1, 17: 1}
CAT 3 2081 2080 {2: 5, 5: 1, 13: 1}
CAT 3 2113 1056 {2: 5, 3: 1, 11: 1}
CAT 3 2311 2310 {2: 1, 3: 1, 5: 1, 7: 1, 11: 1}
CAT 3 2549 3248700 {2: 2, 3: 1, 5: 2, 7: 2, 13: 1, 17: 1}
CAT 3 2551 2550 {2: 1, 3: 1, 5: 2, 17: 1}
CAT 3 2971 2970 {2: 1, 3: 3, 5: 1, 11: 1}
CAT 3 3041 4623840 {2: 5, 3: 2, 5: 1, 13: 2, 19: 1}
CAT 3 3079 3078 {2: 1, 3: 4, 19: 1}
CAT 3 3329 3328 {2: 8, 13: 1}
CAT 3 3389 3388 {2: 2, 7: 1, 11: 2}
CAT 3 4159 17297280 {2: 7, 3: 3, 5: 1, 7: 1, 11: 1, 13: 1}
CAT 3 4201 4200 {2: 3, 3: 1, 5: 2, 7: 1}
CAT 3 4357 2178 {2: 1, 3: 2, 11: 2}
CAT 3 4447 4446 {2: 1, 3: 2, 13: 1, 19: 1}
CAT 3 4481 4480 {2: 7, 5: 1, 7: 1}
CAT 3 4751 7524000 {2: 5, 3: 2, 5: 3, 11: 1, 19: 1}
CAT 3 4999 4998 {2: 1, 3: 1, 7: 2, 17: 1}
CAT 3 5153 5152 {2: 5, 7: 1, 23: 1}
CAT 3 5851 815100 {2: 2, 3: 1, 5: 2, 11: 1, 13: 1, 19: 1}
CAT 3 6481 1296 {2: 4, 3: 4}
CAT 3 6763 6762 {2: 1, 3: 1, 7: 2, 23: 1}
CAT 3 6917 6916 {2: 2, 7: 1, 13: 1, 19: 1}
CAT 3 7151 7150 {2: 1, 5: 2, 11: 1, 13: 1}
CAT 3 7561 7560 {2: 3, 3: 3, 5: 1, 7: 1}
CAT 3 9181 4590 {2: 1, 3: 3, 5: 1, 17: 1}
CAT 3 10141 10140 {2: 2, 3: 1, 5: 1, 13: 2}
CAT 3 11617 3872 {2: 5, 11: 2}
CAT 3 11969 71628480 {2: 6, 3: 2, 5: 1, 7: 1, 11: 1, 17: 1, 19: 1}
CAT 3 12637 12636 {2: 2, 3: 5, 13: 1}
CAT 3 13339 6135480 {2: 3, 3: 3, 5: 1, 13: 1, 19: 1, 23: 1}
CAT 3 13553 13552 {2: 4, 7: 1, 11: 2}
CAT 3 14281 14280 {2: 3, 3: 1, 5: 1, 7: 1, 17: 1}
CAT 3 15731 15730 {2: 1, 5: 1, 11: 2, 13: 1}
CAT 3 16193 16192 {2: 6, 11: 1, 23: 1}
CAT 3 16561 68566680 {2: 3, 3: 2, 5: 1, 7: 2, 13: 2, 23: 1}
CAT 3 16633 16632 {2: 3, 3: 3, 7: 1, 11: 1}
CAT 3 17837 17836 {2: 2, 7: 3, 13: 1}
CAT 3 18253 9126 {2: 1, 3: 3, 13: 2}
CAT 3 18401 18400 {2: 5, 5: 2, 23: 1}
CAT 3 19381 19380 {2: 2, 3: 1, 5: 1, 17: 1, 19: 1}
CAT 3 19801 19800 {2: 3, 3: 2, 5: 2, 11: 1}
CAT 3 19891 19890 {2: 1, 3: 2, 5: 1, 13: 1, 17: 1}
CAT 3 20593 5148 {2: 2, 3: 2, 11: 1, 13: 1}
CAT 3 21061 21060 {2: 2, 3: 4, 5: 1, 13: 1}
CAT 3 21851 21850 {2: 1, 5: 2, 19: 1, 23: 1}
CAT 3 22573 5643 {3: 3, 11: 1, 19: 1}
CAT 3 24337 24336 {2: 4, 3: 2, 13: 2}
CAT 3 25537 25536 {2: 6, 3: 1, 7: 1, 19: 1}
CAT 3 26881 26880 {2: 8, 3: 1, 5: 1, 7: 1}
CAT 3 28051 28050 {2: 1, 3: 1, 5: 2, 11: 1, 17: 1}
CAT 3 28729 28728 {2: 3, 3: 3, 7: 1, 19: 1}
CAT 3 29989 14994 {2: 1, 3: 2, 7: 2, 17: 1}
CAT 3 30871 30870 {2: 1, 3: 2, 5: 1, 7: 3}
CAT 3 31051 31050 {2: 1, 3: 3, 5: 2, 23: 1}
CAT 3 33811 33810 {2: 1, 3: 1, 5: 1, 7: 2, 23: 1}
CAT 3 35201 35200 {2: 7, 5: 2, 11: 1}
CAT 3 36653 36652 {2: 2, 7: 2, 11: 1, 17: 1}
CAT 3 36721 36720 {2: 4, 3: 3, 5: 1, 17: 1}
CAT 3 37633 37632 {2: 8, 3: 1, 7: 2}
CAT 3 38611 38610 {2: 1, 3: 3, 5: 1, 11: 1, 13: 1}
CAT 3 39103 39102 {2: 1, 3: 1, 7: 3, 19: 1}
CAT 3 43759 43758 {2: 1, 3: 2, 11: 1, 13: 1, 17: 1}
CAT 3 45541 45540 {2: 2, 3: 2, 5: 1, 11: 1, 23: 1}
CAT 3 46817 46816 {2: 5, 7: 1, 11: 1, 19: 1}
CAT 3 50051 50050 {2: 1, 5: 2, 7: 1, 11: 1, 13: 1}
CAT 3 50821 50820 {2: 2, 3: 1, 5: 1, 7: 1, 11: 2}
CAT 3 53353 26676 {2: 2, 3: 3, 13: 1, 19: 1}
CAT 3 54881 54880 {2: 5, 5: 1, 7: 3}
CAT 3 57457 57456 {2: 4, 3: 3, 7: 1, 19: 1}
CAT 3 57751 57750 {2: 1, 3: 1, 5: 3, 7: 1, 11: 1}
CAT 3 58787 58786 {2: 1, 7: 1, 13: 1, 17: 1, 19: 1}
CAT 3 60589 15147 {3: 4, 11: 1, 17: 1}
CAT 3 60859 60858 {2: 1, 3: 3, 7: 2, 23: 1}
CAT 3 63113 63112 {2: 3, 7: 3, 23: 1}
CAT 3 66301 33150 {2: 1, 3: 1, 5: 2, 13: 1, 17: 1}
CAT 3 69001 34500 {2: 2, 3: 1, 5: 3, 23: 1}
CAT 3 72073 72072 {2: 3, 3: 2, 7: 1, 11: 1, 13: 1}
CAT 3 76441 76440 {2: 3, 3: 1, 5: 1, 7: 2, 13: 1}
CAT 3 77521 38760 {2: 3, 3: 1, 5: 1, 17: 1, 19: 1}
CAT 3 78541 78540 {2: 2, 3: 1, 5: 1, 7: 1, 11: 1, 17: 1}
CAT 3 81929 81928 {2: 3, 7: 2, 11: 1, 19: 1}
CAT 3 84701 84700 {2: 2, 5: 2, 7: 1, 11: 2}
CAT 3 85751 85750 {2: 1, 5: 3, 7: 3}
CAT 3 92821 30940 {2: 2, 5: 1, 7: 1, 13: 1, 17: 1}
CAT 3 92951 92950 {2: 1, 5: 2, 11: 1, 13: 2}
CAT 3 93151 93150 {2: 1, 3: 4, 5: 2, 23: 1}
CAT 3 98561 98560 {2: 8, 5: 1, 7: 1, 11: 1}
CAT 3 100801 100800 {2: 6, 3: 2, 5: 2, 7: 1}
CAT 3 102001 51000 {2: 3, 3: 1, 5: 3, 17: 1}
CAT 3 103681 103680 {2: 8, 3: 4, 5: 1}
CAT 3 104651 576412200 {2: 3, 3: 4, 5: 2, 7: 1, 13: 1, 17: 1, 23: 1}
CAT 3 105337 105336 {2: 3, 3: 2, 7: 1, 11: 1, 19: 1}
CAT 3 106921 106920 {2: 3, 3: 5, 5: 1, 11: 1}
CAT 3 107101 107100 {2: 2, 3: 2, 5: 2, 7: 1, 17: 1}
CAT 3 108161 108160 {2: 7, 5: 1, 13: 2}
CAT 3 108193 108192 {2: 5, 3: 1, 7: 2, 23: 1}
CAT 3 110161 55080 {2: 3, 3: 4, 5: 1, 17: 1}
CAT 3 114661 114660 {2: 2, 3: 2, 5: 1, 7: 2, 13: 1}
CAT 3 121001 121000 {2: 3, 5: 3, 11: 2}
CAT 3 122401 122400 {2: 5, 3: 2, 5: 2, 17: 1}
CAT 3 124489 62244 {2: 2, 3: 2, 7: 1, 13: 1, 19: 1}
CAT 3 130411 130410 {2: 1, 3: 4, 5: 1, 7: 1, 23: 1}
CAT 3 134401 134400 {2: 8, 3: 1, 5: 2, 7: 1}
CAT 3 134597 134596 {2: 2, 7: 1, 11: 1, 19: 1, 23: 1}
CAT 3 135433 135432 {2: 3, 3: 4, 11: 1, 19: 1}
CAT 3 135829 135828 {2: 2, 3: 2, 7: 3, 11: 1}
CAT 3 137593 19656 {2: 3, 3: 3, 7: 1, 13: 1}
CAT 3 137633 137632 {2: 5, 11: 1, 17: 1, 23: 1}
CAT 3 147137 147136 {2: 6, 11: 2, 19: 1}
CAT 3 147799 147798 {2: 1, 3: 3, 7: 1, 17: 1, 23: 1}
CAT 3 148721 148720 {2: 4, 5: 1, 11: 1, 13: 2}
CAT 3 148961 148960 {2: 5, 5: 1, 7: 2, 19: 1}
CAT 3 149689 149688 {2: 3, 3: 5, 7: 1, 11: 1}
CAT 3 151009 151008 {2: 5, 3: 1, 11: 2, 13: 1}
CAT 3 153001 51000 {2: 3, 3: 1, 5: 3, 17: 1}
CAT 3 154351 154350 {2: 1, 3: 2, 5: 2, 7: 3}
CAT 3 156157 156156 {2: 2, 3: 1, 7: 1, 11: 1, 13: 2}
CAT 3 157081 157080 {2: 3, 3: 1, 5: 1, 7: 1, 11: 1, 17: 1}
CAT 3 158761 158760 {2: 3, 3: 4, 5: 1, 7: 2}
CAT 3 163021 163020 {2: 2, 3: 1, 5: 1, 11: 1, 13: 1, 19: 1}
CAT 3 163351 163350 {2: 1, 3: 3, 5: 2, 11: 2}
CAT 3 165601 55200 {2: 5, 3: 1, 5: 2, 23: 1}
CAT 3 172801 86400 {2: 7, 3: 3, 5: 2}
CAT 3 173053 173052 {2: 2, 3: 2, 11: 1, 19: 1, 23: 1}
CAT 3 177101 177100 {2: 2, 5: 2, 7: 1, 11: 1, 23: 1}
CAT 3 178361 178360 {2: 3, 5: 1, 7: 3, 13: 1}
CAT 3 181501 181500 {2: 2, 3: 1, 5: 3, 11: 2}
CAT 3 186301 186300 {2: 2, 3: 4, 5: 2, 23: 1}
CAT 3 186733 186732 {2: 2, 3: 3, 7: 1, 13: 1, 19: 1}
CAT 3 192781 192780 {2: 2, 3: 4, 5: 1, 7: 1, 17: 1}
CAT 3 198901 198900 {2: 2, 3: 2, 5: 2, 13: 1, 17: 1}
CAT 3 199921 199920 {2: 4, 3: 1, 5: 1, 7: 2, 17: 1}
CAT 3 204517 204516 {2: 2, 3: 2, 13: 1, 19: 1, 23: 1}
CAT 3 207481 207480 {2: 3, 3: 1, 5: 1, 7: 1, 13: 1, 19: 1}
CAT 3 208001 208000 {2: 7, 5: 3, 13: 1}
CAT 3 214033 214032 {2: 4, 3: 1, 7: 3, 13: 1}
CAT 3 216217 216216 {2: 3, 3: 3, 7: 1, 11: 1, 13: 1}
CAT 3 219451 219450 {2: 1, 3: 1, 5: 2, 7: 1, 11: 1, 19: 1}
CAT 3 219649 109824 {2: 8, 3: 1, 11: 1, 13: 1}
CAT 3 224771 224770 {2: 1, 5: 1, 7: 1, 13: 2, 19: 1}
CAT 3 224911 224910 {2: 1, 3: 3, 5: 1, 7: 2, 17: 1}
CAT 3 227393 227392 {2: 6, 11: 1, 17: 1, 19: 1}
CAT 3 231661 231660 {2: 2, 3: 4, 5: 1, 11: 1, 13: 1}
CAT 3 233221 233220 {2: 2, 3: 1, 5: 1, 13: 2, 23: 1}
CAT 3 235951 235950 {2: 1, 3: 1, 5: 2, 11: 2, 13: 1}
CAT 3 237161 237160 {2: 3, 5: 1, 7: 2, 11: 2}
CAT 3 252253 252252 {2: 2, 3: 2, 7: 2, 11: 1, 13: 1}
CAT 3 252449 63730497600 {2: 6, 3: 3, 5: 2, 7: 3, 11: 1, 17: 1, 23: 1}
CAT 3 257401 257400 {2: 3, 3: 2, 5: 2, 11: 1, 13: 1}
CAT 3 258061 258060 {2: 2, 3: 1, 5: 1, 11: 1, 17: 1, 23: 1}
CAT 3 261631 261630 {2: 1, 3: 4, 5: 1, 17: 1, 19: 1}
CAT 3 262657 131328 {2: 8, 3: 3, 19: 1}
CAT 3 264601 132300 {2: 2, 3: 3, 5: 2, 7: 2}
CAT 3 269281 269280 {2: 5, 3: 2, 5: 1, 11: 1, 17: 1}
CAT 3 273001 273000 {2: 3, 3: 1, 5: 3, 7: 1, 13: 1}
CAT 3 286001 286000 {2: 4, 5: 3, 11: 1, 13: 1}
CAT 3 288991 288990 {2: 1, 3: 2, 5: 1, 13: 2, 19: 1}
CAT 3 289171 289170 {2: 1, 3: 5, 5: 1, 7: 1, 17: 1}
CAT 3 290701 290700 {2: 2, 3: 2, 5: 2, 17: 1, 19: 1}
CAT 3 301159 301158 {2: 1, 3: 4, 11: 1, 13: 2}
CAT 3 301841 301840 {2: 4, 5: 1, 7: 3, 11: 1}
CAT 3 302329 302328 {2: 3, 3: 2, 13: 1, 17: 1, 19: 1}
CAT 3 302941 302940 {2: 2, 3: 4, 5: 1, 11: 1, 17: 1}
CAT 3 304981 304980 {2: 2, 3: 1, 5: 1, 13: 1, 17: 1, 23: 1}
CAT 3 308309 308308 {2: 2, 7: 2, 11: 2, 13: 1}
CAT 3 312313 78078 {2: 1, 3: 1, 7: 1, 11: 1, 13: 2}
CAT 3 314161 314160 {2: 4, 3: 1, 5: 1, 7: 1, 11: 1, 17: 1}
CAT 3 318137 318136 {2: 3, 7: 1, 13: 1, 19: 1, 23: 1}
CAT 3 319201 319200 {2: 5, 3: 1, 5: 2, 7: 1, 19: 1}
CAT 3 319411 319410 {2: 1, 3: 3, 5: 1, 7: 1, 13: 2}
CAT 3 330331 330330 {2: 1, 3: 1, 5: 1, 7: 1, 11: 2, 13: 1}
CAT 3 332641 166320 {2: 4, 3: 3, 5: 1, 7: 1, 11: 1}
CAT 3 333397 333396 {2: 2, 3: 5, 7: 3}
CAT 3 338581 84645 {3: 4, 5: 1, 11: 1, 19: 1}
CAT 3 339151 339150 {2: 1, 3: 1, 5: 2, 7: 1, 17: 1, 19: 1}
CAT 3 359041 359040 {2: 7, 3: 1, 5: 1, 11: 1, 17: 1}
CAT 3 359633 359632 {2: 4, 7: 1, 13: 2, 19: 1}
CAT 3 367201 367200 {2: 5, 3: 3, 5: 2, 17: 1}
CAT 3 369361 369360 {2: 4, 3: 5, 5: 1, 19: 1}
CAT 3 377521 377520 {2: 4, 3: 1, 5: 1, 11: 2, 13: 1}
CAT 3 377911 377910 {2: 1, 3: 2, 5: 1, 13: 1, 17: 1, 19: 1}
CAT 3 379849 379848 {2: 3, 3: 1, 7: 2, 17: 1, 19: 1}
CAT 3 386233 193116 {2: 2, 3: 1, 7: 1, 11: 2, 19: 1}
CAT 3 391021 391020 {2: 2, 3: 1, 5: 1, 7: 3, 19: 1}
CAT 3 401311 401310 {2: 1, 3: 2, 5: 1, 7: 3, 13: 1}
CAT 3 404251 404250 {2: 1, 3: 1, 5: 3, 7: 2, 11: 1}
CAT 3 410401 205200 {2: 4, 3: 3, 5: 2, 19: 1}
CAT 3 418601 418600 {2: 3, 5: 2, 7: 1, 13: 1, 23: 1}
CAT 3 428401 428400 {2: 4, 3: 2, 5: 2, 7: 1, 17: 1}
CAT 3 432631 432630 {2: 1, 3: 2, 5: 1, 11: 1, 19: 1, 23: 1}
CAT 3 446881 446880 {2: 5, 3: 1, 5: 1, 7: 2, 19: 1}
CAT 3 449821 449820 {2: 2, 3: 3, 5: 1, 7: 2, 17: 1}
CAT 3 450847 450846 {2: 1, 3: 4, 11: 2, 23: 1}
CAT 3 456457 456456 {2: 3, 3: 1, 7: 1, 11: 1, 13: 1, 19: 1}
CAT 3 473617 473616 {2: 4, 3: 2, 11: 1, 13: 1, 23: 1}
CAT 3 477361 477360 {2: 4, 3: 3, 5: 1, 13: 1, 17: 1}
CAT 3 478801 478800 {2: 4, 3: 2, 5: 2, 7: 1, 19: 1}
CAT 3 491833 491832 {2: 3, 3: 5, 11: 1, 23: 1}
CAT 3 495559 495558 {2: 1, 3: 4, 7: 1, 19: 1, 23: 1}
CAT 3 501229 501228 {2: 2, 3: 4, 7: 1, 13: 1, 17: 1}
CAT 3 501601 501600 {2: 5, 3: 1, 5: 2, 11: 1, 19: 1}
CAT 3 506507 506506 {2: 1, 7: 1, 11: 2, 13: 1, 23: 1}
CAT 3 509653 509652 {2: 2, 3: 4, 11: 2, 13: 1}
CAT 3 513001 256500 {2: 2, 3: 3, 5: 3, 19: 1}
CAT 3 523261 523260 {2: 2, 3: 4, 5: 1, 17: 1, 19: 1}
CAT 3 532951 532950 {2: 1, 3: 1, 5: 2, 11: 1, 17: 1, 19: 1}
CAT 3 534889 534888 {2: 3, 3: 2, 17: 1, 19: 1, 23: 1}
CAT 3 538201 269100 {2: 2, 3: 2, 5: 2, 13: 1, 23: 1}
CAT 3 540541 270270 {2: 1, 3: 3, 5: 1, 7: 1, 11: 1, 13: 1}
CAT 3 540961 540960 {2: 5, 3: 1, 5: 1, 7: 2, 23: 1}
CAT 3 550801 275400 {2: 3, 3: 4, 5: 2, 17: 1}
CAT 3 555391 555390 {2: 1, 3: 3, 5: 1, 11: 2, 17: 1}
CAT 3 560561 560560 {2: 4, 5: 1, 7: 2, 11: 1, 13: 1}
CAT 3 563041 281520 {2: 4, 3: 2, 5: 1, 17: 1, 23: 1}
CAT 3 565489 565488 {2: 4, 3: 3, 7: 1, 11: 1, 17: 1}
CAT 3 572573 572572 {2: 2, 7: 1, 11: 2, 13: 2}
CAT 3 574939 574938 {2: 1, 3: 5, 7: 1, 13: 2}
CAT 3 586501 586500 {2: 2, 3: 1, 5: 3, 17: 1, 23: 1}
CAT 3 613471 613470 {2: 1, 3: 1, 5: 1, 11: 2, 13: 2}
CAT 3 615343 615342 {2: 1, 3: 1, 7: 3, 13: 1, 23: 1}
CAT 3 622337 622336 {2: 8, 11: 1, 13: 1, 17: 1}
CAT 3 629281 629280 {2: 5, 3: 2, 5: 1, 19: 1, 23: 1}
CAT 3 643553 643552 {2: 5, 7: 1, 13: 2, 17: 1}
CAT 3 662401 662400 {2: 7, 3: 2, 5: 2, 23: 1}
CAT 3 663001 663000 {2: 3, 3: 1, 5: 3, 13: 1, 17: 1}
CAT 3 666901 333450 {2: 1, 3: 3, 5: 2, 13: 1, 19: 1}
CAT 3 669241 669240 {2: 3, 3: 2, 5: 1, 11: 1, 13: 2}
CAT 3 681409 681408 {2: 6, 3: 2, 7: 1, 13: 2}
CAT 3 684113 684112 {2: 4, 11: 1, 13: 2, 23: 1}
CAT 3 689921 689920 {2: 8, 5: 1, 7: 2, 11: 1}
CAT 3 700129 350064 {2: 4, 3: 2, 11: 1, 13: 1, 17: 1}
CAT 3 700673 700672 {2: 8, 7: 1, 17: 1, 23: 1}
CAT 3 727169 727168 {2: 7, 13: 1, 19: 1, 23: 1}
CAT 3 728729 728728 {2: 3, 7: 2, 11: 1, 13: 2}
CAT 3 740521 740520 {2: 3, 3: 2, 5: 1, 11: 2, 17: 1}
CAT 3 749701 749700 {2: 2, 3: 2, 5: 2, 7: 2, 17: 1}
CAT 3 769627 769626 {2: 1, 3: 2, 11: 1, 13: 2, 23: 1}
CAT 3 774181 387090 {2: 1, 3: 2, 5: 1, 11: 1, 17: 1, 23: 1}
CAT 3 786241 786240 {2: 6, 3: 3, 5: 1, 7: 1, 13: 1}
CAT 3 796951 796950 {2: 1, 3: 2, 5: 2, 7: 1, 11: 1, 23: 1}
CAT 3 809173 809172 {2: 2, 3: 2, 7: 1, 13: 2, 19: 1}
CAT 3 819001 819000 {2: 3, 3: 2, 5: 3, 7: 1, 13: 1}
CAT 3 826201 413100 {2: 2, 3: 5, 5: 2, 17: 1}
CAT 3 840841 840840 {2: 3, 3: 1, 5: 1, 7: 2, 11: 1, 13: 1}
CAT 3 852013 852012 {2: 2, 3: 3, 7: 3, 23: 1}
CAT 3 874651 874650 {2: 1, 3: 1, 5: 2, 7: 3, 17: 1}
CAT 3 889351 889350 {2: 1, 3: 1, 5: 2, 7: 2, 11: 2}
CAT 3 891481 891480 {2: 3, 3: 1, 5: 1, 17: 1, 19: 1, 23: 1}
CAT 3 892321 446160 {2: 4, 3: 1, 5: 1, 11: 1, 13: 2}
CAT 3 895051 895050 {2: 1, 3: 4, 5: 2, 13: 1, 17: 1}
CAT 3 903211 903210 {2: 1, 3: 1, 5: 1, 7: 1, 11: 1, 17: 1, 23: 1}
CAT 3 904933 904932 {2: 2, 3: 5, 7: 2, 19: 1}
CAT 3 914941 457470 {2: 1, 3: 2, 5: 1, 13: 1, 17: 1, 23: 1}
CAT 3 940801 940800 {2: 8, 3: 1, 5: 2, 7: 2}
CAT 3 957601 957600 {2: 5, 3: 2, 5: 2, 7: 1, 19: 1}
CAT 3 960961 960960 {2: 6, 3: 1, 5: 1, 7: 1, 11: 1, 13: 1}
CAT 3 965329 965328 {2: 4, 3: 1, 7: 1, 13: 2, 17: 1}
CAT 3 968761 968760 {2: 3, 3: 4, 5: 1, 13: 1, 23: 1}
CAT 3 972001 972000 {2: 5, 3: 5, 5: 3}
CAT 3 988417 988416 {2: 8, 3: 3, 11: 1, 13: 1}
CAT 3 1014301 1014300 {2: 2, 3: 2, 5: 2, 7: 2, 23: 1}
CAT 3 1034281 517140 {2: 2, 3: 2, 5: 1, 13: 2, 17: 1}
CAT 3 1057541 1057540 {2: 2, 5: 1, 11: 2, 19: 1, 23: 1}
CAT 3 1074061 1074060 {2: 2, 3: 5, 5: 1, 13: 1, 17: 1}
CAT 3 1093951 1093950 {2: 1, 3: 2, 5: 2, 11: 1, 13: 1, 17: 1}
CAT 3 1104247 1104246 {2: 1, 3: 3, 11: 2, 13: 2}
CAT 3 1154539 1154538 {2: 1, 3: 2, 7: 3, 11: 1, 17: 1}
CAT 3 1156303 1156302 {2: 1, 3: 3, 7: 2, 19: 1, 23: 1}
CAT 3 1173001 586500 {2: 2, 3: 1, 5: 3, 17: 1, 23: 1}
CAT 3 1211761 1211760 {2: 4, 3: 4, 5: 1, 11: 1, 17: 1}
CAT 3 1242001 1242000 {2: 4, 3: 3, 5: 3, 23: 1}
CAT 3 1251937 1251936 {2: 5, 3: 5, 7: 1, 23: 1}
CAT 3 1253071 1253070 {2: 1, 3: 4, 5: 1, 7: 1, 13: 1, 17: 1}
CAT 3 1259701 1259700 {2: 2, 3: 1, 5: 2, 13: 1, 17: 1, 19: 1}
CAT 3 1272961 1272960 {2: 7, 3: 2, 5: 1, 13: 1, 17: 1}
CAT 3 1311553 437184 {2: 6, 3: 3, 11: 1, 23: 1}
CAT 3 1391041 1391040 {2: 6, 3: 3, 5: 1, 7: 1, 23: 1}
CAT 3 1397251 1397250 {2: 1, 3: 5, 5: 3, 23: 1}
CAT 3 1424431 1424430 {2: 1, 3: 2, 5: 1, 7: 2, 17: 1, 19: 1}
CAT 3 1433251 1433250 {2: 1, 3: 2, 5: 3, 7: 2, 13: 1}
CAT 3 1433741 1433740 {2: 2, 5: 1, 7: 3, 11: 1, 19: 1}
CAT 3 1470151 490050 {2: 1, 3: 4, 5: 2, 11: 2}
CAT 3 1487201 1487200 {2: 5, 5: 2, 11: 1, 13: 2}
CAT 3 1492261 1492260 {2: 2, 3: 1, 5: 1, 7: 1, 11: 1, 17: 1, 19: 1}
CAT 3 1501441 1501440 {2: 8, 3: 1, 5: 1, 17: 1, 23: 1}
CAT 3 1529501 1529500 {2: 2, 5: 3, 7: 1, 19: 1, 23: 1}
CAT 3 1545233 1545232 {2: 4, 13: 1, 17: 1, 19: 1, 23: 1}
CAT 3 1564081 1564080 {2: 4, 3: 1, 5: 1, 7: 3, 19: 1}
CAT 3 1564993 1564992 {2: 6, 3: 2, 11: 1, 13: 1, 19: 1}
CAT 3 1637611 1637610 {2: 1, 3: 1, 5: 1, 13: 2, 17: 1, 19: 1}
CAT 3 1655281 1655280 {2: 4, 3: 2, 5: 1, 11: 2, 19: 1}
CAT 3 1669249 1669248 {2: 7, 3: 4, 7: 1, 23: 1}
CAT 3 1670761 1670760 {2: 3, 3: 3, 5: 1, 7: 1, 13: 1, 17: 1}
CAT 3 1707889 569296 {2: 4, 7: 1, 13: 1, 17: 1, 23: 1}
CAT 3 1727881 1727880 {2: 3, 3: 1, 5: 1, 7: 1, 11: 2, 17: 1}
CAT 3 1749749 1749748 {2: 2, 7: 1, 11: 1, 13: 1, 19: 1, 23: 1}
CAT 3 1762561 1762560 {2: 8, 3: 4, 5: 1, 17: 1}
CAT 3 1769041 1769040 {2: 4, 3: 5, 5: 1, 7: 1, 13: 1}
CAT 3 1782961 445740 {2: 2, 3: 1, 5: 1, 17: 1, 19: 1, 23: 1}
CAT 3 1835401 917700 {2: 2, 3: 1, 5: 2, 7: 1, 19: 1, 23: 1}
CAT 3 1908817 1908816 {2: 4, 3: 1, 7: 1, 13: 1, 19: 1, 23: 1}
CAT 3 1924231 1924230 {2: 1, 3: 1, 5: 1, 7: 3, 11: 1, 17: 1}
CAT 3 1960201 1960200 {2: 3, 3: 4, 5: 2, 11: 2}
CAT 3 1969111 1969110 {2: 1, 3: 4, 5: 1, 11: 1, 13: 1, 17: 1}
CAT 3 1979209 1979208 {2: 3, 3: 3, 7: 2, 11: 1, 17: 1}
catalogue size 1059
T=  2520  fibre1 (0, 1)  fibre2 (0, 1)  fibre3 (1, 20)
         [(3, 5, 20)]
T=  5040  fibre1 (0, 1)  fibre2 (0, 1)  fibre3 (1, 20)
         [(3, 5, 20)]
T=  7560  fibre1 (1, 378)  fibre2 (1, 378)  fibre3 (3, 7560)
         [(1, 379, 378), (2, 379, 378), (3, 5, 20), (3, 271, 270), (3, 7561, 7560)]
T= 10080  fibre1 (3, 2016)  fibre2 (0, 1)  fibre3 (5, 3360)
         [(1, 17, 288), (1, 127, 2016), (1, 2017, 2016), (3, 5, 20), (3, 31, 480), (3, 97, 96), (3, 193, 96), (3, 673, 672)]
T= 15120  fibre1 (1, 378)  fibre2 (2, 15120)  fibre3 (3, 7560)
         [(1, 379, 378), (2, 379, 378), (2, 30241, 15120), (3, 5, 20), (3, 271, 270), (3, 7561, 7560)]
T= 20160  fibre1 (5, 20160)  fibre2 (0, 1)  fibre3 (6, 6720)
         [(1, 17, 288), (1, 127, 2016), (1, 577, 576), (1, 2017, 2016), (1, 26881, 6720), (3, 5, 20), (3, 31, 480), (3, 97, 96), (3, 193, 96), (3, 449, 448), (3, 673, 672)]
T= 25200  fibre1 (1, 6300)  fibre2 (1, 4200)  fibre3 (2, 4200)
         [(1, 6301, 6300), (2, 4201, 4200), (3, 5, 20), (3, 4201, 4200)]
T= 27720  fibre1 (6, 27720)  fibre2 (2, 1320)  fibre3 (3, 9240)
         [(1, 43, 1848), (1, 67, 33), (1, 199, 3960), (1, 617, 616), (1, 4621, 1540), (1, 18481, 9240), (2, 23, 264), (2, 661, 660), (3, 5, 20), (3, 43, 1848), (3, 2311, 2310)]
T= 30240  fibre1 (4, 6048)  fibre2 (2, 15120)  fibre3 (7, 30240)
         [(1, 17, 288), (1, 127, 2016), (1, 379, 378), (1, 2017, 2016), (2, 379, 378), (2, 30241, 15120), (3, 5, 20), (3, 31, 480), (3, 97, 96), (3, 193, 96), (3, 271, 270), (3, 673, 672), (3, 7561, 7560)]
T= 32760  fibre1 (6, 32760)  fibre2 (4, 32760)  fibre3 (3, 32760)
         [(1, 53, 468), (1, 131, 130), (1, 181, 32760), (1, 521, 520), (1, 937, 936), (1, 2341, 585), (2, 3, 26), (2, 131, 130), (2, 937, 936), (2, 1093, 1092), (3, 5, 20), (3, 131, 65), (3, 181, 32760)]
T= 35280  fibre1 (1, 2352)  fibre2 (2, 2940)  fibre3 (1, 20)
         [(1, 7057, 2352), (2, 197, 196), (2, 1471, 735), (3, 5, 20)]
T= 37800  fibre1 (2, 18900)  fibre2 (2, 37800)  fibre3 (4, 37800)
         [(1, 379, 378), (1, 6301, 6300), (2, 379, 378), (2, 4201, 4200), (3, 5, 20), (3, 271, 270), (3, 4201, 4200), (3, 7561, 7560)]
T= 40320  fibre1 (5, 20160)  fibre2 (0, 1)  fibre3 (7, 13440)
         [(1, 17, 288), (1, 127, 2016), (1, 577, 576), (1, 2017, 2016), (1, 26881, 6720), (3, 5, 20), (3, 31, 480), (3, 97, 96), (3, 193, 96), (3, 449, 448), (3, 673, 672), (3, 4481, 4480)]
T= 50400  fibre1 (4, 50400)  fibre2 (2, 50400)  fibre3 (6, 16800)
         [(1, 17, 288), (1, 127, 2016), (1, 2017, 2016), (1, 6301, 6300), (2, 449, 50400), (2, 4201, 4200), (3, 5, 20), (3, 31, 480), (3, 97, 96), (3, 193, 96), (3, 673, 672), (3, 4201, 4200)]
T= 65520  fibre1 (8, 65520)  fibre2 (4, 32760)  fibre3 (3, 32760)
         [(1, 53, 468), (1, 131, 130), (1, 181, 32760), (1, 521, 520), (1, 937, 936), (1, 2341, 585), (1, 20593, 1872), (1, 65521, 65520), (2, 3, 26), (2, 131, 130), (2, 937, 936), (2, 1093, 1092), (3, 5, 20), (3, 131, 65), (3, 181, 32760)]
