PASS two models agree, U fibre 1 (|n|,|b|<=60): det_y/det_eta constant = -1
PASS two models agree, U fibre 2 (|n|,|b|<=60): det_y/det_eta constant = -1/4
PASS two models agree, U fibre 3 (|n|,|b|<=60): det_y/det_eta constant = -1/9
PASS two models agree, E fibre 1 (|n|,|b|<=60): det_y/det_eta constant = -1
PASS two models agree, E fibre 2 (|n|,|b|<=60): det_y/det_eta constant = -1/4
PASS two models agree, E fibre 3 (|n|,|b|<=60): det_y/det_eta constant = -1/9
   U fibre 1: zeros with b!=0 in |n|,|b|<=60: 28 ; in |n|,|b|<=40: 28
       [(-10, -14), (-9, -8), (-9, -7), (-9, -5), (-5, -8), (-5, -7), (-5, -5), (-4, -3), (-4, -2), (-4, 5), (-3, -4), (-2, -1), (-2, 2), (-2, 7), (-1, 1), (-1, 3), (-1, 8), (0, -3), (0, -2), (0, 5), (1, 4), (2, -1), (2, 2), (2, 7), (3, 1), (3, 3), (3, 8), (4, 14)]
   U fibre 2: zeros with b!=0 in |n|,|b|<=60: 4 ; in |n|,|b|<=40: 4
       [(-15, -10), (-8, -5), (-5, 10), (-3, 5)]
   U fibre 3: zeros with b!=0 in |n|,|b|<=60: 0 ; in |n|,|b|<=40: 0
       []
   E fibre 1: zeros with b!=0 in |n|,|b|<=60: 265 ; in |n|,|b|<=40: 185
   E fibre 2: zeros with b!=0 in |n|,|b|<=60: 16 ; in |n|,|b|<=40: 16
       [(-25, -18), (-10, -6), (-8, -3), (-8, -2), (-7, 18), (-6, -1), (-6, 2), (-5, 1), (-5, 3), (-4, 6), (10, -3), (10, -2), (12, -1), (12, 2), (13, 1), (13, 3)]
   E fibre 3: zeros with b!=0 in |n|,|b|<=60: 2 ; in |n|,|b|<=40: 2
       [(-13, -5), (-8, 5)]
PASS U: no common zero of fibres 1,2 with b!=0 in |n|,|b|<=60 | []
PASS U fibre 1: 28 zeros with b!=0 in |n|,|b|<=40 (note 08 sect. 3) | 28
PASS U fibre 2: exactly (-15,-10),(-8,-5),(-5,10),(-3,5) in |n|,|b|<=40 | [(-15, -10), (-8, -5), (-5, 10), (-3, 5)]
   E: common zeros of fibres 1,2 (b!=0, |n|,|b|<=60): [(-8, -3), (-8, -2), (-6, -1), (-6, 2), (-5, 1), (-5, 3)]
PASS E: common zeros of fibres 1,2 in |n|,|b|<=40 are exactly the six of note 08 | [(-8, -3), (-8, -2), (-6, -1), (-6, 2), (-5, 1), (-5, 3)]
PASS E: no common zero of fibres 1,2,3 with b!=0 in |n|,|b|<=60 | []
PASS E fibre 1 contains the trivial families n=-5 and n+5=b
PASS D_2^U(1,4) = 3/8 | 3/8
PASS D_2^U(-3,-4) = -6 | -6
PASS D_3^E(-5,3) = -2/3 | -2/3
PASS (1,4), (-3,-4), (0,5), (-5,-5) satisfy U fibre 1
PASS F3 type: U_k(1) = sum_{s>=0} C(k+2-2s,1+s) - sum_{s>=0} C(k-2s,s), k<=60
   F3 with A(s)=1 for all s (incl. s=-1): difference to U_k(1) for k<=5: [1, 1, 1, 1, 1, 1]
PASS E(k,2) = sum (2^{s+1}-1) C(k-1-2s,s+1) + sum 2^{s+1} C(k-2-2s,s), k<=60
PASS E_1 single family: E(k,1) = sum C(k-2-2s, s), k<=60
PASS G_1 = x^-6 u^2/(1-u) + x^-1 u/(1-u) (as binomial sums), k<=60
SUMMARY s10_small_window: PASS=20 FAIL=0
