t* = 0.075486888112, xi* = g(t*) = 0.104074976933, alpha* = 1/xi* = 9.6084575704
  g(0.001) = +0.055356
  g(0.010) = +0.081181
  g(0.030) = +0.096541
  g(0.050) = +0.102162
  g(0.070) = +0.103999
  g(0.076) = +0.104074
  g(0.080) = +0.104026
  g(0.100) = +0.102780
  g(0.150) = +0.094113
  g(0.200) = +0.079447
  g(0.300) = +0.034417
  g(0.500) = -0.137100
  g(0.700) = -0.568885
  g(0.900) = -2.781693
negative-root CDF F(tau) = #roots in (-tau,0)/k:
  F(0.1) = 0.127877
  F(0.5) = 0.193341
  F(1) = 0.226818
  F(2) = 0.258544
  F(5) = 0.291790
  F(10) = 0.308726
  F(100) = 0.330178
  F(inf) = 1/3; positive roots: point mass 1/3 at t=1; degree 2/3
arg(w0)/(3 pi) = 0.226818  (= F(1) = 0.226818)
t*·beta'(t*) = -0.02872  (beta(t*) = 1.84351)
  xi=0.1300  t_s=(0.04221988535277096+0.10862844813944333j)  arg/pi=0.3820
  xi=0.1550  t_s=(0.0072902392089487875+0.1611446436879275j)  arg/pi=0.4856
  xi=0.2000  t_s=(-0.06339331081745529+0.24727478889136054j)  arg/pi=0.5799
  xi=0.3000  t_s=(-0.267059231704086+0.4748276159252769j)  arg/pi=0.6631
  xi=0.3800  t_s=(-0.49930303418923017+0.759522736250084j)  arg/pi=0.6851
  xi=0.5000  t_s=(-1.0605730033733018+1.7149814237406336j)  arg/pi=0.6763
  xi=0.6000  t_s=(-1.5753758379973297+5.069007807831696j)  arg/pi=0.5959
  xi=0.6500  t_s=(8.311405452765822+14.53558948286243j)  arg/pi=0.3347
path returns to the real axis at xi_2 ~ 0.6567239947311959, t_2 ~ (26.392427047961945+1.1913692935009809e-25j)
identity: integral of arg(t_s)/pi over (xi*, 2/3) = 0.333333 (= mass of positive roots 1/3; checks the continuation only)
