scan K=10000 I=1250
  k=500  ell=56  (xi* k = 52.0)  0.1s
  k=1000  ell=108  (xi* k = 104.1)  0.3s
  k=1500  ell=161  (xi* k = 156.1)  0.7s
  k=2000  ell=213  (xi* k = 208.1)  1.3s
  k=2500  ell=265  (xi* k = 260.2)  2.1s
  k=3000  ell=317  (xi* k = 312.2)  3.1s
  k=3500  ell=369  (xi* k = 364.3)  4.3s
  k=4000  ell=421  (xi* k = 416.3)  5.5s
  k=4500  ell=473  (xi* k = 468.3)  6.9s
  k=5000  ell=525  (xi* k = 520.4)  8.4s
  k=5500  ell=577  (xi* k = 572.4)  10.0s
  k=6000  ell=630  (xi* k = 624.4)  11.7s
  k=6500  ell=682  (xi* k = 676.5)  13.6s
  k=7000  ell=734  (xi* k = 728.5)  15.6s
  k=7500  ell=786  (xi* k = 780.6)  17.7s
  k=8000  ell=838  (xi* k = 832.6)  19.9s
  k=8500  ell=890  (xi* k = 884.6)  22.3s
  k=9000  ell=942  (xi* k = 936.7)  25.1s
  k=9500  ell=994  (xi* k = 988.7)  28.3s
  k=10000  ell=1046  (xi* k = 1040.7)  31.6s
ell_k vs xi* k:
  k=   100 ell=   13  ell/k=0.13000  ell - xi*k = +2.59
  k=   300 ell=   35  ell/k=0.11667  ell - xi*k = +3.78
  k=   600 ell=   66  ell/k=0.11000  ell - xi*k = +3.56
  k=  1000 ell=  108  ell/k=0.10800  ell - xi*k = +3.93
  k=  2000 ell=  213  ell/k=0.10650  ell - xi*k = +4.85
  k=  3000 ell=  317  ell/k=0.10567  ell - xi*k = +4.78
  k=  5000 ell=  525  ell/k=0.10500  ell - xi*k = +4.63
  k=  7000 ell=  734  ell/k=0.10486  ell - xi*k = +5.48
  k= 10000 ell= 1046  ell/k=0.10460  ell - xi*k = +5.25
tau_emp (only k<=K checked; reliable roughly when tau_i << K):
  i=   10 tau=    77 tau/i=7.7000  tau - alpha* i = -19.1
  i=   20 tau=   169 tau/i=8.4500  tau - alpha* i = -23.2
  i=   40 tau=   357 tau/i=8.9250  tau - alpha* i = -27.3
  i=   60 tau=   546 tau/i=9.1000  tau - alpha* i = -30.5
  i=   80 tau=   736 tau/i=9.2000  tau - alpha* i = -32.7
  i=  100 tau=   927 tau/i=9.2700  tau - alpha* i = -33.8
  i=  150 tau=  1404 tau/i=9.3600  tau - alpha* i = -37.3
  i=  200 tau=  1883 tau/i=9.4150  tau - alpha* i = -38.7
  i=  300 tau=  2841 tau/i=9.4700  tau - alpha* i = -41.5
  i=  400 tau=  3801 tau/i=9.5025  tau - alpha* i = -42.4
  i=  500 tau=  4761 tau/i=9.5220  tau - alpha* i = -43.2
coefficient growth: (1/k)[ln h_{k,i} - (k/3) ln(k/3e)] vs model ln(1-s) - (1/3)ln psi(s) - xi ln s:
  k=  1250 i=   25 xi=0.020  emp=-0.45927  model=-0.58447  diff=+0.12520
  k=  1250 i=   50 xi=0.040  emp=-0.23042  model=-0.33351  diff=+0.10310
  k=  1250 i=   75 xi=0.060  emp=-0.08646  model=-0.17990  diff=+0.09344
  k=  1250 i=  100 xi=0.080  emp=0.01741  model=-0.07007  diff=+0.08748
  k=  1250 i=  112 xi=0.090  emp=0.05690  model=-0.02832  diff=+0.08522
  k=  1250 i=  125 xi=0.100  emp=0.09241  model=0.00944  diff=+0.08297
  k=  2500 i=   50 xi=0.020  emp=-0.48561  model=-0.58447  diff=+0.09886
  k=  2500 i=  100 xi=0.040  emp=-0.25176  model=-0.33351  diff=+0.08175
  k=  2500 i=  150 xi=0.060  emp=-0.10561  model=-0.17990  diff=+0.07429
  k=  2500 i=  200 xi=0.080  emp=-0.00039  model=-0.07007  diff=+0.06968
  k=  2500 i=  225 xi=0.090  emp=0.04112  model=-0.02672  diff=+0.06784
  k=  2500 i=  250 xi=0.100  emp=0.07557  model=0.00944  diff=+0.06613
  k=  5000 i=  100 xi=0.020  emp=-0.50637  model=-0.58447  diff=+0.07810
  k=  5000 i=  200 xi=0.040  emp=-0.26872  model=-0.33351  diff=+0.06479
  k=  5000 i=  300 xi=0.060  emp=-0.12091  model=-0.17990  diff=+0.05899
  k=  5000 i=  400 xi=0.080  emp=-0.01466  model=-0.07007  diff=+0.05540
  k=  5000 i=  450 xi=0.090  emp=0.02725  model=-0.02672  diff=+0.05397
  k=  5000 i=  500 xi=0.100  emp=0.06206  model=0.00944  diff=+0.05262
  k= 10000 i=  200 xi=0.020  emp=-0.52274  model=-0.58447  diff=+0.06173
  k= 10000 i=  400 xi=0.040  emp=-0.28218  model=-0.33351  diff=+0.05134
  k= 10000 i=  600 xi=0.060  emp=-0.13309  model=-0.17990  diff=+0.04681
  k= 10000 i=  800 xi=0.080  emp=-0.02606  model=-0.07007  diff=+0.04401
  k= 10000 i=  900 xi=0.090  emp=0.01617  model=-0.02672  diff=+0.04289
  k= 10000 i= 1000 xi=0.100  emp=0.05127  model=0.00944  diff=+0.04182
elapsed 31.6s
